Microchip MPLAB XC8 Compiler V1.41 ()

Linker command line:

-W-3 --edf=C:\Program Files (x86)\Microchip\xc8\v1.41\dat\en_msgs.txt -cs \
  -h+dist/default/production\EASAT2-MCU-C.X.production.sym \
  --cmf=dist/default/production\EASAT2-MCU-C.X.production.cmf -z -Q18F45K22 \
  -oC:\Users\FELIX\AppData\Local\Temp\s7r8.2 \
  -Mdist/default/production/EASAT2-MCU-C.X.production.map -E1 -ver=XC8 \
  -ASTACK=0300h-05ffh -pstack=STACK -ACODE=00h-07FFFh -ACONST=00h-07FFFh \
  -ASMALLCONST=0600h-06FFhx122 -AMEDIUMCONST=0600h-07FFFh -ACOMRAM=01h-05Fh \
  -AABS1=00h-05FFh -ABIGRAM=01h-05FFh -ARAM=060h-0FFh,0100h-01FFhx5 \
  -ABANK0=060h-0FFh -ABANK1=0100h-01FFh -ABANK2=0200h-02FFh \
  -ABANK3=0300h-03FFh -ABANK4=0400h-04FFh -ABANK5=0500h-05FFh \
  -ASFR=0F38h-0F5Fh,0F60h-0FFFh \
  -preset_vec=00h,intcode=08h,intcodelo=018h,powerup,init -pramtop=0600h \
  -psmallconst=SMALLCONST -pmediumconst=MEDIUMCONST -pconst=CONST \
  -AFARRAM=00h-00h -ACONFIG=0300000h-030000Dh -pconfig=CONFIG \
  -AIDLOC=0200000h-0200007h -pidloc=IDLOC -AEEDATA=0F00000h-0F000FFh \
  -peeprom_data=EEDATA \
  -prdata=COMRAM,nvrram=COMRAM,nvbit=COMRAM,rbss=COMRAM,rbit=COMRAM \
  -pfarbss=FARRAM,fardata=FARRAM,nvFARRAM=FARRAM \
  -pintsave_regs=BIGRAM,bigbss=BIGRAM,bigdata=BIGRAM -pbss=RAM \
  -pidata=CODE,irdata=CODE,ibigdata=CODE,ifardata=CODE -prparam=COMRAM \
  C:\Users\FELIX\AppData\Local\Temp\s7r8.obj \
  dist/default/production\EASAT2-MCU-C.X.production.obj 

Object code version is 3.11

Machine type is 18F45K22

Call graph: (short form)




                Name                               Link     Load   Length Selector   Space Scale
C:\Users\FELIX\AppData\Local\Temp\s7r8.obj
                init                                 A6       A6        4        C       0
                reset_vec                             0        0        4        0       0
                idloc                            200000   200000        8   200000       0
                config                           300000   300000        E   300000       0
dist/default/production\EASAT2-MCU-C.X.production.obj
                intcodelo                            18       18       8E        C       0
                intcode                               8        8        6        4       0
                temp                                 46       46        1        1       1
                mediumconst                        7EF4     7EF4      10C     3F7A       0
                intcode_body                       1B7C     1B7C      342        C       0
                text56                             303E     303E       BC        C       0
                text55                             394E     394E       26        C       0
                text54                             3A2C     3A2C       1A        C       0
                text53                             39DA     39DA       1E        C       0
                text52                             37FE     37FE       34        C       0
                text51                             3A46     3A46       16        C       0
                text50                             3922     3922       2C        C       0
                text49                             323C     323C       90        C       0
                text48                             3998     3998       24        C       0
                text47                             30FA     30FA       AE        C       0
                text46                             2148     2148      268        C       0
                text45                             367E     367E       4C        C       0
                text44                             2824     2824      144        C       0
                text43                             33DC     33DC       82        C       0
                text42                             31A8     31A8       94        C       0
                text41                             34CE     34CE       66        C       0
                text40                             2BDA     2BDA      128        C       0
                text39                             2AA8     2AA8      132        C       0
                text38                             3358     3358       84        C       0
                text37                             345E     345E       70        C       0
                text36                             26C6     26C6      15E        C       0
                text35                             3864     3864       32        C       0
                text34                             1EBE     1EBE      28A        C       0
                text33                             39BC     39BC       1E        C       0
                text32                             13C6     13C6      46A        C       0
                text31                               AA       AA      B84        C       0
                text30                             370C     370C       42        C       0
                text29                             38C6     38C6       30        C       0
                text28                             3590     3590       52        C       0
                text27                             3A9A     3A9A        8        C       0
                text26                             3A92     3A92        8        C       0
                text25                             38F6     38F6       2C        C       0
                text24                             3A12     3A12       1A        C       0
                text23                             39F8     39F8       1A        C       0
                text22                             3A78     3A78        E        C       0
                text21                             3534     3534       5C        C       0
                text20                             3A6A     3A6A        E        C       0
                text19                             3A5C     3A5C        E        C       0
                text18                             1830     1830      34C        C       0
                text17                             2D02     2D02       EA        C       0
                text16                             3974     3974       24        C       0
                text15                             2EB6     2EB6       CA        C       0
                text14                             2F80     2F80       BE        C       0
                text13                             2DEC     2DEC       CA        C       0
                text12                             378A     378A       3C        C       0
                text11                             2968     2968      140        C       0
                text10                             3832     3832       32        C       0
                text9                              23B0     23B0      194        C       0
                text8                              36CA     36CA       42        C       0
                text7                              3896     3896       30        C       0
                text6                              2544     2544      182        C       0
                text5                              3630     3630       4E        C       0
                text4                               C2E      C2E      798        C       0
                text3                              37C6     37C6       38        C       0
                text2                              374E     374E       3C        C       0
                text1                              32CC     32CC       8C        C       0
                text0                              3A86     3A86        C        C       0
                cstackCOMRAM                          1        1       29        1       1
                cstackBANK0                          60       60       81       60       1
                cstackBANK1                         100      100       CE      100       1
                bssBANK2                            200      200      100      200       1
                dataCOMRAM                           41       41        5        1       1
                bssCOMRAM                            2A       2A       17        1       1
                cinit                              35E2     35E2       4E        C       0
                idataCOMRAM                        3AA2     3AA2        5        C       0

TOTAL           Name                               Link     Load   Length     Space
        CLASS   STACK          

        CLASS   CODE           
                intcodelo                            18       18       8E         0
                intcode                               8        8        6         0
                init                                 A6       A6        4         0
                reset_vec                             0        0        4         0
                intcode_body                       1B7C     1B7C      342         0
                text56                             303E     303E       BC         0
                text55                             394E     394E       26         0
                text54                             3A2C     3A2C       1A         0
                text53                             39DA     39DA       1E         0
                text52                             37FE     37FE       34         0
                text51                             3A46     3A46       16         0
                text50                             3922     3922       2C         0
                text49                             323C     323C       90         0
                text48                             3998     3998       24         0
                text47                             30FA     30FA       AE         0
                text46                             2148     2148      268         0
                text45                             367E     367E       4C         0
                text44                             2824     2824      144         0
                text43                             33DC     33DC       82         0
                text42                             31A8     31A8       94         0
                text41                             34CE     34CE       66         0
                text40                             2BDA     2BDA      128         0
                text39                             2AA8     2AA8      132         0
                text38                             3358     3358       84         0
                text37                             345E     345E       70         0
                text36                             26C6     26C6      15E         0
                text35                             3864     3864       32         0
                text34                             1EBE     1EBE      28A         0
                text33                             39BC     39BC       1E         0
                text32                             13C6     13C6      46A         0
                text31                               AA       AA      B84         0
                text30                             370C     370C       42         0
                text29                             38C6     38C6       30         0
                text28                             3590     3590       52         0
                text27                             3A9A     3A9A        8         0
                text26                             3A92     3A92        8         0
                text25                             38F6     38F6       2C         0
                text24                             3A12     3A12       1A         0
                text23                             39F8     39F8       1A         0
                text22                             3A78     3A78        E         0
                text21                             3534     3534       5C         0
                text20                             3A6A     3A6A        E         0
                text19                             3A5C     3A5C        E         0
                text18                             1830     1830      34C         0
                text17                             2D02     2D02       EA         0
                text16                             3974     3974       24         0
                text15                             2EB6     2EB6       CA         0
                text14                             2F80     2F80       BE         0
                text13                             2DEC     2DEC       CA         0
                text12                             378A     378A       3C         0
                text11                             2968     2968      140         0
                text10                             3832     3832       32         0
                text9                              23B0     23B0      194         0
                text8                              36CA     36CA       42         0
                text7                              3896     3896       30         0
                text6                              2544     2544      182         0
                text5                              3630     3630       4E         0
                text4                               C2E      C2E      798         0
                text3                              37C6     37C6       38         0
                text2                              374E     374E       3C         0
                text1                              32CC     32CC       8C         0
                text0                              3A86     3A86        C         0
                cinit                              35E2     35E2       4E         0
                idataCOMRAM                        3AA2     3AA2        5         0

        CLASS   CONST          

        CLASS   SMALLCONST     

        CLASS   MEDIUMCONST    
                mediumconst                        7EF4     7EF4      10C         0

        CLASS   COMRAM         
                temp                                 46       46        1         1
                cstackCOMRAM                          1        1       29         1
                dataCOMRAM                           41       41        5         1
                bssCOMRAM                            2A       2A       17         1

        CLASS   ABS1           

        CLASS   BIGRAM         

        CLASS   RAM            

        CLASS   BANK0          
                cstackBANK0                          60       60       81         1

        CLASS   BANK1          
                cstackBANK1                         100      100       CE         1

        CLASS   BANK2          
                bssBANK2                            200      200      100         1

        CLASS   BANK3          

        CLASS   BANK4          

        CLASS   BANK5          

        CLASS   SFR            

        CLASS   FARRAM         

        CLASS   CONFIG         
                config                           300000   300000        E         0

        CLASS   IDLOC          
                idloc                            200000   200000        8         0

        CLASS   EEDATA         



SEGMENTS        Name                           Load    Length   Top    Selector   Space  Class

                reset_vec                      000000  000004  000004         0       0  CODE    
                cstackCOMRAM                   000001  000046  000047         1       1  COMRAM  
                intcode                        000008  000006  00000E         4       0  CODE    
                intcodelo                      000018  003A8F  003AA7         C       0  CODE    
                cstackBANK0                    000060  000081  0000E1        60       1  BANK0   
                cstackBANK1                    000100  0000CE  0001CE       100       1  BANK1   
                bssBANK2                       000200  000100  000300       200       1  BANK2   
                mediumconst                    007EF4  00010C  008000      3F7A       0  MEDIUMCO
                idloc                          200000  000008  200008    200000       0  IDLOC   
                config                         300000  00000E  30000E    300000       0  CONFIG  


UNUSED ADDRESS RANGES

        Name                Unused          Largest block    Delta
        BANK0            0000E1-0000FF               1F
        BANK1            0001CE-0001FF               32
        BANK3            000300-0003FF              100
        BANK4            000400-0004FF              100
        BANK5            000500-0005FF              100
        BIGRAM           000047-00005F               19
                         0000E1-0000FF               1F
                         0001CE-0001FF               32
                         000300-0005FF              300
        CODE             000004-000007                4
                         00000E-000017                A
                         003AA7-007EF3             444D
        COMRAM           000047-00005F               19
        CONST            000004-000007                4
                         00000E-000017                A
                         003AA7-007EF3             444D
        EEDATA           F00000-F000FF              100
        MEDIUMCONST      003AA7-007EF3             444D
        RAM              0000E1-0000FF               1F
                         0001CE-0001FF               32
                         000300-0005FF              100
        SFR              000F38-000FFF               28
        SMALLCONST       003AA7-007EF3              100
        STACK            000300-0005FF              300

                                  Symbol Table

?___awdiv                                         cstackCOMRAM 000020
?___awmod                                         cstackCOMRAM 00001A
?___awtoft                                        cstackBANK0  000071
?___ftadd                                         cstackBANK0  00008E
?___ftdiv                                         cstackBANK0  000074
?___ftmul                                         cstackBANK0  000075
?___ftneg                                         cstackCOMRAM 00001A
?___ftpack                                        cstackCOMRAM 00001A
?___ftsub                                         cstackBANK0  00009A
?___fttol                                         cstackBANK0  00008B
?___lldiv                                         cstackCOMRAM 00001A
?___llmod                                         cstackBANK0  000071
?___lltoft                                        cstackBANK0  000071
?___lwtoft                                        cstackBANK0  000071
?___wmul                                          cstackBANK0  000071
?__div_to_l_                                      cstackCOMRAM 00001A
?__tdiv_to_l_                                     cstackCOMRAM 00001A
?_fround                                          cstackBANK0  000084
?_scale                                           cstackBANK0  000084
?_sprintf                                         cstackBANK0  0000A0
?_strlen                                          cstackCOMRAM 00001A
?_util_getBatteryCurrent                          cstackBANK0  00009A
?_util_getBatteryVoltage                          cstackBANK0  000084
?_util_getSolarCurrent                            cstackBANK0  00009A
?_util_getTemperature                             cstackBANK0  00009A
?_util_onewire_read_bit                           cstackCOMRAM 00001A
?_util_onewire_read_byte                          cstackCOMRAM 00001F
?_util_onewire_reset                              cstackCOMRAM 00001A
_ADCON0bits                                       (abs)        000FC2
_ADCON1                                           (abs)        000FC1
_ADCON2                                           (abs)        000FC0
_ADRES                                            (abs)        000FC3
_ANSELAbits                                       (abs)        000F38
_ANSELBbits                                       (abs)        000F39
_ANSELDbits                                       (abs)        000F3B
_CCP2CONbits                                      (abs)        000F66
_CCPR2L                                           (abs)        000F67
_CCPTMRS0bits                                     (abs)        000F49
_INTCONbits                                       (abs)        000FF2
_IPR1bits                                         (abs)        000F9F
_LATAbits                                         (abs)        000F89
_LATBbits                                         (abs)        000F8A
_LATDbits                                         (abs)        000F8C
_PIE1bits                                         (abs)        000F9D
_PIR1bits                                         (abs)        000F9E
_PORTAbits                                        (abs)        000F80
_PORTBbits                                        (abs)        000F81
_PORTDbits                                        (abs)        000F83
_PR2                                              (abs)        000FBB
_PSTR2CONbits                                     (abs)        000F63
_RBPU                                             (abs)        007F8F
_RCONbits                                         (abs)        000FD0
_T1CONbits                                        (abs)        000FCD
_T2CONbits                                        (abs)        000FBA
_TMR1H                                            (abs)        000FCF
_TMR1L                                            (abs)        000FCE
_TMR2                                             (abs)        000FBC
_TRISAbits                                        (abs)        000F92
_TRISBbits                                        (abs)        000F93
_TRISDbits                                        (abs)        000F95
_VREFCON0bits                                     (abs)        000F42
_WPUB                                             (abs)        000F61
__CFG_BOREN$OFF                                   (abs)        000000
__CFG_BORV$190                                    (abs)        000000
__CFG_CCP2MX$PORTC1                               (abs)        000000
__CFG_CCP3MX$PORTB5                               (abs)        000000
__CFG_CP0$OFF                                     (abs)        000000
__CFG_CP1$OFF                                     (abs)        000000
__CFG_CP2$OFF                                     (abs)        000000
__CFG_CP3$OFF                                     (abs)        000000
__CFG_CPB$OFF                                     (abs)        000000
__CFG_CPD$OFF                                     (abs)        000000
__CFG_EBTR0$OFF                                   (abs)        000000
__CFG_EBTR1$OFF                                   (abs)        000000
__CFG_EBTR2$OFF                                   (abs)        000000
__CFG_EBTR3$OFF                                   (abs)        000000
__CFG_EBTRB$OFF                                   (abs)        000000
__CFG_FCMEN$OFF                                   (abs)        000000
__CFG_FOSC$XT                                     (abs)        000000
__CFG_HFOFST$OFF                                  (abs)        000000
__CFG_IESO$OFF                                    (abs)        000000
__CFG_LVP$OFF                                     (abs)        000000
__CFG_MCLRE$EXTMCLR                               (abs)        000000
__CFG_P2BMX$PORTC0                                (abs)        000000
__CFG_PBADEN$OFF                                  (abs)        000000
__CFG_PLLCFG$OFF                                  (abs)        000000
__CFG_PRICLKEN$ON                                 (abs)        000000
__CFG_PWRTEN$OFF                                  (abs)        000000
__CFG_STVREN$ON                                   (abs)        000000
__CFG_T3CMX$PORTB5                                (abs)        000000
__CFG_WDTEN$ON                                    (abs)        000000
__CFG_WDTPS$32768                                 (abs)        000000
__CFG_WRT0$OFF                                    (abs)        000000
__CFG_WRT1$OFF                                    (abs)        000000
__CFG_WRT2$OFF                                    (abs)        000000
__CFG_WRT3$OFF                                    (abs)        000000
__CFG_WRTB$OFF                                    (abs)        000000
__CFG_WRTC$ON                                     (abs)        000000
__CFG_WRTD$ON                                     (abs)        000000
__CFG_XINST$OFF                                   (abs)        000000
__HRAM                                            (abs)        000000
__Habs1                                           abs1         000000
__Hbank0                                          bank0        000000
__Hbank1                                          bank1        000000
__Hbank2                                          bank2        000000
__Hbank3                                          bank3        000000
__Hbank4                                          bank4        000000
__Hbank5                                          bank5        000000
__Hbigbss                                         bigbss       000000
__Hbigdata                                        bigdata      000000
__Hbigram                                         bigram       000000
__Hbss                                            bss          000000
__HbssBANK2                                       bssBANK2     000000
__HbssCOMRAM                                      bssCOMRAM    000000
__Hcinit                                          cinit        000000
__Hclrtext                                        clrtext      000000
__Hcomram                                         comram       000000
__Hconfig                                         config       30000E
__Hconst                                          const        000000
__HcstackBANK0                                    cstackBANK0  000000
__HcstackBANK1                                    cstackBANK1  000000
__HcstackCOMRAM                                   cstackCOMRAM 000000
__Hdata                                           data         000000
__HdataCOMRAM                                     dataCOMRAM   000000
__Heeprom_data                                    eeprom_data  000000
__Hfarbss                                         farbss       000000
__Hfardata                                        fardata      000000
__Hibigdata                                       ibigdata     000000
__Hidata                                          idata        000000
__HidataCOMRAM                                    idataCOMRAM  000000
__Hidloc                                          idloc        200008
__Hifardata                                       ifardata     000000
__Hinit                                           init         0000AA
__Hintcode                                        intcode      00000E
__Hintcode_body                                   intcode_body 000000
__Hintcodelo                                      intcodelo    0000A6
__Hintentry                                       intentry     000000
__Hintret                                         intret       000000
__Hintsave_regs                                   intsave_regs 000000
__Hirdata                                         irdata       000000
__Hmediumconst                                    mediumconst  008000
__HnvFARRAM                                       nvFARRAM     000000
__Hnvbit                                          nvbit        000000
__Hnvrram                                         nvrram       000000
__Hparam                                          rparam       000000
__Hpowerup                                        powerup      0000A6
__Hram                                            ram          000000
__Hramtop                                         ramtop       000600
__Hrbit                                           rbit         000000
__Hrbss                                           rbss         000000
__Hrdata                                          rdata        000000
__Hreset_vec                                      reset_vec    000004
__Hrparam                                         rparam       000000
__Hsfr                                            sfr          000000
__Hsmallconst                                     smallconst   000000
__Hspace_0                                        (abs)        30000E
__Hspace_1                                        (abs)        000300
__Hspace_2                                        (abs)        000000
__Hstack                                          stack        000000
__Hstruct                                         struct       000000
__Htemp                                           temp         000047
__Htext                                           text         000000
__Htext0                                          text0        000000
__Htext1                                          text1        000000
__Htext10                                         text10       000000
__Htext11                                         text11       000000
__Htext12                                         text12       000000
__Htext13                                         text13       000000
__Htext14                                         text14       000000
__Htext15                                         text15       000000
__Htext16                                         text16       000000
__Htext17                                         text17       000000
__Htext18                                         text18       000000
__Htext19                                         text19       000000
__Htext2                                          text2        000000
__Htext20                                         text20       000000
__Htext21                                         text21       000000
__Htext22                                         text22       000000
__Htext23                                         text23       000000
__Htext24                                         text24       000000
__Htext25                                         text25       000000
__Htext26                                         text26       000000
__Htext27                                         text27       000000
__Htext28                                         text28       000000
__Htext29                                         text29       000000
__Htext3                                          text3        000000
__Htext30                                         text30       000000
__Htext31                                         text31       000000
__Htext32                                         text32       000000
__Htext33                                         text33       000000
__Htext34                                         text34       000000
__Htext35                                         text35       000000
__Htext36                                         text36       000000
__Htext37                                         text37       000000
__Htext38                                         text38       000000
__Htext39                                         text39       000000
__Htext4                                          text4        000000
__Htext40                                         text40       000000
__Htext41                                         text41       000000
__Htext42                                         text42       000000
__Htext43                                         text43       000000
__Htext44                                         text44       000000
__Htext45                                         text45       000000
__Htext46                                         text46       000000
__Htext47                                         text47       000000
__Htext48                                         text48       000000
__Htext49                                         text49       000000
__Htext5                                          text5        000000
__Htext50                                         text50       000000
__Htext51                                         text51       000000
__Htext52                                         text52       000000
__Htext53                                         text53       000000
__Htext54                                         text54       000000
__Htext55                                         text55       000000
__Htext56                                         text56       000000
__Htext6                                          text6        000000
__Htext7                                          text7        000000
__Htext8                                          text8        000000
__Htext9                                          text9        000000
__LRAM                                            (abs)        000001
__Labs1                                           abs1         000000
__Lbank0                                          bank0        000000
__Lbank1                                          bank1        000000
__Lbank2                                          bank2        000000
__Lbank3                                          bank3        000000
__Lbank4                                          bank4        000000
__Lbank5                                          bank5        000000
__Lbigbss                                         bigbss       000000
__Lbigdata                                        bigdata      000000
__Lbigram                                         bigram       000000
__Lbss                                            bss          000000
__LbssBANK2                                       bssBANK2     000000
__LbssCOMRAM                                      bssCOMRAM    000000
__Lcinit                                          cinit        000000
__Lclrtext                                        clrtext      000000
__Lcomram                                         comram       000000
__Lconfig                                         config       300000
__Lconst                                          const        000000
__LcstackBANK0                                    cstackBANK0  000000
__LcstackBANK1                                    cstackBANK1  000000
__LcstackCOMRAM                                   cstackCOMRAM 000000
__Ldata                                           data         000000
__LdataCOMRAM                                     dataCOMRAM   000000
__Leeprom_data                                    eeprom_data  000000
__Lfarbss                                         farbss       000000
__Lfardata                                        fardata      000000
__Libigdata                                       ibigdata     000000
__Lidata                                          idata        000000
__LidataCOMRAM                                    idataCOMRAM  000000
__Lidloc                                          idloc        200000
__Lifardata                                       ifardata     000000
__Linit                                           init         0000A6
__Lintcode                                        intcode      000008
__Lintcode_body                                   intcode_body 000000
__Lintcodelo                                      intcodelo    000018
__Lintentry                                       intentry     000000
__Lintret                                         intret       000000
__Lintsave_regs                                   intsave_regs 000000
__Lirdata                                         irdata       000000
__Lmediumconst                                    mediumconst  007EF4
__LnvFARRAM                                       nvFARRAM     000000
__Lnvbit                                          nvbit        000000
__Lnvrram                                         nvrram       000000
__Lparam                                          rparam       000000
__Lpowerup                                        powerup      0000A6
__Lram                                            ram          000000
__Lramtop                                         ramtop       000600
__Lrbit                                           rbit         000000
__Lrbss                                           rbss         000000
__Lrdata                                          rdata        000000
__Lreset_vec                                      reset_vec    000000
__Lrparam                                         rparam       000000
__Lsfr                                            sfr          000000
__Lsmallconst                                     smallconst   000000
__Lspace_0                                        (abs)        000000
__Lspace_1                                        (abs)        000000
__Lspace_2                                        (abs)        000000
__Lstack                                          stack        000000
__Lstruct                                         struct       000000
__Ltemp                                           temp         000046
__Ltext                                           text         000000
__Ltext0                                          text0        000000
__Ltext1                                          text1        000000
__Ltext10                                         text10       000000
__Ltext11                                         text11       000000
__Ltext12                                         text12       000000
__Ltext13                                         text13       000000
__Ltext14                                         text14       000000
__Ltext15                                         text15       000000
__Ltext16                                         text16       000000
__Ltext17                                         text17       000000
__Ltext18                                         text18       000000
__Ltext19                                         text19       000000
__Ltext2                                          text2        000000
__Ltext20                                         text20       000000
__Ltext21                                         text21       000000
__Ltext22                                         text22       000000
__Ltext23                                         text23       000000
__Ltext24                                         text24       000000
__Ltext25                                         text25       000000
__Ltext26                                         text26       000000
__Ltext27                                         text27       000000
__Ltext28                                         text28       000000
__Ltext29                                         text29       000000
__Ltext3                                          text3        000000
__Ltext30                                         text30       000000
__Ltext31                                         text31       000000
__Ltext32                                         text32       000000
__Ltext33                                         text33       000000
__Ltext34                                         text34       000000
__Ltext35                                         text35       000000
__Ltext36                                         text36       000000
__Ltext37                                         text37       000000
__Ltext38                                         text38       000000
__Ltext39                                         text39       000000
__Ltext4                                          text4        000000
__Ltext40                                         text40       000000
__Ltext41                                         text41       000000
__Ltext42                                         text42       000000
__Ltext43                                         text43       000000
__Ltext44                                         text44       000000
__Ltext45                                         text45       000000
__Ltext46                                         text46       000000
__Ltext47                                         text47       000000
__Ltext48                                         text48       000000
__Ltext49                                         text49       000000
__Ltext5                                          text5        000000
__Ltext50                                         text50       000000
__Ltext51                                         text51       000000
__Ltext52                                         text52       000000
__Ltext53                                         text53       000000
__Ltext54                                         text54       000000
__Ltext55                                         text55       000000
__Ltext56                                         text56       000000
__Ltext6                                          text6        000000
__Ltext7                                          text7        000000
__Ltext8                                          text8        000000
__Ltext9                                          text9        000000
__S0                                              (abs)        30000E
__S1                                              (abs)        000300
__S2                                              (abs)        000000
___awdiv                                          text38       003358
___awdiv@counter                                  cstackCOMRAM 000024
___awdiv@dividend                                 cstackCOMRAM 000020
___awdiv@divisor                                  cstackCOMRAM 000022
___awdiv@quotient                                 cstackCOMRAM 000026
___awdiv@sign                                     cstackCOMRAM 000025
___awmod                                          text37       00345E
___awmod@counter                                  cstackCOMRAM 00001E
___awmod@dividend                                 cstackCOMRAM 00001A
___awmod@divisor                                  cstackCOMRAM 00001C
___awmod@sign                                     cstackCOMRAM 00001F
___awtoft                                         text12       00378A
___awtoft@c                                       cstackBANK0  000071
___awtoft@sign                                    cstackCOMRAM 000022
___ftadd                                          text46       002148
___ftadd@exp1                                     cstackBANK0  000099
___ftadd@exp2                                     cstackBANK0  000098
___ftadd@f1                                       cstackBANK0  00008E
___ftadd@f2                                       cstackBANK0  000091
___ftadd@sign                                     cstackBANK0  000097
___ftdiv                                          text11       002968
___ftdiv@cntr                                     cstackBANK0  00007A
___ftdiv@exp                                      cstackBANK0  00007E
___ftdiv@f1                                       cstackBANK0  000074
___ftdiv@f2                                       cstackBANK0  000077
___ftdiv@f3                                       cstackBANK0  00007B
___ftdiv@sign                                     cstackBANK0  00007F
___ftge                                           text49       00323C
___ftge@ff1                                       cstackCOMRAM 00001A
___ftge@ff2                                       cstackCOMRAM 00001D
___ftmul                                          text36       0026C6
___ftmul@cntr                                     cstackBANK0  000082
___ftmul@exp                                      cstackBANK0  00007E
___ftmul@f1                                       cstackBANK0  000075
___ftmul@f2                                       cstackBANK0  000078
___ftmul@f3_as_product                            cstackBANK0  00007F
___ftmul@sign                                     cstackBANK0  000083
___ftneg                                          text48       003998
___ftneg@f1                                       cstackCOMRAM 00001A
___ftpack                                         text47       0030FA
___ftpack@arg                                     cstackCOMRAM 00001A
___ftpack@exp                                     cstackCOMRAM 00001D
___ftpack@sign                                    cstackCOMRAM 00001E
___ftsub                                          text45       00367E
___ftsub@f1                                       cstackBANK0  00009A
___ftsub@f2                                       cstackBANK0  00009D
___fttol                                          text44       002824
___fttol@exp1                                     cstackBANK0  000099
___fttol@f1                                       cstackBANK0  00008B
___fttol@lval                                     cstackBANK0  000095
___fttol@sign1                                    cstackBANK0  000094
___inthi_sp                                       stack        000000
___intlo_sp                                       stack        000000
___lldiv                                          text43       0033DC
___lldiv@counter                                  cstackCOMRAM 000026
___lldiv@dividend                                 cstackCOMRAM 00001A
___lldiv@divisor                                  cstackCOMRAM 00001E
___lldiv@quotient                                 cstackCOMRAM 000022
___llmod                                          text42       0031A8
___llmod@counter                                  cstackCOMRAM 000027
___llmod@dividend                                 cstackBANK0  000071
___llmod@divisor                                  cstackBANK0  000075
___lltoft                                         text41       0034CE
___lltoft@c                                       cstackBANK0  000071
___lltoft@exp                                     cstackCOMRAM 000026
___lwtoft                                         text16       003974
___lwtoft@c                                       cstackBANK0  000071
___param_bank                                     (abs)        000000
___rparam_used                                    (abs)        000001
___sp                                             stack        000000
___wmul                                           text35       003864
___wmul@multiplicand                              cstackBANK0  000073
___wmul@multiplier                                cstackBANK0  000071
___wmul@product                                   cstackCOMRAM 000028
__accesstop                                       (abs)        000060
__activetblptr                                    (abs)        000002
__div_to_l_                                       text40       002BDA
__div_to_l_@cntr                                  cstackCOMRAM 000024
__div_to_l_@exp1                                  cstackCOMRAM 000025
__div_to_l_@f1                                    cstackCOMRAM 00001A
__div_to_l_@f2                                    cstackCOMRAM 00001D
__div_to_l_@quot                                  cstackCOMRAM 000020
__end_of___awdiv                                  text38       0033DC
__end_of___awmod                                  text37       0034CE
__end_of___awtoft                                 text12       0037C6
__end_of___ftadd                                  text46       0023B0
__end_of___ftdiv                                  text11       002AA8
__end_of___ftge                                   text49       0032CC
__end_of___ftmul                                  text36       002824
__end_of___ftneg                                  text48       0039BC
__end_of___ftpack                                 text47       0031A8
__end_of___ftsub                                  text45       0036CA
__end_of___fttol                                  text44       002968
__end_of___lldiv                                  text43       00345E
__end_of___llmod                                  text42       00323C
__end_of___lltoft                                 text41       003534
__end_of___lwtoft                                 text16       003998
__end_of___wmul                                   text35       003896
__end_of__div_to_l_                               text40       002D02
__end_of__initialization                          cinit        003622
__end_of__npowers_                                mediumconst  007F6B
__end_of__powers_                                 mediumconst  007F44
__end_of__tdiv_to_l_                              text39       002BDA
__end_of_dpowers                                  mediumconst  007F1D
__end_of_fround                                   text34       002148
__end_of_high_priority_int                        intcode_body 001EBE
__end_of_init_initialize                          text51       003A5C
__end_of_init_io_initialize                       text56       0030FA
__end_of_init_timer1_initialize                   text55       003974
__end_of_init_timer2_initialize                   text54       003A46
__end_of_init_watchdogs_initialize                text53       0039F8
__end_of_isdigit                                  text33       0039DA
__end_of_low_priority_int                         intcodelo    0000A6
__end_of_main                                     text0        003A92
__end_of_main_loop                                text1        003358
__end_of_memset                                   text50       00394E
__end_of_scale                                    text32       001830
__end_of_sprintf                                  text31       000C2E
__end_of_strcat                                   text30       00374E
__end_of_strcpy                                   text29       0038F6
__end_of_strlen                                   text28       0035E2
__end_of_util_beacon_transmission                 text17       002DEC
__end_of_util_getBatteryCurrent                   text15       002F80
__end_of_util_getBatteryVoltage                   text14       00303E
__end_of_util_getSolarCurrent                     text13       002EB6
__end_of_util_getTemperature                      text4        0013C6
__end_of_util_onewire_read_bit                    text10       003864
__end_of_util_onewire_read_byte                   text9        002544
__end_of_util_onewire_reset                       text8        00370C
__end_of_util_onewire_write_bit                   text7        0038C6
__end_of_util_onewire_write_byte                  text6        0026C6
__end_of_util_pwm_initialize                      text52       003832
__end_of_util_pwm_start                           text27       003AA2
__end_of_util_pwm_stop                            text26       003A9A
__end_of_util_transmit_dash                       text24       003A2C
__end_of_util_transmit_dot                        text23       003A12
__end_of_util_transmit_letter                     text18       001B7C
__end_of_util_transmit_morse_sequence             text21       003590
__end_of_util_transmit_space_between_dots_dashes  text22       003A86
__end_of_util_transmit_space_between_letters      text20       003A78
__end_of_util_transmit_space_between_words        text19       003A6A
__end_of_util_waits_delay_hours                   text2        00378A
__end_of_util_waits_delay_mins                    text3        0037FE
__end_of_util_waits_delay_ms                      text25       003922
__end_of_util_waits_delay_secs                    text5        00367E
__initialization                                  cinit        0035E2
__mediumconst                                     mediumconst  007EF4
__npowers_                                        mediumconst  007F44
__pbssBANK2                                       bssBANK2     000200
__pbssCOMRAM                                      bssCOMRAM    00002A
__pcinit                                          cinit        0035E2
__pcstackBANK0                                    cstackBANK0  000060
__pcstackBANK1                                    cstackBANK1  000100
__pcstackCOMRAM                                   cstackCOMRAM 000001
__pdataCOMRAM                                     dataCOMRAM   000041
__pidataCOMRAM                                    idataCOMRAM  003AA2
__pintcode                                        intcode      000008
__pintcode_body                                   intcode_body 001B7C
__pintcodelo                                      intcodelo    000018
__pmediumconst                                    mediumconst  007EF4
__powers_                                         mediumconst  007F1D
__ptext0                                          text0        003A86
__ptext1                                          text1        0032CC
__ptext10                                         text10       003832
__ptext11                                         text11       002968
__ptext12                                         text12       00378A
__ptext13                                         text13       002DEC
__ptext14                                         text14       002F80
__ptext15                                         text15       002EB6
__ptext16                                         text16       003974
__ptext17                                         text17       002D02
__ptext18                                         text18       001830
__ptext19                                         text19       003A5C
__ptext2                                          text2        00374E
__ptext20                                         text20       003A6A
__ptext21                                         text21       003534
__ptext22                                         text22       003A78
__ptext23                                         text23       0039F8
__ptext24                                         text24       003A12
__ptext25                                         text25       0038F6
__ptext26                                         text26       003A92
__ptext27                                         text27       003A9A
__ptext28                                         text28       003590
__ptext29                                         text29       0038C6
__ptext3                                          text3        0037C6
__ptext30                                         text30       00370C
__ptext31                                         text31       0000AA
__ptext32                                         text32       0013C6
__ptext33                                         text33       0039BC
__ptext34                                         text34       001EBE
__ptext35                                         text35       003864
__ptext36                                         text36       0026C6
__ptext37                                         text37       00345E
__ptext38                                         text38       003358
__ptext39                                         text39       002AA8
__ptext4                                          text4        000C2E
__ptext40                                         text40       002BDA
__ptext41                                         text41       0034CE
__ptext42                                         text42       0031A8
__ptext43                                         text43       0033DC
__ptext44                                         text44       002824
__ptext45                                         text45       00367E
__ptext46                                         text46       002148
__ptext47                                         text47       0030FA
__ptext48                                         text48       003998
__ptext49                                         text49       00323C
__ptext5                                          text5        003630
__ptext50                                         text50       003922
__ptext51                                         text51       003A46
__ptext52                                         text52       0037FE
__ptext53                                         text53       0039DA
__ptext54                                         text54       003A2C
__ptext55                                         text55       00394E
__ptext56                                         text56       00303E
__ptext6                                          text6        002544
__ptext7                                          text7        003896
__ptext8                                          text8        0036CA
__ptext9                                          text9        0023B0
__ramtop                                          ramtop       000600
__size_of___awdiv                                 (abs)        000000
__size_of___awmod                                 (abs)        000000
__size_of___awtoft                                (abs)        000000
__size_of___ftadd                                 (abs)        000000
__size_of___ftdiv                                 (abs)        000000
__size_of___ftge                                  (abs)        000000
__size_of___ftmul                                 (abs)        000000
__size_of___ftneg                                 (abs)        000000
__size_of___ftpack                                (abs)        000000
__size_of___ftsub                                 (abs)        000000
__size_of___fttol                                 (abs)        000000
__size_of___lldiv                                 (abs)        000000
__size_of___llmod                                 (abs)        000000
__size_of___lltoft                                (abs)        000000
__size_of___lwtoft                                (abs)        000000
__size_of___wmul                                  (abs)        000000
__size_of__div_to_l_                              (abs)        000000
__size_of__tdiv_to_l_                             (abs)        000000
__size_of_fround                                  (abs)        000000
__size_of_high_priority_int                       (abs)        000000
__size_of_init_initialize                         (abs)        000000
__size_of_init_io_initialize                      (abs)        000000
__size_of_init_timer1_initialize                  (abs)        000000
__size_of_init_timer2_initialize                  (abs)        000000
__size_of_init_watchdogs_initialize               (abs)        000000
__size_of_isdigit                                 (abs)        000000
__size_of_low_priority_int                        (abs)        000000
__size_of_main                                    (abs)        000000
__size_of_main_loop                               (abs)        000000
__size_of_memset                                  (abs)        000000
__size_of_scale                                   (abs)        000000
__size_of_sprintf                                 (abs)        000000
__size_of_strcat                                  (abs)        000000
__size_of_strcpy                                  (abs)        000000
__size_of_strlen                                  (abs)        000000
__size_of_util_beacon_transmission                (abs)        000000
__size_of_util_getBatteryCurrent                  (abs)        000000
__size_of_util_getBatteryVoltage                  (abs)        000000
__size_of_util_getSolarCurrent                    (abs)        000000
__size_of_util_getTemperature                     (abs)        000000
__size_of_util_onewire_read_bit                   (abs)        000000
__size_of_util_onewire_read_byte                  (abs)        000000
__size_of_util_onewire_reset                      (abs)        000000
__size_of_util_onewire_write_bit                  (abs)        000000
__size_of_util_onewire_write_byte                 (abs)        000000
__size_of_util_pwm_initialize                     (abs)        000000
__size_of_util_pwm_start                          (abs)        000000
__size_of_util_pwm_stop                           (abs)        000000
__size_of_util_transmit_dash                      (abs)        000000
__size_of_util_transmit_dot                       (abs)        000000
__size_of_util_transmit_letter                    (abs)        000000
__size_of_util_transmit_morse_sequence            (abs)        000000
__size_of_util_transmit_space_between_dots_dashes (abs)        000000
__size_of_util_transmit_space_between_letters     (abs)        000000
__size_of_util_transmit_space_between_words       (abs)        000000
__size_of_util_waits_delay_hours                  (abs)        000000
__size_of_util_waits_delay_mins                   (abs)        000000
__size_of_util_waits_delay_ms                     (abs)        000000
__size_of_util_waits_delay_secs                   (abs)        000000
__smallconst                                      smallconst   000000
__tdiv_to_l_                                      text39       002AA8
__tdiv_to_l_@cntr                                 cstackCOMRAM 000027
__tdiv_to_l_@exp1                                 cstackCOMRAM 000028
__tdiv_to_l_@f1                                   cstackCOMRAM 00001A
__tdiv_to_l_@f2                                   cstackCOMRAM 00001D
__tdiv_to_l_@quot                                 cstackCOMRAM 000023
_dpowers                                          mediumconst  007EF5
_fround                                           text34       001EBE
_fround$2788                                      cstackBANK0  00008A
_fround$2789                                      cstackBANK0  000087
_global_command_buffer                            bssCOMRAM    00003E
_global_command_pending_check                     bssCOMRAM    00003C
_high_priority_int                                intcode      000008
_init_initialize                                  text51       003A46
_init_io_initialize                               text56       00303E
_init_timer1_initialize                           text55       00394E
_init_timer2_initialize                           text54       003A2C
_init_watchdogs_initialize                        text53       0039DA
_isdigit                                          text33       0039BC
_isdigit$2418                                     cstackCOMRAM 00001B
_low_priority_int                                 intcodelo    000018
_main                                             text0        003A86
_main_loop                                        text1        0032CC
_memset                                           text50       003922
_scale                                            text32       0013C6
_scale$2790                                       cstackBANK0  000087
_sprintf                                          text31       0000AA
_sprintf$2791                                     cstackBANK0  0000B4
_strcat                                           text30       00370C
_strcpy                                           text29       0038C6
_strlen                                           text28       003590
_util_beacon_transmission                         text17       002D02
_util_getBatteryCurrent                           text15       002EB6
_util_getBatteryVoltage                           text14       002F80
_util_getSolarCurrent                             text13       002DEC
_util_getTemperature                              text4        000C2E
_util_getTemperature$2784                         cstackBANK1  0001A7
_util_getTemperature$2785                         cstackBANK1  0001AA
_util_getTemperature$2786                         cstackBANK1  0001AD
_util_getTemperature$2787                         cstackBANK1  0001B0
_util_onewire_read_bit                            text10       003832
_util_onewire_read_byte                           text9        0023B0
_util_onewire_reset                               text8        0036CA
_util_onewire_write_bit                           text7        003896
_util_onewire_write_byte                          text6        002544
_util_pwm_initialize                              text52       0037FE
_util_pwm_start                                   text27       003A9A
_util_pwm_stop                                    text26       003A92
_util_transmit_dash                               text24       003A12
_util_transmit_dot                                text23       0039F8
_util_transmit_letter                             text18       001830
_util_transmit_morse_sequence                     text21       003534
_util_transmit_space_between_dots_dashes          text22       003A78
_util_transmit_space_between_letters              text20       003A6A
_util_transmit_space_between_words                text19       003A5C
_util_waits_delay_hours                           text2        00374E
_util_waits_delay_mins                            text3        0037C6
_util_waits_delay_ms                              text25       0038F6
_util_waits_delay_secs                            text5        003630
btemp                                             temp         000046
end_of_initialization                             cinit        003622
fround@prec                                       cstackBANK0  00008D
high_priority_int@activation_threshold            dataCOMRAM   000044
high_priority_int@current_signal_level            cstackCOMRAM 000014
high_priority_int@cycles_transmitter_active       bssCOMRAM    000034
high_priority_int@is_transmitter_active           bssCOMRAM    000040
high_priority_int@noise_avg_value                 dataCOMRAM   000041
high_priority_int@num_received_bits               bssCOMRAM    00002A
high_priority_int@previous_received_bit           bssCOMRAM    00002C
high_priority_int@previous_signal_level           bssCOMRAM    00002E
high_priority_int@received_bit                    cstackCOMRAM 000018
high_priority_int@sample                          cstackCOMRAM 000016
high_priority_int@sample_position                 bssCOMRAM    000038
high_priority_int@samples                         bssBANK2     000200
high_priority_int@times_threshold_exceeded        bssCOMRAM    000036
high_priority_int@tmr1_interrupt_number           bssCOMRAM    00003A
high_priority_int@total_add                       bssCOMRAM    000032
high_priority_int@valid_samples                   bssCOMRAM    000030
int$flags                                         temp         000046
int_func                                          intcode_body 001B7C
intlevel0                                         text         000000
intlevel1                                         text         000000
intlevel2                                         text         000000
intlevel3                                         text         000000
isdigit@c                                         cstackCOMRAM 00001C
main_loop@battery_current                         cstackBANK0  0000DC
main_loop@battery_voltage                         cstackBANK0  0000DE
main_loop@solar_current                           cstackBANK0  0000DA
main_loop@temperature                             cstackBANK0  0000D7
memset@c                                          cstackCOMRAM 00001C
memset@n                                          cstackCOMRAM 00001E
memset@p                                          cstackCOMRAM 000020
memset@p1                                         cstackCOMRAM 00001A
scale@scl                                         cstackBANK0  00008A
sprintf@ap                                        cstackBANK0  0000B7
sprintf@c                                         cstackBANK0  0000CC
sprintf@exp                                       cstackBANK0  0000C5
sprintf@f                                         cstackBANK0  0000A2
sprintf@flag                                      cstackBANK0  0000B9
sprintf@fval                                      cstackBANK0  0000C7
sprintf@prec                                      cstackBANK0  0000CA
sprintf@sp                                        cstackBANK0  0000A0
sprintf@tmpval                                    cstackBANK0  0000BD
sprintf@val                                       cstackBANK0  0000C1
sprintf@width                                     cstackBANK0  0000BB
stackhi                                           (abs)        0005FF
stacklo                                           (abs)        000300
start                                             init         0000A6
start_initialization                              cinit        0035E2
strcat@cp                                         cstackCOMRAM 00001E
strcat@from                                       cstackCOMRAM 00001C
strcat@to                                         cstackCOMRAM 00001A
strcpy@cp                                         cstackCOMRAM 00001E
strcpy@from                                       cstackCOMRAM 00001C
strcpy@to                                         cstackCOMRAM 00001A
strlen@cp                                         cstackCOMRAM 00001E
strlen@s                                          cstackCOMRAM 00001A
util_beacon_transmission@BEACON_BUFFER            cstackBANK1  000180
util_beacon_transmission@BEACON_MESSAGE           cstackBANK1  000100
util_beacon_transmission@battery_current          cstackBANK0  0000D2
util_beacon_transmission@battery_voltage          cstackBANK0  0000CD
util_beacon_transmission@i                        cstackBANK1  0001C0
util_beacon_transmission@solar_current            cstackBANK0  0000D0
util_beacon_transmission@temperature              cstackBANK0  0000D4
util_getBatteryCurrent@batteryCurrent             cstackBANK0  00009F
util_getBatteryCurrent@value                      cstackBANK0  00009C
util_getBatteryVoltage@value                      cstackBANK0  000087
util_getBatteryVoltage@voltage                    cstackBANK0  00008A
util_getSolarCurrent@solarCurrent                 cstackBANK0  00009F
util_getSolarCurrent@value                        cstackBANK0  00009C
util_getTemperature@bit_in_byte                   cstackBANK1  0001C7
util_getTemperature@bit_mem                       cstackBANK1  000100
util_getTemperature@byte_mem                      cstackBANK1  000190
util_getTemperature@i                             cstackBANK1  0001CC
util_getTemperature@num_bit                       cstackBANK1  0001A2
util_getTemperature@num_byte                      cstackBANK1  0001C5
util_getTemperature@shift_reg_bit0                cstackBANK1  0001B3
util_getTemperature@shift_reg_bit1                cstackBANK1  0001B5
util_getTemperature@shift_reg_bit2                cstackBANK1  0001B7
util_getTemperature@shift_reg_bit3                cstackBANK1  0001B9
util_getTemperature@shift_reg_bit4                cstackBANK1  0001BB
util_getTemperature@shift_reg_bit5                cstackBANK1  0001BD
util_getTemperature@shift_reg_bit6                cstackBANK1  0001BF
util_getTemperature@shift_reg_bit7                cstackBANK1  0001C1
util_getTemperature@shift_reg_bit_temp            cstackBANK1  0001C3
util_getTemperature@sign                          cstackBANK1  0001A4
util_getTemperature@temperature                   cstackBANK1  0001C9
util_onewire_read_bit@value                       cstackCOMRAM 00001D
util_onewire_read_byte@bit0                       cstackBANK0  00007F
util_onewire_read_byte@bit1                       cstackBANK0  000081
util_onewire_read_byte@bit2                       cstackBANK0  000083
util_onewire_read_byte@bit3                       cstackBANK0  000085
util_onewire_read_byte@bit4                       cstackBANK0  000087
util_onewire_read_byte@bit5                       cstackBANK0  000089
util_onewire_read_byte@bit6                       cstackBANK0  00008B
util_onewire_read_byte@bit7                       cstackBANK0  00008D
util_onewire_read_byte@value                      cstackBANK0  00008F
util_onewire_reset@presence                       cstackCOMRAM 00001D
util_onewire_write_bit@bit_in                     cstackCOMRAM 00001A
util_onewire_write_byte@bit0                      cstackBANK0  000071
util_onewire_write_byte@bit1                      cstackBANK0  000073
util_onewire_write_byte@bit2                      cstackBANK0  000075
util_onewire_write_byte@bit3                      cstackBANK0  000077
util_onewire_write_byte@bit4                      cstackBANK0  000079
util_onewire_write_byte@bit5                      cstackBANK0  00007B
util_onewire_write_byte@bit6                      cstackBANK0  00007D
util_onewire_write_byte@bit7                      cstackBANK0  00007F
util_onewire_write_byte@value                     cstackCOMRAM 00001C
util_transmit_letter@letter                       cstackCOMRAM 000026
util_transmit_morse_sequence@i                    cstackCOMRAM 000024
util_transmit_morse_sequence@morse_sequence       cstackCOMRAM 000020
util_waits_delay_hours@hours                      cstackBANK0  000073
util_waits_delay_hours@i                          cstackBANK0  000075
util_waits_delay_mins@i                           cstackBANK0  000071
util_waits_delay_mins@minutes                     cstackCOMRAM 000026
util_waits_delay_ms@i                             cstackCOMRAM 00001D
util_waits_delay_ms@ms                            cstackCOMRAM 00001A
util_waits_delay_secs@i                           cstackCOMRAM 000022
util_waits_delay_secs@j                           cstackCOMRAM 000024
util_waits_delay_secs@secs                        cstackCOMRAM 00001F


FUNCTION INFORMATION:

 *************** function _main *****************
 Defined at:
		line 19 in file "easat2_main_mcu.c"
 Parameters:    Size  Location     Type
		None
 Auto vars:     Size  Location     Type
		None
 Return value:  Size  Location     Type
                  1    wreg      void 
 Registers used:
		wreg, fsr0l, fsr0h, fsr1l, fsr1h, fsr2l, fsr2h, status,2, status,0, tblptrl, tblptrh, tblptru, prodl, prodh, cstack
 Tracked objects:
		On entry : 
		On exit  : 
		Unchanged: 
 Data sizes:     COMRAM   BANK0   BANK1   BANK2   BANK3   BANK4   BANK5
      Params:         0       0       0       0       0       0       0
      Locals:         0       0       0       0       0       0       0
      Temps:          0       0       0       0       0       0       0
      Totals:         0       0       0       0       0       0       0
Total ram usage:        0 bytes
 Hardware stack levels required when called:    8
 This function calls:
		_init_initialize
		_main_loop
 This function is called by:
		Startup code after reset
 This function uses a non-reentrant model


 *************** function _main_loop *****************
 Defined at:
		line 31 in file "easat2_main_mcu.c"
 Parameters:    Size  Location     Type
		None
 Auto vars:     Size  Location     Type
  battery_volt    3  126[BANK0 ] float 
  temperature     3  119[BANK0 ] float 
  battery_curr    2  124[BANK0 ] int 
  solar_curren    2  122[BANK0 ] int 
 Return value:  Size  Location     Type
                  1    wreg      void 
 Registers used:
		wreg, fsr0l, fsr0h, fsr1l, fsr1h, fsr2l, fsr2h, status,2, status,0, tblptrl, tblptrh, tblptru, prodl, prodh, cstack
 Tracked objects:
		On entry : 
		On exit  : 
		Unchanged: 
 Data sizes:     COMRAM   BANK0   BANK1   BANK2   BANK3   BANK4   BANK5
      Params:         0       0       0       0       0       0       0
      Locals:         0      10       0       0       0       0       0
      Temps:          0       0       0       0       0       0       0
      Totals:         0      10       0       0       0       0       0
Total ram usage:       10 bytes
 Hardware stack levels used:    1
 Hardware stack levels required when called:    7
 This function calls:
		_init_watchdogs_initialize
		_util_beacon_transmission
		_util_getBatteryCurrent
		_util_getBatteryVoltage
		_util_getSolarCurrent
		_util_getTemperature
		_util_waits_delay_hours
		_util_waits_delay_mins
 This function is called by:
		_main
 This function uses a non-reentrant model


 *************** function _util_waits_delay_hours *****************
 Defined at:
		line 17 in file "easat2_util_waits.c"
 Parameters:    Size  Location     Type
  hours           2   19[BANK0 ] int 
 Auto vars:     Size  Location     Type
  i               2   21[BANK0 ] int 
 Return value:  Size  Location     Type
                  1    wreg      void 
 Registers used:
		wreg, status,2, status,0, cstack
 Tracked objects:
		On entry : 
		On exit  : 
		Unchanged: 
 Data sizes:     COMRAM   BANK0   BANK1   BANK2   BANK3   BANK4   BANK5
      Params:         0       2       0       0       0       0       0
      Locals:         0       2       0       0       0       0       0
      Temps:          1       0       0       0       0       0       0
      Totals:         1       4       0       0       0       0       0
Total ram usage:        5 bytes
 Hardware stack levels used:    1
 Hardware stack levels required when called:    5
 This function calls:
		_util_waits_delay_mins
 This function is called by:
		_main_loop
 This function uses a non-reentrant model


 *************** function _util_waits_delay_mins *****************
 Defined at:
		line 24 in file "easat2_util_waits.c"
 Parameters:    Size  Location     Type
  minutes         2   37[COMRAM] int 
 Auto vars:     Size  Location     Type
  i               2   17[BANK0 ] int 
 Return value:  Size  Location     Type
                  1    wreg      void 
 Registers used:
		wreg, status,2, status,0, cstack
 Tracked objects:
		On entry : 
		On exit  : 
		Unchanged: 
 Data sizes:     COMRAM   BANK0   BANK1   BANK2   BANK3   BANK4   BANK5
      Params:         2       0       0       0       0       0       0
      Locals:         0       2       0       0       0       0       0
      Temps:          1       0       0       0       0       0       0
      Totals:         3       2       0       0       0       0       0
Total ram usage:        5 bytes
 Hardware stack levels used:    1
 Hardware stack levels required when called:    4
 This function calls:
		_util_waits_delay_secs
 This function is called by:
		_main_loop
		_util_waits_delay_hours
 This function uses a non-reentrant model


 *************** function _util_getTemperature *****************
 Defined at:
		line 118 in file "easat2_util_inputs.c"
 Parameters:    Size  Location     Type
		None
 Auto vars:     Size  Location     Type
  bit_mem       144    0[BANK1 ] int [72]
  byte_mem       18  144[BANK1 ] int [9]
  temperature     3  201[BANK1 ] float 
  sign            3  164[BANK1 ] float 
  i               2  204[BANK1 ] int 
  bit_in_byte     2  199[BANK1 ] int 
  num_byte        2  197[BANK1 ] int 
  shift_reg_bi    2  195[BANK1 ] int 
  shift_reg_bi    2  193[BANK1 ] int 
  shift_reg_bi    2  191[BANK1 ] int 
  shift_reg_bi    2  189[BANK1 ] int 
  shift_reg_bi    2  187[BANK1 ] int 
  shift_reg_bi    2  185[BANK1 ] int 
  shift_reg_bi    2  183[BANK1 ] int 
  shift_reg_bi    2  181[BANK1 ] int 
  shift_reg_bi    2  179[BANK1 ] int 
  num_bit         2  162[BANK1 ] int 
 Return value:  Size  Location     Type
                  3   58[BANK0 ] float 
 Registers used:
		wreg, fsr2l, fsr2h, status,2, status,0, cstack
 Tracked objects:
		On entry : 
		On exit  : 
		Unchanged: 
 Data sizes:     COMRAM   BANK0   BANK1   BANK2   BANK3   BANK4   BANK5
      Params:         0       3       0       0       0       0       0
      Locals:         0       0     206       0       0       0       0
[...]
      Params:         5       0       0       0       0       0       0
      Locals:         0       0       0       0       0       0       0
      Temps:          3       0       0       0       0       0       0
      Totals:         8       0       0       0       0       0       0
Total ram usage:        8 bytes
 Hardware stack levels used:    1
 Hardware stack levels required when called:    2
 This function calls:
		Nothing
 This function is called by:
		___awtoft
		___ftadd
		___ftdiv
		___ftmul
		___lltoft
		___lwtoft
 This function uses a non-reentrant model


 *************** function ___ftneg *****************
 Defined at:
		line 15 in file "C:\Program Files (x86)\Microchip\xc8\v1.41\sources\common\ftneg.c"
 Parameters:    Size  Location     Type
  f1              3   25[COMRAM] float 
 Auto vars:     Size  Location     Type
		None
 Return value:  Size  Location     Type
                  3   25[COMRAM] float 
 Registers used:
		wreg, status,2, status,0
 Tracked objects:
		On entry : 
		On exit  : 
		Unchanged: 
 Data sizes:     COMRAM   BANK0   BANK1   BANK2   BANK3   BANK4   BANK5
      Params:         3       0       0       0       0       0       0
      Locals:         0       0       0       0       0       0       0
      Temps:          0       0       0       0       0       0       0
      Totals:         3       0       0       0       0       0       0
Total ram usage:        3 bytes
 Hardware stack levels used:    1
 Hardware stack levels required when called:    2
 This function calls:
		Nothing
 This function is called by:
		_sprintf
 This function uses a non-reentrant model


 *************** function ___ftge *****************
 Defined at:
		line 4 in file "C:\Program Files (x86)\Microchip\xc8\v1.41\sources\common\ftge.c"
 Parameters:    Size  Location     Type
  ff1             3   25[COMRAM] float 
  ff2             3   28[COMRAM] float 
 Auto vars:     Size  Location     Type
		None
 Return value:  Size  Location     Type
		None               void
 Registers used:
		wreg, status,2, status,0
 Tracked objects:
		On entry : 
		On exit  : 
		Unchanged: 
 Data sizes:     COMRAM   BANK0   BANK1   BANK2   BANK3   BANK4   BANK5
      Params:         6       0       0       0       0       0       0
      Locals:         0       0       0       0       0       0       0
      Temps:          3       0       0       0       0       0       0
      Totals:         9       0       0       0       0       0       0
Total ram usage:        9 bytes
 Hardware stack levels used:    1
 Hardware stack levels required when called:    2
 This function calls:
		Nothing
 This function is called by:
		_sprintf
 This function uses a non-reentrant model


 *************** function _memset *****************
 Defined at:
		line 8 in file "C:\Program Files (x86)\Microchip\xc8\v1.41\sources\common\memset.c"
 Parameters:    Size  Location     Type
  p1              2   25[COMRAM] PTR void 
		 -> util_beacon_transmission@BEACON_BUFFER(64), util_beacon_transmission@BEACON_MESSAGE(128), 
  c               2   27[COMRAM] int 
  n               2   29[COMRAM] unsigned int 
 Auto vars:     Size  Location     Type
  p               2   31[COMRAM] PTR unsigned char 
		 -> util_beacon_transmission@BEACON_BUFFER(64), util_beacon_transmission@BEACON_MESSAGE(128), 
 Return value:  Size  Location     Type
                  2   25[COMRAM] PTR void 
 Registers used:
		wreg, fsr2l, fsr2h, status,2, status,0
 Tracked objects:
		On entry : 
		On exit  : 
		Unchanged: 
 Data sizes:     COMRAM   BANK0   BANK1   BANK2   BANK3   BANK4   BANK5
      Params:         6       0       0       0       0       0       0
      Locals:         2       0       0       0       0       0       0
      Temps:          0       0       0       0       0       0       0
      Totals:         8       0       0       0       0       0       0
Total ram usage:        8 bytes
 Hardware stack levels used:    1
 Hardware stack levels required when called:    2
 This function calls:
		Nothing
 This function is called by:
		_util_beacon_transmission
 This function uses a non-reentrant model


 *************** function _init_initialize *****************
 Defined at:
		line 18 in file "easat2_init_initialize.c"
 Parameters:    Size  Location     Type
		None
 Auto vars:     Size  Location     Type
		None
 Return value:  Size  Location     Type
                  1    wreg      void 
 Registers used:
		wreg, status,2, status,0, cstack
 Tracked objects:
		On entry : 
		On exit  : 
		Unchanged: 
 Data sizes:     COMRAM   BANK0   BANK1   BANK2   BANK3   BANK4   BANK5
      Params:         0       0       0       0       0       0       0
      Locals:         0       0       0       0       0       0       0
      Temps:          0       0       0       0       0       0       0
      Totals:         0       0       0       0       0       0       0
Total ram usage:        0 bytes
 Hardware stack levels used:    1
 Hardware stack levels required when called:    3
 This function calls:
		_init_io_initialize
		_init_timer1_initialize
		_init_timer2_initialize
		_init_watchdogs_initialize
		_util_pwm_initialize
 This function is called by:
		_main
 This function uses a non-reentrant model


 *************** function _util_pwm_initialize *****************
 Defined at:
		line 24 in file "easat2_util_pwm.c"
 Parameters:    Size  Location     Type
		None
 Auto vars:     Size  Location     Type
		None
 Return value:  Size  Location     Type
                  1    wreg      void 
 Registers used:
		wreg, status,2
 Tracked objects:
		On entry : 
		On exit  : 
		Unchanged: 
 Data sizes:     COMRAM   BANK0   BANK1   BANK2   BANK3   BANK4   BANK5
      Params:         0       0       0       0       0       0       0
      Locals:         0       0       0       0       0       0       0
      Temps:          0       0       0       0       0       0       0
      Totals:         0       0       0       0       0       0       0
Total ram usage:        0 bytes
 Hardware stack levels used:    1
 Hardware stack levels required when called:    2
 This function calls:
		Nothing
 This function is called by:
		_init_initialize
 This function uses a non-reentrant model


 *************** function _init_watchdogs_initialize *****************
 Defined at:
		line 36 in file "easat2_init_initialize.c"
 Parameters:    Size  Location     Type
		None
 Auto vars:     Size  Location     Type
		None
 Return value:  Size  Location     Type
                  1    wreg      void 
 Registers used:
		wreg, status,2, status,0
 Tracked objects:
		On entry : 
		On exit  : 
		Unchanged: 
 Data sizes:     COMRAM   BANK0   BANK1   BANK2   BANK3   BANK4   BANK5
      Params:         0       0       0       0       0       0       0
      Locals:         0       0       0       0       0       0       0
      Temps:          1       0       0       0       0       0       0
      Totals:         1       0       0       0       0       0       0
Total ram usage:        1 bytes
 Hardware stack levels used:    1
 Hardware stack levels required when called:    2
 This function calls:
		Nothing
 This function is called by:
		_init_initialize
		_main_loop
 This function uses a non-reentrant model


 *************** function _init_timer2_initialize *****************
 Defined at:
		line 70 in file "easat2_init_timer.c"
 Parameters:    Size  Location     Type
		None
 Auto vars:     Size  Location     Type
		None
 Return value:  Size  Location     Type
                  1    wreg      void 
 Registers used:
		wreg, status,2
 Tracked objects:
		On entry : 
		On exit  : 
		Unchanged: 
 Data sizes:     COMRAM   BANK0   BANK1   BANK2   BANK3   BANK4   BANK5
      Params:         0       0       0       0       0       0       0
      Locals:         0       0       0       0       0       0       0
      Temps:          0       0       0       0       0       0       0
      Totals:         0       0       0       0       0       0       0
Total ram usage:        0 bytes
 Hardware stack levels used:    1
 Hardware stack levels required when called:    2
 This function calls:
		Nothing
 This function is called by:
		_init_initialize
 This function uses a non-reentrant model


 *************** function _init_timer1_initialize *****************
 Defined at:
		line 17 in file "easat2_init_timer.c"
 Parameters:    Size  Location     Type
		None
 Auto vars:     Size  Location     Type
		None
 Return value:  Size  Location     Type
                  1    wreg      void 
 Registers used:
		wreg, status,2
 Tracked objects:
		On entry : 
		On exit  : 
		Unchanged: 
 Data sizes:     COMRAM   BANK0   BANK1   BANK2   BANK3   BANK4   BANK5
      Params:         0       0       0       0       0       0       0
      Locals:         0       0       0       0       0       0       0
      Temps:          0       0       0       0       0       0       0
      Totals:         0       0       0       0       0       0       0
Total ram usage:        0 bytes
 Hardware stack levels used:    1
 Hardware stack levels required when called:    2
 This function calls:
		Nothing
 This function is called by:
		_init_initialize
 This function uses a non-reentrant model


 *************** function _init_io_initialize *****************
 Defined at:
		line 49 in file "easat2_init_initialize.c"
 Parameters:    Size  Location     Type
		None
 Auto vars:     Size  Location     Type
		None
 Return value:  Size  Location     Type
                  1    wreg      void 
 Registers used:
		wreg, status,2
 Tracked objects:
		On entry : 
		On exit  : 
		Unchanged: 
 Data sizes:     COMRAM   BANK0   BANK1   BANK2   BANK3   BANK4   BANK5
      Params:         0       0       0       0       0       0       0
      Locals:         0       0       0       0       0       0       0
      Temps:          0       0       0       0       0       0       0
      Totals:         0       0       0       0       0       0       0
Total ram usage:        0 bytes
 Hardware stack levels used:    1
 Hardware stack levels required when called:    2
 This function calls:
		Nothing
 This function is called by:
		_init_initialize
 This function uses a non-reentrant model


 *************** function _low_priority_int *****************
 Defined at:
		line 269 in file "easat2_func_interrupts.c"
 Parameters:    Size  Location     Type
		None
 Auto vars:     Size  Location     Type
		None
 Return value:  Size  Location     Type
                  1    wreg      void 
 Registers used:
		None
 Tracked objects:
		On entry : 
		On exit  : 
		Unchanged: 
 Data sizes:     COMRAM   BANK0   BANK1   BANK2   BANK3   BANK4   BANK5
      Params:         0       0       0       0       0       0       0
      Locals:         0       0       0       0       0       0       0
      Temps:          0      17       0       0       0       0       0
      Totals:         0      17       0       0       0       0       0
Total ram usage:       17 bytes
 Hardware stack levels used:    1
 Hardware stack levels required when called:    1
 This function calls:
		Nothing
 This function is called by:
		Interrupt level 1
 This function uses a non-reentrant model


 *************** function _high_priority_int *****************
 Defined at:
		line 19 in file "easat2_func_interrupts.c"
 Parameters:    Size  Location     Type
		None
 Auto vars:     Size  Location     Type
  received_bit    2   23[COMRAM] unsigned int 
  sample          2   21[COMRAM] unsigned int 
  current_sign    2   19[COMRAM] unsigned int 
 Return value:  Size  Location     Type
                  1    wreg      void 
 Registers used:
		wreg, fsr2l, fsr2h, status,2, status,0
 Tracked objects:
		On entry : 
		On exit  : 
		Unchanged: 
 Data sizes:     COMRAM   BANK0   BANK1   BANK2   BANK3   BANK4   BANK5
      Params:         0       0       0       0       0       0       0
      Locals:         6       0       0       0       0       0       0
      Temps:         19       0       0       0       0       0       0
      Totals:        25       0       0       0       0       0       0
Total ram usage:       25 bytes
 Hardware stack levels used:    1
 This function calls:
		Nothing
 This function is called by:
		Interrupt level 2
 This function uses a non-reentrant model



MODULE INFORMATION

Module		Function		Class		Link	Load	Size
C:\Program Files (x86)\Microchip\xc8\v1.41\sources\common\awdiv.c
		___awdiv       		CODE           	3358	0000	133

C:\Program Files (x86)\Microchip\xc8\v1.41\sources\common\awdiv.c estimated size: 133

C:\Program Files (x86)\Microchip\xc8\v1.41\sources\common\lldiv.c
		___lldiv       		CODE           	33DC	0000	131

C:\Program Files (x86)\Microchip\xc8\v1.41\sources\common\lldiv.c estimated size: 131

C:\Program Files (x86)\Microchip\xc8\v1.41\sources\common\doprnt.c
		_scale         		CODE           	13C6	0000	1131
		_sprintf       		CODE           	00AA	0000	2949
		_fround        		CODE           	1EBE	0000	651

C:\Program Files (x86)\Microchip\xc8\v1.41\sources\common\doprnt.c estimated size: 4731

C:\Program Files (x86)\Microchip\xc8\v1.41\sources\common\ftdivl.c
		__tdiv_to_l_   		CODE           	2AA8	0000	307

C:\Program Files (x86)\Microchip\xc8\v1.41\sources\common\ftdivl.c estimated size: 307

easat2_func_interrupts.c
		_high_priority_int		CODE           	0008	0000	841
		_low_priority_int		CODE           	0018	0000	143

easat2_func_interrupts.c estimated size: 984

C:\Program Files (x86)\Microchip\xc8\v1.41\sources\common\fttol.c
		___fttol       		CODE           	2824	0000	325

C:\Program Files (x86)\Microchip\xc8\v1.41\sources\common\fttol.c estimated size: 325

C:\Program Files (x86)\Microchip\xc8\v1.41\sources\common\Umul16.c
		___wmul        		CODE           	3864	0000	51

C:\Program Files (x86)\Microchip\xc8\v1.41\sources\common\Umul16.c estimated size: 51

C:\Program Files (x86)\Microchip\xc8\v1.41\sources\common\isdigit.c
		_isdigit       		CODE           	39BC	0000	31

C:\Program Files (x86)\Microchip\xc8\v1.41\sources\common\isdigit.c estimated size: 31

C:\Program Files (x86)\Microchip\xc8\v1.41\sources\common\ftadd.c
		___ftadd       		CODE           	2148	0000	617

C:\Program Files (x86)\Microchip\xc8\v1.41\sources\common\ftadd.c estimated size: 617

easat2_util_inputs.c
		_util_getTemperature		CODE           	0C2E	0000	1945
		_util_getSolarCurrent		CODE           	2DEC	0000	203
		_util_getBatteryVoltage		CODE           	2F80	0000	191
		_util_getBatteryCurrent		CODE           	2EB6	0000	203

easat2_util_inputs.c estimated size: 2542

easat2_util_waits.c
		_util_waits_delay_hours		CODE           	374E	0000	61
		_util_waits_delay_ms		CODE           	38F6	0000	45
		_util_waits_delay_mins		CODE           	37C6	0000	57
		_util_waits_delay_secs		CODE           	3630	0000	79

easat2_util_waits.c estimated size: 242

C:\Program Files (x86)\Microchip\xc8\v1.41\sources\common\ftge.c
		___ftge        		CODE           	323C	0000	145

C:\Program Files (x86)\Microchip\xc8\v1.41\sources\common\ftge.c estimated size: 145

easat2_util_onewire.c
		_util_onewire_write_byte		CODE           	2544	0000	387
		_util_onewire_read_bit		CODE           	3832	0000	51
		_util_onewire_read_byte		CODE           	23B0	0000	405
		_util_onewire_reset		CODE           	36CA	0000	67
		_util_onewire_write_bit		CODE           	3896	0000	49

easat2_util_onewire.c estimated size: 959

C:\Program Files (x86)\Microchip\xc8\v1.41\sources\common\fldivl.c
		__div_to_l_    		CODE           	2BDA	0000	297

C:\Program Files (x86)\Microchip\xc8\v1.41\sources\common\fldivl.c estimated size: 297

C:\Program Files (x86)\Microchip\xc8\v1.41\sources\common\ftneg.c
		___ftneg       		CODE           	3998	0000	37

C:\Program Files (x86)\Microchip\xc8\v1.41\sources\common\ftneg.c estimated size: 37

C:\Program Files (x86)\Microchip\xc8\v1.41\sources\common\strcat.c
		_strcat        		CODE           	370C	0000	67

C:\Program Files (x86)\Microchip\xc8\v1.41\sources\common\strcat.c estimated size: 67

C:\Program Files (x86)\Microchip\xc8\v1.41\sources\common\ftsub.c
		___ftsub       		CODE           	367E	0000	77

C:\Program Files (x86)\Microchip\xc8\v1.41\sources\common\ftsub.c estimated size: 77

C:\Program Files (x86)\Microchip\xc8\v1.41\sources\common\float.c
		___ftpack      		CODE           	30FA	0000	175

C:\Program Files (x86)\Microchip\xc8\v1.41\sources\common\float.c estimated size: 175

easat2_util_transmission.c
		_util_transmit_space_between_letters		CODE           	3A6A	0000	15
		_util_transmit_letter		CODE           	1830	0000	845
		_util_beacon_transmission		CODE           	2D02	0000	235
		_util_transmit_dot		CODE           	39F8	0000	27
		_util_transmit_space_between_dots_dashes		CODE           	3A78	0000	15
		_util_transmit_dash		CODE           	3A12	0000	27
		_util_transmit_space_between_words		CODE           	3A5C	0000	15
		_util_transmit_morse_sequence		CODE           	3534	0000	93

easat2_util_transmission.c estimated size: 1272

easat2_main_mcu.c
		_main_loop     		CODE           	32CC	0000	141
		_main          		CODE           	3A86	0000	13

easat2_main_mcu.c estimated size: 154

shared
		__powers_      		MEDIUMCONST    	7F1D	0000	40
		_dpowers       		MEDIUMCONST    	7EF5	0000	41
		__npowers_     		MEDIUMCONST    	7F44	0000	40
		__initialization		CODE           	35E2	0000	65

shared estimated size: 186

C:\Program Files (x86)\Microchip\xc8\v1.41\sources\common\strlen.c
		_strlen        		CODE           	3590	0000	83

C:\Program Files (x86)\Microchip\xc8\v1.41\sources\common\strlen.c estimated size: 83

C:\Program Files (x86)\Microchip\xc8\v1.41\sources\common\awmod.c
		___awmod       		CODE           	345E	0000	113

C:\Program Files (x86)\Microchip\xc8\v1.41\sources\common\awmod.c estimated size: 113

C:\Program Files (x86)\Microchip\xc8\v1.41\sources\common\awtoft.c
		___awtoft      		CODE           	378A	0000	61

C:\Program Files (x86)\Microchip\xc8\v1.41\sources\common\awtoft.c estimated size: 61

C:\Program Files (x86)\Microchip\xc8\v1.41\sources\common\strcpy.c
		_strcpy        		CODE           	38C6	0000	49

C:\Program Files (x86)\Microchip\xc8\v1.41\sources\common\strcpy.c estimated size: 49

C:\Program Files (x86)\Microchip\xc8\v1.41\sources\common\llmod.c
		___llmod       		CODE           	31A8	0000	149

C:\Program Files (x86)\Microchip\xc8\v1.41\sources\common\llmod.c estimated size: 149

C:\Program Files (x86)\Microchip\xc8\v1.41\sources\common\memset.c
		_memset        		CODE           	3922	0000	45

C:\Program Files (x86)\Microchip\xc8\v1.41\sources\common\memset.c estimated size: 45

easat2_util_pwm.c
		_util_pwm_stop 		CODE           	3A92	0000	9
		_util_pwm_initialize		CODE           	37FE	0000	53
		_util_pwm_start		CODE           	3A9A	0000	9

easat2_util_pwm.c estimated size: 71

easat2_init_timer.c
		_init_timer1_initialize		CODE           	394E	0000	39
		_init_timer2_initialize		CODE           	3A2C	0000	27

easat2_init_timer.c estimated size: 66

C:\Program Files (x86)\Microchip\xc8\v1.41\sources\common\ftmul.c
		___ftmul       		CODE           	26C6	0000	351

C:\Program Files (x86)\Microchip\xc8\v1.41\sources\common\ftmul.c estimated size: 351

C:\Program Files (x86)\Microchip\xc8\v1.41\sources\common\lwtoft.c
		___lwtoft      		CODE           	3974	0000	37

C:\Program Files (x86)\Microchip\xc8\v1.41\sources\common\lwtoft.c estimated size: 37

easat2_init_initialize.c
		_init_io_initialize		CODE           	303E	0000	189
		_init_watchdogs_initialize		CODE           	39DA	0000	31
		_init_initialize		CODE           	3A46	0000	23

easat2_init_initialize.c estimated size: 243

C:\Program Files (x86)\Microchip\xc8\v1.41\sources\common\lltoft.c
		___lltoft      		CODE           	34CE	0000	103

C:\Program Files (x86)\Microchip\xc8\v1.41\sources\common\lltoft.c estimated size: 103

C:\Program Files (x86)\Microchip\xc8\v1.41\sources\common\ftdiv.c
		___ftdiv       		CODE           	2968	0000	321

C:\Program Files (x86)\Microchip\xc8\v1.41\sources\common\ftdiv.c estimated size: 321

