Microchip MPLAB XC8 Compiler V1.40 ()

Linker command line:

-W-3 --edf=C:\Program Files (x86)\Microchip\xc8\v1.40\dat\en_msgs.txt -cs \
  -h+dist/default/production\EASAT2-MCU-C.X.production.sym \
  --cmf=dist/default/production\EASAT2-MCU-C.X.production.cmf -z -Q18F45K22 \
  -oC:\Users\FELIX\AppData\Local\Temp\s888.2 \
  -Mdist/default/production/EASAT2-MCU-C.X.production.map -E1 -ver=XC8 \
  -ASTACK=01CEh-05ffh -pstack=STACK -ACODE=00h-07FFFh -ACONST=00h-07FFFh \
  -ASMALLCONST=0600h-06FFhx122 -AMEDIUMCONST=0600h-07FFFh -ACOMRAM=01h-05Fh \
  -AABS1=00h-05FFh -ABIGRAM=01h-05FFh -ARAM=060h-0FFh,0100h-01FFhx5 \
  -ABANK0=060h-0FFh -ABANK1=0100h-01FFh -ABANK2=0200h-02FFh \
  -ABANK3=0300h-03FFh -ABANK4=0400h-04FFh -ABANK5=0500h-05FFh \
  -ASFR=0F38h-0F5Fh,0F60h-0FFFh \
  -preset_vec=00h,intcode=08h,intcodelo=018h,powerup,init -pramtop=0600h \
  -psmallconst=SMALLCONST -pmediumconst=MEDIUMCONST -pconst=CONST \
  -AFARRAM=00h-00h -ACONFIG=0300000h-030000Dh -pconfig=CONFIG \
  -AIDLOC=0200000h-0200007h -pidloc=IDLOC -AEEDATA=0F00000h-0F000FFh \
  -peeprom_data=EEDATA \
  -prdata=COMRAM,nvrram=COMRAM,nvbit=COMRAM,rbss=COMRAM,rbit=COMRAM \
  -pfarbss=FARRAM,fardata=FARRAM,nvFARRAM=FARRAM \
  -pintsave_regs=BIGRAM,bigbss=BIGRAM,bigdata=BIGRAM -pbss=RAM \
  -pidata=CODE,irdata=CODE,ibigdata=CODE,ifardata=CODE -prparam=COMRAM \
  C:\Users\FELIX\AppData\Local\Temp\s888.obj \
  dist/default/production\EASAT2-MCU-C.X.production.obj 

Object code version is 3.11

Machine type is 18F45K22

Call graph: (short form)




                Name                               Link     Load   Length Selector   Space Scale
C:\Users\FELIX\AppData\Local\Temp\s888.obj
                init                                 A6       A6        4        C       0
                reset_vec                             0        0        4        0       0
                idloc                            200000   200000        8   200000       0
                config                           300000   300000        E   300000       0
dist/default/production\EASAT2-MCU-C.X.production.obj
                intcodelo                            18       18       8E        C       0
                intcode                               8        8        6        4       0
                temp                                 3E       3E        1        1       1
                mediumconst                        7EF4     7EF4      10C     3F7A       0
                intcode_body                       2BA8     2BA8       AA        C       0
                text52                             3434     3434       26        C       0
                text51                             2CE2     2CE2       8A        C       0
                text50                             33E2     33E2       2C        C       0
                text49                             2C52     2C52       90        C       0
                text48                             347E     347E       24        C       0
                text47                             2AFA     2AFA       AE        C       0
                text46                             1ACE     1ACE      268        C       0
                text45                             3128     3128       4C        C       0
                text44                             2232     2232      144        C       0
                text43                             2E78     2E78       82        C       0
                text42                             2F6A     2F6A       66        C       0
                text41                             302C     302C       5C        C       0
                text40                             25D4     25D4      128        C       0
                text39                             2376     2376      132        C       0
                text38                             2DF4     2DF4       84        C       0
                text37                             2EFA     2EFA       70        C       0
                text36                             24A8     24A8      12C        C       0
                text35                             340E     340E       26        C       0
                text34                             1D36     1D36      24E        C       0
                text33                             34C0     34C0       1E        C       0
                text32                             136C     136C      416        C       0
                text31                               AA       AA      B6E        C       0
                text30                             31B6     31B6       42        C       0
                text29                             335A     335A       30        C       0
                text28                             3088     3088       52        C       0
                text27                             33B6     33B6       2C        C       0
                text26                             34A2     34A2       1E        C       0
                text25                             338A     338A       2C        C       0
                text24                             3264     3264       34        C       0
                text23                             3230     3230       34        C       0
                text22                             350C     350C        E        C       0
                text21                             2FD0     2FD0       5C        C       0
                text20                             34FE     34FE        E        C       0
                text19                             34F0     34F0        E        C       0
                text18                             1782     1782      34C        C       0
                text17                             26FC     26FC       EA        C       0
                text16                             345A     345A       24        C       0
                text15                             298A     298A       BE        C       0
                text14                             2A48     2A48       B2        C       0
                text13                             28CC     28CC       BE        C       0
                text12                             31F8     31F8       38        C       0
                text11                             27E6     27E6       E6        C       0
                text10                             3298     3298       32        C       0
                text9                              20E6     20E6      14C        C       0
                text8                              3174     3174       42        C       0
                text7                              332A     332A       30        C       0
                text6                              1F84     1F84      162        C       0
                text5                              30DA     30DA       4E        C       0
                text4                               C18      C18      754        C       0
                text3                              32FA     32FA       30        C       0
                text2                              32CA     32CA       30        C       0
                text1                              2D6C     2D6C       88        C       0
                text0                              351A     351A        C        C       0
                cstackCOMRAM                          1        1       3B        1       1
                cstackBANK0                          60       60       66       60       1
                cstackBANK1                         100      100       CE      100       1
                bssCOMRAM                            3C       3C        2        1       1
                cinit                              34DE     34DE       12        C       0

TOTAL           Name                               Link     Load   Length     Space
        CLASS   STACK          

        CLASS   CODE           
                intcodelo                            18       18       8E         0
                intcode                               8        8        6         0
                init                                 A6       A6        4         0
                reset_vec                             0        0        4         0
                intcode_body                       2BA8     2BA8       AA         0
                text52                             3434     3434       26         0
                text51                             2CE2     2CE2       8A         0
                text50                             33E2     33E2       2C         0
                text49                             2C52     2C52       90         0
                text48                             347E     347E       24         0
                text47                             2AFA     2AFA       AE         0
                text46                             1ACE     1ACE      268         0
                text45                             3128     3128       4C         0
                text44                             2232     2232      144         0
                text43                             2E78     2E78       82         0
                text42                             2F6A     2F6A       66         0
                text41                             302C     302C       5C         0
                text40                             25D4     25D4      128         0
                text39                             2376     2376      132         0
                text38                             2DF4     2DF4       84         0
                text37                             2EFA     2EFA       70         0
                text36                             24A8     24A8      12C         0
                text35                             340E     340E       26         0
                text34                             1D36     1D36      24E         0
                text33                             34C0     34C0       1E         0
                text32                             136C     136C      416         0
                text31                               AA       AA      B6E         0
                text30                             31B6     31B6       42         0
                text29                             335A     335A       30         0
                text28                             3088     3088       52         0
                text27                             33B6     33B6       2C         0
                text26                             34A2     34A2       1E         0
                text25                             338A     338A       2C         0
                text24                             3264     3264       34         0
                text23                             3230     3230       34         0
                text22                             350C     350C        E         0
                text21                             2FD0     2FD0       5C         0
                text20                             34FE     34FE        E         0
                text19                             34F0     34F0        E         0
                text18                             1782     1782      34C         0
                text17                             26FC     26FC       EA         0
                text16                             345A     345A       24         0
                text15                             298A     298A       BE         0
                text14                             2A48     2A48       B2         0
                text13                             28CC     28CC       BE         0
                text12                             31F8     31F8       38         0
                text11                             27E6     27E6       E6         0
                text10                             3298     3298       32         0
                text9                              20E6     20E6      14C         0
                text8                              3174     3174       42         0
                text7                              332A     332A       30         0
                text6                              1F84     1F84      162         0
                text5                              30DA     30DA       4E         0
                text4                               C18      C18      754         0
                text3                              32FA     32FA       30         0
                text2                              32CA     32CA       30         0
                text1                              2D6C     2D6C       88         0
                text0                              351A     351A        C         0
                cinit                              34DE     34DE       12         0

        CLASS   CONST          

        CLASS   SMALLCONST     

        CLASS   MEDIUMCONST    
                mediumconst                        7EF4     7EF4      10C         0

        CLASS   COMRAM         
                temp                                 3E       3E        1         1
                cstackCOMRAM                          1        1       3B         1
                bssCOMRAM                            3C       3C        2         1

        CLASS   ABS1           

        CLASS   BIGRAM         

        CLASS   RAM            

        CLASS   BANK0          
                cstackBANK0                          60       60       66         1

        CLASS   BANK1          
                cstackBANK1                         100      100       CE         1

        CLASS   BANK2          

        CLASS   BANK3          

        CLASS   BANK4          

        CLASS   BANK5          

        CLASS   SFR            

        CLASS   FARRAM         

        CLASS   CONFIG         
                config                           300000   300000        E         0

        CLASS   IDLOC          
                idloc                            200000   200000        8         0

        CLASS   EEDATA         



SEGMENTS        Name                           Load    Length   Top    Selector   Space  Class

                reset_vec                      000000  000004  000004         0       0  CODE    
                cstackCOMRAM                   000001  00003E  00003F         1       1  COMRAM  
                intcode                        000008  000006  00000E         4       0  CODE    
                intcodelo                      000018  00350E  003526         C       0  CODE    
                cstackBANK0                    000060  000066  0000C6        60       1  BANK0   
                cstackBANK1                    000100  0000CE  0001CE       100       1  BANK1   
                mediumconst                    007EF4  00010C  008000      3F7A       0  MEDIUMCO
                idloc                          200000  000008  200008    200000       0  IDLOC   
                config                         300000  00000E  30000E    300000       0  CONFIG  


UNUSED ADDRESS RANGES

        Name                Unused          Largest block    Delta
        BANK0            0000C6-0000FF               3A
        BANK1            0001CE-0001FF               32
        BANK2            000200-0002FF              100
        BANK3            000300-0003FF              100
        BANK4            000400-0004FF              100
        BANK5            000500-0005FF              100
        BIGRAM           00003F-00005F               21
                         0000C6-0000FF               3A
                         0001CE-0005FF              432
        CODE             000004-000007                4
                         00000E-000017                A
                         003526-007EF3             49CE
        COMRAM           00003F-00005F               21
        CONST            000004-000007                4
                         00000E-000017                A
                         003526-007EF3             49CE
        EEDATA           F00000-F000FF              100
        MEDIUMCONST      003526-007EF3             49CE
        RAM              0000C6-0000FF               3A
                         0001CE-0005FF              100
        SFR              000F38-000FFF               28
        SMALLCONST       003526-007EF3              100
        STACK            0001CE-0005FF              432

                                  Symbol Table

?___awdiv                                         cstackCOMRAM 000027
?___awmod                                         cstackCOMRAM 000021
?___awtoft                                        cstackCOMRAM 000029
?___ftadd                                         cstackBANK0  000073
?___ftdiv                                         cstackCOMRAM 00002D
?___ftmul                                         cstackCOMRAM 000035
?___ftneg                                         cstackCOMRAM 000021
?___ftpack                                        cstackCOMRAM 000021
?___ftsub                                         cstackBANK0  00007F
?___fttol                                         cstackBANK0  000070
?___lldiv                                         cstackCOMRAM 000021
?___llmod                                         cstackCOMRAM 00002E
?___lltoft                                        cstackCOMRAM 000029
?___lwtoft                                        cstackCOMRAM 000029
?___wmul                                          cstackCOMRAM 00002F
?__div_to_l_                                      cstackCOMRAM 000021
?__tdiv_to_l_                                     cstackCOMRAM 000021
?_fround                                          cstackBANK0  000069
?_scale                                           cstackBANK0  000069
?_sprintf                                         cstackBANK0  000085
?_strlen                                          cstackCOMRAM 000021
?_util_getBatteryCurrent                          cstackBANK0  00007F
?_util_getBatteryVoltage                          cstackBANK0  000069
?_util_getSolarCurrent                            cstackBANK0  00007F
?_util_getTemperature                             cstackBANK0  00007F
?_util_onewire_read_bit                           cstackCOMRAM 000021
?_util_onewire_read_byte                          cstackCOMRAM 000026
?_util_onewire_reset                              cstackCOMRAM 000021
_ADCON0bits                                       (abs)        000FC2
_ADCON1                                           (abs)        000FC1
_ADCON2                                           (abs)        000FC0
_ADRES                                            (abs)        000FC3
_ANSELAbits                                       (abs)        000F38
_ANSELDbits                                       (abs)        000F3B
_INTCONbits                                       (abs)        000FF2
_IPR1bits                                         (abs)        000F9F
_LATAbits                                         (abs)        000F89
_LATDbits                                         (abs)        000F8C
_PIE1bits                                         (abs)        000F9D
_PIR1bits                                         (abs)        000F9E
_PORTAbits                                        (abs)        000F80
_PORTDbits                                        (abs)        000F83
_RCONbits                                         (abs)        000FD0
_T1CONbits                                        (abs)        000FCD
_TMR1H                                            (abs)        000FCF
_TMR1IE                                           (abs)        007CE8
_TMR1IF                                           (abs)        007CF0
_TMR1L                                            (abs)        000FCE
_TRISAbits                                        (abs)        000F92
_TRISDbits                                        (abs)        000F95
_VREFCON0bits                                     (abs)        000F42
__CFG_BOREN$OFF                                   (abs)        000000
__CFG_BORV$190                                    (abs)        000000
__CFG_CCP2MX$PORTC1                               (abs)        000000
__CFG_CCP3MX$PORTB5                               (abs)        000000
__CFG_CP0$OFF                                     (abs)        000000
__CFG_CP1$OFF                                     (abs)        000000
__CFG_CP2$OFF                                     (abs)        000000
__CFG_CP3$OFF                                     (abs)        000000
__CFG_CPB$OFF                                     (abs)        000000
__CFG_CPD$OFF                                     (abs)        000000
__CFG_EBTR0$OFF                                   (abs)        000000
__CFG_EBTR1$OFF                                   (abs)        000000
__CFG_EBTR2$OFF                                   (abs)        000000
__CFG_EBTR3$OFF                                   (abs)        000000
__CFG_EBTRB$OFF                                   (abs)        000000
__CFG_FCMEN$OFF                                   (abs)        000000
__CFG_FOSC$XT                                     (abs)        000000
__CFG_HFOFST$OFF                                  (abs)        000000
__CFG_IESO$OFF                                    (abs)        000000
__CFG_LVP$OFF                                     (abs)        000000
__CFG_MCLRE$EXTMCLR                               (abs)        000000
__CFG_P2BMX$PORTC0                                (abs)        000000
__CFG_PBADEN$OFF                                  (abs)        000000
__CFG_PLLCFG$OFF                                  (abs)        000000
__CFG_PRICLKEN$ON                                 (abs)        000000
__CFG_PWRTEN$OFF                                  (abs)        000000
__CFG_STVREN$ON                                   (abs)        000000
__CFG_T3CMX$PORTB5                                (abs)        000000
__CFG_WDTEN$ON                                    (abs)        000000
__CFG_WDTPS$32768                                 (abs)        000000
__CFG_WRT0$OFF                                    (abs)        000000
__CFG_WRT1$OFF                                    (abs)        000000
__CFG_WRT2$OFF                                    (abs)        000000
__CFG_WRT3$OFF                                    (abs)        000000
__CFG_WRTB$OFF                                    (abs)        000000
__CFG_WRTC$ON                                     (abs)        000000
__CFG_WRTD$ON                                     (abs)        000000
__CFG_XINST$OFF                                   (abs)        000000
__HRAM                                            (abs)        000000
__Habs1                                           abs1         000000
__Hbank0                                          bank0        000000
__Hbank1                                          bank1        000000
__Hbank2                                          bank2        000000
__Hbank3                                          bank3        000000
__Hbank4                                          bank4        000000
__Hbank5                                          bank5        000000
__Hbigbss                                         bigbss       000000
__Hbigdata                                        bigdata      000000
__Hbigram                                         bigram       000000
__Hbss                                            bss          000000
__HbssCOMRAM                                      bssCOMRAM    000000
__Hcinit                                          cinit        000000
__Hclrtext                                        clrtext      000000
__Hcomram                                         comram       000000
__Hconfig                                         config       30000E
__Hconst                                          const        000000
__HcstackBANK0                                    cstackBANK0  000000
__HcstackBANK1                                    cstackBANK1  000000
__HcstackCOMRAM                                   cstackCOMRAM 000000
__Hdata                                           data         000000
__Heeprom_data                                    eeprom_data  000000
__Hfarbss                                         farbss       000000
__Hfardata                                        fardata      000000
__Hibigdata                                       ibigdata     000000
__Hidata                                          idata        000000
__Hidloc                                          idloc        200008
__Hifardata                                       ifardata     000000
__Hinit                                           init         0000AA
__Hintcode                                        intcode      00000E
__Hintcode_body                                   intcode_body 000000
__Hintcodelo                                      intcodelo    0000A6
__Hintentry                                       intentry     000000
__Hintret                                         intret       000000
__Hintsave_regs                                   intsave_regs 000000
__Hirdata                                         irdata       000000
__Hmediumconst                                    mediumconst  008000
__HnvFARRAM                                       nvFARRAM     000000
__Hnvbit                                          nvbit        000000
__Hnvrram                                         nvrram       000000
__Hparam                                          rparam       000000
__Hpowerup                                        powerup      0000A6
__Hram                                            ram          000000
__Hramtop                                         ramtop       000600
__Hrbit                                           rbit         000000
__Hrbss                                           rbss         000000
__Hrdata                                          rdata        000000
__Hreset_vec                                      reset_vec    000004
__Hrparam                                         rparam       000000
__Hsfr                                            sfr          000000
__Hsmallconst                                     smallconst   000000
__Hspace_0                                        (abs)        30000E
__Hspace_1                                        (abs)        0001CE
__Hspace_2                                        (abs)        000000
__Hstack                                          stack        000000
__Hstruct                                         struct       000000
__Htemp                                           temp         00003F
__Htext                                           text         000000
__Htext0                                          text0        000000
__Htext1                                          text1        000000
__Htext10                                         text10       000000
__Htext11                                         text11       000000
__Htext12                                         text12       000000
__Htext13                                         text13       000000
__Htext14                                         text14       000000
__Htext15                                         text15       000000
__Htext16                                         text16       000000
__Htext17                                         text17       000000
__Htext18                                         text18       000000
__Htext19                                         text19       000000
__Htext2                                          text2        000000
__Htext20                                         text20       000000
__Htext21                                         text21       000000
__Htext22                                         text22       000000
__Htext23                                         text23       000000
__Htext24                                         text24       000000
__Htext25                                         text25       000000
__Htext26                                         text26       000000
__Htext27                                         text27       000000
__Htext28                                         text28       000000
__Htext29                                         text29       000000
__Htext3                                          text3        000000
__Htext30                                         text30       000000
__Htext31                                         text31       000000
__Htext32                                         text32       000000
__Htext33                                         text33       000000
__Htext34                                         text34       000000
__Htext35                                         text35       000000
__Htext36                                         text36       000000
__Htext37                                         text37       000000
__Htext38                                         text38       000000
__Htext39                                         text39       000000
__Htext4                                          text4        000000
__Htext40                                         text40       000000
__Htext41                                         text41       000000
__Htext42                                         text42       000000
__Htext43                                         text43       000000
__Htext44                                         text44       000000
__Htext45                                         text45       000000
__Htext46                                         text46       000000
__Htext47                                         text47       000000
__Htext48                                         text48       000000
__Htext49                                         text49       000000
__Htext5                                          text5        000000
__Htext50                                         text50       000000
__Htext51                                         text51       000000
__Htext52                                         text52       000000
__Htext6                                          text6        000000
__Htext7                                          text7        000000
__Htext8                                          text8        000000
__Htext9                                          text9        000000
__LRAM                                            (abs)        000001
__Labs1                                           abs1         000000
__Lbank0                                          bank0        000000
__Lbank1                                          bank1        000000
__Lbank2                                          bank2        000000
__Lbank3                                          bank3        000000
__Lbank4                                          bank4        000000
__Lbank5                                          bank5        000000
__Lbigbss                                         bigbss       000000
__Lbigdata                                        bigdata      000000
__Lbigram                                         bigram       000000
__Lbss                                            bss          000000
__LbssCOMRAM                                      bssCOMRAM    000000
__Lcinit                                          cinit        000000
__Lclrtext                                        clrtext      000000
__Lcomram                                         comram       000000
__Lconfig                                         config       300000
__Lconst                                          const        000000
__LcstackBANK0                                    cstackBANK0  000000
__LcstackBANK1                                    cstackBANK1  000000
__LcstackCOMRAM                                   cstackCOMRAM 000000
__Ldata                                           data         000000
__Leeprom_data                                    eeprom_data  000000
__Lfarbss                                         farbss       000000
__Lfardata                                        fardata      000000
__Libigdata                                       ibigdata     000000
__Lidata                                          idata        000000
__Lidloc                                          idloc        200000
__Lifardata                                       ifardata     000000
__Linit                                           init         0000A6
__Lintcode                                        intcode      000008
__Lintcode_body                                   intcode_body 000000
__Lintcodelo                                      intcodelo    000018
__Lintentry                                       intentry     000000
__Lintret                                         intret       000000
__Lintsave_regs                                   intsave_regs 000000
__Lirdata                                         irdata       000000
__Lmediumconst                                    mediumconst  007EF4
__LnvFARRAM                                       nvFARRAM     000000
__Lnvbit                                          nvbit        000000
__Lnvrram                                         nvrram       000000
__Lparam                                          rparam       000000
__Lpowerup                                        powerup      0000A6
__Lram                                            ram          000000
__Lramtop                                         ramtop       000600
__Lrbit                                           rbit         000000
__Lrbss                                           rbss         000000
__Lrdata                                          rdata        000000
__Lreset_vec                                      reset_vec    000000
__Lrparam                                         rparam       000000
__Lsfr                                            sfr          000000
__Lsmallconst                                     smallconst   000000
__Lspace_0                                        (abs)        000000
__Lspace_1                                        (abs)        000000
__Lspace_2                                        (abs)        000000
__Lstack                                          stack        000000
__Lstruct                                         struct       000000
__Ltemp                                           temp         00003E
__Ltext                                           text         000000
__Ltext0                                          text0        000000
__Ltext1                                          text1        000000
__Ltext10                                         text10       000000
__Ltext11                                         text11       000000
__Ltext12                                         text12       000000
__Ltext13                                         text13       000000
__Ltext14                                         text14       000000
__Ltext15                                         text15       000000
__Ltext16                                         text16       000000
__Ltext17                                         text17       000000
__Ltext18                                         text18       000000
__Ltext19                                         text19       000000
__Ltext2                                          text2        000000
__Ltext20                                         text20       000000
__Ltext21                                         text21       000000
__Ltext22                                         text22       000000
__Ltext23                                         text23       000000
__Ltext24                                         text24       000000
__Ltext25                                         text25       000000
__Ltext26                                         text26       000000
__Ltext27                                         text27       000000
__Ltext28                                         text28       000000
__Ltext29                                         text29       000000
__Ltext3                                          text3        000000
__Ltext30                                         text30       000000
__Ltext31                                         text31       000000
__Ltext32                                         text32       000000
__Ltext33                                         text33       000000
__Ltext34                                         text34       000000
__Ltext35                                         text35       000000
__Ltext36                                         text36       000000
__Ltext37                                         text37       000000
__Ltext38                                         text38       000000
__Ltext39                                         text39       000000
__Ltext4                                          text4        000000
__Ltext40                                         text40       000000
__Ltext41                                         text41       000000
__Ltext42                                         text42       000000
__Ltext43                                         text43       000000
__Ltext44                                         text44       000000
__Ltext45                                         text45       000000
__Ltext46                                         text46       000000
__Ltext47                                         text47       000000
__Ltext48                                         text48       000000
__Ltext49                                         text49       000000
__Ltext5                                          text5        000000
__Ltext50                                         text50       000000
__Ltext51                                         text51       000000
__Ltext52                                         text52       000000
__Ltext6                                          text6        000000
__Ltext7                                          text7        000000
__Ltext8                                          text8        000000
__Ltext9                                          text9        000000
__S0                                              (abs)        30000E
__S1                                              (abs)        0001CE
__S2                                              (abs)        000000
___awdiv                                          text38       002DF4
___awdiv@counter                                  cstackCOMRAM 00002B
___awdiv@dividend                                 cstackCOMRAM 000027
___awdiv@divisor                                  cstackCOMRAM 000029
___awdiv@quotient                                 cstackCOMRAM 00002D
___awdiv@sign                                     cstackCOMRAM 00002C
___awmod                                          text37       002EFA
___awmod@counter                                  cstackCOMRAM 000025
___awmod@dividend                                 cstackCOMRAM 000021
___awmod@divisor                                  cstackCOMRAM 000023
___awmod@sign                                     cstackCOMRAM 000026
___awtoft                                         text12       0031F8
___awtoft@c                                       cstackCOMRAM 000029
___awtoft@sign                                    cstackCOMRAM 00002C
___ftadd                                          text46       001ACE
___ftadd@exp1                                     cstackBANK0  00007E
___ftadd@exp2                                     cstackBANK0  00007D
___ftadd@f1                                       cstackBANK0  000073
___ftadd@f2                                       cstackBANK0  000076
___ftadd@sign                                     cstackBANK0  00007C
___ftdiv                                          text11       0027E6
___ftdiv@cntr                                     cstackCOMRAM 000036
___ftdiv@exp                                      cstackCOMRAM 00003A
___ftdiv@f1                                       cstackCOMRAM 00002D
___ftdiv@f2                                       cstackCOMRAM 000030
___ftdiv@f3                                       cstackCOMRAM 000037
___ftdiv@sign                                     cstackCOMRAM 00003B
___ftge                                           text49       002C52
___ftge@ff1                                       cstackCOMRAM 000021
___ftge@ff2                                       cstackCOMRAM 000024
___ftmul                                          text36       0024A8
___ftmul@cntr                                     cstackBANK0  000067
___ftmul@exp                                      cstackBANK0  000063
___ftmul@f1                                       cstackCOMRAM 000035
___ftmul@f2                                       cstackCOMRAM 000038
___ftmul@f3_as_product                            cstackBANK0  000064
___ftmul@sign                                     cstackBANK0  000068
___ftneg                                          text48       00347E
___ftneg@f1                                       cstackCOMRAM 000021
___ftpack                                         text47       002AFA
___ftpack@arg                                     cstackCOMRAM 000021
___ftpack@exp                                     cstackCOMRAM 000024
___ftpack@sign                                    cstackCOMRAM 000025
___ftsub                                          text45       003128
___ftsub@f1                                       cstackBANK0  00007F
___ftsub@f2                                       cstackBANK0  000082
___fttol                                          text44       002232
___fttol@exp1                                     cstackBANK0  00007E
___fttol@f1                                       cstackBANK0  000070
___fttol@lval                                     cstackBANK0  00007A
___fttol@sign1                                    cstackBANK0  000079
___inthi_sp                                       stack        000000
___intlo_sp                                       stack        000000
___lldiv                                          text43       002E78
___lldiv@counter                                  cstackCOMRAM 00002D
___lldiv@dividend                                 cstackCOMRAM 000021
___lldiv@divisor                                  cstackCOMRAM 000025
___lldiv@quotient                                 cstackCOMRAM 000029
___llmod                                          text42       002F6A
___llmod@counter                                  cstackCOMRAM 000036
___llmod@dividend                                 cstackCOMRAM 00002E
___llmod@divisor                                  cstackCOMRAM 000032
___lltoft                                         text41       00302C
___lltoft@c                                       cstackCOMRAM 000029
___lltoft@exp                                     cstackCOMRAM 000031
___lwtoft                                         text16       00345A
___lwtoft@c                                       cstackCOMRAM 000029
___param_bank                                     (abs)        000000
___rparam_used                                    (abs)        000001
___sp                                             stack        000000
___wmul                                           text35       00340E
___wmul@multiplicand                              cstackCOMRAM 000031
___wmul@multiplier                                cstackCOMRAM 00002F
___wmul@product                                   cstackCOMRAM 000033
__accesstop                                       (abs)        000060
__activetblptr                                    (abs)        000002
__div_to_l_                                       text40       0025D4
__div_to_l_@cntr                                  cstackCOMRAM 00002B
__div_to_l_@exp1                                  cstackCOMRAM 00002C
__div_to_l_@f1                                    cstackCOMRAM 000021
__div_to_l_@f2                                    cstackCOMRAM 000024
__div_to_l_@quot                                  cstackCOMRAM 000027
__end_of___awdiv                                  text38       002E78
__end_of___awmod                                  text37       002F6A
__end_of___awtoft                                 text12       003230
__end_of___ftadd                                  text46       001D36
__end_of___ftdiv                                  text11       0028CC
__end_of___ftge                                   text49       002CE2
__end_of___ftmul                                  text36       0025D4
__end_of___ftneg                                  text48       0034A2
__end_of___ftpack                                 text47       002BA8
__end_of___ftsub                                  text45       003174
__end_of___fttol                                  text44       002376
__end_of___lldiv                                  text43       002EFA
__end_of___llmod                                  text42       002FD0
__end_of___lltoft                                 text41       003088
__end_of___lwtoft                                 text16       00347E
__end_of___wmul                                   text35       003434
__end_of__div_to_l_                               text40       0026FC
__end_of__initialization                          cinit        0034E2
__end_of__npowers_                                mediumconst  007F44
__end_of__powers_                                 mediumconst  007F6B
__end_of__tdiv_to_l_                              text39       0024A8
__end_of_dpowers                                  mediumconst  007F1D
__end_of_fround                                   text34       001F84
__end_of_high_priority_int                        intcode_body 002C52
__end_of_initialize                               text51       002D6C
__end_of_isdigit                                  text33       0034DE
__end_of_low_priority_int                         intcodelo    0000A6
__end_of_main                                     text0        003526
__end_of_main_loop                                text1        002DF4
__end_of_memset                                   text50       00340E
__end_of_scale                                    text32       001782
__end_of_sprintf                                  text31       000C18
__end_of_strcat                                   text30       0031F8
__end_of_strcpy                                   text29       00338A
__end_of_strlen                                   text28       0030DA
__end_of_util_beacon_transmission                 text17       0027E6
__end_of_util_getBatteryCurrent                   text15       002A48
__end_of_util_getBatteryVoltage                   text14       002AFA
__end_of_util_getSolarCurrent                     text13       00298A
__end_of_util_getTemperature                      text4        00136C
__end_of_util_onewire_read_bit                    text10       0032CA
__end_of_util_onewire_read_byte                   text9        002232
__end_of_util_onewire_reset                       text8        0031B6
__end_of_util_onewire_write_bit                   text7        00335A
__end_of_util_onewire_write_byte                  text6        0020E6
__end_of_util_timer1_initialize                   text52       00345A
__end_of_util_transmit_buzzer_1ms_cycle           text26       0034C0
__end_of_util_transmit_dash                       text24       003298
__end_of_util_transmit_dot                        text23       003264
__end_of_util_transmit_letter                     text18       001ACE
__end_of_util_transmit_morse_sequence             text21       00302C
__end_of_util_transmit_space_between_dots_dashes  text22       00351A
__end_of_util_transmit_space_between_letters      text20       00350C
__end_of_util_transmit_space_between_words        text19       0034FE
__end_of_util_waits_delay_hours                   text2        0032FA
__end_of_util_waits_delay_hundred_us              text27       0033E2
__end_of_util_waits_delay_mins                    text3        00332A
__end_of_util_waits_delay_ms                      text25       0033B6
__end_of_util_waits_delay_secs                    text5        003128
__initialization                                  cinit        0034DE
__mediumconst                                     mediumconst  007EF4
__npowers_                                        mediumconst  007F1D
__pbssCOMRAM                                      bssCOMRAM    00003C
__pcinit                                          cinit        0034DE
__pcstackBANK0                                    cstackBANK0  000060
__pcstackBANK1                                    cstackBANK1  000100
__pcstackCOMRAM                                   cstackCOMRAM 000001
__pintcode                                        intcode      000008
__pintcode_body                                   intcode_body 002BA8
__pintcodelo                                      intcodelo    000018
__pmediumconst                                    mediumconst  007EF4
__powers_                                         mediumconst  007F44
__ptext0                                          text0        00351A
__ptext1                                          text1        002D6C
__ptext10                                         text10       003298
__ptext11                                         text11       0027E6
__ptext12                                         text12       0031F8
__ptext13                                         text13       0028CC
__ptext14                                         text14       002A48
__ptext15                                         text15       00298A
__ptext16                                         text16       00345A
__ptext17                                         text17       0026FC
__ptext18                                         text18       001782
__ptext19                                         text19       0034F0
__ptext2                                          text2        0032CA
__ptext20                                         text20       0034FE
__ptext21                                         text21       002FD0
__ptext22                                         text22       00350C
__ptext23                                         text23       003230
__ptext24                                         text24       003264
__ptext25                                         text25       00338A
__ptext26                                         text26       0034A2
__ptext27                                         text27       0033B6
__ptext28                                         text28       003088
__ptext29                                         text29       00335A
__ptext3                                          text3        0032FA
__ptext30                                         text30       0031B6
__ptext31                                         text31       0000AA
__ptext32                                         text32       00136C
__ptext33                                         text33       0034C0
__ptext34                                         text34       001D36
__ptext35                                         text35       00340E
__ptext36                                         text36       0024A8
__ptext37                                         text37       002EFA
__ptext38                                         text38       002DF4
__ptext39                                         text39       002376
__ptext4                                          text4        000C18
__ptext40                                         text40       0025D4
__ptext41                                         text41       00302C
__ptext42                                         text42       002F6A
__ptext43                                         text43       002E78
__ptext44                                         text44       002232
__ptext45                                         text45       003128
__ptext46                                         text46       001ACE
__ptext47                                         text47       002AFA
__ptext48                                         text48       00347E
__ptext49                                         text49       002C52
__ptext5                                          text5        0030DA
__ptext50                                         text50       0033E2
__ptext51                                         text51       002CE2
__ptext52                                         text52       003434
__ptext6                                          text6        001F84
__ptext7                                          text7        00332A
__ptext8                                          text8        003174
__ptext9                                          text9        0020E6
__ramtop                                          ramtop       000600
__size_of___awdiv                                 (abs)        000000
__size_of___awmod                                 (abs)        000000
__size_of___awtoft                                (abs)        000000
__size_of___ftadd                                 (abs)        000000
__size_of___ftdiv                                 (abs)        000000
__size_of___ftge                                  (abs)        000000
__size_of___ftmul                                 (abs)        000000
__size_of___ftneg                                 (abs)        000000
__size_of___ftpack                                (abs)        000000
__size_of___ftsub                                 (abs)        000000
__size_of___fttol                                 (abs)        000000
__size_of___lldiv                                 (abs)        000000
__size_of___llmod                                 (abs)        000000
__size_of___lltoft                                (abs)        000000
__size_of___lwtoft                                (abs)        000000
__size_of___wmul                                  (abs)        000000
__size_of__div_to_l_                              (abs)        000000
__size_of__tdiv_to_l_                             (abs)        000000
__size_of_fround                                  (abs)        000000
__size_of_high_priority_int                       (abs)        000000
__size_of_initialize                              (abs)        000000
__size_of_isdigit                                 (abs)        000000
__size_of_low_priority_int                        (abs)        000000
__size_of_main                                    (abs)        000000
__size_of_main_loop                               (abs)        000000
__size_of_memset                                  (abs)        000000
__size_of_scale                                   (abs)        000000
__size_of_sprintf                                 (abs)        000000
__size_of_strcat                                  (abs)        000000
__size_of_strcpy                                  (abs)        000000
__size_of_strlen                                  (abs)        000000
__size_of_util_beacon_transmission                (abs)        000000
__size_of_util_getBatteryCurrent                  (abs)        000000
__size_of_util_getBatteryVoltage                  (abs)        000000
__size_of_util_getSolarCurrent                    (abs)        000000
__size_of_util_getTemperature                     (abs)        000000
__size_of_util_onewire_read_bit                   (abs)        000000
__size_of_util_onewire_read_byte                  (abs)        000000
__size_of_util_onewire_reset                      (abs)        000000
__size_of_util_onewire_write_bit                  (abs)        000000
__size_of_util_onewire_write_byte                 (abs)        000000
__size_of_util_timer1_initialize                  (abs)        000000
__size_of_util_transmit_buzzer_1ms_cycle          (abs)        000000
__size_of_util_transmit_dash                      (abs)        000000
__size_of_util_transmit_dot                       (abs)        000000
__size_of_util_transmit_letter                    (abs)        000000
__size_of_util_transmit_morse_sequence            (abs)        000000
__size_of_util_transmit_space_between_dots_dashes (abs)        000000
__size_of_util_transmit_space_between_letters     (abs)        000000
__size_of_util_transmit_space_between_words       (abs)        000000
__size_of_util_waits_delay_hours                  (abs)        000000
__size_of_util_waits_delay_hundred_us             (abs)        000000
__size_of_util_waits_delay_mins                   (abs)        000000
__size_of_util_waits_delay_ms                     (abs)        000000
__size_of_util_waits_delay_secs                   (abs)        000000
__smallconst                                      smallconst   000000
__tdiv_to_l_                                      text39       002376
__tdiv_to_l_@cntr                                 cstackCOMRAM 00002E
__tdiv_to_l_@exp1                                 cstackCOMRAM 00002F
__tdiv_to_l_@f1                                   cstackCOMRAM 000021
__tdiv_to_l_@f2                                   cstackCOMRAM 000024
__tdiv_to_l_@quot                                 cstackCOMRAM 00002A
_dpowers                                          mediumconst  007EF5
_fround                                           text34       001D36
_fround$2082                                      cstackBANK0  00006F
_fround$2083                                      cstackBANK0  00006C
_high_priority_int                                intcode      000008
_initialize                                       text51       002CE2
_isdigit                                          text33       0034C0
_isdigit$1739                                     cstackCOMRAM 000022
_low_priority_int                                 intcodelo    000018
_main                                             text0        00351A
_main_loop                                        text1        002D6C
_memset                                           text50       0033E2
_scale                                            text32       00136C
_scale$2084                                       cstackBANK0  00006C
_sprintf                                          text31       0000AA
_sprintf$2085                                     cstackBANK0  000099
_strcat                                           text30       0031B6
_strcpy                                           text29       00335A
_strlen                                           text28       003088
_tmr1_interrupt_number                            bssCOMRAM    00003C
_util_beacon_transmission                         text17       0026FC
_util_getBatteryCurrent                           text15       00298A
_util_getBatteryVoltage                           text14       002A48
_util_getSolarCurrent                             text13       0028CC
_util_getTemperature                              text4        000C18
_util_getTemperature$2078                         cstackBANK1  0001A7
_util_getTemperature$2079                         cstackBANK1  0001AA
_util_getTemperature$2080                         cstackBANK1  0001AD
_util_getTemperature$2081                         cstackBANK1  0001B0
_util_onewire_read_bit                            text10       003298
_util_onewire_read_byte                           text9        0020E6
_util_onewire_reset                               text8        003174
_util_onewire_write_bit                           text7        00332A
_util_onewire_write_byte                          text6        001F84
_util_timer1_initialize                           text52       003434
_util_transmit_buzzer_1ms_cycle                   text26       0034A2
_util_transmit_dash                               text24       003264
_util_transmit_dot                                text23       003230
_util_transmit_letter                             text18       001782
_util_transmit_morse_sequence                     text21       002FD0
_util_transmit_space_between_dots_dashes          text22       00350C
_util_transmit_space_between_letters              text20       0034FE
_util_transmit_space_between_words                text19       0034F0
_util_waits_delay_hours                           text2        0032CA
_util_waits_delay_hundred_us                      text27       0033B6
_util_waits_delay_mins                            text3        0032FA
_util_waits_delay_ms                              text25       00338A
_util_waits_delay_secs                            text5        0030DA
btemp                                             temp         00003E
end_of_initialization                             cinit        0034E2
fround@prec                                       cstackBANK0  000072
int$flags                                         temp         00003E
int_func                                          intcode_body 002BA8
intlevel0                                         text         000000
intlevel1                                         text         000000
intlevel2                                         text         000000
intlevel3                                         text         000000
isdigit@c                                         cstackCOMRAM 000023
main_loop@battery_current                         cstackBANK0  0000C1
main_loop@battery_voltage                         cstackBANK0  0000C3
main_loop@solar_current                           cstackBANK0  0000BF
main_loop@temperature                             cstackBANK0  0000BC
memset@c                                          cstackCOMRAM 000023
memset@n                                          cstackCOMRAM 000025
memset@p                                          cstackCOMRAM 000027
memset@p1                                         cstackCOMRAM 000021
scale@scl                                         cstackBANK0  00006F
sprintf@ap                                        cstackBANK0  00009C
sprintf@c                                         cstackBANK0  0000B1
sprintf@exp                                       cstackBANK0  0000AA
sprintf@f                                         cstackBANK0  000087
sprintf@flag                                      cstackBANK0  00009E
sprintf@fval                                      cstackBANK0  0000AC
sprintf@prec                                      cstackBANK0  0000AF
sprintf@sp                                        cstackBANK0  000085
sprintf@tmpval                                    cstackBANK0  0000A2
sprintf@val                                       cstackBANK0  0000A6
sprintf@width                                     cstackBANK0  0000A0
stackhi                                           (abs)        0005FF
stacklo                                           (abs)        0001CE
start                                             init         0000A6
start_initialization                              cinit        0034DE
strcat@cp                                         cstackCOMRAM 000025
strcat@from                                       cstackCOMRAM 000023
strcat@to                                         cstackCOMRAM 000021
strcpy@cp                                         cstackCOMRAM 000025
strcpy@from                                       cstackCOMRAM 000023
strcpy@to                                         cstackCOMRAM 000021
strlen@cp                                         cstackCOMRAM 000025
strlen@s                                          cstackCOMRAM 000021
util_beacon_transmission@BEACON_BUFFER            cstackBANK1  000180
util_beacon_transmission@BEACON_MESSAGE           cstackBANK1  000100
util_beacon_transmission@battery_current          cstackBANK0  0000B7
util_beacon_transmission@battery_voltage          cstackBANK0  0000B2
util_beacon_transmission@i                        cstackBANK1  0001C0
util_beacon_transmission@solar_current            cstackBANK0  0000B5
util_beacon_transmission@temperature              cstackBANK0  0000B9
util_getBatteryCurrent@batteryCurrent             cstackBANK0  000084
util_getBatteryCurrent@value                      cstackBANK0  000081
util_getBatteryVoltage@value                      cstackBANK0  00006C
util_getBatteryVoltage@voltage                    cstackBANK0  00006F
util_getSolarCurrent@solarCurrent                 cstackBANK0  000084
util_getSolarCurrent@value                        cstackBANK0  000081
util_getTemperature@bit_in_byte                   cstackBANK1  0001C7
util_getTemperature@bit_mem                       cstackBANK1  000100
util_getTemperature@byte_mem                      cstackBANK1  000190
util_getTemperature@i                             cstackBANK1  0001CC
util_getTemperature@num_bit                       cstackBANK1  0001A2
util_getTemperature@num_byte                      cstackBANK1  0001C5
util_getTemperature@shift_reg_bit0                cstackBANK1  0001B3
util_getTemperature@shift_reg_bit1                cstackBANK1  0001B5
util_getTemperature@shift_reg_bit2                cstackBANK1  0001B7
util_getTemperature@shift_reg_bit3                cstackBANK1  0001B9
util_getTemperature@shift_reg_bit4                cstackBANK1  0001BB
util_getTemperature@shift_reg_bit5                cstackBANK1  0001BD
util_getTemperature@shift_reg_bit6                cstackBANK1  0001BF
util_getTemperature@shift_reg_bit7                cstackBANK1  0001C1
util_getTemperature@shift_reg_bit_temp            cstackBANK1  0001C3
util_getTemperature@sign                          cstackBANK1  0001A4
util_getTemperature@temperature                   cstackBANK1  0001C9
util_onewire_read_bit@value                       cstackCOMRAM 000024
util_onewire_read_byte@bit0                       cstackBANK0  000060
util_onewire_read_byte@bit1                       cstackBANK0  000062
util_onewire_read_byte@bit2                       cstackBANK0  000064
util_onewire_read_byte@bit3                       cstackBANK0  000066
util_onewire_read_byte@bit4                       cstackBANK0  000068
util_onewire_read_byte@bit5                       cstackBANK0  00006A
util_onewire_read_byte@bit6                       cstackBANK0  00006C
util_onewire_read_byte@bit7                       cstackBANK0  00006E
util_onewire_read_byte@value                      cstackBANK0  000070
util_onewire_reset@presence                       cstackCOMRAM 000024
util_onewire_write_bit@bit_in                     cstackCOMRAM 000021
util_onewire_write_byte@bit0                      cstackCOMRAM 000028
util_onewire_write_byte@bit1                      cstackCOMRAM 00002A
util_onewire_write_byte@bit2                      cstackCOMRAM 00002C
util_onewire_write_byte@bit3                      cstackCOMRAM 00002E
util_onewire_write_byte@bit4                      cstackCOMRAM 000030
util_onewire_write_byte@bit5                      cstackCOMRAM 000032
util_onewire_write_byte@bit6                      cstackCOMRAM 000034
util_onewire_write_byte@bit7                      cstackCOMRAM 000036
util_onewire_write_byte@value                     cstackCOMRAM 000023
util_transmit_dash@i                              cstackCOMRAM 000026
util_transmit_dot@i                               cstackCOMRAM 000026
util_transmit_letter@letter                       cstackCOMRAM 00002E
util_transmit_morse_sequence@i                    cstackCOMRAM 00002C
util_transmit_morse_sequence@morse_sequence       cstackCOMRAM 000028
util_waits_delay_hours@hours                      cstackCOMRAM 000032
util_waits_delay_hours@i                          cstackCOMRAM 000035
util_waits_delay_hundred_us@hun_us                cstackCOMRAM 000021
util_waits_delay_hundred_us@i                     cstackCOMRAM 000024
util_waits_delay_mins@i                           cstackCOMRAM 000030
util_waits_delay_mins@minutes                     cstackCOMRAM 00002D
util_waits_delay_ms@i                             cstackCOMRAM 000024
util_waits_delay_ms@ms                            cstackCOMRAM 000021
util_waits_delay_secs@i                           cstackCOMRAM 000029
util_waits_delay_secs@j                           cstackCOMRAM 00002B
util_waits_delay_secs@secs                        cstackCOMRAM 000026


FUNCTION INFORMATION:

 *************** function _main *****************
 Defined at:
		line 19 in file "easat2_main_mcu.c"
 Parameters:    Size  Location     Type
		None
 Auto vars:     Size  Location     Type
		None
 Return value:  Size  Location     Type
                  1    wreg      void 
 Registers used:
		wreg, fsr0l, fsr0h, fsr1l, fsr1h, fsr2l, fsr2h, status,2, status,0, tblptrl, tblptrh, tblptru, prodl, prodh, cstack
 Tracked objects:
		On entry : 
		On exit  : 
		Unchanged: 
 Data sizes:     COMRAM   BANK0   BANK1   BANK2   BANK3   BANK4   BANK5
      Params:         0       0       0       0       0       0       0
      Locals:         0       0       0       0       0       0       0
      Temps:          0       0       0       0       0       0       0
      Totals:         0       0       0       0       0       0       0
Total ram usage:        0 bytes
 Hardware stack levels required when called:    9
 This function calls:
		_initialize
		_main_loop
 This function is called by:
		Startup code after reset
 This function uses a non-reentrant model


 *************** function _main_loop *****************
 Defined at:
		line 31 in file "easat2_main_mcu.c"
 Parameters:    Size  Location     Type
		None
 Auto vars:     Size  Location     Type
  battery_volt    3   99[BANK0 ] float 
  temperature     3   92[BANK0 ] float 
  battery_curr    2   97[BANK0 ] int 
  solar_curren    2   95[BANK0 ] int 
 Return value:  Size  Location     Type
                  1    wreg      void 
 Registers used:
		wreg, fsr0l, fsr0h, fsr1l, fsr1h, fsr2l, fsr2h, status,2, status,0, tblptrl, tblptrh, tblptru, prodl, prodh, cstack
 Tracked objects:
		On entry : 
		On exit  : 
		Unchanged: 
 Data sizes:     COMRAM   BANK0   BANK1   BANK2   BANK3   BANK4   BANK5
      Params:         0       0       0       0       0       0       0
      Locals:         0      10       0       0       0       0       0
      Temps:          0       0       0       0       0       0       0
      Totals:         0      10       0       0       0       0       0
Total ram usage:       10 bytes
 Hardware stack levels used:    1
 Hardware stack levels required when called:    8
 This function calls:
		_util_beacon_transmission
		_util_getBatteryCurrent
		_util_getBatteryVoltage
		_util_getSolarCurrent
		_util_getTemperature
		_util_waits_delay_hours
		_util_waits_delay_mins
 This function is called by:
		_main
 This function uses a non-reentrant model


 *************** function _util_waits_delay_hours *****************
 Defined at:
		line 17 in file "easat2_util_waits.c"
 Parameters:    Size  Location     Type
  hours           2   49[COMRAM] int 
 Auto vars:     Size  Location     Type
  i               2   52[COMRAM] int 
 Return value:  Size  Location     Type
                  1    wreg      void 
 Registers used:
		wreg, status,2, status,0, cstack
 Tracked objects:
		On entry : 
		On exit  : 
		Unchanged: 
 Data sizes:     COMRAM   BANK0   BANK1   BANK2   BANK3   BANK4   BANK5
      Params:         2       0       0       0       0       0       0
      Locals:         2       0       0       0       0       0       0
      Temps:          1       0       0       0       0       0       0
      Totals:         5       0       0       0       0       0       0
Total ram usage:        5 bytes
 Hardware stack levels used:    1
 Hardware stack levels required when called:    5
 This function calls:
		_util_waits_delay_mins
 This function is called by:
		_main_loop
 This function uses a non-reentrant model


 *************** function _util_waits_delay_mins *****************
 Defined at:
		line 24 in file "easat2_util_waits.c"
 Parameters:    Size  Location     Type
  minutes         2   44[COMRAM] int 
 Auto vars:     Size  Location     Type
  i               2   47[COMRAM] int 
 Return value:  Size  Location     Type
                  1    wreg      void 
 Registers used:
		wreg, status,2, status,0, cstack
 Tracked objects:
		On entry : 
		On exit  : 
		Unchanged: 
 Data sizes:     COMRAM   BANK0   BANK1   BANK2   BANK3   BANK4   BANK5
      Params:         2       0       0       0       0       0       0
      Locals:         2       0       0       0       0       0       0
      Temps:          1       0       0       0       0       0       0
      Totals:         5       0       0       0       0       0       0
Total ram usage:        5 bytes
 Hardware stack levels used:    1
 Hardware stack levels required when called:    4
 This function calls:
		_util_waits_delay_secs
 This function is called by:
		_main_loop
		_util_waits_delay_hours
 This function uses a non-reentrant model


 *************** function _util_getTemperature *****************
 Defined at:
		line 118 in file "easat2_util_inputs.c"
 Parameters:    Size  Location     Type
		None
 Auto vars:     Size  Location     Type
  bit_mem       144    0[BANK1 ] int [72]
  byte_mem       18  144[BANK1 ] int [9]
  temperature     3  201[BANK1 ] float 
  sign            3  164[BANK1 ] float 
  i               2  204[BANK1 ] int 
  bit_in_byte     2  199[BANK1 ] int 
  num_byte        2  197[BANK1 ] int 
  shift_reg_bi    2  195[BANK1 ] int 
  shift_reg_bi    2  193[BANK1 ] int 
  shift_reg_bi    2  191[BANK1 ] int 
  shift_reg_bi    2  189[BANK1 ] int 
  shift_reg_bi    2  187[BANK1 ] int 
  shift_reg_bi    2  185[BANK1 ] int 
  shift_reg_bi    2  183[BANK1 ] int 
  shift_reg_bi    2  181[BANK1 ] int 
  shift_reg_bi    2  179[BANK1 ] int 
  num_bit         2  162[BANK1 ] int 
 Return value:  Size  Location     Type
                  3   31[BANK0 ] float 
 Registers used:
		wreg, fsr2l, fsr2h, status,2, status,0, cstack
 Tracked objects:
		On entry : 
		On exit  : 
		Unchanged: 
 Data sizes:     COMRAM   BANK0   BANK1   BANK2   BANK3   BANK4   BANK5
      Params:         0       3       0       0       0       0       0
      Locals:         0       0     206       0       0       0       0
      Temps:          0       3       0       0       0       0       0
      Totals:         0       6     206       0       0       0       0
Total ram usage:      212 bytes
 Hardware stack levels used:    1
 Hardware stack levels required when called:    4
 This function calls:
		___awtoft
		___ftadd
		___ftdiv
		___ftmul
		_util_onewire_read_byte
		_util_onewire_reset
		_util_onewire_write_byte
		_util_waits_delay_secs
 This function is called by:
		_main_loop
 This function uses a non-reentrant model


 *************** function _util_waits_delay_secs *****************
 Defined at:
		line 31 in file "easat2_util_waits.c"
 Parameters:    Size  Location     Type
  secs            2   37[COMRAM] int 
 Auto vars:     Size  Location     Type
  j               2   42[COMRAM] int 
  i               2   40[COMRAM] int 
 Return value:  Size  Location     Type
                  1    wreg      void 
 Registers used:
		wreg, status,2, status,0, cstack
 Tracked objects:
		On entry : 
		On exit  : 
		Unchanged: 
 Data sizes:     COMRAM   BANK0   BANK1   BANK2   BANK3   BANK4   BANK5
      Params:         2       0       0       0       0       0       0
      Locals:         4       0       0       0       0       0       0
      Temps:          1       0       0       0       0       0       0
      Totals:         7       0       0       0       0       0       0
Total ram usage:        7 bytes
 Hardware stack levels used:    1
 Hardware stack levels required when called:    3
 This function calls:
		_util_waits_delay_ms
 This function is called by:
		_util_getTemperature
		_util_waits_delay_mins
 This function uses a non-reentrant model


 *************** function _util_onewire_write_byte *****************
 Defined at:
		line 62 in file "easat2_util_onewire.c"
 Parameters:    Size  Location     Type
  value           2   34[COMRAM] int 
 Auto vars:     Size  Location     Type
  bit7            2   53[COMRAM] int 
  bit6            2   51[COMRAM] int 
  bit5            2   49[COMRAM] int 
  bit4            2   47[COMRAM] int 
  bit3            2   45[COMRAM] int 
  bit2            2   43[COMRAM] int 
  bit1            2   41[COMRAM] int 
  bit0            2   39[COMRAM] int 
 Return value:  Size  Location     Type
                  1    wreg      void 
 Registers used:
		wreg, status,2, status,0, cstack
 Tracked objects:
		On entry : 
		On exit  : 
		Unchanged: 
 Data sizes:     COMRAM   BANK0   BANK1   BANK2   BANK3   BANK4   BANK5
      Params:         2       0       0       0       0       0       0
      Locals:        16       0       0       0       0       0       0
      Temps:          3       0       0       0       0       0       0
      Totals:        21       0       0       0       0       0       0
Total ram usage:       21 bytes
 Hardware stack levels used:    1
 Hardware stack levels required when called:    3
 This function calls:
		_util_onewire_write_bit
 This function is called by:
		_util_getTemperature
 This function uses a non-reentrant model


 *************** function _util_onewire_write_bit *****************
 Defined at:
		line 121 in file "easat2_util_onewire.c"
 Parameters:    Size  Location     Type
  bit_in          2   32[COMRAM] int 
 Auto vars:     Size  Location     Type
		None
 Return value:  Size  Location     Type
                  1    wreg      void 
 Registers used:
		wreg, status,2, status,0
 Tracked objects:
		On entry : 
		On exit  : 
		Unchanged: 
 Data sizes:     COMRAM   BANK0   BANK1   BANK2   BANK3   BANK4   BANK5
      Params:         2       0       0       0       0       0       0
      Locals:         0       0       0       0       0       0       0
      Temps:          0       0       0       0       0       0       0
      Totals:         2       0       0       0       0       0       0
Total ram usage:        2 bytes
 Hardware stack levels used:    1
 Hardware stack levels required when called:    2
 This function calls:
		Nothing
 This function is called by:
		_util_onewire_write_byte
 This function uses a non-reentrant model


 *************** function _util_onewire_reset *****************
 Defined at:
		line 18 in file "easat2_util_onewire.c"
 Parameters:    Size  Location     Type
		None
 Auto vars:     Size  Location     Type
  presence        2   35[COMRAM] int 
 Return value:  Size  Location     Type
                  2   32[COMRAM] int 
 Registers used:
		wreg, status,2
 Tracked objects:
		On entry : 
		On exit  : 
		Unchanged: 
 Data sizes:     COMRAM   BANK0   BANK1   BANK2   BANK3   BANK4   BANK5
      Params:         2       0       0       0       0       0       0
      Locals:         2       0       0       0       0       0       0
      Temps:          1       0       0       0       0       0       0
      Totals:         5       0       0       0       0       0       0
Total ram usage:        5 bytes
 Hardware stack levels used:    1
 Hardware stack levels required when called:    2
 This function calls:
		Nothing
 This function is called by:
		_util_getTemperature
 This function uses a non-reentrant model


 *************** function _util_onewire_read_byte *****************
 Defined at:
		line 96 in file "easat2_util_onewire.c"
 Parameters:    Size  Location     Type
		None
 Auto vars:     Size  Location     Type
  value           2   16[BANK0 ] int 
  bit7            2   14[BANK0 ] int 
  bit6            2   12[BANK0 ] int 
  bit5            2   10[BANK0 ] int 
[...]
      Totals:        13       0       0       0       0       0       0
Total ram usage:       13 bytes
 Hardware stack levels used:    1
 Hardware stack levels required when called:    2
 This function calls:
		Nothing
 This function is called by:
		_sprintf
 This function uses a non-reentrant model


 *************** function ___fttol *****************
 Defined at:
		line 44 in file "C:\Program Files (x86)\Microchip\xc8\v1.40\sources\common\fttol.c"
 Parameters:    Size  Location     Type
  f1              3   16[BANK0 ] float 
 Auto vars:     Size  Location     Type
  lval            4   26[BANK0 ] unsigned long 
  exp1            1   30[BANK0 ] unsigned char 
  sign1           1   25[BANK0 ] unsigned char 
 Return value:  Size  Location     Type
                  4   16[BANK0 ] long 
 Registers used:
		wreg, status,2, status,0
 Tracked objects:
		On entry : 
		On exit  : 
		Unchanged: 
 Data sizes:     COMRAM   BANK0   BANK1   BANK2   BANK3   BANK4   BANK5
      Params:         0       4       0       0       0       0       0
      Locals:         0       6       0       0       0       0       0
      Temps:          0       5       0       0       0       0       0
      Totals:         0      15       0       0       0       0       0
Total ram usage:       15 bytes
 Hardware stack levels used:    1
 Hardware stack levels required when called:    2
 This function calls:
		Nothing
 This function is called by:
		_util_getSolarCurrent
		_util_getBatteryCurrent
		_sprintf
 This function uses a non-reentrant model


 *************** function ___ftsub *****************
 Defined at:
		line 20 in file "C:\Program Files (x86)\Microchip\xc8\v1.40\sources\common\ftsub.c"
 Parameters:    Size  Location     Type
  f1              3   31[BANK0 ] float 
  f2              3   34[BANK0 ] float 
 Auto vars:     Size  Location     Type
		None
 Return value:  Size  Location     Type
                  3   31[BANK0 ] float 
 Registers used:
		wreg, status,2, status,0, cstack
 Tracked objects:
		On entry : 
		On exit  : 
		Unchanged: 
 Data sizes:     COMRAM   BANK0   BANK1   BANK2   BANK3   BANK4   BANK5
      Params:         0       6       0       0       0       0       0
      Locals:         0       0       0       0       0       0       0
      Temps:          0       0       0       0       0       0       0
      Totals:         0       6       0       0       0       0       0
Total ram usage:        6 bytes
 Hardware stack levels used:    1
 Hardware stack levels required when called:    4
 This function calls:
		___ftadd
 This function is called by:
		_sprintf
 This function uses a non-reentrant model


 *************** function ___ftadd *****************
 Defined at:
		line 86 in file "C:\Program Files (x86)\Microchip\xc8\v1.40\sources\common\ftadd.c"
 Parameters:    Size  Location     Type
  f1              3   19[BANK0 ] float 
  f2              3   22[BANK0 ] float 
 Auto vars:     Size  Location     Type
  exp1            1   30[BANK0 ] unsigned char 
  exp2            1   29[BANK0 ] unsigned char 
  sign            1   28[BANK0 ] unsigned char 
 Return value:  Size  Location     Type
                  3   19[BANK0 ] float 
 Registers used:
		wreg, status,2, status,0, cstack
 Tracked objects:
		On entry : 
		On exit  : 
		Unchanged: 
 Data sizes:     COMRAM   BANK0   BANK1   BANK2   BANK3   BANK4   BANK5
      Params:         0       6       0       0       0       0       0
      Locals:         0       3       0       0       0       0       0
      Temps:          0       3       0       0       0       0       0
      Totals:         0      12       0       0       0       0       0
Total ram usage:       12 bytes
 Hardware stack levels used:    1
 Hardware stack levels required when called:    3
 This function calls:
		___ftpack
 This function is called by:
		_util_getTemperature
		_sprintf
		___ftsub
 This function uses a non-reentrant model


 *************** function ___ftpack *****************
 Defined at:
		line 62 in file "C:\Program Files (x86)\Microchip\xc8\v1.40\sources\common\float.c"
 Parameters:    Size  Location     Type
  arg             3   32[COMRAM] unsigned um
  exp             1   35[COMRAM] unsigned char 
  sign            1   36[COMRAM] unsigned char 
 Auto vars:     Size  Location     Type
		None
 Return value:  Size  Location     Type
                  3   32[COMRAM] float 
 Registers used:
		wreg, status,2, status,0
 Tracked objects:
		On entry : 
		On exit  : 
		Unchanged: 
 Data sizes:     COMRAM   BANK0   BANK1   BANK2   BANK3   BANK4   BANK5
      Params:         5       0       0       0       0       0       0
      Locals:         0       0       0       0       0       0       0
      Temps:          3       0       0       0       0       0       0
      Totals:         8       0       0       0       0       0       0
Total ram usage:        8 bytes
 Hardware stack levels used:    1
 Hardware stack levels required when called:    2
 This function calls:
		Nothing
 This function is called by:
		___awtoft
		___ftadd
		___ftdiv
		___ftmul
		___lltoft
		___lwtoft
 This function uses a non-reentrant model


 *************** function ___ftneg *****************
 Defined at:
		line 15 in file "C:\Program Files (x86)\Microchip\xc8\v1.40\sources\common\ftneg.c"
 Parameters:    Size  Location     Type
  f1              3   32[COMRAM] float 
 Auto vars:     Size  Location     Type
		None
 Return value:  Size  Location     Type
                  3   32[COMRAM] float 
 Registers used:
		wreg, status,2, status,0
 Tracked objects:
		On entry : 
		On exit  : 
		Unchanged: 
 Data sizes:     COMRAM   BANK0   BANK1   BANK2   BANK3   BANK4   BANK5
      Params:         3       0       0       0       0       0       0
      Locals:         0       0       0       0       0       0       0
      Temps:          0       0       0       0       0       0       0
      Totals:         3       0       0       0       0       0       0
Total ram usage:        3 bytes
 Hardware stack levels used:    1
 Hardware stack levels required when called:    2
 This function calls:
		Nothing
 This function is called by:
		_sprintf
 This function uses a non-reentrant model


 *************** function ___ftge *****************
 Defined at:
		line 4 in file "C:\Program Files (x86)\Microchip\xc8\v1.40\sources\common\ftge.c"
 Parameters:    Size  Location     Type
  ff1             3   32[COMRAM] float 
  ff2             3   35[COMRAM] float 
 Auto vars:     Size  Location     Type
		None
 Return value:  Size  Location     Type
		None               void
 Registers used:
		wreg, status,2, status,0
 Tracked objects:
		On entry : 
		On exit  : 
		Unchanged: 
 Data sizes:     COMRAM   BANK0   BANK1   BANK2   BANK3   BANK4   BANK5
      Params:         6       0       0       0       0       0       0
      Locals:         0       0       0       0       0       0       0
      Temps:          3       0       0       0       0       0       0
      Totals:         9       0       0       0       0       0       0
Total ram usage:        9 bytes
 Hardware stack levels used:    1
 Hardware stack levels required when called:    2
 This function calls:
		Nothing
 This function is called by:
		_sprintf
 This function uses a non-reentrant model


 *************** function _memset *****************
 Defined at:
		line 8 in file "C:\Program Files (x86)\Microchip\xc8\v1.40\sources\common\memset.c"
 Parameters:    Size  Location     Type
  p1              2   32[COMRAM] PTR void 
		 -> util_beacon_transmission@BEACON_BUFFER(64), util_beacon_transmission@BEACON_MESSAGE(128), 
  c               2   34[COMRAM] int 
  n               2   36[COMRAM] unsigned int 
 Auto vars:     Size  Location     Type
  p               2   38[COMRAM] PTR unsigned char 
		 -> util_beacon_transmission@BEACON_BUFFER(64), util_beacon_transmission@BEACON_MESSAGE(128), 
 Return value:  Size  Location     Type
                  2   32[COMRAM] PTR void 
 Registers used:
		wreg, fsr2l, fsr2h, status,2, status,0
 Tracked objects:
		On entry : 
		On exit  : 
		Unchanged: 
 Data sizes:     COMRAM   BANK0   BANK1   BANK2   BANK3   BANK4   BANK5
      Params:         6       0       0       0       0       0       0
      Locals:         2       0       0       0       0       0       0
      Temps:          0       0       0       0       0       0       0
      Totals:         8       0       0       0       0       0       0
Total ram usage:        8 bytes
 Hardware stack levels used:    1
 Hardware stack levels required when called:    2
 This function calls:
		Nothing
 This function is called by:
		_util_beacon_transmission
 This function uses a non-reentrant model


 *************** function _initialize *****************
 Defined at:
		line 17 in file "easat2_util_initialize.c"
 Parameters:    Size  Location     Type
		None
 Auto vars:     Size  Location     Type
		None
 Return value:  Size  Location     Type
                  1    wreg      void 
 Registers used:
		wreg, status,2, cstack
 Tracked objects:
		On entry : 
		On exit  : 
		Unchanged: 
 Data sizes:     COMRAM   BANK0   BANK1   BANK2   BANK3   BANK4   BANK5
      Params:         0       0       0       0       0       0       0
      Locals:         0       0       0       0       0       0       0
      Temps:          0       0       0       0       0       0       0
      Totals:         0       0       0       0       0       0       0
Total ram usage:        0 bytes
 Hardware stack levels used:    1
 Hardware stack levels required when called:    3
 This function calls:
		_util_timer1_initialize
 This function is called by:
		_main
 This function uses a non-reentrant model


 *************** function _util_timer1_initialize *****************
 Defined at:
		line 19 in file "easat2_util_timer.c"
 Parameters:    Size  Location     Type
		None
 Auto vars:     Size  Location     Type
		None
 Return value:  Size  Location     Type
                  1    wreg      void 
 Registers used:
		wreg, status,2
 Tracked objects:
		On entry : 
		On exit  : 
		Unchanged: 
 Data sizes:     COMRAM   BANK0   BANK1   BANK2   BANK3   BANK4   BANK5
      Params:         0       0       0       0       0       0       0
      Locals:         0       0       0       0       0       0       0
      Temps:          0       0       0       0       0       0       0
      Totals:         0       0       0       0       0       0       0
Total ram usage:        0 bytes
 Hardware stack levels used:    1
 Hardware stack levels required when called:    2
 This function calls:
		Nothing
 This function is called by:
		_initialize
 This function uses a non-reentrant model


 *************** function _low_priority_int *****************
 Defined at:
		line 116 in file "easat2_util_timer.c"
 Parameters:    Size  Location     Type
		None
 Auto vars:     Size  Location     Type
		None
 Return value:  Size  Location     Type
                  1    wreg      void 
 Registers used:
		None
 Tracked objects:
		On entry : 
		On exit  : 
		Unchanged: 
 Data sizes:     COMRAM   BANK0   BANK1   BANK2   BANK3   BANK4   BANK5
      Params:         0       0       0       0       0       0       0
      Locals:         0       0       0       0       0       0       0
      Temps:         17       0       0       0       0       0       0
      Totals:        17       0       0       0       0       0       0
Total ram usage:       17 bytes
 Hardware stack levels used:    1
 Hardware stack levels required when called:    1
 This function calls:
		Nothing
 This function is called by:
		Interrupt level 1
 This function uses a non-reentrant model


 *************** function _high_priority_int *****************
 Defined at:
		line 74 in file "easat2_util_timer.c"
 Parameters:    Size  Location     Type
		None
 Auto vars:     Size  Location     Type
		None
 Return value:  Size  Location     Type
                  1    wreg      void 
 Registers used:
		wreg, status,2, status,0
 Tracked objects:
		On entry : 
		On exit  : 
		Unchanged: 
 Data sizes:     COMRAM   BANK0   BANK1   BANK2   BANK3   BANK4   BANK5
      Params:         0       0       0       0       0       0       0
      Locals:         0       0       0       0       0       0       0
      Temps:         15       0       0       0       0       0       0
      Totals:        15       0       0       0       0       0       0
Total ram usage:       15 bytes
 Hardware stack levels used:    1
 This function calls:
		Nothing
 This function is called by:
		Interrupt level 2
 This function uses a non-reentrant model



MODULE INFORMATION

Module		Function		Class		Link	Load	Size
C:\Program Files (x86)\Microchip\xc8\v1.40\sources\common\awtoft.c
		___awtoft      		CODE           	31F8	0000	57

C:\Program Files (x86)\Microchip\xc8\v1.40\sources\common\awtoft.c estimated size: 57

C:\Program Files (x86)\Microchip\xc8\v1.40\sources\common\strcpy.c
		_strcpy        		CODE           	335A	0000	49

C:\Program Files (x86)\Microchip\xc8\v1.40\sources\common\strcpy.c estimated size: 49

C:\Program Files (x86)\Microchip\xc8\v1.40\sources\common\memset.c
		_memset        		CODE           	33E2	0000	45

C:\Program Files (x86)\Microchip\xc8\v1.40\sources\common\memset.c estimated size: 45

C:\Program Files (x86)\Microchip\xc8\v1.40\sources\common\ftneg.c
		___ftneg       		CODE           	347E	0000	37

C:\Program Files (x86)\Microchip\xc8\v1.40\sources\common\ftneg.c estimated size: 37

C:\Program Files (x86)\Microchip\xc8\v1.40\sources\common\doprnt.c
		_scale         		CODE           	136C	0000	1047
		_sprintf       		CODE           	00AA	0000	2927
		_fround        		CODE           	1D36	0000	591

C:\Program Files (x86)\Microchip\xc8\v1.40\sources\common\doprnt.c estimated size: 4565

C:\Program Files (x86)\Microchip\xc8\v1.40\sources\common\lwtoft.c
		___lwtoft      		CODE           	345A	0000	37

C:\Program Files (x86)\Microchip\xc8\v1.40\sources\common\lwtoft.c estimated size: 37

C:\Program Files (x86)\Microchip\xc8\v1.40\sources\common\lltoft.c
		___lltoft      		CODE           	302C	0000	93

C:\Program Files (x86)\Microchip\xc8\v1.40\sources\common\lltoft.c estimated size: 93

C:\Program Files (x86)\Microchip\xc8\v1.40\sources\common\ftsub.c
		___ftsub       		CODE           	3128	0000	77

C:\Program Files (x86)\Microchip\xc8\v1.40\sources\common\ftsub.c estimated size: 77

C:\Program Files (x86)\Microchip\xc8\v1.40\sources\common\float.c
		___ftpack      		CODE           	2AFA	0000	175

C:\Program Files (x86)\Microchip\xc8\v1.40\sources\common\float.c estimated size: 175

easat2_util_inputs.c
		_util_getTemperature		CODE           	0C18	0000	1877
		_util_getSolarCurrent		CODE           	28CC	0000	191
		_util_getBatteryVoltage		CODE           	2A48	0000	179
		_util_getBatteryCurrent		CODE           	298A	0000	191

easat2_util_inputs.c estimated size: 2438

easat2_util_waits.c
		_util_waits_delay_hours		CODE           	32CA	0000	49
		_util_waits_delay_ms		CODE           	338A	0000	45
		_util_waits_delay_hundred_us		CODE           	33B6	0000	45
		_util_waits_delay_mins		CODE           	32FA	0000	49
		_util_waits_delay_secs		CODE           	30DA	0000	79

easat2_util_waits.c estimated size: 267

C:\Program Files (x86)\Microchip\xc8\v1.40\sources\common\ftdivl.c
		__tdiv_to_l_   		CODE           	2376	0000	307

C:\Program Files (x86)\Microchip\xc8\v1.40\sources\common\ftdivl.c estimated size: 307

easat2_util_onewire.c
		_util_onewire_write_byte		CODE           	1F84	0000	355
		_util_onewire_read_bit		CODE           	3298	0000	51
		_util_onewire_read_byte		CODE           	20E6	0000	333
		_util_onewire_reset		CODE           	3174	0000	67
		_util_onewire_write_bit		CODE           	332A	0000	49

easat2_util_onewire.c estimated size: 855

C:\Program Files (x86)\Microchip\xc8\v1.40\sources\common\ftge.c
		___ftge        		CODE           	2C52	0000	145

C:\Program Files (x86)\Microchip\xc8\v1.40\sources\common\ftge.c estimated size: 145

C:\Program Files (x86)\Microchip\xc8\v1.40\sources\common\Umul16.c
		___wmul        		CODE           	340E	0000	39

C:\Program Files (x86)\Microchip\xc8\v1.40\sources\common\Umul16.c estimated size: 39

C:\Program Files (x86)\Microchip\xc8\v1.40\sources\common\ftmul.c
		___ftmul       		CODE           	24A8	0000	301

C:\Program Files (x86)\Microchip\xc8\v1.40\sources\common\ftmul.c estimated size: 301

C:\Program Files (x86)\Microchip\xc8\v1.40\sources\common\awmod.c
		___awmod       		CODE           	2EFA	0000	113

C:\Program Files (x86)\Microchip\xc8\v1.40\sources\common\awmod.c estimated size: 113

C:\Program Files (x86)\Microchip\xc8\v1.40\sources\common\ftdiv.c
		___ftdiv       		CODE           	27E6	0000	231

C:\Program Files (x86)\Microchip\xc8\v1.40\sources\common\ftdiv.c estimated size: 231

C:\Program Files (x86)\Microchip\xc8\v1.40\sources\common\llmod.c
		___llmod       		CODE           	2F6A	0000	103

C:\Program Files (x86)\Microchip\xc8\v1.40\sources\common\llmod.c estimated size: 103

easat2_util_transmission.c
		_util_transmit_buzzer_1ms_cycle		CODE           	34A2	0000	31
		_util_transmit_space_between_letters		CODE           	34FE	0000	15
		_util_transmit_letter		CODE           	1782	0000	845
		_util_beacon_transmission		CODE           	26FC	0000	235
		_util_transmit_dot		CODE           	3230	0000	53
		_util_transmit_space_between_dots_dashes		CODE           	350C	0000	15
		_util_transmit_dash		CODE           	3264	0000	53
		_util_transmit_space_between_words		CODE           	34F0	0000	15
		_util_transmit_morse_sequence		CODE           	2FD0	0000	93

easat2_util_transmission.c estimated size: 1355

easat2_util_timer.c
		_high_priority_int		CODE           	0008	0000	177
		_low_priority_int		CODE           	0018	0000	143
		_util_timer1_initialize		CODE           	3434	0000	39

easat2_util_timer.c estimated size: 359

easat2_main_mcu.c
		_main_loop     		CODE           	2D6C	0000	137
		_main          		CODE           	351A	0000	13

easat2_main_mcu.c estimated size: 150

C:\Program Files (x86)\Microchip\xc8\v1.40\sources\common\isdigit.c
		_isdigit       		CODE           	34C0	0000	31

C:\Program Files (x86)\Microchip\xc8\v1.40\sources\common\isdigit.c estimated size: 31

shared
		__powers_      		MEDIUMCONST    	7F44	0000	40
		_dpowers       		MEDIUMCONST    	7EF5	0000	41
		__npowers_     		MEDIUMCONST    	7F1D	0000	40
		__initialization		CODE           	34DE	0000	5

shared estimated size: 126

easat2_util_initialize.c
		_initialize    		CODE           	2CE2	0000	139

easat2_util_initialize.c estimated size: 139

C:\Program Files (x86)\Microchip\xc8\v1.40\sources\common\fttol.c
		___fttol       		CODE           	2232	0000	325

C:\Program Files (x86)\Microchip\xc8\v1.40\sources\common\fttol.c estimated size: 325

C:\Program Files (x86)\Microchip\xc8\v1.40\sources\common\fldivl.c
		__div_to_l_    		CODE           	25D4	0000	297

C:\Program Files (x86)\Microchip\xc8\v1.40\sources\common\fldivl.c estimated size: 297

C:\Program Files (x86)\Microchip\xc8\v1.40\sources\common\strcat.c
		_strcat        		CODE           	31B6	0000	67

C:\Program Files (x86)\Microchip\xc8\v1.40\sources\common\strcat.c estimated size: 67

C:\Program Files (x86)\Microchip\xc8\v1.40\sources\common\awdiv.c
		___awdiv       		CODE           	2DF4	0000	133

C:\Program Files (x86)\Microchip\xc8\v1.40\sources\common\awdiv.c estimated size: 133

C:\Program Files (x86)\Microchip\xc8\v1.40\sources\common\ftadd.c
		___ftadd       		CODE           	1ACE	0000	617

C:\Program Files (x86)\Microchip\xc8\v1.40\sources\common\ftadd.c estimated size: 617

C:\Program Files (x86)\Microchip\xc8\v1.40\sources\common\lldiv.c
		___lldiv       		CODE           	2E78	0000	131

C:\Program Files (x86)\Microchip\xc8\v1.40\sources\common\lldiv.c estimated size: 131

C:\Program Files (x86)\Microchip\xc8\v1.40\sources\common\strlen.c
		_strlen        		CODE           	3088	0000	83

C:\Program Files (x86)\Microchip\xc8\v1.40\sources\common\strlen.c estimated size: 83

