Microchip MPLAB XC8 Compiler V1.38 ()

Linker command line:

-W-3 --edf=C:\Program Files (x86)\Microchip\xc8\v1.38\dat\en_msgs.txt -cs \
  -h+dist/default/production\EASAT2-MCU-C.X.production.sym \
  --cmf=dist/default/production\EASAT2-MCU-C.X.production.cmf -z -Q18F45K22 \
  -oC:\Users\felix\AppData\Local\Temp\s77o.2 \
  -Mdist/default/production/EASAT2-MCU-C.X.production.map -E1 -ver=XC8 \
  -ASTACK=01CEh-05ffh -pstack=STACK -ACODE=00h-07FFFh -ACONST=00h-07FFFh \
  -ASMALLCONST=0600h-06FFhx122 -AMEDIUMCONST=0600h-07FFFh -ACOMRAM=01h-05Fh \
  -AABS1=00h-05FFh -ABIGRAM=01h-05FFh -ARAM=060h-0FFh,0100h-01FFhx5 \
  -ABANK0=060h-0FFh -ABANK1=0100h-01FFh -ABANK2=0200h-02FFh \
  -ABANK3=0300h-03FFh -ABANK4=0400h-04FFh -ABANK5=0500h-05FFh \
  -ASFR=0F38h-0F5Fh,0F60h-0FFFh \
  -preset_vec=00h,intcode,intcodelo,powerup,init,end_init -pramtop=0600h \
  -psmallconst=SMALLCONST -pmediumconst=MEDIUMCONST -pconst=CONST \
  -AFARRAM=00h-00h -ACONFIG=0300000h-030000Dh -pconfig=CONFIG \
  -AIDLOC=0200000h-0200007h -pidloc=IDLOC -AEEDATA=0F00000h-0F000FFh \
  -peeprom_data=EEDATA \
  -prdata=COMRAM,nvrram=COMRAM,nvbit=COMRAM,rbss=COMRAM,rbit=COMRAM \
  -pfarbss=FARRAM,fardata=FARRAM,nvFARRAM=FARRAM \
  -pintsave_regs=BIGRAM,bigbss=BIGRAM,bigdata=BIGRAM -pbss=RAM \
  -pidata=CODE,irdata=CODE,ibigdata=CODE,ifardata=CODE -prparam=COMRAM \
  C:\Users\felix\AppData\Local\Temp\s77o.obj \
  dist/default/production\EASAT2-MCU-C.X.production.obj 

Object code version is 3.11

Machine type is 18F45K22

Call graph: (short form)




                Name                               Link     Load   Length Selector   Space Scale
C:\Users\felix\AppData\Local\Temp\s77o.obj
                end_init                              0        0        4        0       0
                idloc                            200000   200000        8   200000       0
                config                           300000   300000        E   300000       0
dist/default/production\EASAT2-MCU-C.X.production.obj
                mediumconst                        7EF4     7EF4      10C     3F7A       0
                text51                             54AC     54AC       86     2A56       0
                text50                             4E9E     4E9E       2C     274F       0
                text49                             55B8     55B8       90     2ADC       0
                text48                             4E30     4E30       24     2718       0
                text47                             56EE     56EE       AE     2B77       0
                text46                             61AE     61AE      1AC     30D7       0
                text45                             50B4     50B4       40     285A       0
                text44                             5AC8     5AC8       F4     2D64       0
                text43                             53A6     53A6       82     29D3       0
                text42                             52D0     52D0       66     2968       0
                text41                             5218     5218       5C     290C       0
                text40                             5CB0     5CB0      128     2E58       0
                text39                             5DD8     5DD8      132     2EEC       0
                text38                             5428     5428       84     2A14       0
                text37                             5336     5336       70     299B       0
                text36                             5BBC     5BBC       F4     2DDE       0
                text35                             4E78     4E78       26     273C       0
                text34                             635A     635A      246     31AD       0
                text33                             4DF4     4DF4       1E     26FA       0
                text32                             68EC     68EC      3F0     3476       0
                text31                             740C     740C      AE8     3A06       0
                text30                             50F4     50F4       42     287A       0
                text29                             4F22     4F22       30     2791       0
                text28                             51C6     51C6       52     28E3       0
                text27                             4ECA     4ECA       2C     2765       0
                text26                             4E12     4E12       1E     2709       0
                text25                             4EF6     4EF6       2C     277B       0
                text24                             5014     5014       34     280A       0
                text23                             5048     5048       34     2824       0
                text22                             4DCA     4DCA        E     26E5       0
                text21                             5274     5274       5C     293A       0
                text20                             4DD8     4DD8        E     26EC       0
                text19                             4DE6     4DE6        E     26F3       0
                text18                             65A0     65A0      34C     32D0       0
                text17                             5900     5900       E2     2C80       0
                text16                             4E54     4E54       24     272A       0
                text15                             579C     579C       B2     2BCE       0
                text14                             5648     5648       A6     2B24       0
                text13                             584E     584E       B2     2C27       0
                text12                             507C     507C       38     283E       0
                text11                             59E2     59E2       E6     2CF1       0
                text10                             4FE2     4FE2       32     27F1       0
                text9                              5F0A     5F0A      142     2F85       0
                text8                              5136     5136       42     289B       0
                text7                              4F52     4F52       30     27A9       0
                text6                              604C     604C      162     3026       0
                text5                              5178     5178       4E     28BC       0
                text4                              6CDC     6CDC      730     366E       0
                text3                              4F82     4F82       30     27C1       0
                text2                              4FB2     4FB2       30     27D9       0
                text1                              5532     5532       86     2A99       0
                text0                              4DBE     4DBE        C     26DF       0
                cstackCOMRAM                          1        1       5D        1       1
                cstackBANK0                          60       60       23       60       1
                cstackBANK1                         100      100       CE      100       1
                cinit                              4DB4     4DB4        A     26DA       0

TOTAL           Name                               Link     Load   Length     Space
        CLASS   STACK          

        CLASS   CODE           
                end_init                              0        0        4         0
                text51                             54AC     54AC       86         0
                text50                             4E9E     4E9E       2C         0
                text49                             55B8     55B8       90         0
                text48                             4E30     4E30       24         0
                text47                             56EE     56EE       AE         0
                text46                             61AE     61AE      1AC         0
                text45                             50B4     50B4       40         0
                text44                             5AC8     5AC8       F4         0
                text43                             53A6     53A6       82         0
                text42                             52D0     52D0       66         0
                text41                             5218     5218       5C         0
                text40                             5CB0     5CB0      128         0
                text39                             5DD8     5DD8      132         0
                text38                             5428     5428       84         0
                text37                             5336     5336       70         0
                text36                             5BBC     5BBC       F4         0
                text35                             4E78     4E78       26         0
                text34                             635A     635A      246         0
                text33                             4DF4     4DF4       1E         0
                text32                             68EC     68EC      3F0         0
                text31                             740C     740C      AE8         0
                text30                             50F4     50F4       42         0
                text29                             4F22     4F22       30         0
                text28                             51C6     51C6       52         0
                text27                             4ECA     4ECA       2C         0
                text26                             4E12     4E12       1E         0
                text25                             4EF6     4EF6       2C         0
                text24                             5014     5014       34         0
                text23                             5048     5048       34         0
                text22                             4DCA     4DCA        E         0
                text21                             5274     5274       5C         0
                text20                             4DD8     4DD8        E         0
                text19                             4DE6     4DE6        E         0
                text18                             65A0     65A0      34C         0
                text17                             5900     5900       E2         0
                text16                             4E54     4E54       24         0
                text15                             579C     579C       B2         0
                text14                             5648     5648       A6         0
                text13                             584E     584E       B2         0
                text12                             507C     507C       38         0
                text11                             59E2     59E2       E6         0
                text10                             4FE2     4FE2       32         0
                text9                              5F0A     5F0A      142         0
                text8                              5136     5136       42         0
                text7                              4F52     4F52       30         0
                text6                              604C     604C      162         0
                text5                              5178     5178       4E         0
                text4                              6CDC     6CDC      730         0
                text3                              4F82     4F82       30         0
                text2                              4FB2     4FB2       30         0
                text1                              5532     5532       86         0
                text0                              4DBE     4DBE        C         0
                cinit                              4DB4     4DB4        A         0

        CLASS   CONST          

        CLASS   SMALLCONST     

        CLASS   MEDIUMCONST    
                mediumconst                        7EF4     7EF4      10C         0

        CLASS   COMRAM         
                cstackCOMRAM                          1        1       5D         1

        CLASS   ABS1           

        CLASS   BIGRAM         

        CLASS   RAM            

        CLASS   BANK0          
                cstackBANK0                          60       60       23         1

        CLASS   BANK1          
                cstackBANK1                         100      100       CE         1

        CLASS   BANK2          

        CLASS   BANK3          

        CLASS   BANK4          

        CLASS   BANK5          

        CLASS   SFR            

        CLASS   FARRAM         

        CLASS   CONFIG         
                config                           300000   300000        E         0

        CLASS   IDLOC          
                idloc                            200000   200000        8         0

        CLASS   EEDATA         



SEGMENTS        Name                           Load    Length   Top    Selector   Space  Class

                reset_vec                      000000  000004  000004         0       0  CODE    
                cstackCOMRAM                   000001  00005D  00005E         1       1  COMRAM  
                cstackBANK0                    000060  000023  000083        60       1  BANK0   
                cstackBANK1                    000100  0000CE  0001CE       100       1  BANK1   
                cinit                          004DB4  00000A  004DBE      26DA       0  CODE    
                text0                          004DBE  00000C  004DCA      26DF       0  CODE    
                text22                         004DCA  00000E  004DD8      26E5       0  CODE    
                text20                         004DD8  00000E  004DE6      26EC       0  CODE    
                text19                         004DE6  00000E  004DF4      26F3       0  CODE    
                text33                         004DF4  00001E  004E12      26FA       0  CODE    
                text26                         004E12  00001E  004E30      2709       0  CODE    
                text48                         004E30  000024  004E54      2718       0  CODE    
                text16                         004E54  000024  004E78      272A       0  CODE    
                text35                         004E78  000026  004E9E      273C       0  CODE    
                text50                         004E9E  00002C  004ECA      274F       0  CODE    
                text27                         004ECA  00002C  004EF6      2765       0  CODE    
                text25                         004EF6  00002C  004F22      277B       0  CODE    
                text29                         004F22  000030  004F52      2791       0  CODE    
                text7                          004F52  000030  004F82      27A9       0  CODE    
                text3                          004F82  000030  004FB2      27C1       0  CODE    
                text2                          004FB2  000030  004FE2      27D9       0  CODE    
                text10                         004FE2  000032  005014      27F1       0  CODE    
                text24                         005014  000034  005048      280A       0  CODE    
                text23                         005048  000034  00507C      2824       0  CODE    
                text12                         00507C  000038  0050B4      283E       0  CODE    
                text45                         0050B4  000040  0050F4      285A       0  CODE    
                text30                         0050F4  000042  005136      287A       0  CODE    
                text8                          005136  000042  005178      289B       0  CODE    
                text5                          005178  00004E  0051C6      28BC       0  CODE    
                text28                         0051C6  000052  005218      28E3       0  CODE    
                text41                         005218  00005C  005274      290C       0  CODE    
                text21                         005274  00005C  0052D0      293A       0  CODE    
                text42                         0052D0  000066  005336      2968       0  CODE    
                text37                         005336  000070  0053A6      299B       0  CODE    
                text43                         0053A6  000082  005428      29D3       0  CODE    
                text38                         005428  000084  0054AC      2A14       0  CODE    
                text51                         0054AC  000086  005532      2A56       0  CODE    
                text1                          005532  000086  0055B8      2A99       0  CODE    
                text49                         0055B8  000090  005648      2ADC       0  CODE    
                text14                         005648  0000A6  0056EE      2B24       0  CODE    
                text47                         0056EE  0000AE  00579C      2B77       0  CODE    
                text15                         00579C  0000B2  00584E      2BCE       0  CODE    
                text13                         00584E  0000B2  005900      2C27       0  CODE    
                text17                         005900  0000E2  0059E2      2C80       0  CODE    
                text11                         0059E2  0000E6  005AC8      2CF1       0  CODE    
                text44                         005AC8  0000F4  005BBC      2D64       0  CODE    
                text36                         005BBC  0000F4  005CB0      2DDE       0  CODE    
                text40                         005CB0  000128  005DD8      2E58       0  CODE    
                text39                         005DD8  000132  005F0A      2EEC       0  CODE    
                text9                          005F0A  000142  00604C      2F85       0  CODE    
                text6                          00604C  000162  0061AE      3026       0  CODE    
                text46                         0061AE  0001AC  00635A      30D7       0  CODE    
                text34                         00635A  000246  0065A0      31AD       0  CODE    
                text18                         0065A0  00034C  0068EC      32D0       0  CODE    
                text32                         0068EC  0003F0  006CDC      3476       0  CODE    
                text4                          006CDC  000730  00740C      366E       0  CODE    
                text31                         00740C  000AE8  007EF4      3A06       0  CODE    
                mediumconst                    007EF4  00010C  008000      3F7A       0  MEDIUMCO
                idloc                          200000  000008  200008    200000       0  IDLOC   
                config                         300000  00000E  30000E    300000       0  CONFIG  


UNUSED ADDRESS RANGES

        Name                Unused          Largest block    Delta
        BANK0            000083-0000FF               7D
        BANK1            0001CE-0001FF               32
        BANK2            000200-0002FF              100
        BANK3            000300-0003FF              100
        BANK4            000400-0004FF              100
        BANK5            000500-0005FF              100
        BIGRAM           00005E-00005F                2
                         000083-0000FF               7D
                         0001CE-0005FF              432
        CODE             000004-004DB3             4DB0
        COMRAM           00005E-00005F                2
        CONST            000004-004DB3             4DB0
        EEDATA           F00000-F000FF              100
        MEDIUMCONST      000600-004DB3             47B4
        RAM              000083-0000FF               7D
                         0001CE-0005FF              100
        SFR              000F38-000FFF               28
        SMALLCONST       000600-004DB3              100
        STACK            0001CE-0005FF              432

                                  Symbol Table

?___awdiv                                         cstackCOMRAM 000007
?___awmod                                         cstackCOMRAM 000001
?___awtoft                                        cstackCOMRAM 000009
?___ftadd                                         cstackCOMRAM 00002E
?___ftdiv                                         cstackCOMRAM 00000D
?___ftmul                                         cstackCOMRAM 000015
?___ftneg                                         cstackCOMRAM 000001
?___ftpack                                        cstackCOMRAM 000001
?___ftsub                                         cstackCOMRAM 00003A
?___fttol                                         cstackCOMRAM 00002B
?___lldiv                                         cstackCOMRAM 000001
?___llmod                                         cstackCOMRAM 00000E
?___lltoft                                        cstackCOMRAM 000009
?___lwtoft                                        cstackCOMRAM 000009
?___wmul                                          cstackCOMRAM 00000F
?__div_to_l_                                      cstackCOMRAM 000001
?__tdiv_to_l_                                     cstackCOMRAM 000001
?_fround                                          cstackCOMRAM 000024
?_scale                                           cstackCOMRAM 000024
?_sprintf                                         cstackCOMRAM 000040
?_strlen                                          cstackCOMRAM 000001
?_util_getBatteryCurrent                          cstackCOMRAM 00003A
?_util_getBatteryVoltage                          cstackCOMRAM 000024
?_util_getSolarCurrent                            cstackCOMRAM 00003A
?_util_getTemperature                             cstackCOMRAM 00003A
?_util_onewire_read_bit                           cstackCOMRAM 000001
?_util_onewire_read_byte                          cstackCOMRAM 000006
?_util_onewire_reset                              cstackCOMRAM 000001
_ADCON0bits                                       (abs)        000FC2
_ADCON1                                           (abs)        000FC1
_ADCON2                                           (abs)        000FC0
_ADRES                                            (abs)        000FC3
_ANSELAbits                                       (abs)        000F38
_ANSELDbits                                       (abs)        000F3B
_LATAbits                                         (abs)        000F89
_LATDbits                                         (abs)        000F8C
_PIR1bits                                         (abs)        000F9E
_PORTAbits                                        (abs)        000F80
_PORTDbits                                        (abs)        000F83
_TRISAbits                                        (abs)        000F92
_TRISDbits                                        (abs)        000F95
_VREFCON0bits                                     (abs)        000F42
__CFG_BOREN$OFF                                   (abs)        000000
__CFG_BORV$190                                    (abs)        000000
__CFG_CCP2MX$PORTC1                               (abs)        000000
__CFG_CCP3MX$PORTB5                               (abs)        000000
__CFG_CP0$OFF                                     (abs)        000000
__CFG_CP1$OFF                                     (abs)        000000
__CFG_CP2$OFF                                     (abs)        000000
__CFG_CP3$OFF                                     (abs)        000000
__CFG_CPB$OFF                                     (abs)        000000
__CFG_CPD$OFF                                     (abs)        000000
__CFG_EBTR0$OFF                                   (abs)        000000
__CFG_EBTR1$OFF                                   (abs)        000000
__CFG_EBTR2$OFF                                   (abs)        000000
__CFG_EBTR3$OFF                                   (abs)        000000
__CFG_EBTRB$OFF                                   (abs)        000000
__CFG_FCMEN$OFF                                   (abs)        000000
__CFG_FOSC$XT                                     (abs)        000000
__CFG_HFOFST$OFF                                  (abs)        000000
__CFG_IESO$OFF                                    (abs)        000000
__CFG_LVP$OFF                                     (abs)        000000
__CFG_MCLRE$EXTMCLR                               (abs)        000000
__CFG_P2BMX$PORTC0                                (abs)        000000
__CFG_PBADEN$OFF                                  (abs)        000000
__CFG_PLLCFG$OFF                                  (abs)        000000
__CFG_PRICLKEN$ON                                 (abs)        000000
__CFG_PWRTEN$OFF                                  (abs)        000000
__CFG_STVREN$ON                                   (abs)        000000
__CFG_T3CMX$PORTB5                                (abs)        000000
__CFG_WDTEN$OFF                                   (abs)        000000
__CFG_WDTPS$32768                                 (abs)        000000
__CFG_WRT0$OFF                                    (abs)        000000
__CFG_WRT1$OFF                                    (abs)        000000
__CFG_WRT2$OFF                                    (abs)        000000
__CFG_WRT3$OFF                                    (abs)        000000
__CFG_WRTB$OFF                                    (abs)        000000
__CFG_WRTC$ON                                     (abs)        000000
__CFG_WRTD$ON                                     (abs)        000000
__CFG_XINST$OFF                                   (abs)        000000
__HRAM                                            (abs)        000000
__Habs1                                           abs1         000000
__Hbank0                                          bank0        000000
__Hbank1                                          bank1        000000
__Hbank2                                          bank2        000000
__Hbank3                                          bank3        000000
__Hbank4                                          bank4        000000
__Hbank5                                          bank5        000000
__Hbigbss                                         bigbss       000000
__Hbigdata                                        bigdata      000000
__Hbigram                                         bigram       000000
__Hbss                                            bss          000000
__Hcinit                                          cinit        000000
__Hclrtext                                        clrtext      000000
__Hcomram                                         comram       000000
__Hconfig                                         config       30000E
__Hconst                                          const        000000
__HcstackBANK0                                    cstackBANK0  000000
__HcstackBANK1                                    cstackBANK1  000000
__HcstackCOMRAM                                   cstackCOMRAM 000000
__Hdata                                           data         000000
__Heeprom_data                                    eeprom_data  000000
__Hend_init                                       end_init     000004
__Hfarbss                                         farbss       000000
__Hfardata                                        fardata      000000
__Hibigdata                                       ibigdata     000000
__Hidata                                          idata        000000
__Hidloc                                          idloc        200008
__Hifardata                                       ifardata     000000
__Hinit                                           init         000000
__Hintcode                                        intcode      000000
__Hintcode_body                                   intcode_body 000000
__Hintcodelo                                      intcodelo    000000
__Hintentry                                       intentry     000000
__Hintret                                         intret       000000
__Hintsave_regs                                   intsave_regs 000000
__Hirdata                                         irdata       000000
__Hmediumconst                                    mediumconst  008000
__HnvFARRAM                                       nvFARRAM     000000
__Hnvbit                                          nvbit        000000
__Hnvrram                                         nvrram       000000
__Hparam                                          rparam       000000
__Hpowerup                                        powerup      000000
__Hram                                            ram          000000
__Hramtop                                         ramtop       000600
__Hrbit                                           rbit         000000
__Hrbss                                           rbss         000000
__Hrdata                                          rdata        000000
__Hreset_vec                                      reset_vec    000000
__Hrparam                                         rparam       000000
__Hsfr                                            sfr          000000
__Hsmallconst                                     smallconst   000000
__Hspace_0                                        (abs)        30000E
__Hspace_1                                        (abs)        0001CE
__Hspace_2                                        (abs)        000000
__Hstack                                          stack        000000
__Hstruct                                         struct       000000
__Htemp                                           temp         000000
__Htext                                           text         000000
__Htext0                                          text0        000000
__Htext1                                          text1        000000
__Htext10                                         text10       000000
__Htext11                                         text11       000000
__Htext12                                         text12       000000
__Htext13                                         text13       000000
__Htext14                                         text14       000000
__Htext15                                         text15       000000
__Htext16                                         text16       000000
__Htext17                                         text17       000000
__Htext18                                         text18       000000
__Htext19                                         text19       000000
__Htext2                                          text2        000000
__Htext20                                         text20       000000
__Htext21                                         text21       000000
__Htext22                                         text22       000000
__Htext23                                         text23       000000
__Htext24                                         text24       000000
__Htext25                                         text25       000000
__Htext26                                         text26       000000
__Htext27                                         text27       000000
__Htext28                                         text28       000000
__Htext29                                         text29       000000
__Htext3                                          text3        000000
__Htext30                                         text30       000000
__Htext31                                         text31       000000
__Htext32                                         text32       000000
__Htext33                                         text33       000000
__Htext34                                         text34       000000
__Htext35                                         text35       000000
__Htext36                                         text36       000000
__Htext37                                         text37       000000
__Htext38                                         text38       000000
__Htext39                                         text39       000000
__Htext4                                          text4        000000
__Htext40                                         text40       000000
__Htext41                                         text41       000000
__Htext42                                         text42       000000
__Htext43                                         text43       000000
__Htext44                                         text44       000000
__Htext45                                         text45       000000
__Htext46                                         text46       000000
__Htext47                                         text47       000000
__Htext48                                         text48       000000
__Htext49                                         text49       000000
__Htext5                                          text5        000000
__Htext50                                         text50       000000
__Htext51                                         text51       000000
__Htext6                                          text6        000000
__Htext7                                          text7        000000
__Htext8                                          text8        000000
__Htext9                                          text9        000000
__LRAM                                            (abs)        000001
__Labs1                                           abs1         000000
__Lbank0                                          bank0        000000
__Lbank1                                          bank1        000000
__Lbank2                                          bank2        000000
__Lbank3                                          bank3        000000
__Lbank4                                          bank4        000000
__Lbank5                                          bank5        000000
__Lbigbss                                         bigbss       000000
__Lbigdata                                        bigdata      000000
__Lbigram                                         bigram       000000
__Lbss                                            bss          000000
__Lcinit                                          cinit        000000
__Lclrtext                                        clrtext      000000
__Lcomram                                         comram       000000
__Lconfig                                         config       300000
__Lconst                                          const        000000
__LcstackBANK0                                    cstackBANK0  000000
__LcstackBANK1                                    cstackBANK1  000000
__LcstackCOMRAM                                   cstackCOMRAM 000000
__Ldata                                           data         000000
__Leeprom_data                                    eeprom_data  000000
__Lend_init                                       end_init     000000
__Lfarbss                                         farbss       000000
__Lfardata                                        fardata      000000
__Libigdata                                       ibigdata     000000
__Lidata                                          idata        000000
__Lidloc                                          idloc        200000
__Lifardata                                       ifardata     000000
__Linit                                           init         000000
__Lintcode                                        intcode      000000
__Lintcode_body                                   intcode_body 000000
__Lintcodelo                                      intcodelo    000000
__Lintentry                                       intentry     000000
__Lintret                                         intret       000000
__Lintsave_regs                                   intsave_regs 000000
__Lirdata                                         irdata       000000
__Lmediumconst                                    mediumconst  007EF4
__LnvFARRAM                                       nvFARRAM     000000
__Lnvbit                                          nvbit        000000
__Lnvrram                                         nvrram       000000
__Lparam                                          rparam       000000
__Lpowerup                                        powerup      000000
__Lram                                            ram          000000
__Lramtop                                         ramtop       000600
__Lrbit                                           rbit         000000
__Lrbss                                           rbss         000000
__Lrdata                                          rdata        000000
__Lreset_vec                                      reset_vec    000000
__Lrparam                                         rparam       000000
__Lsfr                                            sfr          000000
__Lsmallconst                                     smallconst   000000
__Lspace_0                                        (abs)        000000
__Lspace_1                                        (abs)        000000
__Lspace_2                                        (abs)        000000
__Lstack                                          stack        000000
__Lstruct                                         struct       000000
__Ltemp                                           temp         000000
__Ltext                                           text         000000
__Ltext0                                          text0        000000
__Ltext1                                          text1        000000
__Ltext10                                         text10       000000
__Ltext11                                         text11       000000
__Ltext12                                         text12       000000
__Ltext13                                         text13       000000
__Ltext14                                         text14       000000
__Ltext15                                         text15       000000
__Ltext16                                         text16       000000
__Ltext17                                         text17       000000
__Ltext18                                         text18       000000
__Ltext19                                         text19       000000
__Ltext2                                          text2        000000
__Ltext20                                         text20       000000
__Ltext21                                         text21       000000
__Ltext22                                         text22       000000
__Ltext23                                         text23       000000
__Ltext24                                         text24       000000
__Ltext25                                         text25       000000
__Ltext26                                         text26       000000
__Ltext27                                         text27       000000
__Ltext28                                         text28       000000
__Ltext29                                         text29       000000
__Ltext3                                          text3        000000
__Ltext30                                         text30       000000
__Ltext31                                         text31       000000
__Ltext32                                         text32       000000
__Ltext33                                         text33       000000
__Ltext34                                         text34       000000
__Ltext35                                         text35       000000
__Ltext36                                         text36       000000
__Ltext37                                         text37       000000
__Ltext38                                         text38       000000
__Ltext39                                         text39       000000
__Ltext4                                          text4        000000
__Ltext40                                         text40       000000
__Ltext41                                         text41       000000
__Ltext42                                         text42       000000
__Ltext43                                         text43       000000
__Ltext44                                         text44       000000
__Ltext45                                         text45       000000
__Ltext46                                         text46       000000
__Ltext47                                         text47       000000
__Ltext48                                         text48       000000
__Ltext49                                         text49       000000
__Ltext5                                          text5        000000
__Ltext50                                         text50       000000
__Ltext51                                         text51       000000
__Ltext6                                          text6        000000
__Ltext7                                          text7        000000
__Ltext8                                          text8        000000
__Ltext9                                          text9        000000
__S0                                              (abs)        30000E
__S1                                              (abs)        0001CE
__S2                                              (abs)        000000
___awdiv                                          text38       005428
___awdiv@counter                                  cstackCOMRAM 00000B
___awdiv@dividend                                 cstackCOMRAM 000007
___awdiv@divisor                                  cstackCOMRAM 000009
___awdiv@quotient                                 cstackCOMRAM 00000D
___awdiv@sign                                     cstackCOMRAM 00000C
___awmod                                          text37       005336
___awmod@counter                                  cstackCOMRAM 000005
___awmod@dividend                                 cstackCOMRAM 000001
___awmod@divisor                                  cstackCOMRAM 000003
___awmod@sign                                     cstackCOMRAM 000006
___awtoft                                         text12       00507C
___awtoft@c                                       cstackCOMRAM 000009
___awtoft@sign                                    cstackCOMRAM 00000C
___ftadd                                          text46       0061AE
___ftadd@exp1                                     cstackCOMRAM 000039
___ftadd@exp2                                     cstackCOMRAM 000038
___ftadd@f1                                       cstackCOMRAM 00002E
___ftadd@f2                                       cstackCOMRAM 000031
___ftadd@sign                                     cstackCOMRAM 000037
___ftdiv                                          text11       0059E2
___ftdiv@cntr                                     cstackCOMRAM 000016
___ftdiv@exp                                      cstackCOMRAM 00001A
___ftdiv@f1                                       cstackCOMRAM 00000D
___ftdiv@f2                                       cstackCOMRAM 000010
___ftdiv@f3                                       cstackCOMRAM 000017
___ftdiv@sign                                     cstackCOMRAM 00001B
___ftge                                           text49       0055B8
___ftge@ff1                                       cstackCOMRAM 000001
___ftge@ff2                                       cstackCOMRAM 000004
___ftmul                                          text36       005BBC
___ftmul@cntr                                     cstackCOMRAM 000022
___ftmul@exp                                      cstackCOMRAM 00001E
___ftmul@f1                                       cstackCOMRAM 000015
___ftmul@f2                                       cstackCOMRAM 000018
___ftmul@f3_as_product                            cstackCOMRAM 00001F
___ftmul@sign                                     cstackCOMRAM 000023
___ftneg                                          text48       004E30
___ftneg@f1                                       cstackCOMRAM 000001
___ftpack                                         text47       0056EE
___ftpack@arg                                     cstackCOMRAM 000001
___ftpack@exp                                     cstackCOMRAM 000004
___ftpack@sign                                    cstackCOMRAM 000005
___ftsub                                          text45       0050B4
___ftsub@f1                                       cstackCOMRAM 00003A
___ftsub@f2                                       cstackCOMRAM 00003D
___fttol                                          text44       005AC8
___fttol@exp1                                     cstackCOMRAM 000039
___fttol@f1                                       cstackCOMRAM 00002B
___fttol@lval                                     cstackCOMRAM 000035
___fttol@sign1                                    cstackCOMRAM 000034
___inthi_sp                                       stack        000000
___intlo_sp                                       stack        000000
___lldiv                                          text43       0053A6
___lldiv@counter                                  cstackCOMRAM 00000D
___lldiv@dividend                                 cstackCOMRAM 000001
___lldiv@divisor                                  cstackCOMRAM 000005
___lldiv@quotient                                 cstackCOMRAM 000009
___llmod                                          text42       0052D0
___llmod@counter                                  cstackCOMRAM 000016
___llmod@dividend                                 cstackCOMRAM 00000E
___llmod@divisor                                  cstackCOMRAM 000012
___lltoft                                         text41       005218
___lltoft@c                                       cstackCOMRAM 000009
___lltoft@exp                                     cstackCOMRAM 000011
___lwtoft                                         text16       004E54
___lwtoft@c                                       cstackCOMRAM 000009
___param_bank                                     (abs)        000010
___rparam_used                                    (abs)        000001
___sp                                             stack        000000
___wmul                                           text35       004E78
___wmul@multiplicand                              cstackCOMRAM 000011
___wmul@multiplier                                cstackCOMRAM 00000F
___wmul@product                                   cstackCOMRAM 000013
__accesstop                                       (abs)        000060
__activetblptr                                    (abs)        000002
__div_to_l_                                       text40       005CB0
__div_to_l_@cntr                                  cstackCOMRAM 00000B
__div_to_l_@exp1                                  cstackCOMRAM 00000C
__div_to_l_@f1                                    cstackCOMRAM 000001
__div_to_l_@f2                                    cstackCOMRAM 000004
__div_to_l_@quot                                  cstackCOMRAM 000007
__end_of___awdiv                                  text38       0054AC
__end_of___awmod                                  text37       0053A6
__end_of___awtoft                                 text12       0050B4
__end_of___ftadd                                  text46       00635A
__end_of___ftdiv                                  text11       005AC8
__end_of___ftge                                   text49       005648
__end_of___ftmul                                  text36       005CB0
__end_of___ftneg                                  text48       004E54
__end_of___ftpack                                 text47       00579C
__end_of___ftsub                                  text45       0050F4
__end_of___fttol                                  text44       005BBC
__end_of___lldiv                                  text43       005428
__end_of___llmod                                  text42       005336
__end_of___lltoft                                 text41       005274
__end_of___lwtoft                                 text16       004E78
__end_of___wmul                                   text35       004E9E
__end_of__div_to_l_                               text40       005DD8
__end_of__initialization                          cinit        004DB4
__end_of__npowers_                                mediumconst  007F44
__end_of__powers_                                 mediumconst  007F6B
__end_of__tdiv_to_l_                              text39       005F0A
__end_of_dpowers                                  mediumconst  007F1D
__end_of_fround                                   text34       0065A0
__end_of_initialize                               text51       005532
__end_of_isdigit                                  text33       004E12
__end_of_main                                     text0        004DCA
__end_of_main_loop                                text1        0055B8
__end_of_memset                                   text50       004ECA
__end_of_scale                                    text32       006CDC
__end_of_sprintf                                  text31       007EF4
__end_of_strcat                                   text30       005136
__end_of_strcpy                                   text29       004F52
__end_of_strlen                                   text28       005218
__end_of_util_beacon_transmission                 text17       0059E2
__end_of_util_getBatteryCurrent                   text15       00584E
__end_of_util_getBatteryVoltage                   text14       0056EE
__end_of_util_getSolarCurrent                     text13       005900
__end_of_util_getTemperature                      text4        00740C
__end_of_util_onewire_read_bit                    text10       005014
__end_of_util_onewire_read_byte                   text9        00604C
__end_of_util_onewire_reset                       text8        005178
__end_of_util_onewire_write_bit                   text7        004F82
__end_of_util_onewire_write_byte                  text6        0061AE
__end_of_util_transmit_buzzer_1ms_cycle           text26       004E30
__end_of_util_transmit_dash                       text24       005048
__end_of_util_transmit_dot                        text23       00507C
__end_of_util_transmit_letter                     text18       0068EC
__end_of_util_transmit_morse_sequence             text21       0052D0
__end_of_util_transmit_space_between_dots_dashes  text22       004DD8
__end_of_util_transmit_space_between_letters      text20       004DE6
__end_of_util_transmit_space_between_words        text19       004DF4
__end_of_util_waits_delay_hours                   text2        004FE2
__end_of_util_waits_delay_hundred_us              text27       004EF6
__end_of_util_waits_delay_mins                    text3        004FB2
__end_of_util_waits_delay_ms                      text25       004F22
__end_of_util_waits_delay_secs                    text5        0051C6
__initialization                                  cinit        004DB4
__mediumconst                                     mediumconst  007EF4
__npowers_                                        mediumconst  007F1D
__pcinit                                          cinit        004DB4
__pcstackBANK0                                    cstackBANK0  000060
__pcstackBANK1                                    cstackBANK1  000100
__pcstackCOMRAM                                   cstackCOMRAM 000001
__pmediumconst                                    mediumconst  007EF4
__powers_                                         mediumconst  007F44
__ptext0                                          text0        004DBE
__ptext1                                          text1        005532
__ptext10                                         text10       004FE2
__ptext11                                         text11       0059E2
__ptext12                                         text12       00507C
__ptext13                                         text13       00584E
__ptext14                                         text14       005648
__ptext15                                         text15       00579C
__ptext16                                         text16       004E54
__ptext17                                         text17       005900
__ptext18                                         text18       0065A0
__ptext19                                         text19       004DE6
__ptext2                                          text2        004FB2
__ptext20                                         text20       004DD8
__ptext21                                         text21       005274
__ptext22                                         text22       004DCA
__ptext23                                         text23       005048
__ptext24                                         text24       005014
__ptext25                                         text25       004EF6
__ptext26                                         text26       004E12
__ptext27                                         text27       004ECA
__ptext28                                         text28       0051C6
__ptext29                                         text29       004F22
__ptext3                                          text3        004F82
__ptext30                                         text30       0050F4
__ptext31                                         text31       00740C
__ptext32                                         text32       0068EC
__ptext33                                         text33       004DF4
__ptext34                                         text34       00635A
__ptext35                                         text35       004E78
__ptext36                                         text36       005BBC
__ptext37                                         text37       005336
__ptext38                                         text38       005428
__ptext39                                         text39       005DD8
__ptext4                                          text4        006CDC
__ptext40                                         text40       005CB0
__ptext41                                         text41       005218
__ptext42                                         text42       0052D0
__ptext43                                         text43       0053A6
__ptext44                                         text44       005AC8
__ptext45                                         text45       0050B4
__ptext46                                         text46       0061AE
__ptext47                                         text47       0056EE
__ptext48                                         text48       004E30
__ptext49                                         text49       0055B8
__ptext5                                          text5        005178
__ptext50                                         text50       004E9E
__ptext51                                         text51       0054AC
__ptext6                                          text6        00604C
__ptext7                                          text7        004F52
__ptext8                                          text8        005136
__ptext9                                          text9        005F0A
__ramtop                                          ramtop       000600
__size_of___awdiv                                 (abs)        000000
__size_of___awmod                                 (abs)        000000
__size_of___awtoft                                (abs)        000000
__size_of___ftadd                                 (abs)        000000
__size_of___ftdiv                                 (abs)        000000
__size_of___ftge                                  (abs)        000000
__size_of___ftmul                                 (abs)        000000
__size_of___ftneg                                 (abs)        000000
__size_of___ftpack                                (abs)        000000
__size_of___ftsub                                 (abs)        000000
__size_of___fttol                                 (abs)        000000
__size_of___lldiv                                 (abs)        000000
__size_of___llmod                                 (abs)        000000
__size_of___lltoft                                (abs)        000000
__size_of___lwtoft                                (abs)        000000
__size_of___wmul                                  (abs)        000000
__size_of__div_to_l_                              (abs)        000000
__size_of__tdiv_to_l_                             (abs)        000000
__size_of_fround                                  (abs)        000000
__size_of_initialize                              (abs)        000000
__size_of_isdigit                                 (abs)        000000
__size_of_main                                    (abs)        000000
__size_of_main_loop                               (abs)        000000
__size_of_memset                                  (abs)        000000
__size_of_scale                                   (abs)        000000
__size_of_sprintf                                 (abs)        000000
__size_of_strcat                                  (abs)        000000
__size_of_strcpy                                  (abs)        000000
__size_of_strlen                                  (abs)        000000
__size_of_util_beacon_transmission                (abs)        000000
__size_of_util_getBatteryCurrent                  (abs)        000000
__size_of_util_getBatteryVoltage                  (abs)        000000
__size_of_util_getSolarCurrent                    (abs)        000000
__size_of_util_getTemperature                     (abs)        000000
__size_of_util_onewire_read_bit                   (abs)        000000
__size_of_util_onewire_read_byte                  (abs)        000000
__size_of_util_onewire_reset                      (abs)        000000
__size_of_util_onewire_write_bit                  (abs)        000000
__size_of_util_onewire_write_byte                 (abs)        000000
__size_of_util_transmit_buzzer_1ms_cycle          (abs)        000000
__size_of_util_transmit_dash                      (abs)        000000
__size_of_util_transmit_dot                       (abs)        000000
__size_of_util_transmit_letter                    (abs)        000000
__size_of_util_transmit_morse_sequence            (abs)        000000
__size_of_util_transmit_space_between_dots_dashes (abs)        000000
__size_of_util_transmit_space_between_letters     (abs)        000000
__size_of_util_transmit_space_between_words       (abs)        000000
__size_of_util_waits_delay_hours                  (abs)        000000
__size_of_util_waits_delay_hundred_us             (abs)        000000
__size_of_util_waits_delay_mins                   (abs)        000000
__size_of_util_waits_delay_ms                     (abs)        000000
__size_of_util_waits_delay_secs                   (abs)        000000
__smallconst                                      smallconst   000000
__tdiv_to_l_                                      text39       005DD8
__tdiv_to_l_@cntr                                 cstackCOMRAM 00000E
__tdiv_to_l_@exp1                                 cstackCOMRAM 00000F
__tdiv_to_l_@f1                                   cstackCOMRAM 000001
__tdiv_to_l_@f2                                   cstackCOMRAM 000004
__tdiv_to_l_@quot                                 cstackCOMRAM 00000A
_dpowers                                          mediumconst  007EF5
_fround                                           text34       00635A
_fround$1791                                      cstackCOMRAM 00002A
_fround$1792                                      cstackCOMRAM 000027
_initialize                                       text51       0054AC
_isdigit                                          text33       004DF4
_isdigit$1452                                     cstackCOMRAM 000002
_main                                             text0        004DBE
_main_loop                                        text1        005532
_memset                                           text50       004E9E
_scale                                            text32       0068EC
_scale$1793                                       cstackCOMRAM 000027
_sprintf                                          text31       00740C
_sprintf$1794                                     cstackBANK0  000060
_strcat                                           text30       0050F4
_strcpy                                           text29       004F22
_strlen                                           text28       0051C6
_util_beacon_transmission                         text17       005900
_util_getBatteryCurrent                           text15       00579C
_util_getBatteryVoltage                           text14       005648
_util_getSolarCurrent                             text13       00584E
_util_getTemperature                              text4        006CDC
_util_getTemperature$1787                         cstackBANK1  0001A7
_util_getTemperature$1788                         cstackBANK1  0001AA
_util_getTemperature$1789                         cstackBANK1  0001AD
_util_getTemperature$1790                         cstackBANK1  0001B0
_util_onewire_read_bit                            text10       004FE2
_util_onewire_read_byte                           text9        005F0A
_util_onewire_reset                               text8        005136
_util_onewire_write_bit                           text7        004F52
_util_onewire_write_byte                          text6        00604C
_util_transmit_buzzer_1ms_cycle                   text26       004E12
_util_transmit_dash                               text24       005014
_util_transmit_dot                                text23       005048
_util_transmit_letter                             text18       0065A0
_util_transmit_morse_sequence                     text21       005274
_util_transmit_space_between_dots_dashes          text22       004DCA
_util_transmit_space_between_letters              text20       004DD8
_util_transmit_space_between_words                text19       004DE6
_util_waits_delay_hours                           text2        004FB2
_util_waits_delay_hundred_us                      text27       004ECA
_util_waits_delay_mins                            text3        004F82
_util_waits_delay_ms                              text25       004EF6
_util_waits_delay_secs                            text5        005178
end_of_initialization                             cinit        004DB4
fround@prec                                       cstackCOMRAM 00002D
intlevel0                                         text         000000
intlevel1                                         text         000000
intlevel2                                         text         000000
intlevel3                                         text         000000
isdigit@c                                         cstackCOMRAM 000003
main_loop@battery_current                         cstackBANK0  00007E
main_loop@battery_voltage                         cstackBANK0  000080
main_loop@solar_current                           cstackBANK0  00007C
main_loop@temperature                             cstackBANK0  000079
memset@c                                          cstackCOMRAM 000003
memset@n                                          cstackCOMRAM 000005
memset@p                                          cstackCOMRAM 000007
memset@p1                                         cstackCOMRAM 000001
scale@scl                                         cstackCOMRAM 00002A
sprintf@ap                                        cstackBANK0  000063
sprintf@c                                         cstackBANK0  000078
sprintf@exp                                       cstackBANK0  000071
sprintf@f                                         cstackCOMRAM 000042
sprintf@flag                                      cstackBANK0  000065
sprintf@fval                                      cstackBANK0  000073
sprintf@prec                                      cstackBANK0  000076
sprintf@sp                                        cstackCOMRAM 000040
sprintf@tmpval                                    cstackBANK0  000069
sprintf@val                                       cstackBANK0  00006D
sprintf@width                                     cstackBANK0  000067
stackhi                                           (abs)        0005FF
stacklo                                           (abs)        0001CE
start                                             init         000000
start_initialization                              cinit        004DB4
strcat@cp                                         cstackCOMRAM 000005
strcat@from                                       cstackCOMRAM 000003
strcat@to                                         cstackCOMRAM 000001
strcpy@cp                                         cstackCOMRAM 000005
strcpy@from                                       cstackCOMRAM 000003
strcpy@to                                         cstackCOMRAM 000001
strlen@cp                                         cstackCOMRAM 000005
strlen@s                                          cstackCOMRAM 000001
util_beacon_transmission@BEACON_BUFFER            cstackBANK1  000180
util_beacon_transmission@BEACON_MESSAGE           cstackBANK1  000100
util_beacon_transmission@battery_current          cstackCOMRAM 000059
util_beacon_transmission@battery_voltage          cstackCOMRAM 000054
util_beacon_transmission@i                        cstackBANK1  0001C0
util_beacon_transmission@solar_current            cstackCOMRAM 000057
util_beacon_transmission@temperature              cstackCOMRAM 00005B
util_getBatteryCurrent@batteryCurrent             cstackCOMRAM 00003F
util_getBatteryCurrent@value                      cstackCOMRAM 00003C
util_getBatteryVoltage@value                      cstackCOMRAM 000027
util_getBatteryVoltage@voltage                    cstackCOMRAM 00002A
util_getSolarCurrent@solarCurrent                 cstackCOMRAM 00003F
util_getSolarCurrent@value                        cstackCOMRAM 00003C
util_getTemperature@bit_in_byte                   cstackBANK1  0001C7
util_getTemperature@bit_mem                       cstackBANK1  000100
util_getTemperature@byte_mem                      cstackBANK1  000190
util_getTemperature@i                             cstackBANK1  0001CC
util_getTemperature@num_bit                       cstackBANK1  0001A2
util_getTemperature@num_byte                      cstackBANK1  0001C5
util_getTemperature@shift_reg_bit0                cstackBANK1  0001B3
util_getTemperature@shift_reg_bit1                cstackBANK1  0001B5
util_getTemperature@shift_reg_bit2                cstackBANK1  0001B7
util_getTemperature@shift_reg_bit3                cstackBANK1  0001B9
util_getTemperature@shift_reg_bit4                cstackBANK1  0001BB
util_getTemperature@shift_reg_bit5                cstackBANK1  0001BD
util_getTemperature@shift_reg_bit6                cstackBANK1  0001BF
util_getTemperature@shift_reg_bit7                cstackBANK1  0001C1
util_getTemperature@shift_reg_bit_temp            cstackBANK1  0001C3
util_getTemperature@sign                          cstackBANK1  0001A4
util_getTemperature@temperature                   cstackBANK1  0001C9
util_onewire_read_bit@value                       cstackCOMRAM 000004
util_onewire_read_byte@bit0                       cstackCOMRAM 000016
util_onewire_read_byte@bit1                       cstackCOMRAM 000018
util_onewire_read_byte@bit2                       cstackCOMRAM 00001A
util_onewire_read_byte@bit3                       cstackCOMRAM 00001C
util_onewire_read_byte@bit4                       cstackCOMRAM 00001E
util_onewire_read_byte@bit5                       cstackCOMRAM 000020
util_onewire_read_byte@bit6                       cstackCOMRAM 000022
util_onewire_read_byte@bit7                       cstackCOMRAM 000024
util_onewire_read_byte@value                      cstackCOMRAM 000026
util_onewire_reset@presence                       cstackCOMRAM 000004
util_onewire_write_bit@bit_in                     cstackCOMRAM 000001
util_onewire_write_byte@bit0                      cstackCOMRAM 000008
util_onewire_write_byte@bit1                      cstackCOMRAM 00000A
util_onewire_write_byte@bit2                      cstackCOMRAM 00000C
util_onewire_write_byte@bit3                      cstackCOMRAM 00000E
util_onewire_write_byte@bit4                      cstackCOMRAM 000010
util_onewire_write_byte@bit5                      cstackCOMRAM 000012
util_onewire_write_byte@bit6                      cstackCOMRAM 000014
util_onewire_write_byte@bit7                      cstackCOMRAM 000016
util_onewire_write_byte@value                     cstackCOMRAM 000003
util_transmit_dash@i                              cstackCOMRAM 000006
util_transmit_dot@i                               cstackCOMRAM 000006
util_transmit_letter@letter                       cstackCOMRAM 00000E
util_transmit_morse_sequence@i                    cstackCOMRAM 00000C
util_transmit_morse_sequence@morse_sequence       cstackCOMRAM 000008
util_waits_delay_hours@hours                      cstackCOMRAM 000012
util_waits_delay_hours@i                          cstackCOMRAM 000015
util_waits_delay_hundred_us@hun_us                cstackCOMRAM 000001
util_waits_delay_hundred_us@i                     cstackCOMRAM 000004
util_waits_delay_mins@i                           cstackCOMRAM 000010
util_waits_delay_mins@minutes                     cstackCOMRAM 00000D
util_waits_delay_ms@i                             cstackCOMRAM 000004
util_waits_delay_ms@ms                            cstackCOMRAM 000001
util_waits_delay_secs@i                           cstackCOMRAM 000009
util_waits_delay_secs@j                           cstackCOMRAM 00000B
util_waits_delay_secs@secs                        cstackCOMRAM 000006


FUNCTION INFORMATION:

 *************** function _main *****************
 Defined at:
		line 19 in file "easat2_main_mcu.c"
 Parameters:    Size  Location     Type
		None
 Auto vars:     Size  Location     Type
		None
 Return value:  Size  Location     Type
                  1    wreg      void 
 Registers used:
		wreg, fsr0l, fsr0h, fsr1l, fsr1h, fsr2l, fsr2h, status,2, status,0, tblptrl, tblptrh, tblptru, prodl, prodh, cstack
 Tracked objects:
		On entry : 
		On exit  : 
		Unchanged: 
 Data sizes:     COMRAM   BANK0   BANK1   BANK2   BANK3   BANK4   BANK5
      Params:         0       0       0       0       0       0       0
      Locals:         0       0       0       0       0       0       0
      Temps:          0       0       0       0       0       0       0
      Totals:         0       0       0       0       0       0       0
Total ram usage:        0 bytes
 Hardware stack levels required when called:    7
 This function calls:
		_initialize
		_main_loop
 This function is called by:
		Startup code after reset
 This function uses a non-reentrant model


 *************** function _main_loop *****************
 Defined at:
		line 31 in file "easat2_main_mcu.c"
 Parameters:    Size  Location     Type
		None
 Auto vars:     Size  Location     Type
  battery_volt    3   32[BANK0 ] float 
  temperature     3   25[BANK0 ] float 
  battery_curr    2   30[BANK0 ] int 
  solar_curren    2   28[BANK0 ] int 
 Return value:  Size  Location     Type
                  1    wreg      void 
 Registers used:
		wreg, fsr0l, fsr0h, fsr1l, fsr1h, fsr2l, fsr2h, status,2, status,0, tblptrl, tblptrh, tblptru, prodl, prodh, cstack
 Tracked objects:
		On entry : 
		On exit  : 
		Unchanged: 
 Data sizes:     COMRAM   BANK0   BANK1   BANK2   BANK3   BANK4   BANK5
      Params:         0       0       0       0       0       0       0
      Locals:         0      10       0       0       0       0       0
      Temps:          0       0       0       0       0       0       0
      Totals:         0      10       0       0       0       0       0
Total ram usage:       10 bytes
 Hardware stack levels used:    1
 Hardware stack levels required when called:    6
 This function calls:
		_util_beacon_transmission
		_util_getBatteryCurrent
		_util_getBatteryVoltage
		_util_getSolarCurrent
		_util_getTemperature
		_util_waits_delay_hours
		_util_waits_delay_mins
 This function is called by:
		_main
 This function uses a non-reentrant model


 *************** function _util_waits_delay_hours *****************
 Defined at:
		line 17 in file "easat2_util_waits.c"
 Parameters:    Size  Location     Type
  hours           2   17[COMRAM] int 
 Auto vars:     Size  Location     Type
  i               2   20[COMRAM] int 
 Return value:  Size  Location     Type
                  1    wreg      void 
 Registers used:
		wreg, status,2, status,0, cstack
 Tracked objects:
		On entry : 
		On exit  : 
		Unchanged: 
 Data sizes:     COMRAM   BANK0   BANK1   BANK2   BANK3   BANK4   BANK5
      Params:         2       0       0       0       0       0       0
      Locals:         2       0       0       0       0       0       0
      Temps:          1       0       0       0       0       0       0
      Totals:         5       0       0       0       0       0       0
Total ram usage:        5 bytes
 Hardware stack levels used:    1
 Hardware stack levels required when called:    3
 This function calls:
		_util_waits_delay_mins
 This function is called by:
		_main_loop
 This function uses a non-reentrant model


 *************** function _util_waits_delay_mins *****************
 Defined at:
		line 24 in file "easat2_util_waits.c"
 Parameters:    Size  Location     Type
  minutes         2   12[COMRAM] int 
 Auto vars:     Size  Location     Type
  i               2   15[COMRAM] int 
 Return value:  Size  Location     Type
                  1    wreg      void 
 Registers used:
		wreg, status,2, status,0, cstack
 Tracked objects:
		On entry : 
		On exit  : 
		Unchanged: 
 Data sizes:     COMRAM   BANK0   BANK1   BANK2   BANK3   BANK4   BANK5
      Params:         2       0       0       0       0       0       0
      Locals:         2       0       0       0       0       0       0
      Temps:          1       0       0       0       0       0       0
      Totals:         5       0       0       0       0       0       0
Total ram usage:        5 bytes
 Hardware stack levels used:    1
 Hardware stack levels required when called:    2
 This function calls:
		_util_waits_delay_secs
 This function is called by:
		_main_loop
		_util_waits_delay_hours
 This function uses a non-reentrant model


 *************** function _util_getTemperature *****************
 Defined at:
		line 118 in file "easat2_util_inputs.c"
 Parameters:    Size  Location     Type
		None
 Auto vars:     Size  Location     Type
  bit_mem       144    0[BANK1 ] int [72]
  byte_mem       18  144[BANK1 ] int [9]
  temperature     3  201[BANK1 ] float 
  sign            3  164[BANK1 ] float 
  i               2  204[BANK1 ] int 
  bit_in_byte     2  199[BANK1 ] int 
  num_byte        2  197[BANK1 ] int 
  shift_reg_bi    2  195[BANK1 ] int 
  shift_reg_bi    2  193[BANK1 ] int 
  shift_reg_bi    2  191[BANK1 ] int 
  shift_reg_bi    2  189[BANK1 ] int 
  shift_reg_bi    2  187[BANK1 ] int 
  shift_reg_bi    2  185[BANK1 ] int 
  shift_reg_bi    2  183[BANK1 ] int 
  shift_reg_bi    2  181[BANK1 ] int 
  shift_reg_bi    2  179[BANK1 ] int 
  num_bit         2  162[BANK1 ] int 
 Return value:  Size  Location     Type
                  3   57[COMRAM] float 
 Registers used:
		wreg, fsr2l, fsr2h, status,2, status,0, cstack
 Tracked objects:
		On entry : 
		On exit  : 
		Unchanged: 
 Data sizes:     COMRAM   BANK0   BANK1   BANK2   BANK3   BANK4   BANK5
      Params:         3       0       0       0       0       0       0
      Locals:         0       0     206       0       0       0       0
      Temps:          3       0       0       0       0       0       0
      Totals:         6       0     206       0       0       0       0
Total ram usage:      212 bytes
 Hardware stack levels used:    1
 Hardware stack levels required when called:    2
 This function calls:
		___awtoft
		___ftadd
		___ftdiv
		___ftmul
		_util_onewire_read_byte
		_util_onewire_reset
		_util_onewire_write_byte
		_util_waits_delay_secs
 This function is called by:
		_main_loop
 This function uses a non-reentrant model


 *************** function _util_waits_delay_secs *****************
 Defined at:
		line 31 in file "easat2_util_waits.c"
 Parameters:    Size  Location     Type
  secs            2    5[COMRAM] int 
 Auto vars:     Size  Location     Type
  j               2   10[COMRAM] int 
  i               2    8[COMRAM] int 
 Return value:  Size  Location     Type
                  1    wreg      void 
 Registers used:
		wreg, status,2, status,0, cstack
 Tracked objects:
		On entry : 
		On exit  : 
		Unchanged: 
 Data sizes:     COMRAM   BANK0   BANK1   BANK2   BANK3   BANK4   BANK5
      Params:         2       0       0       0       0       0       0
      Locals:         4       0       0       0       0       0       0
      Temps:          1       0       0       0       0       0       0
      Totals:         7       0       0       0       0       0       0
Total ram usage:        7 bytes
 Hardware stack levels used:    1
 Hardware stack levels required when called:    1
 This function calls:
		_util_waits_delay_ms
 This function is called by:
		_util_waits_delay_mins
		_util_getTemperature
 This function uses a non-reentrant model


 *************** function _util_onewire_write_byte *****************
 Defined at:
		line 62 in file "easat2_util_onewire.c"
 Parameters:    Size  Location     Type
  value           2    2[COMRAM] int 
 Auto vars:     Size  Location     Type
  bit7            2   21[COMRAM] int 
  bit6            2   19[COMRAM] int 
  bit5            2   17[COMRAM] int 
  bit4            2   15[COMRAM] int 
  bit3            2   13[COMRAM] int 
  bit2            2   11[COMRAM] int 
  bit1            2    9[COMRAM] int 
  bit0            2    7[COMRAM] int 
 Return value:  Size  Location     Type
                  1    wreg      void 
 Registers used:
		wreg, status,2, status,0, cstack
 Tracked objects:
		On entry : 
		On exit  : 
		Unchanged: 
 Data sizes:     COMRAM   BANK0   BANK1   BANK2   BANK3   BANK4   BANK5
      Params:         2       0       0       0       0       0       0
      Locals:        16       0       0       0       0       0       0
      Temps:          3       0       0       0       0       0       0
      Totals:        21       0       0       0       0       0       0
Total ram usage:       21 bytes
 Hardware stack levels used:    1
 Hardware stack levels required when called:    1
 This function calls:
		_util_onewire_write_bit
 This function is called by:
		_util_getTemperature
 This function uses a non-reentrant model


 *************** function _util_onewire_write_bit *****************
 Defined at:
		line 121 in file "easat2_util_onewire.c"
 Parameters:    Size  Location     Type
  bit_in          2    0[COMRAM] int 
 Auto vars:     Size  Location     Type
		None
 Return value:  Size  Location     Type
                  1    wreg      void 
 Registers used:
		wreg, status,2, status,0
 Tracked objects:
		On entry : 
		On exit  : 
		Unchanged: 
 Data sizes:     COMRAM   BANK0   BANK1   BANK2   BANK3   BANK4   BANK5
      Params:         2       0       0       0       0       0       0
      Locals:         0       0       0       0       0       0       0
      Temps:          0       0       0       0       0       0       0
      Totals:         2       0       0       0       0       0       0
Total ram usage:        2 bytes
 Hardware stack levels used:    1
 This function calls:
		Nothing
 This function is called by:
[...]
      Locals:         6       0       0       0       0       0       0
      Temps:          0       0       0       0       0       0       0
      Totals:        12       0       0       0       0       0       0
Total ram usage:       12 bytes
 Hardware stack levels used:    1
 This function calls:
		Nothing
 This function is called by:
		_sprintf
 This function uses a non-reentrant model


 *************** function ___lltoft *****************
 Defined at:
		line 35 in file "C:\Program Files (x86)\Microchip\xc8\v1.38\sources\common\lltoft.c"
 Parameters:    Size  Location     Type
  c               4    8[COMRAM] unsigned long 
 Auto vars:     Size  Location     Type
  exp             1   16[COMRAM] unsigned char 
 Return value:  Size  Location     Type
                  3    8[COMRAM] float 
 Registers used:
		wreg, status,2, status,0, cstack
 Tracked objects:
		On entry : 
		On exit  : 
		Unchanged: 
 Data sizes:     COMRAM   BANK0   BANK1   BANK2   BANK3   BANK4   BANK5
      Params:         4       0       0       0       0       0       0
      Locals:         1       0       0       0       0       0       0
      Temps:          4       0       0       0       0       0       0
      Totals:         9       0       0       0       0       0       0
Total ram usage:        9 bytes
 Hardware stack levels used:    1
 Hardware stack levels required when called:    1
 This function calls:
		___ftpack
 This function is called by:
		_sprintf
 This function uses a non-reentrant model


 *************** function ___llmod *****************
 Defined at:
		line 8 in file "C:\Program Files (x86)\Microchip\xc8\v1.38\sources\common\llmod.c"
 Parameters:    Size  Location     Type
  dividend        4   13[COMRAM] unsigned long 
  divisor         4   17[COMRAM] unsigned long 
 Auto vars:     Size  Location     Type
  counter         1   21[COMRAM] unsigned char 
 Return value:  Size  Location     Type
                  4   13[COMRAM] unsigned long 
 Registers used:
		wreg, status,2, status,0
 Tracked objects:
		On entry : 
		On exit  : 
		Unchanged: 
 Data sizes:     COMRAM   BANK0   BANK1   BANK2   BANK3   BANK4   BANK5
      Params:         8       0       0       0       0       0       0
      Locals:         1       0       0       0       0       0       0
      Temps:          0       0       0       0       0       0       0
      Totals:         9       0       0       0       0       0       0
Total ram usage:        9 bytes
 Hardware stack levels used:    1
 This function calls:
		Nothing
 This function is called by:
		_sprintf
 This function uses a non-reentrant model


 *************** function ___lldiv *****************
 Defined at:
		line 8 in file "C:\Program Files (x86)\Microchip\xc8\v1.38\sources\common\lldiv.c"
 Parameters:    Size  Location     Type
  dividend        4    0[COMRAM] unsigned long 
  divisor         4    4[COMRAM] unsigned long 
 Auto vars:     Size  Location     Type
  quotient        4    8[COMRAM] unsigned long 
  counter         1   12[COMRAM] unsigned char 
 Return value:  Size  Location     Type
                  4    0[COMRAM] unsigned long 
 Registers used:
		wreg, status,2, status,0
 Tracked objects:
		On entry : 
		On exit  : 
		Unchanged: 
 Data sizes:     COMRAM   BANK0   BANK1   BANK2   BANK3   BANK4   BANK5
      Params:         8       0       0       0       0       0       0
      Locals:         5       0       0       0       0       0       0
      Temps:          0       0       0       0       0       0       0
      Totals:        13       0       0       0       0       0       0
Total ram usage:       13 bytes
 Hardware stack levels used:    1
 This function calls:
		Nothing
 This function is called by:
		_sprintf
 This function uses a non-reentrant model


 *************** function ___fttol *****************
 Defined at:
		line 44 in file "C:\Program Files (x86)\Microchip\xc8\v1.38\sources\common\fttol.c"
 Parameters:    Size  Location     Type
  f1              3   42[COMRAM] float 
 Auto vars:     Size  Location     Type
  lval            4   52[COMRAM] unsigned long 
  exp1            1   56[COMRAM] unsigned char 
  sign1           1   51[COMRAM] unsigned char 
 Return value:  Size  Location     Type
                  4   42[COMRAM] long 
 Registers used:
		wreg, status,2, status,0
 Tracked objects:
		On entry : 
		On exit  : 
		Unchanged: 
 Data sizes:     COMRAM   BANK0   BANK1   BANK2   BANK3   BANK4   BANK5
      Params:         4       0       0       0       0       0       0
      Locals:         6       0       0       0       0       0       0
      Temps:          5       0       0       0       0       0       0
      Totals:        15       0       0       0       0       0       0
Total ram usage:       15 bytes
 Hardware stack levels used:    1
 This function calls:
		Nothing
 This function is called by:
		_util_getSolarCurrent
		_util_getBatteryCurrent
		_sprintf
 This function uses a non-reentrant model


 *************** function ___ftsub *****************
 Defined at:
		line 20 in file "C:\Program Files (x86)\Microchip\xc8\v1.38\sources\common\ftsub.c"
 Parameters:    Size  Location     Type
  f1              3   57[COMRAM] float 
  f2              3   60[COMRAM] float 
 Auto vars:     Size  Location     Type
		None
 Return value:  Size  Location     Type
                  3   57[COMRAM] float 
 Registers used:
		wreg, status,2, status,0, cstack
 Tracked objects:
		On entry : 
		On exit  : 
		Unchanged: 
 Data sizes:     COMRAM   BANK0   BANK1   BANK2   BANK3   BANK4   BANK5
      Params:         6       0       0       0       0       0       0
      Locals:         0       0       0       0       0       0       0
      Temps:          0       0       0       0       0       0       0
      Totals:         6       0       0       0       0       0       0
Total ram usage:        6 bytes
 Hardware stack levels used:    1
 Hardware stack levels required when called:    2
 This function calls:
		___ftadd
 This function is called by:
		_sprintf
 This function uses a non-reentrant model


 *************** function ___ftadd *****************
 Defined at:
		line 86 in file "C:\Program Files (x86)\Microchip\xc8\v1.38\sources\common\ftadd.c"
 Parameters:    Size  Location     Type
  f1              3   45[COMRAM] float 
  f2              3   48[COMRAM] float 
 Auto vars:     Size  Location     Type
  exp1            1   56[COMRAM] unsigned char 
  exp2            1   55[COMRAM] unsigned char 
  sign            1   54[COMRAM] unsigned char 
 Return value:  Size  Location     Type
                  3   45[COMRAM] float 
 Registers used:
		wreg, status,2, status,0, cstack
 Tracked objects:
		On entry : 
		On exit  : 
		Unchanged: 
 Data sizes:     COMRAM   BANK0   BANK1   BANK2   BANK3   BANK4   BANK5
      Params:         6       0       0       0       0       0       0
      Locals:         3       0       0       0       0       0       0
      Temps:          3       0       0       0       0       0       0
      Totals:        12       0       0       0       0       0       0
Total ram usage:       12 bytes
 Hardware stack levels used:    1
 Hardware stack levels required when called:    1
 This function calls:
		___ftpack
 This function is called by:
		_util_getTemperature
		_sprintf
		___ftsub
 This function uses a non-reentrant model


 *************** function ___ftpack *****************
 Defined at:
		line 62 in file "C:\Program Files (x86)\Microchip\xc8\v1.38\sources\common\float.c"
 Parameters:    Size  Location     Type
  arg             3    0[COMRAM] unsigned um
  exp             1    3[COMRAM] unsigned char 
  sign            1    4[COMRAM] unsigned char 
 Auto vars:     Size  Location     Type
		None
 Return value:  Size  Location     Type
                  3    0[COMRAM] float 
 Registers used:
		wreg, status,2, status,0
 Tracked objects:
		On entry : 
		On exit  : 
		Unchanged: 
 Data sizes:     COMRAM   BANK0   BANK1   BANK2   BANK3   BANK4   BANK5
      Params:         5       0       0       0       0       0       0
      Locals:         0       0       0       0       0       0       0
      Temps:          3       0       0       0       0       0       0
      Totals:         8       0       0       0       0       0       0
Total ram usage:        8 bytes
 Hardware stack levels used:    1
 This function calls:
		Nothing
 This function is called by:
		___awtoft
		___ftadd
		___ftdiv
		___ftmul
		___lltoft
		___lwtoft
 This function uses a non-reentrant model


 *************** function ___ftneg *****************
 Defined at:
		line 15 in file "C:\Program Files (x86)\Microchip\xc8\v1.38\sources\common\ftneg.c"
 Parameters:    Size  Location     Type
  f1              3    0[COMRAM] float 
 Auto vars:     Size  Location     Type
		None
 Return value:  Size  Location     Type
                  3    0[COMRAM] float 
 Registers used:
		wreg, status,2, status,0
 Tracked objects:
		On entry : 
		On exit  : 
		Unchanged: 
 Data sizes:     COMRAM   BANK0   BANK1   BANK2   BANK3   BANK4   BANK5
      Params:         3       0       0       0       0       0       0
      Locals:         0       0       0       0       0       0       0
      Temps:          0       0       0       0       0       0       0
      Totals:         3       0       0       0       0       0       0
Total ram usage:        3 bytes
 Hardware stack levels used:    1
 This function calls:
		Nothing
 This function is called by:
		_sprintf
 This function uses a non-reentrant model


 *************** function ___ftge *****************
 Defined at:
		line 4 in file "C:\Program Files (x86)\Microchip\xc8\v1.38\sources\common\ftge.c"
 Parameters:    Size  Location     Type
  ff1             3    0[COMRAM] float 
  ff2             3    3[COMRAM] float 
 Auto vars:     Size  Location     Type
		None
 Return value:  Size  Location     Type
		None               void
 Registers used:
		wreg, status,2, status,0
 Tracked objects:
		On entry : 
		On exit  : 
		Unchanged: 
 Data sizes:     COMRAM   BANK0   BANK1   BANK2   BANK3   BANK4   BANK5
      Params:         6       0       0       0       0       0       0
      Locals:         0       0       0       0       0       0       0
      Temps:          3       0       0       0       0       0       0
      Totals:         9       0       0       0       0       0       0
Total ram usage:        9 bytes
 Hardware stack levels used:    1
 This function calls:
		Nothing
 This function is called by:
		_sprintf
 This function uses a non-reentrant model


 *************** function _memset *****************
 Defined at:
		line 8 in file "C:\Program Files (x86)\Microchip\xc8\v1.38\sources\common\memset.c"
 Parameters:    Size  Location     Type
  p1              2    0[COMRAM] PTR void 
		 -> util_beacon_transmission@BEACON_BUFFER(64), util_beacon_transmission@BEACON_MESSAGE(128), 
  c               2    2[COMRAM] int 
  n               2    4[COMRAM] unsigned int 
 Auto vars:     Size  Location     Type
  p               2    6[COMRAM] PTR unsigned char 
		 -> util_beacon_transmission@BEACON_BUFFER(64), util_beacon_transmission@BEACON_MESSAGE(128), 
 Return value:  Size  Location     Type
                  2    0[COMRAM] PTR void 
 Registers used:
		wreg, fsr2l, fsr2h, status,2, status,0
 Tracked objects:
		On entry : 
		On exit  : 
		Unchanged: 
 Data sizes:     COMRAM   BANK0   BANK1   BANK2   BANK3   BANK4   BANK5
      Params:         6       0       0       0       0       0       0
      Locals:         2       0       0       0       0       0       0
      Temps:          0       0       0       0       0       0       0
      Totals:         8       0       0       0       0       0       0
Total ram usage:        8 bytes
 Hardware stack levels used:    1
 This function calls:
		Nothing
 This function is called by:
		_util_beacon_transmission
 This function uses a non-reentrant model


 *************** function _initialize *****************
 Defined at:
		line 16 in file "easat2_util_initialize.c"
 Parameters:    Size  Location     Type
		None
 Auto vars:     Size  Location     Type
		None
 Return value:  Size  Location     Type
                  1    wreg      void 
 Registers used:
		wreg, status,2
 Tracked objects:
		On entry : 
		On exit  : 
		Unchanged: 
 Data sizes:     COMRAM   BANK0   BANK1   BANK2   BANK3   BANK4   BANK5
      Params:         0       0       0       0       0       0       0
      Locals:         0       0       0       0       0       0       0
      Temps:          0       0       0       0       0       0       0
      Totals:         0       0       0       0       0       0       0
Total ram usage:        0 bytes
 Hardware stack levels used:    1
 This function calls:
		Nothing
 This function is called by:
		_main
 This function uses a non-reentrant model



MODULE INFORMATION

Module		Function		Class		Link	Load	Size
C:\Program Files (x86)\Microchip\xc8\v1.38\sources\common\ftsub.c
		___ftsub       		CODE           	50B4	0000	65

C:\Program Files (x86)\Microchip\xc8\v1.38\sources\common\ftsub.c estimated size: 65

C:\Program Files (x86)\Microchip\xc8\v1.38\sources\common\float.c
		___ftpack      		CODE           	56EE	0000	175

C:\Program Files (x86)\Microchip\xc8\v1.38\sources\common\float.c estimated size: 175

C:\Program Files (x86)\Microchip\xc8\v1.38\sources\common\awmod.c
		___awmod       		CODE           	5336	0000	113

C:\Program Files (x86)\Microchip\xc8\v1.38\sources\common\awmod.c estimated size: 113

C:\Program Files (x86)\Microchip\xc8\v1.38\sources\common\ftdivl.c
		__tdiv_to_l_   		CODE           	5DD8	0000	307

C:\Program Files (x86)\Microchip\xc8\v1.38\sources\common\ftdivl.c estimated size: 307

C:\Program Files (x86)\Microchip\xc8\v1.38\sources\common\llmod.c
		___llmod       		CODE           	52D0	0000	103

C:\Program Files (x86)\Microchip\xc8\v1.38\sources\common\llmod.c estimated size: 103

C:\Program Files (x86)\Microchip\xc8\v1.38\sources\common\Umul16.c
		___wmul        		CODE           	4E78	0000	39

C:\Program Files (x86)\Microchip\xc8\v1.38\sources\common\Umul16.c estimated size: 39

C:\Program Files (x86)\Microchip\xc8\v1.38\sources\common\fldivl.c
		__div_to_l_    		CODE           	5CB0	0000	297

C:\Program Files (x86)\Microchip\xc8\v1.38\sources\common\fldivl.c estimated size: 297

easat2_util_inputs.c
		_util_getTemperature		CODE           	6CDC	0000	1841
		_util_getSolarCurrent		CODE           	584E	0000	179
		_util_getBatteryVoltage		CODE           	5648	0000	167
		_util_getBatteryCurrent		CODE           	579C	0000	179

easat2_util_inputs.c estimated size: 2366

easat2_util_waits.c
		_util_waits_delay_hours		CODE           	4FB2	0000	49
		_util_waits_delay_ms		CODE           	4EF6	0000	45
		_util_waits_delay_hundred_us		CODE           	4ECA	0000	45
		_util_waits_delay_mins		CODE           	4F82	0000	49
		_util_waits_delay_secs		CODE           	5178	0000	79

easat2_util_waits.c estimated size: 267

C:\Program Files (x86)\Microchip\xc8\v1.38\sources\common\ftmul.c
		___ftmul       		CODE           	5BBC	0000	245

C:\Program Files (x86)\Microchip\xc8\v1.38\sources\common\ftmul.c estimated size: 245

C:\Program Files (x86)\Microchip\xc8\v1.38\sources\common\ftdiv.c
		___ftdiv       		CODE           	59E2	0000	231

C:\Program Files (x86)\Microchip\xc8\v1.38\sources\common\ftdiv.c estimated size: 231

easat2_util_onewire.c
		_util_onewire_write_byte		CODE           	604C	0000	355
		_util_onewire_read_bit		CODE           	4FE2	0000	51
		_util_onewire_read_byte		CODE           	5F0A	0000	323
		_util_onewire_reset		CODE           	5136	0000	67
		_util_onewire_write_bit		CODE           	4F52	0000	49

easat2_util_onewire.c estimated size: 845

C:\Program Files (x86)\Microchip\xc8\v1.38\sources\common\awdiv.c
		___awdiv       		CODE           	5428	0000	133

C:\Program Files (x86)\Microchip\xc8\v1.38\sources\common\awdiv.c estimated size: 133

C:\Program Files (x86)\Microchip\xc8\v1.38\sources\common\strcat.c
		_strcat        		CODE           	50F4	0000	67

C:\Program Files (x86)\Microchip\xc8\v1.38\sources\common\strcat.c estimated size: 67

C:\Program Files (x86)\Microchip\xc8\v1.38\sources\common\lldiv.c
		___lldiv       		CODE           	53A6	0000	131

C:\Program Files (x86)\Microchip\xc8\v1.38\sources\common\lldiv.c estimated size: 131

easat2_util_transmission.c
		_util_transmit_buzzer_1ms_cycle		CODE           	4E12	0000	31
		_util_transmit_space_between_letters		CODE           	4DD8	0000	15
		_util_transmit_letter		CODE           	65A0	0000	845
		_util_beacon_transmission		CODE           	5900	0000	227
		_util_transmit_dot		CODE           	5048	0000	53
		_util_transmit_space_between_dots_dashes		CODE           	4DCA	0000	15
		_util_transmit_dash		CODE           	5014	0000	53
		_util_transmit_space_between_words		CODE           	4DE6	0000	15
		_util_transmit_morse_sequence		CODE           	5274	0000	93

easat2_util_transmission.c estimated size: 1347

C:\Program Files (x86)\Microchip\xc8\v1.38\sources\common\fttol.c
		___fttol       		CODE           	5AC8	0000	245

C:\Program Files (x86)\Microchip\xc8\v1.38\sources\common\fttol.c estimated size: 245

easat2_main_mcu.c
		_main_loop     		CODE           	5532	0000	135
		_main          		CODE           	4DBE	0000	13

easat2_main_mcu.c estimated size: 148

shared
		__powers_      		MEDIUMCONST    	7F44	0000	40
		_dpowers       		MEDIUMCONST    	7EF5	0000	41
		__npowers_     		MEDIUMCONST    	7F1D	0000	40
		__initialization		CODE           	4DB4	0000	1

shared estimated size: 122

C:\Program Files (x86)\Microchip\xc8\v1.38\sources\common\lwtoft.c
		___lwtoft      		CODE           	4E54	0000	37

C:\Program Files (x86)\Microchip\xc8\v1.38\sources\common\lwtoft.c estimated size: 37

C:\Program Files (x86)\Microchip\xc8\v1.38\sources\common\strlen.c
		_strlen        		CODE           	51C6	0000	83

C:\Program Files (x86)\Microchip\xc8\v1.38\sources\common\strlen.c estimated size: 83

C:\Program Files (x86)\Microchip\xc8\v1.38\sources\common\awtoft.c
		___awtoft      		CODE           	507C	0000	57

C:\Program Files (x86)\Microchip\xc8\v1.38\sources\common\awtoft.c estimated size: 57

C:\Program Files (x86)\Microchip\xc8\v1.38\sources\common\strcpy.c
		_strcpy        		CODE           	4F22	0000	49

C:\Program Files (x86)\Microchip\xc8\v1.38\sources\common\strcpy.c estimated size: 49

C:\Program Files (x86)\Microchip\xc8\v1.38\sources\common\memset.c
		_memset        		CODE           	4E9E	0000	45

C:\Program Files (x86)\Microchip\xc8\v1.38\sources\common\memset.c estimated size: 45

C:\Program Files (x86)\Microchip\xc8\v1.38\sources\common\isdigit.c
		_isdigit       		CODE           	4DF4	0000	31

C:\Program Files (x86)\Microchip\xc8\v1.38\sources\common\isdigit.c estimated size: 31

C:\Program Files (x86)\Microchip\xc8\v1.38\sources\common\ftadd.c
		___ftadd       		CODE           	61AE	0000	429

C:\Program Files (x86)\Microchip\xc8\v1.38\sources\common\ftadd.c estimated size: 429

easat2_util_initialize.c
		_initialize    		CODE           	54AC	0000	135

easat2_util_initialize.c estimated size: 135

C:\Program Files (x86)\Microchip\xc8\v1.38\sources\common\doprnt.c
		_scale         		CODE           	68EC	0000	1009
		_sprintf       		CODE           	740C	0000	2793
		_fround        		CODE           	635A	0000	583

C:\Program Files (x86)\Microchip\xc8\v1.38\sources\common\doprnt.c estimated size: 4385

C:\Program Files (x86)\Microchip\xc8\v1.38\sources\common\lltoft.c
		___lltoft      		CODE           	5218	0000	93

C:\Program Files (x86)\Microchip\xc8\v1.38\sources\common\lltoft.c estimated size: 93

C:\Program Files (x86)\Microchip\xc8\v1.38\sources\common\ftge.c
		___ftge        		CODE           	55B8	0000	145

C:\Program Files (x86)\Microchip\xc8\v1.38\sources\common\ftge.c estimated size: 145

C:\Program Files (x86)\Microchip\xc8\v1.38\sources\common\ftneg.c
		___ftneg       		CODE           	4E30	0000	37

C:\Program Files (x86)\Microchip\xc8\v1.38\sources\common\ftneg.c estimated size: 37

