Microchip MPLAB XC8 Compiler V1.41 ()

Linker command line:

-W-3 --edf=C:\Program Files (x86)\Microchip\xc8\v1.41\dat\en_msgs.txt -cs \
  -h+dist/default/production\EASAT2-MCU-C.X.production.sym \
  --cmf=dist/default/production\EASAT2-MCU-C.X.production.cmf -z -Q18F45K22 \
  -oC:\Users\FELIX\AppData\Local\Temp\s6d8.2 \
  -Mdist/default/production/EASAT2-MCU-C.X.production.map -E1 -ver=XC8 \
  -ASTACK=0300h-05ffh -pstack=STACK -ACODE=00h-07FFFh -ACONST=00h-07FFFh \
  -ASMALLCONST=0600h-06FFhx122 -AMEDIUMCONST=0600h-07FFFh -ACOMRAM=01h-05Fh \
  -AABS1=00h-05FFh -ABIGRAM=01h-05FFh -ARAM=060h-0FFh,0100h-01FFhx5 \
  -ABANK0=060h-0FFh -ABANK1=0100h-01FFh -ABANK2=0200h-02FFh \
  -ABANK3=0300h-03FFh -ABANK4=0400h-04FFh -ABANK5=0500h-05FFh \
  -ASFR=0F38h-0F5Fh,0F60h-0FFFh \
  -preset_vec=00h,intcode=08h,intcodelo=018h,powerup,init -pramtop=0600h \
  -psmallconst=SMALLCONST -pmediumconst=MEDIUMCONST -pconst=CONST \
  -AFARRAM=00h-00h -ACONFIG=0300000h-030000Dh -pconfig=CONFIG \
  -AIDLOC=0200000h-0200007h -pidloc=IDLOC -AEEDATA=0F00000h-0F000FFh \
  -peeprom_data=EEDATA \
  -prdata=COMRAM,nvrram=COMRAM,nvbit=COMRAM,rbss=COMRAM,rbit=COMRAM \
  -pfarbss=FARRAM,fardata=FARRAM,nvFARRAM=FARRAM \
  -pintsave_regs=BIGRAM,bigbss=BIGRAM,bigdata=BIGRAM -pbss=RAM \
  -pidata=CODE,irdata=CODE,ibigdata=CODE,ifardata=CODE -prparam=COMRAM \
  C:\Users\FELIX\AppData\Local\Temp\s6d8.obj \
  dist/default/production\EASAT2-MCU-C.X.production.obj 

Object code version is 3.11

Machine type is 18F45K22

Call graph: (short form)




                Name                               Link     Load   Length Selector   Space Scale
C:\Users\FELIX\AppData\Local\Temp\s6d8.obj
                init                                 A6       A6        4        C       0
                reset_vec                             0        0        4        0       0
                idloc                            200000   200000        8   200000       0
                config                           300000   300000        E   300000       0
dist/default/production\EASAT2-MCU-C.X.production.obj
                intcodelo                            18       18       8E        C       0
                intcode                               8        8        6        4       0
                temp                                 46       46        1        1       1
                mediumconst                        7ED4     7ED4      12C     3F6A       0
                intcode_body                       1F6E     1F6E      33A        C       0
                text59                             3568     3568       BC        C       0
                text58                             3EF0     3EF0       26        C       0
                text57                             3FCE     3FCE       1A        C       0
                text56                             3F7C     3F7C       1E        C       0
                text55                             3DA0     3DA0       34        C       0
                text54                             3FE8     3FE8       16        C       0
                text53                             3D66     3D66       3A        C       0
                text52                             3EC4     3EC4       2C        C       0
                text51                             36D2     36D2       A0        C       0
                text50                             3F3A     3F3A       24        C       0
                text49                             3624     3624       AE        C       0
                text48                             2548     2548      268        C       0
                text47                             3BD4     3BD4       4C        C       0
                text46                             302A     302A      144        C       0
                text45                             389E     389E       8E        C       0
                text44                             3772     3772       9A        C       0
                text43                             392C     392C       7A        C       0
                text42                             2D8C     2D8C      152        C       0
                text41                             2AC6     2AC6      168        C       0
                text40                             34AA     34AA       BE        C       0
                text39                             39A6     39A6       70        C       0
                text38                             2C2E     2C2E      15E        C       0
                text37                             3E06     3E06       32        C       0
                text36                             22A8     22A8      2A0        C       0
                text35                             3F5E     3F5E       1E        C       0
                text34                             404A     404A        2     2025       0
                text33                             1788     1788      496        C       0
                text32                               AA       AA      F46        C       0
                text31                             3B34     3B34       52        C       0
                text30                             3CA4     3CA4       42        C       0
                text29                             3E68     3E68       30        C       0
                text28                             3AE2     3AE2       52        C       0
                text27                             403C     403C        8        C       0
                text26                             4034     4034        8        C       0
                text25                             3E98     3E98       2C        C       0
                text24                             3FB4     3FB4       1A        C       0
                text23                             3F9A     3F9A       1A        C       0
                text22                             401A     401A        E        C       0
                text21                             3A16     3A16       6C        C       0
                text20                             400C     400C        E        C       0
                text19                             3FFE     3FFE        E        C       0
                text18                             1C1E     1C1E      350        C       0
                text17                             316E     316E       EA        C       0
                text16                             3F16     3F16       24        C       0
                text15                             3322     3322       CA        C       0
                text14                             33EC     33EC       BE        C       0
                text13                             3258     3258       CA        C       0
                text12                             3D26     3D26       40        C       0
                text11                             2EDE     2EDE      14C        C       0
                text10                             3DD4     3DD4       32        C       0
                text9                              27B0     27B0      194        C       0
                text8                              3C62     3C62       42        C       0
                text7                              3E38     3E38       30        C       0
                text6                              2944     2944      182        C       0
                text5                              3A82     3A82       60        C       0
                text4                               FF0      FF0      798        C       0
                text3                              3CE6     3CE6       40        C       0
                text2                              3C20     3C20       42        C       0
                text1                              380C     380C       92        C       0
                text0                              4028     4028        C        C       0
                cstackCOMRAM                          1        1       21        1       1
                cstackBANK0                          60       60       89       60       1
                cstackBANK1                         100      100       D8      100       1
                bssBANK2                            200      200      100      200       1
                dataCOMRAM                           41       41        5        1       1
                bssCOMRAM                            22       22       1F        1       1
                cinit                              3B86     3B86       4E        C       0
                idataCOMRAM                        4044     4044        5        C       0

TOTAL           Name                               Link     Load   Length     Space
        CLASS   STACK          

        CLASS   CODE           
                intcodelo                            18       18       8E         0
                intcode                               8        8        6         0
                init                                 A6       A6        4         0
                reset_vec                             0        0        4         0
                intcode_body                       1F6E     1F6E      33A         0
                text59                             3568     3568       BC         0
                text58                             3EF0     3EF0       26         0
                text57                             3FCE     3FCE       1A         0
                text56                             3F7C     3F7C       1E         0
                text55                             3DA0     3DA0       34         0
                text54                             3FE8     3FE8       16         0
                text53                             3D66     3D66       3A         0
                text52                             3EC4     3EC4       2C         0
                text51                             36D2     36D2       A0         0
                text50                             3F3A     3F3A       24         0
                text49                             3624     3624       AE         0
                text48                             2548     2548      268         0
                text47                             3BD4     3BD4       4C         0
                text46                             302A     302A      144         0
                text45                             389E     389E       8E         0
                text44                             3772     3772       9A         0
                text43                             392C     392C       7A         0
                text42                             2D8C     2D8C      152         0
                text41                             2AC6     2AC6      168         0
                text40                             34AA     34AA       BE         0
                text39                             39A6     39A6       70         0
                text38                             2C2E     2C2E      15E         0
                text37                             3E06     3E06       32         0
                text36                             22A8     22A8      2A0         0
                text35                             3F5E     3F5E       1E         0
                text34                             404A     404A        2         0
                text33                             1788     1788      496         0
                text32                               AA       AA      F46         0
                text31                             3B34     3B34       52         0
                text30                             3CA4     3CA4       42         0
                text29                             3E68     3E68       30         0
                text28                             3AE2     3AE2       52         0
                text27                             403C     403C        8         0
                text26                             4034     4034        8         0
                text25                             3E98     3E98       2C         0
                text24                             3FB4     3FB4       1A         0
                text23                             3F9A     3F9A       1A         0
                text22                             401A     401A        E         0
                text21                             3A16     3A16       6C         0
                text20                             400C     400C        E         0
                text19                             3FFE     3FFE        E         0
                text18                             1C1E     1C1E      350         0
                text17                             316E     316E       EA         0
                text16                             3F16     3F16       24         0
                text15                             3322     3322       CA         0
                text14                             33EC     33EC       BE         0
                text13                             3258     3258       CA         0
                text12                             3D26     3D26       40         0
                text11                             2EDE     2EDE      14C         0
                text10                             3DD4     3DD4       32         0
                text9                              27B0     27B0      194         0
                text8                              3C62     3C62       42         0
                text7                              3E38     3E38       30         0
                text6                              2944     2944      182         0
                text5                              3A82     3A82       60         0
                text4                               FF0      FF0      798         0
                text3                              3CE6     3CE6       40         0
                text2                              3C20     3C20       42         0
                text1                              380C     380C       92         0
                text0                              4028     4028        C         0
                cinit                              3B86     3B86       4E         0
                idataCOMRAM                        4044     4044        5         0

        CLASS   CONST          

        CLASS   SMALLCONST     

        CLASS   MEDIUMCONST    
                mediumconst                        7ED4     7ED4      12C         0

        CLASS   COMRAM         
                temp                                 46       46        1         1
                cstackCOMRAM                          1        1       21         1
                dataCOMRAM                           41       41        5         1
                bssCOMRAM                            22       22       1F         1

        CLASS   ABS1           

        CLASS   BIGRAM         

        CLASS   RAM            

        CLASS   BANK0          
                cstackBANK0                          60       60       89         1

        CLASS   BANK1          
                cstackBANK1                         100      100       D8         1

        CLASS   BANK2          
                bssBANK2                            200      200      100         1

        CLASS   BANK3          

        CLASS   BANK4          

        CLASS   BANK5          

        CLASS   SFR            

        CLASS   FARRAM         

        CLASS   CONFIG         
                config                           300000   300000        E         0

        CLASS   IDLOC          
                idloc                            200000   200000        8         0

        CLASS   EEDATA         



SEGMENTS        Name                           Load    Length   Top    Selector   Space  Class

                reset_vec                      000000  000004  000004         0       0  CODE    
                cstackCOMRAM                   000001  000046  000047         1       1  COMRAM  
                intcode                        000008  000006  00000E         4       0  CODE    
                intcodelo                      000018  004031  004049         C       0  CODE    
                cstackBANK0                    000060  000089  0000E9        60       1  BANK0   
                cstackBANK1                    000100  0000D8  0001D8       100       1  BANK1   
                bssBANK2                       000200  000100  000300       200       1  BANK2   
                text34                         00404A  000002  00404C      2025       0  CODE    
                mediumconst                    007ED4  00012C  008000      3F6A       0  MEDIUMCO
                idloc                          200000  000008  200008    200000       0  IDLOC   
                config                         300000  00000E  30000E    300000       0  CONFIG  


UNUSED ADDRESS RANGES

        Name                Unused          Largest block    Delta
        BANK0            0000E9-0000FF               17
        BANK1            0001D8-0001FF               28
        BANK3            000300-0003FF              100
        BANK4            000400-0004FF              100
        BANK5            000500-0005FF              100
        BIGRAM           000047-00005F               19
                         0000E9-0000FF               17
                         0001D8-0001FF               28
                         000300-0005FF              300
        CODE             000004-000007                4
                         00000E-000017                A
                         004049-004049                1
                         00404C-007ED3             3E88
        COMRAM           000047-00005F               19
        CONST            000004-000007                4
                         00000E-000017                A
                         004049-004049                1
                         00404C-007ED3             3E88
        EEDATA           F00000-F000FF              100
        MEDIUMCONST      004049-004049                1
                         00404C-007ED3             3E88
        RAM              0000E9-0000FF               17
                         0001D8-0001FF               28
                         000300-0005FF              100
        SFR              000F38-000FFF               28
        SMALLCONST       004049-004049                1
                         00404C-007ED3              100
        STACK            000300-0005FF              300

                                  Symbol Table

?___awdiv                                         cstackBANK0  000071
?___awmod                                         cstackCOMRAM 00001A
?___awtoft                                        cstackBANK0  000071
?___ftadd                                         cstackBANK0  000096
?___ftdiv                                         cstackBANK0  000075
?___ftmul                                         cstackBANK0  00007D
?___ftneg                                         cstackCOMRAM 00001A
?___ftpack                                        cstackCOMRAM 00001A
?___ftsub                                         cstackBANK0  0000A2
?___fttol                                         cstackBANK0  000093
?___lldiv                                         cstackCOMRAM 00001A
?___llmod                                         cstackBANK0  000076
?___lltoft                                        cstackBANK0  000071
?___lwtoft                                        cstackBANK0  000071
?___wmul                                          cstackBANK0  000079
?__div_to_l_                                      cstackCOMRAM 00001A
?__doprnt                                         cstackBANK0  0000A8
?__tdiv_to_l_                                     cstackCOMRAM 00001A
?_fround                                          cstackBANK0  00008C
?_scale                                           cstackBANK0  00008C
?_sprintf                                         cstackBANK0  0000CB
?_strlen                                          cstackCOMRAM 00001A
?_util_getBatteryCurrent                          cstackBANK0  0000A2
?_util_getBatteryVoltage                          cstackBANK0  00008C
?_util_getSolarCurrent                            cstackBANK0  0000A2
?_util_getTemperature                             cstackBANK0  0000A2
?_util_onewire_read_bit                           cstackCOMRAM 00001A
?_util_onewire_read_byte                          cstackCOMRAM 00001F
?_util_onewire_reset                              cstackCOMRAM 00001A
_ADCON0bits                                       (abs)        000FC2
_ADCON1                                           (abs)        000FC1
_ADCON2                                           (abs)        000FC0
_ADRES                                            (abs)        000FC3
_ANSELAbits                                       (abs)        000F38
_ANSELBbits                                       (abs)        000F39
_ANSELDbits                                       (abs)        000F3B
_CCP2CONbits                                      (abs)        000F66
_CCPR2L                                           (abs)        000F67
_CCPTMRS0bits                                     (abs)        000F49
_INTCONbits                                       (abs)        000FF2
_IPR1bits                                         (abs)        000F9F
_LATAbits                                         (abs)        000F89
_LATBbits                                         (abs)        000F8A
_LATDbits                                         (abs)        000F8C
_PIE1bits                                         (abs)        000F9D
_PIR1bits                                         (abs)        000F9E
_PORTAbits                                        (abs)        000F80
_PORTBbits                                        (abs)        000F81
_PORTDbits                                        (abs)        000F83
_PR2                                              (abs)        000FBB
_PSTR2CONbits                                     (abs)        000F63
_RBPU                                             (abs)        007F8F
_RCONbits                                         (abs)        000FD0
_T1CONbits                                        (abs)        000FCD
_T2CONbits                                        (abs)        000FBA
_TMR1H                                            (abs)        000FCF
_TMR1L                                            (abs)        000FCE
_TMR2                                             (abs)        000FBC
_TRISAbits                                        (abs)        000F92
_TRISBbits                                        (abs)        000F93
_TRISDbits                                        (abs)        000F95
_VREFCON0bits                                     (abs)        000F42
_WPUB                                             (abs)        000F61
__CFG_BOREN$OFF                                   (abs)        000000
__CFG_BORV$190                                    (abs)        000000
__CFG_CCP2MX$PORTC1                               (abs)        000000
__CFG_CCP3MX$PORTB5                               (abs)        000000
__CFG_CP0$OFF                                     (abs)        000000
__CFG_CP1$OFF                                     (abs)        000000
__CFG_CP2$OFF                                     (abs)        000000
__CFG_CP3$OFF                                     (abs)        000000
__CFG_CPB$OFF                                     (abs)        000000
__CFG_CPD$OFF                                     (abs)        000000
__CFG_EBTR0$OFF                                   (abs)        000000
__CFG_EBTR1$OFF                                   (abs)        000000
__CFG_EBTR2$OFF                                   (abs)        000000
__CFG_EBTR3$OFF                                   (abs)        000000
__CFG_EBTRB$OFF                                   (abs)        000000
__CFG_FCMEN$OFF                                   (abs)        000000
__CFG_FOSC$XT                                     (abs)        000000
__CFG_HFOFST$OFF                                  (abs)        000000
__CFG_IESO$OFF                                    (abs)        000000
__CFG_LVP$OFF                                     (abs)        000000
__CFG_MCLRE$EXTMCLR                               (abs)        000000
__CFG_P2BMX$PORTC0                                (abs)        000000
__CFG_PBADEN$OFF                                  (abs)        000000
__CFG_PLLCFG$OFF                                  (abs)        000000
__CFG_PRICLKEN$ON                                 (abs)        000000
__CFG_PWRTEN$OFF                                  (abs)        000000
__CFG_STVREN$ON                                   (abs)        000000
__CFG_T3CMX$PORTB5                                (abs)        000000
__CFG_WDTEN$ON                                    (abs)        000000
__CFG_WDTPS$32768                                 (abs)        000000
__CFG_WRT0$OFF                                    (abs)        000000
__CFG_WRT1$OFF                                    (abs)        000000
__CFG_WRT2$OFF                                    (abs)        000000
__CFG_WRT3$OFF                                    (abs)        000000
__CFG_WRTB$OFF                                    (abs)        000000
__CFG_WRTC$ON                                     (abs)        000000
__CFG_WRTD$ON                                     (abs)        000000
__CFG_XINST$OFF                                   (abs)        000000
__HRAM                                            (abs)        000000
__Habs1                                           abs1         000000
__Hbank0                                          bank0        000000
__Hbank1                                          bank1        000000
__Hbank2                                          bank2        000000
__Hbank3                                          bank3        000000
__Hbank4                                          bank4        000000
__Hbank5                                          bank5        000000
__Hbigbss                                         bigbss       000000
__Hbigdata                                        bigdata      000000
__Hbigram                                         bigram       000000
__Hbss                                            bss          000000
__HbssBANK2                                       bssBANK2     000000
__HbssCOMRAM                                      bssCOMRAM    000000
__Hcinit                                          cinit        000000
__Hclrtext                                        clrtext      000000
__Hcomram                                         comram       000000
__Hconfig                                         config       30000E
__Hconst                                          const        000000
__HcstackBANK0                                    cstackBANK0  000000
__HcstackBANK1                                    cstackBANK1  000000
__HcstackCOMRAM                                   cstackCOMRAM 000000
__Hdata                                           data         000000
__HdataCOMRAM                                     dataCOMRAM   000000
__Heeprom_data                                    eeprom_data  000000
__Hfarbss                                         farbss       000000
__Hfardata                                        fardata      000000
__Hibigdata                                       ibigdata     000000
__Hidata                                          idata        000000
__HidataCOMRAM                                    idataCOMRAM  000000
__Hidloc                                          idloc        200008
__Hifardata                                       ifardata     000000
__Hinit                                           init         0000AA
__Hintcode                                        intcode      00000E
__Hintcode_body                                   intcode_body 000000
__Hintcodelo                                      intcodelo    0000A6
__Hintentry                                       intentry     000000
__Hintret                                         intret       000000
__Hintsave_regs                                   intsave_regs 000000
__Hirdata                                         irdata       000000
__Hmediumconst                                    mediumconst  008000
__HnvFARRAM                                       nvFARRAM     000000
__Hnvbit                                          nvbit        000000
__Hnvrram                                         nvrram       000000
__Hparam                                          rparam       000000
__Hpowerup                                        powerup      0000A6
__Hram                                            ram          000000
__Hramtop                                         ramtop       000600
__Hrbit                                           rbit         000000
__Hrbss                                           rbss         000000
__Hrdata                                          rdata        000000
__Hreset_vec                                      reset_vec    000004
__Hrparam                                         rparam       000000
__Hsfr                                            sfr          000000
__Hsmallconst                                     smallconst   000000
__Hspace_0                                        (abs)        30000E
__Hspace_1                                        (abs)        000300
__Hspace_2                                        (abs)        000000
__Hstack                                          stack        000000
__Hstruct                                         struct       000000
__Htemp                                           temp         000047
__Htext                                           text         000000
__Htext0                                          text0        000000
__Htext1                                          text1        000000
__Htext10                                         text10       000000
__Htext11                                         text11       000000
__Htext12                                         text12       000000
__Htext13                                         text13       000000
__Htext14                                         text14       000000
__Htext15                                         text15       000000
__Htext16                                         text16       000000
__Htext17                                         text17       000000
__Htext18                                         text18       000000
__Htext19                                         text19       000000
__Htext2                                          text2        000000
__Htext20                                         text20       000000
__Htext21                                         text21       000000
__Htext22                                         text22       000000
__Htext23                                         text23       000000
__Htext24                                         text24       000000
__Htext25                                         text25       000000
__Htext26                                         text26       000000
__Htext27                                         text27       000000
__Htext28                                         text28       000000
__Htext29                                         text29       000000
__Htext3                                          text3        000000
__Htext30                                         text30       000000
__Htext31                                         text31       000000
__Htext32                                         text32       000000
__Htext33                                         text33       000000
__Htext34                                         text34       000000
__Htext35                                         text35       000000
__Htext36                                         text36       000000
__Htext37                                         text37       000000
__Htext38                                         text38       000000
__Htext39                                         text39       000000
__Htext4                                          text4        000000
__Htext40                                         text40       000000
__Htext41                                         text41       000000
__Htext42                                         text42       000000
__Htext43                                         text43       000000
__Htext44                                         text44       000000
__Htext45                                         text45       000000
__Htext46                                         text46       000000
__Htext47                                         text47       000000
__Htext48                                         text48       000000
__Htext49                                         text49       000000
__Htext5                                          text5        000000
__Htext50                                         text50       000000
__Htext51                                         text51       000000
__Htext52                                         text52       000000
__Htext53                                         text53       000000
__Htext54                                         text54       000000
__Htext55                                         text55       000000
__Htext56                                         text56       000000
__Htext57                                         text57       000000
__Htext58                                         text58       000000
__Htext59                                         text59       000000
__Htext6                                          text6        000000
__Htext7                                          text7        000000
__Htext8                                          text8        000000
__Htext9                                          text9        000000
__LRAM                                            (abs)        000001
__Labs1                                           abs1         000000
__Lbank0                                          bank0        000000
__Lbank1                                          bank1        000000
__Lbank2                                          bank2        000000
__Lbank3                                          bank3        000000
__Lbank4                                          bank4        000000
__Lbank5                                          bank5        000000
__Lbigbss                                         bigbss       000000
__Lbigdata                                        bigdata      000000
__Lbigram                                         bigram       000000
__Lbss                                            bss          000000
__LbssBANK2                                       bssBANK2     000000
__LbssCOMRAM                                      bssCOMRAM    000000
__Lcinit                                          cinit        000000
__Lclrtext                                        clrtext      000000
__Lcomram                                         comram       000000
__Lconfig                                         config       300000
__Lconst                                          const        000000
__LcstackBANK0                                    cstackBANK0  000000
__LcstackBANK1                                    cstackBANK1  000000
__LcstackCOMRAM                                   cstackCOMRAM 000000
__Ldata                                           data         000000
__LdataCOMRAM                                     dataCOMRAM   000000
__Leeprom_data                                    eeprom_data  000000
__Lfarbss                                         farbss       000000
__Lfardata                                        fardata      000000
__Libigdata                                       ibigdata     000000
__Lidata                                          idata        000000
__LidataCOMRAM                                    idataCOMRAM  000000
__Lidloc                                          idloc        200000
__Lifardata                                       ifardata     000000
__Linit                                           init         0000A6
__Lintcode                                        intcode      000008
__Lintcode_body                                   intcode_body 000000
__Lintcodelo                                      intcodelo    000018
__Lintentry                                       intentry     000000
__Lintret                                         intret       000000
__Lintsave_regs                                   intsave_regs 000000
__Lirdata                                         irdata       000000
__Lmediumconst                                    mediumconst  007ED4
__LnvFARRAM                                       nvFARRAM     000000
__Lnvbit                                          nvbit        000000
__Lnvrram                                         nvrram       000000
__Lparam                                          rparam       000000
__Lpowerup                                        powerup      0000A6
__Lram                                            ram          000000
__Lramtop                                         ramtop       000600
__Lrbit                                           rbit         000000
__Lrbss                                           rbss         000000
__Lrdata                                          rdata        000000
__Lreset_vec                                      reset_vec    000000
__Lrparam                                         rparam       000000
__Lsfr                                            sfr          000000
__Lsmallconst                                     smallconst   000000
__Lspace_0                                        (abs)        000000
__Lspace_1                                        (abs)        000000
__Lspace_2                                        (abs)        000000
__Lstack                                          stack        000000
__Lstruct                                         struct       000000
__Ltemp                                           temp         000046
__Ltext                                           text         000000
__Ltext0                                          text0        000000
__Ltext1                                          text1        000000
__Ltext10                                         text10       000000
__Ltext11                                         text11       000000
__Ltext12                                         text12       000000
__Ltext13                                         text13       000000
__Ltext14                                         text14       000000
__Ltext15                                         text15       000000
__Ltext16                                         text16       000000
__Ltext17                                         text17       000000
__Ltext18                                         text18       000000
__Ltext19                                         text19       000000
__Ltext2                                          text2        000000
__Ltext20                                         text20       000000
__Ltext21                                         text21       000000
__Ltext22                                         text22       000000
__Ltext23                                         text23       000000
__Ltext24                                         text24       000000
__Ltext25                                         text25       000000
__Ltext26                                         text26       000000
__Ltext27                                         text27       000000
__Ltext28                                         text28       000000
__Ltext29                                         text29       000000
__Ltext3                                          text3        000000
__Ltext30                                         text30       000000
__Ltext31                                         text31       000000
__Ltext32                                         text32       000000
__Ltext33                                         text33       000000
__Ltext34                                         text34       000000
__Ltext35                                         text35       000000
__Ltext36                                         text36       000000
__Ltext37                                         text37       000000
__Ltext38                                         text38       000000
__Ltext39                                         text39       000000
__Ltext4                                          text4        000000
__Ltext40                                         text40       000000
__Ltext41                                         text41       000000
__Ltext42                                         text42       000000
__Ltext43                                         text43       000000
__Ltext44                                         text44       000000
__Ltext45                                         text45       000000
__Ltext46                                         text46       000000
__Ltext47                                         text47       000000
__Ltext48                                         text48       000000
__Ltext49                                         text49       000000
__Ltext5                                          text5        000000
__Ltext50                                         text50       000000
__Ltext51                                         text51       000000
__Ltext52                                         text52       000000
__Ltext53                                         text53       000000
__Ltext54                                         text54       000000
__Ltext55                                         text55       000000
__Ltext56                                         text56       000000
__Ltext57                                         text57       000000
__Ltext58                                         text58       000000
__Ltext59                                         text59       000000
__Ltext6                                          text6        000000
__Ltext7                                          text7        000000
__Ltext8                                          text8        000000
__Ltext9                                          text9        000000
__S0                                              (abs)        30000E
__S1                                              (abs)        000300
__S2                                              (abs)        000000
___awdiv                                          text40       0034AA
___awdiv@counter                                  cstackBANK0  000075
___awdiv@dividend                                 cstackBANK0  000071
___awdiv@divisor                                  cstackBANK0  000073
___awdiv@quotient                                 cstackBANK0  000077
___awdiv@sign                                     cstackBANK0  000076
___awmod                                          text39       0039A6
___awmod@counter                                  cstackCOMRAM 00001E
___awmod@dividend                                 cstackCOMRAM 00001A
___awmod@divisor                                  cstackCOMRAM 00001C
___awmod@sign                                     cstackCOMRAM 00001F
___awtoft                                         text12       003D26
___awtoft@c                                       cstackBANK0  000071
___awtoft@sign                                    cstackBANK0  000074
___ftadd                                          text48       002548
___ftadd@exp1                                     cstackBANK0  0000A1
___ftadd@exp2                                     cstackBANK0  0000A0
___ftadd@f1                                       cstackBANK0  000096
___ftadd@f2                                       cstackBANK0  000099
___ftadd@sign                                     cstackBANK0  00009F
___ftdiv                                          text11       002EDE
___ftdiv@cntr                                     cstackBANK0  00007E
___ftdiv@exp                                      cstackBANK0  000082
___ftdiv@f1                                       cstackBANK0  000075
___ftdiv@f2                                       cstackBANK0  000078
___ftdiv@f3                                       cstackBANK0  00007F
___ftdiv@sign                                     cstackBANK0  000083
___ftge                                           text51       0036D2
___ftge@ff1                                       cstackCOMRAM 00001A
___ftge@ff2                                       cstackCOMRAM 00001D
___ftmul                                          text38       002C2E
___ftmul@cntr                                     cstackBANK0  00008A
___ftmul@exp                                      cstackBANK0  000086
___ftmul@f1                                       cstackBANK0  00007D
___ftmul@f2                                       cstackBANK0  000080
___ftmul@f3_as_product                            cstackBANK0  000087
___ftmul@sign                                     cstackBANK0  00008B
___ftneg                                          text50       003F3A
___ftneg@f1                                       cstackCOMRAM 00001A
___ftpack                                         text49       003624
___ftpack@arg                                     cstackCOMRAM 00001A
___ftpack@exp                                     cstackCOMRAM 00001D
___ftpack@sign                                    cstackCOMRAM 00001E
___ftsub                                          text47       003BD4
___ftsub@f1                                       cstackBANK0  0000A2
___ftsub@f2                                       cstackBANK0  0000A5
___fttol                                          text46       00302A
___fttol@exp1                                     cstackBANK0  0000A1
___fttol@f1                                       cstackBANK0  000093
___fttol@lval                                     cstackBANK0  00009D
___fttol@sign1                                    cstackBANK0  00009C
___inthi_sp                                       stack        000000
___intlo_sp                                       stack        000000
___lldiv                                          text45       00389E
___lldiv@counter                                  cstackBANK0  000075
___lldiv@dividend                                 cstackCOMRAM 00001A
___lldiv@divisor                                  cstackCOMRAM 00001E
___lldiv@quotient                                 cstackBANK0  000071
___llmod                                          text44       003772
___llmod@counter                                  cstackBANK0  00007E
___llmod@dividend                                 cstackBANK0  000076
___llmod@divisor                                  cstackBANK0  00007A
___lltoft                                         text43       00392C
___lltoft@c                                       cstackBANK0  000071
___lltoft@exp                                     cstackBANK0  000079
___lwtoft                                         text16       003F16
___lwtoft@c                                       cstackBANK0  000071
___param_bank                                     (abs)        000000
___rparam_used                                    (abs)        000001
___sp                                             stack        000000
___wmul                                           text37       003E06
___wmul@multiplicand                              cstackBANK0  00007B
___wmul@multiplier                                cstackBANK0  000079
___wmul@product                                   cstackCOMRAM 000020
__accesstop                                       (abs)        000060
__activetblptr                                    (abs)        000002
__div_to_l_                                       text42       002D8C
__div_to_l_@cntr                                  cstackBANK0  000075
__div_to_l_@exp1                                  cstackBANK0  000076
__div_to_l_@f1                                    cstackCOMRAM 00001A
__div_to_l_@f2                                    cstackCOMRAM 00001D
__div_to_l_@quot                                  cstackBANK0  000071
__doprnt                                          text32       0000AA
__doprnt$2963                                     cstackBANK0  0000B4
__doprnt@ap                                       cstackBANK0  0000AC
__doprnt@c                                        cstackBANK0  0000CA
__doprnt@exp                                      cstackBANK0  0000BF
__doprnt@f                                        cstackBANK0  0000AA
__doprnt@flag                                     cstackBANK0  0000B7
__doprnt@fval                                     cstackBANK0  0000C5
__doprnt@pb                                       cstackBANK0  0000A8
__doprnt@prec                                     cstackBANK0  0000C8
__doprnt@tmpval                                   cstackBANK0  0000C1
__doprnt@val                                      cstackBANK0  0000BB
__doprnt@width                                    cstackBANK0  0000B9
__end_of___awdiv                                  text40       003568
__end_of___awmod                                  text39       003A16
__end_of___awtoft                                 text12       003D66
__end_of___ftadd                                  text48       0027B0
__end_of___ftdiv                                  text11       00302A
__end_of___ftge                                   text51       003772
__end_of___ftmul                                  text38       002D8C
__end_of___ftneg                                  text50       003F5E
__end_of___ftpack                                 text49       0036D2
__end_of___ftsub                                  text47       003C20
__end_of___fttol                                  text46       00316E
__end_of___lldiv                                  text45       00392C
__end_of___llmod                                  text44       00380C
__end_of___lltoft                                 text43       0039A6
__end_of___lwtoft                                 text16       003F3A
__end_of___wmul                                   text37       003E38
__end_of__div_to_l_                               text42       002EDE
__end_of__doprnt                                  text32       000FF0
__end_of__initialization                          cinit        003BC6
__end_of__npowers_                                mediumconst  007F4B
__end_of__powers_                                 mediumconst  007F24
__end_of__tdiv_to_l_                              text41       002C2E
__end_of_dpowers                                  mediumconst  007EFD
__end_of_fround                                   text36       002548
__end_of_func_command_management                  text53       003DA0
__end_of_high_priority_int                        intcode_body 0022A8
__end_of_init_initialize                          text54       003FFE
__end_of_init_io_initialize                       text59       003624
__end_of_init_timer1_initialize                   text58       003F16
__end_of_init_timer2_initialize                   text57       003FE8
__end_of_init_watchdogs_initialize                text56       003F9A
__end_of_isdigit                                  text35       003F7C
__end_of_low_priority_int                         intcodelo    0000A6
__end_of_main                                     text0        004034
__end_of_main_loop                                text1        00389E
__end_of_memset                                   text52       003EF0
__end_of_putch                                    text34       00404C
__end_of_scale                                    text33       001C1E
__end_of_sprintf                                  text31       003B86
__end_of_strcat                                   text30       003CE6
__end_of_strcpy                                   text29       003E98
__end_of_strlen                                   text28       003B34
__end_of_util_beacon_transmission                 text17       003258
__end_of_util_getBatteryCurrent                   text15       0033EC
__end_of_util_getBatteryVoltage                   text14       0034AA
__end_of_util_getSolarCurrent                     text13       003322
__end_of_util_getTemperature                      text4        001788
__end_of_util_onewire_read_bit                    text10       003E06
__end_of_util_onewire_read_byte                   text9        002944
__end_of_util_onewire_reset                       text8        003CA4
__end_of_util_onewire_write_bit                   text7        003E68
__end_of_util_onewire_write_byte                  text6        002AC6
__end_of_util_pwm_initialize                      text55       003DD4
__end_of_util_pwm_start                           text27       004044
__end_of_util_pwm_stop                            text26       00403C
__end_of_util_transmit_dash                       text24       003FCE
__end_of_util_transmit_dot                        text23       003FB4
__end_of_util_transmit_letter                     text18       001F6E
__end_of_util_transmit_morse_sequence             text21       003A82
__end_of_util_transmit_space_between_dots_dashes  text22       004028
__end_of_util_transmit_space_between_letters      text20       00401A
__end_of_util_transmit_space_between_words        text19       00400C
__end_of_util_waits_delay_hours                   text2        003C62
__end_of_util_waits_delay_mins                    text3        003D26
__end_of_util_waits_delay_ms                      text25       003EC4
__end_of_util_waits_delay_secs                    text5        003AE2
__end_ofgolay_weight@F87                          mediumconst  007F5B
__initialization                                  cinit        003B86
__mediumconst                                     mediumconst  007ED4
__npowers_                                        mediumconst  007F24
__pbssBANK2                                       bssBANK2     000200
__pbssCOMRAM                                      bssCOMRAM    000022
__pcinit                                          cinit        003B86
__pcstackBANK0                                    cstackBANK0  000060
__pcstackBANK1                                    cstackBANK1  000100
__pcstackCOMRAM                                   cstackCOMRAM 000001
__pdataCOMRAM                                     dataCOMRAM   000041
__pidataCOMRAM                                    idataCOMRAM  004044
__pintcode                                        intcode      000008
__pintcode_body                                   intcode_body 001F6E
__pintcodelo                                      intcodelo    000018
__pmediumconst                                    mediumconst  007ED4
__powers_                                         mediumconst  007EFD
__ptext0                                          text0        004028
__ptext1                                          text1        00380C
__ptext10                                         text10       003DD4
__ptext11                                         text11       002EDE
__ptext12                                         text12       003D26
__ptext13                                         text13       003258
__ptext14                                         text14       0033EC
__ptext15                                         text15       003322
__ptext16                                         text16       003F16
__ptext17                                         text17       00316E
__ptext18                                         text18       001C1E
__ptext19                                         text19       003FFE
__ptext2                                          text2        003C20
__ptext20                                         text20       00400C
__ptext21                                         text21       003A16
__ptext22                                         text22       00401A
__ptext23                                         text23       003F9A
__ptext24                                         text24       003FB4
__ptext25                                         text25       003E98
__ptext26                                         text26       004034
__ptext27                                         text27       00403C
__ptext28                                         text28       003AE2
__ptext29                                         text29       003E68
__ptext3                                          text3        003CE6
__ptext30                                         text30       003CA4
__ptext31                                         text31       003B34
__ptext32                                         text32       0000AA
__ptext33                                         text33       001788
__ptext34                                         text34       00404A
__ptext35                                         text35       003F5E
__ptext36                                         text36       0022A8
__ptext37                                         text37       003E06
__ptext38                                         text38       002C2E
__ptext39                                         text39       0039A6
__ptext4                                          text4        000FF0
__ptext40                                         text40       0034AA
__ptext41                                         text41       002AC6
__ptext42                                         text42       002D8C
__ptext43                                         text43       00392C
__ptext44                                         text44       003772
__ptext45                                         text45       00389E
__ptext46                                         text46       00302A
__ptext47                                         text47       003BD4
__ptext48                                         text48       002548
__ptext49                                         text49       003624
__ptext5                                          text5        003A82
__ptext50                                         text50       003F3A
__ptext51                                         text51       0036D2
__ptext52                                         text52       003EC4
__ptext53                                         text53       003D66
__ptext54                                         text54       003FE8
__ptext55                                         text55       003DA0
__ptext56                                         text56       003F7C
__ptext57                                         text57       003FCE
__ptext58                                         text58       003EF0
__ptext59                                         text59       003568
__ptext6                                          text6        002944
__ptext7                                          text7        003E38
__ptext8                                          text8        003C62
__ptext9                                          text9        0027B0
__ramtop                                          ramtop       000600
__size_of___awdiv                                 (abs)        000000
__size_of___awmod                                 (abs)        000000
__size_of___awtoft                                (abs)        000000
__size_of___ftadd                                 (abs)        000000
__size_of___ftdiv                                 (abs)        000000
__size_of___ftge                                  (abs)        000000
__size_of___ftmul                                 (abs)        000000
__size_of___ftneg                                 (abs)        000000
__size_of___ftpack                                (abs)        000000
__size_of___ftsub                                 (abs)        000000
__size_of___fttol                                 (abs)        000000
__size_of___lldiv                                 (abs)        000000
__size_of___llmod                                 (abs)        000000
__size_of___lltoft                                (abs)        000000
__size_of___lwtoft                                (abs)        000000
__size_of___wmul                                  (abs)        000000
__size_of__div_to_l_                              (abs)        000000
__size_of__doprnt                                 (abs)        000000
__size_of__tdiv_to_l_                             (abs)        000000
__size_of_fround                                  (abs)        000000
__size_of_func_command_management                 (abs)        000000
__size_of_high_priority_int                       (abs)        000000
__size_of_init_initialize                         (abs)        000000
__size_of_init_io_initialize                      (abs)        000000
__size_of_init_timer1_initialize                  (abs)        000000
__size_of_init_timer2_initialize                  (abs)        000000
__size_of_init_watchdogs_initialize               (abs)        000000
__size_of_isdigit                                 (abs)        000000
__size_of_low_priority_int                        (abs)        000000
__size_of_main                                    (abs)        000000
__size_of_main_loop                               (abs)        000000
__size_of_memset                                  (abs)        000000
__size_of_putch                                   (abs)        000000
__size_of_scale                                   (abs)        000000
__size_of_sprintf                                 (abs)        000000
__size_of_strcat                                  (abs)        000000
__size_of_strcpy                                  (abs)        000000
__size_of_strlen                                  (abs)        000000
__size_of_util_beacon_transmission                (abs)        000000
__size_of_util_getBatteryCurrent                  (abs)        000000
__size_of_util_getBatteryVoltage                  (abs)        000000
__size_of_util_getSolarCurrent                    (abs)        000000
__size_of_util_getTemperature                     (abs)        000000
__size_of_util_onewire_read_bit                   (abs)        000000
__size_of_util_onewire_read_byte                  (abs)        000000
__size_of_util_onewire_reset                      (abs)        000000
__size_of_util_onewire_write_bit                  (abs)        000000
__size_of_util_onewire_write_byte                 (abs)        000000
__size_of_util_pwm_initialize                     (abs)        000000
__size_of_util_pwm_start                          (abs)        000000
__size_of_util_pwm_stop                           (abs)        000000
__size_of_util_transmit_dash                      (abs)        000000
__size_of_util_transmit_dot                       (abs)        000000
__size_of_util_transmit_letter                    (abs)        000000
__size_of_util_transmit_morse_sequence            (abs)        000000
__size_of_util_transmit_space_between_dots_dashes (abs)        000000
__size_of_util_transmit_space_between_letters     (abs)        000000
__size_of_util_transmit_space_between_words       (abs)        000000
__size_of_util_waits_delay_hours                  (abs)        000000
__size_of_util_waits_delay_mins                   (abs)        000000
__size_of_util_waits_delay_ms                     (abs)        000000
__size_of_util_waits_delay_secs                   (abs)        000000
__smallconst                                      smallconst   000000
__tdiv_to_l_                                      text41       002AC6
__tdiv_to_l_@cntr                                 cstackBANK0  000078
__tdiv_to_l_@exp1                                 cstackBANK0  000079
__tdiv_to_l_@f1                                   cstackCOMRAM 00001A
__tdiv_to_l_@f2                                   cstackCOMRAM 00001D
__tdiv_to_l_@quot                                 cstackBANK0  000074
_dpowers                                          mediumconst  007ED5
_fround                                           text36       0022A8
_fround$2960                                      cstackBANK0  000092
_fround$2961                                      cstackBANK0  00008F
_func_command_management                          text53       003D66
_global_command_buffer                            bssCOMRAM    000022
_global_command_pending_check                     bssCOMRAM    00003E
_high_priority_int                                intcode      000008
_init_initialize                                  text54       003FE8
_init_io_initialize                               text59       003568
_init_timer1_initialize                           text58       003EF0
_init_timer2_initialize                           text57       003FCE
_init_watchdogs_initialize                        text56       003F7C
_isdigit                                          text35       003F5E
_isdigit$2522                                     cstackCOMRAM 00001B
_low_priority_int                                 intcodelo    000018
_main                                             text0        004028
_main_loop                                        text1        00380C
_memset                                           text52       003EC4
_putch                                            text34       00404A
_scale                                            text33       001788
_scale$2962                                       cstackBANK0  00008F
_sprintf                                          text31       003B34
_strcat                                           text30       003CA4
_strcpy                                           text29       003E68
_strlen                                           text28       003AE2
_util_beacon_transmission                         text17       00316E
_util_getBatteryCurrent                           text15       003322
_util_getBatteryVoltage                           text14       0033EC
_util_getSolarCurrent                             text13       003258
_util_getTemperature                              text4        000FF0
_util_getTemperature$2956                         cstackBANK1  0001A7
_util_getTemperature$2957                         cstackBANK1  0001AA
_util_getTemperature$2958                         cstackBANK1  0001AD
_util_getTemperature$2959                         cstackBANK1  0001B0
_util_onewire_read_bit                            text10       003DD4
_util_onewire_read_byte                           text9        0027B0
_util_onewire_reset                               text8        003C62
_util_onewire_write_bit                           text7        003E38
_util_onewire_write_byte                          text6        002944
_util_pwm_initialize                              text55       003DA0
_util_pwm_start                                   text27       00403C
_util_pwm_stop                                    text26       004034
_util_transmit_dash                               text24       003FB4
_util_transmit_dot                                text23       003F9A
_util_transmit_letter                             text18       001C1E
_util_transmit_morse_sequence                     text21       003A16
_util_transmit_space_between_dots_dashes          text22       00401A
_util_transmit_space_between_letters              text20       00400C
_util_transmit_space_between_words                text19       003FFE
_util_waits_delay_hours                           text2        003C20
_util_waits_delay_mins                            text3        003CE6
_util_waits_delay_ms                              text25       003E98
_util_waits_delay_secs                            text5        003A82
btemp                                             temp         000046
end_of_initialization                             cinit        003BC6
fround@prec                                       cstackBANK0  000095
func_command_management@candidate_command         cstackCOMRAM 00001E
func_command_management@decoded_command           cstackCOMRAM 00001A
func_command_management@decoded_command_value     cstackCOMRAM 00001C
golay_weight@F87                                  mediumconst  007F4B
high_priority_int@activation_threshold            dataCOMRAM   000044
high_priority_int@bit_to_process                  bssCOMRAM    000028
high_priority_int@current_signal_level            bssCOMRAM    00002E
high_priority_int@cycles_transmitter_active       bssCOMRAM    000036
high_priority_int@decoder_status                  bssCOMRAM    00002A
high_priority_int@is_transmitter_active           bssCOMRAM    000040
high_priority_int@noise_avg_value                 dataCOMRAM   000041
high_priority_int@num_bits_received               bssCOMRAM    000026
high_priority_int@oldest_sample                   cstackCOMRAM 000014
high_priority_int@previous_signal_level           bssCOMRAM    000030
high_priority_int@received_bit                    cstackCOMRAM 000016
high_priority_int@sample                          cstackCOMRAM 000018
high_priority_int@sample_position                 bssCOMRAM    00003A
high_priority_int@samples                         bssBANK2     000200
high_priority_int@times_threshold_exceeded        bssCOMRAM    000038
high_priority_int@tmr1_interrupt_number           bssCOMRAM    00003C
high_priority_int@total_add                       bssCOMRAM    000034
high_priority_int@valid_samples                   bssCOMRAM    000032
int$flags                                         temp         000046
int_func                                          intcode_body 001F6E
intlevel0                                         text         000000
intlevel1                                         text         000000
intlevel2                                         text         000000
intlevel3                                         text         000000
isdigit@c                                         cstackCOMRAM 00001C
main_loop@battery_current                         cstackBANK1  0001D3
main_loop@battery_voltage                         cstackBANK1  0001D5
main_loop@solar_current                           cstackBANK1  0001D1
main_loop@temperature                             cstackBANK1  0001CE
memset@c                                          cstackCOMRAM 00001C
memset@n                                          cstackCOMRAM 00001E
memset@p                                          cstackCOMRAM 000020
memset@p1                                         cstackCOMRAM 00001A
scale@scl                                         cstackBANK0  000092
sprintf@ap                                        cstackBANK0  0000D9
sprintf@f                                         cstackBANK0  0000CD
sprintf@pb                                        cstackBANK0  0000DB
sprintf@wh                                        cstackBANK0  0000CB
stackhi                                           (abs)        0005FF
stacklo                                           (abs)        000300
start                                             init         0000A6
start_initialization                              cinit        003B86
strcat@cp                                         cstackCOMRAM 00001E
strcat@from                                       cstackCOMRAM 00001C
strcat@to                                         cstackCOMRAM 00001A
strcpy@cp                                         cstackCOMRAM 00001E
strcpy@from                                       cstackCOMRAM 00001C
strcpy@to                                         cstackCOMRAM 00001A
strlen@cp                                         cstackCOMRAM 00001E
strlen@s                                          cstackCOMRAM 00001A
util_beacon_transmission@BEACON_BUFFER            cstackBANK1  000180
util_beacon_transmission@BEACON_MESSAGE           cstackBANK1  000100
util_beacon_transmission@battery_current          cstackBANK0  0000E4
util_beacon_transmission@battery_voltage          cstackBANK0  0000DF
util_beacon_transmission@i                        cstackBANK1  0001C0
util_beacon_transmission@solar_current            cstackBANK0  0000E2
util_beacon_transmission@temperature              cstackBANK0  0000E6
util_getBatteryCurrent@batteryCurrent             cstackBANK0  0000A7
util_getBatteryCurrent@value                      cstackBANK0  0000A4
util_getBatteryVoltage@value                      cstackBANK0  00008F
util_getBatteryVoltage@voltage                    cstackBANK0  000092
util_getSolarCurrent@solarCurrent                 cstackBANK0  0000A7
util_getSolarCurrent@value                        cstackBANK0  0000A4
util_getTemperature@bit_in_byte                   cstackBANK1  0001C7
util_getTemperature@bit_mem                       cstackBANK1  000100
util_getTemperature@byte_mem                      cstackBANK1  000190
util_getTemperature@i                             cstackBANK1  0001CC
util_getTemperature@num_bit                       cstackBANK1  0001A2
util_getTemperature@num_byte                      cstackBANK1  0001C5
util_getTemperature@shift_reg_bit0                cstackBANK1  0001B3
util_getTemperature@shift_reg_bit1                cstackBANK1  0001B5
util_getTemperature@shift_reg_bit2                cstackBANK1  0001B7
util_getTemperature@shift_reg_bit3                cstackBANK1  0001B9
util_getTemperature@shift_reg_bit4                cstackBANK1  0001BB
util_getTemperature@shift_reg_bit5                cstackBANK1  0001BD
util_getTemperature@shift_reg_bit6                cstackBANK1  0001BF
util_getTemperature@shift_reg_bit7                cstackBANK1  0001C1
util_getTemperature@shift_reg_bit_temp            cstackBANK1  0001C3
util_getTemperature@sign                          cstackBANK1  0001A4
util_getTemperature@temperature                   cstackBANK1  0001C9
util_onewire_read_bit@value                       cstackCOMRAM 00001D
util_onewire_read_byte@bit0                       cstackBANK0  00007F
util_onewire_read_byte@bit1                       cstackBANK0  000081
util_onewire_read_byte@bit2                       cstackBANK0  000083
util_onewire_read_byte@bit3                       cstackBANK0  000085
util_onewire_read_byte@bit4                       cstackBANK0  000087
util_onewire_read_byte@bit5                       cstackBANK0  000089
util_onewire_read_byte@bit6                       cstackBANK0  00008B
util_onewire_read_byte@bit7                       cstackBANK0  00008D
util_onewire_read_byte@value                      cstackBANK0  00008F
util_onewire_reset@presence                       cstackCOMRAM 00001D
util_onewire_write_bit@bit_in                     cstackCOMRAM 00001A
util_onewire_write_byte@bit0                      cstackBANK0  000071
util_onewire_write_byte@bit1                      cstackBANK0  000073
util_onewire_write_byte@bit2                      cstackBANK0  000075
util_onewire_write_byte@bit3                      cstackBANK0  000077
util_onewire_write_byte@bit4                      cstackBANK0  000079
util_onewire_write_byte@bit5                      cstackBANK0  00007B
util_onewire_write_byte@bit6                      cstackBANK0  00007D
util_onewire_write_byte@bit7                      cstackBANK0  00007F
util_onewire_write_byte@value                     cstackCOMRAM 00001C
util_transmit_letter@letter                       cstackBANK0  000075
util_transmit_morse_sequence@i                    cstackBANK0  000073
util_transmit_morse_sequence@morse_sequence       cstackCOMRAM 000020
util_waits_delay_hours@hours                      cstackBANK0  00007A
util_waits_delay_hours@i                          cstackBANK0  00007D
util_waits_delay_mins@i                           cstackBANK0  000078
util_waits_delay_mins@minutes                     cstackBANK0  000075
util_waits_delay_ms@i                             cstackCOMRAM 00001D
util_waits_delay_ms@ms                            cstackCOMRAM 00001A
util_waits_delay_secs@i                           cstackBANK0  000071
util_waits_delay_secs@j                           cstackBANK0  000073
util_waits_delay_secs@secs                        cstackCOMRAM 00001F


FUNCTION INFORMATION:

 *************** function _main *****************
 Defined at:
		line 20 in file "easat2_main_mcu.c"
 Parameters:    Size  Location     Type
		None
 Auto vars:     Size  Location     Type
		None
 Return value:  Size  Location     Type
                  1    wreg      void 
 Registers used:
		wreg, fsr0l, fsr0h, fsr1l, fsr1h, fsr2l, fsr2h, status,2, status,0, pclath, tosl, tblptrl, tblptrh, tblptru, prodl, prodh, cstack
 Tracked objects:
		On entry : 
		On exit  : 
		Unchanged: 
 Data sizes:     COMRAM   BANK0   BANK1   BANK2   BANK3   BANK4   BANK5
      Params:         0       0       0       0       0       0       0
      Locals:         0       0       0       0       0       0       0
      Temps:          0       0       0       0       0       0       0
      Totals:         0       0       0       0       0       0       0
Total ram usage:        0 bytes
 Hardware stack levels required when called:    9
 This function calls:
		_init_initialize
		_main_loop
 This function is called by:
		Startup code after reset
 This function uses a non-reentrant model


 *************** function _main_loop *****************
 Defined at:
		line 32 in file "easat2_main_mcu.c"
 Parameters:    Size  Location     Type
		None
 Auto vars:     Size  Location     Type
  battery_volt    3  213[BANK1 ] float 
  temperature     3  206[BANK1 ] float 
  battery_curr    2  211[BANK1 ] int 
  solar_curren    2  209[BANK1 ] int 
 Return value:  Size  Location     Type
                  1    wreg      void 
 Registers used:
		wreg, fsr0l, fsr0h, fsr1l, fsr1h, fsr2l, fsr2h, status,2, status,0, pclath, tosl, tblptrl, tblptrh, tblptru, prodl, prodh, cstack
 Tracked objects:
		On entry : 
		On exit  : 
		Unchanged: 
 Data sizes:     COMRAM   BANK0   BANK1   BANK2   BANK3   BANK4   BANK5
      Params:         0       0       0       0       0       0       0
      Locals:         0       0      10       0       0       0       0
      Temps:          0       0       0       0       0       0       0
      Totals:         0       0      10       0       0       0       0
Total ram usage:       10 bytes
 Hardware stack levels used:    1
 Hardware stack levels required when called:    8
 This function calls:
		_func_command_management
		_init_watchdogs_initialize
		_util_beacon_transmission
		_util_getBatteryCurrent
		_util_getBatteryVoltage
		_util_getSolarCurrent
		_util_getTemperature
		_util_waits_delay_hours
		_util_waits_delay_mins
 This function is called by:
		_main
 This function uses a non-reentrant model


 *************** function _util_waits_delay_hours *****************
 Defined at:
		line 17 in file "easat2_util_waits.c"
 Parameters:    Size  Location     Type
  hours           2   26[BANK0 ] int 
 Auto vars:     Size  Location     Type
  i               2   29[BANK0 ] int 
 Return value:  Size  Location     Type
                  1    wreg      void 
 Registers used:
		wreg, status,2, status,0, cstack
 Tracked objects:
		On entry : 
		On exit  : 
		Unchanged: 
[...]
		None
 Return value:  Size  Location     Type
		None               void
 Registers used:
		wreg, status,2, status,0
 Tracked objects:
		On entry : 
		On exit  : 
		Unchanged: 
 Data sizes:     COMRAM   BANK0   BANK1   BANK2   BANK3   BANK4   BANK5
      Params:         6       0       0       0       0       0       0
      Locals:         0       0       0       0       0       0       0
      Temps:          0       3       0       0       0       0       0
      Totals:         6       3       0       0       0       0       0
Total ram usage:        9 bytes
 Hardware stack levels used:    1
 Hardware stack levels required when called:    2
 This function calls:
		Nothing
 This function is called by:
		__doprnt
 This function uses a non-reentrant model


 *************** function _memset *****************
 Defined at:
		line 8 in file "C:\Program Files (x86)\Microchip\xc8\v1.41\sources\common\memset.c"
 Parameters:    Size  Location     Type
  p1              2   25[COMRAM] PTR void 
		 -> util_command_ack_transmission@BEACON_COMMAND_BUFFER(64), util_command_ack_transmission@BEACON_COMMAND_MESSAGE(128), util_beacon_transmission@BEACON_BUFFER(64), util_beacon_transmission@BEACON_MESSAGE(128), 
  c               2   27[COMRAM] int 
  n               2   29[COMRAM] unsigned int 
 Auto vars:     Size  Location     Type
  p               2   31[COMRAM] PTR unsigned char 
		 -> util_command_ack_transmission@BEACON_COMMAND_BUFFER(64), util_command_ack_transmission@BEACON_COMMAND_MESSAGE(128), util_beacon_transmission@BEACON_BUFFER(64), util_beacon_transmission@BEACON_MESSAGE(128), 
 Return value:  Size  Location     Type
                  2   25[COMRAM] PTR void 
 Registers used:
		wreg, fsr2l, fsr2h, status,2, status,0
 Tracked objects:
		On entry : 
		On exit  : 
		Unchanged: 
 Data sizes:     COMRAM   BANK0   BANK1   BANK2   BANK3   BANK4   BANK5
      Params:         6       0       0       0       0       0       0
      Locals:         2       0       0       0       0       0       0
      Temps:          0       0       0       0       0       0       0
      Totals:         8       0       0       0       0       0       0
Total ram usage:        8 bytes
 Hardware stack levels used:    1
 Hardware stack levels required when called:    2
 This function calls:
		Nothing
 This function is called by:
		_util_beacon_transmission
		_util_command_ack_transmission
 This function uses a non-reentrant model


 *************** function _func_command_management *****************
 Defined at:
		line 87 in file "easat2_func_commands.c"
 Parameters:    Size  Location     Type
		None
 Auto vars:     Size  Location     Type
  candidate_co    4   29[COMRAM] unsigned long 
  decoded_comm    2   27[COMRAM] unsigned int 
  decoded_comm    2   25[COMRAM] unsigned int 
 Return value:  Size  Location     Type
                  1    wreg      void 
 Registers used:
		wreg, status,2, status,0
 Tracked objects:
		On entry : 
		On exit  : 
		Unchanged: 
 Data sizes:     COMRAM   BANK0   BANK1   BANK2   BANK3   BANK4   BANK5
      Params:         0       0       0       0       0       0       0
      Locals:         8       0       0       0       0       0       0
      Temps:          0       0       0       0       0       0       0
      Totals:         8       0       0       0       0       0       0
Total ram usage:        8 bytes
 Hardware stack levels used:    1
 Hardware stack levels required when called:    2
 This function calls:
		Nothing
 This function is called by:
		_main_loop
 This function uses a non-reentrant model


 *************** function _init_initialize *****************
 Defined at:
		line 18 in file "easat2_init_initialize.c"
 Parameters:    Size  Location     Type
		None
 Auto vars:     Size  Location     Type
		None
 Return value:  Size  Location     Type
                  1    wreg      void 
 Registers used:
		wreg, status,2, status,0, cstack
 Tracked objects:
		On entry : 
		On exit  : 
		Unchanged: 
 Data sizes:     COMRAM   BANK0   BANK1   BANK2   BANK3   BANK4   BANK5
      Params:         0       0       0       0       0       0       0
      Locals:         0       0       0       0       0       0       0
      Temps:          0       0       0       0       0       0       0
      Totals:         0       0       0       0       0       0       0
Total ram usage:        0 bytes
 Hardware stack levels used:    1
 Hardware stack levels required when called:    3
 This function calls:
		_init_io_initialize
		_init_timer1_initialize
		_init_timer2_initialize
		_init_watchdogs_initialize
		_util_pwm_initialize
 This function is called by:
		_main
 This function uses a non-reentrant model


 *************** function _util_pwm_initialize *****************
 Defined at:
		line 24 in file "easat2_util_pwm.c"
 Parameters:    Size  Location     Type
		None
 Auto vars:     Size  Location     Type
		None
 Return value:  Size  Location     Type
                  1    wreg      void 
 Registers used:
		wreg, status,2
 Tracked objects:
		On entry : 
		On exit  : 
		Unchanged: 
 Data sizes:     COMRAM   BANK0   BANK1   BANK2   BANK3   BANK4   BANK5
      Params:         0       0       0       0       0       0       0
      Locals:         0       0       0       0       0       0       0
      Temps:          0       0       0       0       0       0       0
      Totals:         0       0       0       0       0       0       0
Total ram usage:        0 bytes
 Hardware stack levels used:    1
 Hardware stack levels required when called:    2
 This function calls:
		Nothing
 This function is called by:
		_init_initialize
 This function uses a non-reentrant model


 *************** function _init_watchdogs_initialize *****************
 Defined at:
		line 36 in file "easat2_init_initialize.c"
 Parameters:    Size  Location     Type
		None
 Auto vars:     Size  Location     Type
		None
 Return value:  Size  Location     Type
                  1    wreg      void 
 Registers used:
		wreg, status,2, status,0
 Tracked objects:
		On entry : 
		On exit  : 
		Unchanged: 
 Data sizes:     COMRAM   BANK0   BANK1   BANK2   BANK3   BANK4   BANK5
      Params:         0       0       0       0       0       0       0
      Locals:         0       0       0       0       0       0       0
      Temps:          1       0       0       0       0       0       0
      Totals:         1       0       0       0       0       0       0
Total ram usage:        1 bytes
 Hardware stack levels used:    1
 Hardware stack levels required when called:    2
 This function calls:
		Nothing
 This function is called by:
		_init_initialize
		_main_loop
 This function uses a non-reentrant model


 *************** function _init_timer2_initialize *****************
 Defined at:
		line 70 in file "easat2_init_timer.c"
 Parameters:    Size  Location     Type
		None
 Auto vars:     Size  Location     Type
		None
 Return value:  Size  Location     Type
                  1    wreg      void 
 Registers used:
		wreg, status,2
 Tracked objects:
		On entry : 
		On exit  : 
		Unchanged: 
 Data sizes:     COMRAM   BANK0   BANK1   BANK2   BANK3   BANK4   BANK5
      Params:         0       0       0       0       0       0       0
      Locals:         0       0       0       0       0       0       0
      Temps:          0       0       0       0       0       0       0
      Totals:         0       0       0       0       0       0       0
Total ram usage:        0 bytes
 Hardware stack levels used:    1
 Hardware stack levels required when called:    2
 This function calls:
		Nothing
 This function is called by:
		_init_initialize
 This function uses a non-reentrant model


 *************** function _init_timer1_initialize *****************
 Defined at:
		line 17 in file "easat2_init_timer.c"
 Parameters:    Size  Location     Type
		None
 Auto vars:     Size  Location     Type
		None
 Return value:  Size  Location     Type
                  1    wreg      void 
 Registers used:
		wreg, status,2
 Tracked objects:
		On entry : 
		On exit  : 
		Unchanged: 
 Data sizes:     COMRAM   BANK0   BANK1   BANK2   BANK3   BANK4   BANK5
      Params:         0       0       0       0       0       0       0
      Locals:         0       0       0       0       0       0       0
      Temps:          0       0       0       0       0       0       0
      Totals:         0       0       0       0       0       0       0
Total ram usage:        0 bytes
 Hardware stack levels used:    1
 Hardware stack levels required when called:    2
 This function calls:
		Nothing
 This function is called by:
		_init_initialize
 This function uses a non-reentrant model


 *************** function _init_io_initialize *****************
 Defined at:
		line 49 in file "easat2_init_initialize.c"
 Parameters:    Size  Location     Type
		None
 Auto vars:     Size  Location     Type
		None
 Return value:  Size  Location     Type
                  1    wreg      void 
 Registers used:
		wreg, status,2
 Tracked objects:
		On entry : 
		On exit  : 
		Unchanged: 
 Data sizes:     COMRAM   BANK0   BANK1   BANK2   BANK3   BANK4   BANK5
      Params:         0       0       0       0       0       0       0
      Locals:         0       0       0       0       0       0       0
      Temps:          0       0       0       0       0       0       0
      Totals:         0       0       0       0       0       0       0
Total ram usage:        0 bytes
 Hardware stack levels used:    1
 Hardware stack levels required when called:    2
 This function calls:
		Nothing
 This function is called by:
		_init_initialize
 This function uses a non-reentrant model


 *************** function _low_priority_int *****************
 Defined at:
		line 313 in file "easat2_func_interrupts.c"
 Parameters:    Size  Location     Type
		None
 Auto vars:     Size  Location     Type
		None
 Return value:  Size  Location     Type
                  1    wreg      void 
 Registers used:
		None
 Tracked objects:
		On entry : 
		On exit  : 
		Unchanged: 
 Data sizes:     COMRAM   BANK0   BANK1   BANK2   BANK3   BANK4   BANK5
      Params:         0       0       0       0       0       0       0
      Locals:         0       0       0       0       0       0       0
      Temps:          0      17       0       0       0       0       0
      Totals:         0      17       0       0       0       0       0
Total ram usage:       17 bytes
 Hardware stack levels used:    1
 Hardware stack levels required when called:    1
 This function calls:
		Nothing
 This function is called by:
		Interrupt level 1
 This function uses a non-reentrant model


 *************** function _high_priority_int *****************
 Defined at:
		line 19 in file "easat2_func_interrupts.c"
 Parameters:    Size  Location     Type
		None
 Auto vars:     Size  Location     Type
  sample          2   23[COMRAM] unsigned int 
  received_bit    2   21[COMRAM] unsigned int 
  oldest_sampl    2   19[COMRAM] unsigned int 
 Return value:  Size  Location     Type
                  1    wreg      void 
 Registers used:
		wreg, fsr2l, fsr2h, status,2, status,0
 Tracked objects:
		On entry : 
		On exit  : 
		Unchanged: 
 Data sizes:     COMRAM   BANK0   BANK1   BANK2   BANK3   BANK4   BANK5
      Params:         0       0       0       0       0       0       0
      Locals:         6       0       0       0       0       0       0
      Temps:         19       0       0       0       0       0       0
      Totals:        25       0       0       0       0       0       0
Total ram usage:       25 bytes
 Hardware stack levels used:    1
 This function calls:
		Nothing
 This function is called by:
		Interrupt level 2
 This function uses a non-reentrant model



MODULE INFORMATION

Module		Function		Class		Link	Load	Size
C:\Program Files (x86)\Microchip\xc8\v1.41\sources\common\awdiv.c
		___awdiv       		CODE           	34AA	0000	191

C:\Program Files (x86)\Microchip\xc8\v1.41\sources\common\awdiv.c estimated size: 191

C:\Program Files (x86)\Microchip\xc8\v1.41\sources\common\lldiv.c
		___lldiv       		CODE           	389E	0000	143

C:\Program Files (x86)\Microchip\xc8\v1.41\sources\common\lldiv.c estimated size: 143

C:\Program Files (x86)\Microchip\xc8\v1.41\sources\common\doprnt.c
		_scale         		CODE           	1788	0000	1175
		_fround        		CODE           	22A8	0000	673
		__doprnt       		CODE           	00AA	0000	3911

C:\Program Files (x86)\Microchip\xc8\v1.41\sources\common\doprnt.c estimated size: 5759

C:\Program Files (x86)\Microchip\xc8\v1.41\sources\common\ftdivl.c
		__tdiv_to_l_   		CODE           	2AC6	0000	361

C:\Program Files (x86)\Microchip\xc8\v1.41\sources\common\ftdivl.c estimated size: 361

easat2_func_interrupts.c
		_high_priority_int		CODE           	0008	0000	833
		_low_priority_int		CODE           	0018	0000	143

easat2_func_interrupts.c estimated size: 976

C:\Program Files (x86)\Microchip\xc8\v1.41\sources\common\fttol.c
		___fttol       		CODE           	302A	0000	325

C:\Program Files (x86)\Microchip\xc8\v1.41\sources\common\fttol.c estimated size: 325

C:\Program Files (x86)\Microchip\xc8\v1.41\sources\common\Umul16.c
		___wmul        		CODE           	3E06	0000	51

C:\Program Files (x86)\Microchip\xc8\v1.41\sources\common\Umul16.c estimated size: 51

easat2_func_commands.c
		_func_command_management		CODE           	3D66	0000	59

easat2_func_commands.c estimated size: 59

C:\Program Files (x86)\Microchip\xc8\v1.41\sources\common\isdigit.c
		_isdigit       		CODE           	3F5E	0000	31

C:\Program Files (x86)\Microchip\xc8\v1.41\sources\common\isdigit.c estimated size: 31

C:\Program Files (x86)\Microchip\xc8\v1.41\sources\common\ftadd.c
		___ftadd       		CODE           	2548	0000	617

C:\Program Files (x86)\Microchip\xc8\v1.41\sources\common\ftadd.c estimated size: 617

easat2_util_inputs.c
		_util_getTemperature		CODE           	0FF0	0000	1945
		_util_getSolarCurrent		CODE           	3258	0000	203
		_util_getBatteryVoltage		CODE           	33EC	0000	191
		_util_getBatteryCurrent		CODE           	3322	0000	203

easat2_util_inputs.c estimated size: 2542

easat2_util_waits.c
		_util_waits_delay_hours		CODE           	3C20	0000	67
		_util_waits_delay_ms		CODE           	3E98	0000	45
		_util_waits_delay_mins		CODE           	3CE6	0000	65
		_util_waits_delay_secs		CODE           	3A82	0000	97

easat2_util_waits.c estimated size: 274

C:\Program Files (x86)\Microchip\xc8\v1.41\sources\common\ftge.c
		___ftge        		CODE           	36D2	0000	161

C:\Program Files (x86)\Microchip\xc8\v1.41\sources\common\ftge.c estimated size: 161

C:\Program Files (x86)\Microchip\xc8\v1.41\sources\common\sprintf.c
		_sprintf       		CODE           	3B34	0000	83

C:\Program Files (x86)\Microchip\xc8\v1.41\sources\common\sprintf.c estimated size: 83

easat2_util_onewire.c
		_util_onewire_write_byte		CODE           	2944	0000	387
		_util_onewire_read_bit		CODE           	3DD4	0000	51
		_util_onewire_read_byte		CODE           	27B0	0000	405
		_util_onewire_reset		CODE           	3C62	0000	67
		_util_onewire_write_bit		CODE           	3E38	0000	49

easat2_util_onewire.c estimated size: 959

C:\Program Files (x86)\Microchip\xc8\v1.41\sources\common\fldivl.c
		__div_to_l_    		CODE           	2D8C	0000	339

C:\Program Files (x86)\Microchip\xc8\v1.41\sources\common\fldivl.c estimated size: 339

C:\Program Files (x86)\Microchip\xc8\v1.41\sources\common\ftneg.c
		___ftneg       		CODE           	3F3A	0000	37

C:\Program Files (x86)\Microchip\xc8\v1.41\sources\common\ftneg.c estimated size: 37

C:\Program Files (x86)\Microchip\xc8\v1.41\sources\common\strcat.c
		_strcat        		CODE           	3CA4	0000	67

C:\Program Files (x86)\Microchip\xc8\v1.41\sources\common\strcat.c estimated size: 67

C:\Program Files (x86)\Microchip\xc8\v1.41\sources\common\ftsub.c
		___ftsub       		CODE           	3BD4	0000	77

C:\Program Files (x86)\Microchip\xc8\v1.41\sources\common\ftsub.c estimated size: 77

C:\Program Files (x86)\Microchip\xc8\v1.41\sources\common\float.c
		___ftpack      		CODE           	3624	0000	175

C:\Program Files (x86)\Microchip\xc8\v1.41\sources\common\float.c estimated size: 175

easat2_util_transmission.c
		_util_transmit_space_between_letters		CODE           	400C	0000	15
		_util_transmit_letter		CODE           	1C1E	0000	849
		_util_beacon_transmission		CODE           	316E	0000	235
		_util_transmit_dot		CODE           	3F9A	0000	27
		_util_transmit_space_between_dots_dashes		CODE           	401A	0000	15
		_util_transmit_dash		CODE           	3FB4	0000	27
		_util_transmit_space_between_words		CODE           	3FFE	0000	15
		_util_transmit_morse_sequence		CODE           	3A16	0000	109

easat2_util_transmission.c estimated size: 1292

easat2_main_mcu.c
		_main_loop     		CODE           	380C	0000	147
		_main          		CODE           	4028	0000	13

easat2_main_mcu.c estimated size: 160

shared
		__powers_      		MEDIUMCONST    	7EFD	0000	40
		_dpowers       		MEDIUMCONST    	7ED5	0000	41
		golay_weight@F87		MEDIUMCONST    	7F4B	0000	17
		__npowers_     		MEDIUMCONST    	7F24	0000	40
		__initialization		CODE           	3B86	0000	65

shared estimated size: 203

C:\Program Files (x86)\Microchip\xc8\v1.41\sources\common\strlen.c
		_strlen        		CODE           	3AE2	0000	83

C:\Program Files (x86)\Microchip\xc8\v1.41\sources\common\strlen.c estimated size: 83

C:\Program Files (x86)\Microchip\xc8\v1.41\sources\common\awmod.c
		___awmod       		CODE           	39A6	0000	113

C:\Program Files (x86)\Microchip\xc8\v1.41\sources\common\awmod.c estimated size: 113

C:\Program Files (x86)\Microchip\xc8\v1.41\sources\common\putch.c
		_putch         		CODE           	404A	0000	3

C:\Program Files (x86)\Microchip\xc8\v1.41\sources\common\putch.c estimated size: 3

C:\Program Files (x86)\Microchip\xc8\v1.41\sources\common\awtoft.c
		___awtoft      		CODE           	3D26	0000	65

C:\Program Files (x86)\Microchip\xc8\v1.41\sources\common\awtoft.c estimated size: 65

C:\Program Files (x86)\Microchip\xc8\v1.41\sources\common\strcpy.c
		_strcpy        		CODE           	3E68	0000	49

C:\Program Files (x86)\Microchip\xc8\v1.41\sources\common\strcpy.c estimated size: 49

C:\Program Files (x86)\Microchip\xc8\v1.41\sources\common\llmod.c
		___llmod       		CODE           	3772	0000	155

C:\Program Files (x86)\Microchip\xc8\v1.41\sources\common\llmod.c estimated size: 155

C:\Program Files (x86)\Microchip\xc8\v1.41\sources\common\memset.c
		_memset        		CODE           	3EC4	0000	45

C:\Program Files (x86)\Microchip\xc8\v1.41\sources\common\memset.c estimated size: 45

easat2_util_pwm.c
		_util_pwm_stop 		CODE           	4034	0000	9
		_util_pwm_initialize		CODE           	3DA0	0000	53
		_util_pwm_start		CODE           	403C	0000	9

easat2_util_pwm.c estimated size: 71

easat2_init_timer.c
		_init_timer1_initialize		CODE           	3EF0	0000	39
		_init_timer2_initialize		CODE           	3FCE	0000	27

easat2_init_timer.c estimated size: 66

C:\Program Files (x86)\Microchip\xc8\v1.41\sources\common\ftmul.c
		___ftmul       		CODE           	2C2E	0000	351

C:\Program Files (x86)\Microchip\xc8\v1.41\sources\common\ftmul.c estimated size: 351

C:\Program Files (x86)\Microchip\xc8\v1.41\sources\common\lwtoft.c
		___lwtoft      		CODE           	3F16	0000	37

C:\Program Files (x86)\Microchip\xc8\v1.41\sources\common\lwtoft.c estimated size: 37

easat2_init_initialize.c
		_init_io_initialize		CODE           	3568	0000	189
		_init_watchdogs_initialize		CODE           	3F7C	0000	31
		_init_initialize		CODE           	3FE8	0000	23

easat2_init_initialize.c estimated size: 243

C:\Program Files (x86)\Microchip\xc8\v1.41\sources\common\lltoft.c
		___lltoft      		CODE           	392C	0000	123

C:\Program Files (x86)\Microchip\xc8\v1.41\sources\common\lltoft.c estimated size: 123

C:\Program Files (x86)\Microchip\xc8\v1.41\sources\common\ftdiv.c
		___ftdiv       		CODE           	2EDE	0000	333

C:\Program Files (x86)\Microchip\xc8\v1.41\sources\common\ftdiv.c estimated size: 333

