Microchip MPLAB XC8 Compiler V1.40 ()

Linker command line:

-W-3 --edf=C:\Program Files (x86)\Microchip\xc8\v1.40\dat\en_msgs.txt -cs \
  -h+dist/default/production\EASAT2-MCU-C.X.production.sym \
  --cmf=dist/default/production\EASAT2-MCU-C.X.production.cmf -z -Q18F45K22 \
  -oC:\Users\FELIX\AppData\Local\Temp\sso.2 \
  -Mdist/default/production/EASAT2-MCU-C.X.production.map -E1 -ver=XC8 \
  -ASTACK=02C8h-05ffh -pstack=STACK -ACODE=00h-07FFFh -ACONST=00h-07FFFh \
  -ASMALLCONST=0600h-06FFhx122 -AMEDIUMCONST=0600h-07FFFh -ACOMRAM=01h-05Fh \
  -AABS1=00h-05FFh -ABIGRAM=01h-05FFh -ARAM=060h-0FFh,0100h-01FFhx5 \
  -ABANK0=060h-0FFh -ABANK1=0100h-01FFh -ABANK2=0200h-02FFh \
  -ABANK3=0300h-03FFh -ABANK4=0400h-04FFh -ABANK5=0500h-05FFh \
  -ASFR=0F38h-0F5Fh,0F60h-0FFFh \
  -preset_vec=00h,intcode=08h,intcodelo=018h,powerup,init -pramtop=0600h \
  -psmallconst=SMALLCONST -pmediumconst=MEDIUMCONST -pconst=CONST \
  -AFARRAM=00h-00h -ACONFIG=0300000h-030000Dh -pconfig=CONFIG \
  -AIDLOC=0200000h-0200007h -pidloc=IDLOC -AEEDATA=0F00000h-0F000FFh \
  -peeprom_data=EEDATA \
  -prdata=COMRAM,nvrram=COMRAM,nvbit=COMRAM,rbss=COMRAM,rbit=COMRAM \
  -pfarbss=FARRAM,fardata=FARRAM,nvFARRAM=FARRAM \
  -pintsave_regs=BIGRAM,bigbss=BIGRAM,bigdata=BIGRAM -pbss=RAM \
  -pidata=CODE,irdata=CODE,ibigdata=CODE,ifardata=CODE -prparam=COMRAM \
  C:\Users\FELIX\AppData\Local\Temp\sso.obj \
  dist/default/production\EASAT2-MCU-C.X.production.obj 

Object code version is 3.11

Machine type is 18F45K22

Call graph: (short form)




                Name                               Link     Load   Length Selector   Space Scale
C:\Users\FELIX\AppData\Local\Temp\sso.obj
                init                                 A6       A6        4        C       0
                reset_vec                             0        0        4        0       0
                idloc                            200000   200000        8   200000       0
                config                           300000   300000        E   300000       0
dist/default/production\EASAT2-MCU-C.X.production.obj
                intcodelo                            18       18       8E        C       0
                intcode                               8        8        6        4       0
                temp                                 3E       3E        1        1       1
                mediumconst                        7EF4     7EF4      10C     3F7A       0
                text56                             364C     364C       6A        C       0
                intcode_body                       219C     219C      222        C       0
                text53                             31CE     31CE       BC        C       0
                text52                             3C1A     3C1A       26        C       0
                text51                             3CBC     3CBC        A        C       0
                text50                             3B2E     3B2E       32        C       0
                text49                             328A     328A       B8        C       0
                text48                             3BC0     3BC0       30        C       0
                text47                             2E88     2E88       F4        C       0
                text46                             1F34     1F34      268        C       0
                text45                             382C     382C       4C        C       0
                text44                             2AF2     2AF2      144        C       0
                text43                             3342     3342       B0        C       0
                text42                             352C     352C       94        C       0
                text41                             36B6     36B6       68        C       0
                text40                             2842     2842      15E        C       0
                text39                             26DA     26DA      168        C       0
                text38                             33F2     33F2       A6        C       0
                text37                             3498     3498       94        C       0
                text36                             29A0     29A0      152        C       0
                text35                             3AFC     3AFC       32        C       0
                text34                             1C88     1C88      2AC        C       0
                text33                             3C62     3C62       1E        C       0
                text32                             13EA     13EA      4AE        C       0
                text31                               AA       AA      B9E        C       0
                text30                             38BE     38BE       44        C       0
                text29                             3ACA     3ACA       32        C       0
                text28                             3782     3782       56        C       0
                text27                             3B90     3B90       30        C       0
                text26                             3C40     3C40       22        C       0
                text25                             3B60     3B60       30        C       0
                text24                             3A64     3A64       34        C       0
                text23                             3A30     3A30       34        C       0
                text22                             3CA0     3CA0       10        C       0
                text21                             371E     371E       64        C       0
                text20                             3C90     3C90       10        C       0
                text19                             3C80     3C80       10        C       0
                text18                             1898     1898      3F0        C       0
                text17                             2D76     2D76      112        C       0
                text16                             3BF0     3BF0       2A        C       0
                text15                             3046     3046       CA        C       0
                text14                             3110     3110       BE        C       0
                text13                             2F7C     2F7C       CA        C       0
                text12                             3986     3986       40        C       0
                text11                             2C36     2C36      140        C       0
                text10                             3A98     3A98       32        C       0
                text9                              23BE     23BE      194        C       0
                text8                              3944     3944       42        C       0
                text7                              39FC     39FC       34        C       0
                text6                              2552     2552      188        C       0
                text5                              37D8     37D8       54        C       0
                text4                               C48      C48      7A2        C       0
                text3                              39C6     39C6       36        C       0
                text2                              3902     3902       42        C       0
                text1                              35C0     35C0       8C        C       0
                text0                              3CB0     3CB0        C        C       0
                cstackCOMRAM                          1        1       2C        1       1
                cstackBANK0                          60       60       86       60       1
                cstackBANK1                         100      100       CE      100       1
                bssBANK2                            200      200       C8      200       1
                dataCOMRAM                           39       39        5        1       1
                bssCOMRAM                            2D       2D        C        1       1
                cinit                              3878     3878       46        C       0
                idataCOMRAM                        3CC6     3CC6        5        C       0

TOTAL           Name                               Link     Load   Length     Space
        CLASS   STACK          

        CLASS   CODE           
                intcodelo                            18       18       8E         0
                intcode                               8        8        6         0
                init                                 A6       A6        4         0
                reset_vec                             0        0        4         0
                text56                             364C     364C       6A         0
                intcode_body                       219C     219C      222         0
                text53                             31CE     31CE       BC         0
                text52                             3C1A     3C1A       26         0
                text51                             3CBC     3CBC        A         0
                text50                             3B2E     3B2E       32         0
                text49                             328A     328A       B8         0
                text48                             3BC0     3BC0       30         0
                text47                             2E88     2E88       F4         0
                text46                             1F34     1F34      268         0
                text45                             382C     382C       4C         0
                text44                             2AF2     2AF2      144         0
                text43                             3342     3342       B0         0
                text42                             352C     352C       94         0
                text41                             36B6     36B6       68         0
                text40                             2842     2842      15E         0
                text39                             26DA     26DA      168         0
                text38                             33F2     33F2       A6         0
                text37                             3498     3498       94         0
                text36                             29A0     29A0      152         0
                text35                             3AFC     3AFC       32         0
                text34                             1C88     1C88      2AC         0
                text33                             3C62     3C62       1E         0
                text32                             13EA     13EA      4AE         0
                text31                               AA       AA      B9E         0
                text30                             38BE     38BE       44         0
                text29                             3ACA     3ACA       32         0
                text28                             3782     3782       56         0
                text27                             3B90     3B90       30         0
                text26                             3C40     3C40       22         0
                text25                             3B60     3B60       30         0
                text24                             3A64     3A64       34         0
                text23                             3A30     3A30       34         0
                text22                             3CA0     3CA0       10         0
                text21                             371E     371E       64         0
                text20                             3C90     3C90       10         0
                text19                             3C80     3C80       10         0
                text18                             1898     1898      3F0         0
                text17                             2D76     2D76      112         0
                text16                             3BF0     3BF0       2A         0
                text15                             3046     3046       CA         0
                text14                             3110     3110       BE         0
                text13                             2F7C     2F7C       CA         0
                text12                             3986     3986       40         0
                text11                             2C36     2C36      140         0
                text10                             3A98     3A98       32         0
                text9                              23BE     23BE      194         0
                text8                              3944     3944       42         0
                text7                              39FC     39FC       34         0
                text6                              2552     2552      188         0
                text5                              37D8     37D8       54         0
                text4                               C48      C48      7A2         0
                text3                              39C6     39C6       36         0
                text2                              3902     3902       42         0
                text1                              35C0     35C0       8C         0
                text0                              3CB0     3CB0        C         0
                cinit                              3878     3878       46         0
                idataCOMRAM                        3CC6     3CC6        5         0

        CLASS   CONST          

        CLASS   SMALLCONST     

        CLASS   MEDIUMCONST    
                mediumconst                        7EF4     7EF4      10C         0

        CLASS   COMRAM         
                temp                                 3E       3E        1         1
                cstackCOMRAM                          1        1       2C         1
                dataCOMRAM                           39       39        5         1
                bssCOMRAM                            2D       2D        C         1

        CLASS   ABS1           

        CLASS   BIGRAM         

        CLASS   RAM            

        CLASS   BANK0          
                cstackBANK0                          60       60       86         1

        CLASS   BANK1          
                cstackBANK1                         100      100       CE         1

        CLASS   BANK2          
                bssBANK2                            200      200       C8         1

        CLASS   BANK3          

        CLASS   BANK4          

        CLASS   BANK5          

        CLASS   SFR            

        CLASS   FARRAM         

        CLASS   CONFIG         
                config                           300000   300000        E         0

        CLASS   IDLOC          
                idloc                            200000   200000        8         0

        CLASS   EEDATA         



SEGMENTS        Name                           Load    Length   Top    Selector   Space  Class

                reset_vec                      000000  000004  000004         0       0  CODE    
                cstackCOMRAM                   000001  00003E  00003F         1       1  COMRAM  
                intcode                        000008  000006  00000E         4       0  CODE    
                intcodelo                      000018  003CB3  003CCB         C       0  CODE    
                cstackBANK0                    000060  000086  0000E6        60       1  BANK0   
                cstackBANK1                    000100  0000CE  0001CE       100       1  BANK1   
                bssBANK2                       000200  0000C8  0002C8       200       1  BANK2   
                mediumconst                    007EF4  00010C  008000      3F7A       0  MEDIUMCO
                idloc                          200000  000008  200008    200000       0  IDLOC   
                config                         300000  00000E  30000E    300000       0  CONFIG  


UNUSED ADDRESS RANGES

        Name                Unused          Largest block    Delta
        BANK0            0000E6-0000FF               1A
        BANK1            0001CE-0001FF               32
        BANK2            0002C8-0002FF               38
        BANK3            000300-0003FF              100
        BANK4            000400-0004FF              100
        BANK5            000500-0005FF              100
        BIGRAM           00003F-00005F               21
                         0000E6-0000FF               1A
                         0001CE-0001FF               32
                         0002C8-0005FF              338
        CODE             000004-000007                4
                         00000E-000017                A
                         003CCB-007EF3             4229
        COMRAM           00003F-00005F               21
        CONST            000004-000007                4
                         00000E-000017                A
                         003CCB-007EF3             4229
        EEDATA           F00000-F000FF              100
        MEDIUMCONST      003CCB-007EF3             4229
        RAM              0000E6-0000FF               1A
                         0001CE-0001FF               32
                         0002C8-0005FF              100
        SFR              000F38-000FFF               28
        SMALLCONST       003CCB-007EF3              100
        STACK            0002C8-0005FF              338

                                  Symbol Table

?___awdiv                                         cstackBANK0  000075
?___awmod                                         cstackBANK0  000071
?___awtoft                                        cstackBANK0  000076
?___ftadd                                         cstackBANK0  000093
?___ftdiv                                         cstackBANK0  000079
?___ftmul                                         cstackBANK0  00007D
?___ftneg                                         cstackBANK0  000071
?___ftpack                                        cstackBANK0  000071
?___ftsub                                         cstackBANK0  00009F
?___fttol                                         cstackBANK0  000090
?___lldiv                                         cstackBANK0  000071
?___llmod                                         cstackBANK0  000079
?___lltoft                                        cstackBANK0  000076
?___ltdiv                                         cstackCOMRAM 000001
?___lwtoft                                        cstackBANK0  000076
?___wmul                                          cstackBANK0  000079
?__div_to_l_                                      cstackBANK0  000071
?__tdiv_to_l_                                     cstackBANK0  000071
?_fround                                          cstackBANK0  000089
?_scale                                           cstackBANK0  000089
?_sprintf                                         cstackBANK0  0000A5
?_strlen                                          cstackBANK0  000071
?_util_getBatteryCurrent                          cstackBANK0  00009F
?_util_getBatteryVoltage                          cstackBANK0  000089
?_util_getSolarCurrent                            cstackBANK0  00009F
?_util_getTemperature                             cstackBANK0  00009F
?_util_onewire_read_bit                           cstackBANK0  000071
?_util_onewire_read_byte                          cstackBANK0  000073
?_util_onewire_reset                              cstackBANK0  000071
_ADCON0bits                                       (abs)        000FC2
_ADCON1                                           (abs)        000FC1
_ADCON2                                           (abs)        000FC0
_ADRES                                            (abs)        000FC3
_ANSELAbits                                       (abs)        000F38
_ANSELBbits                                       (abs)        000F39
_ANSELDbits                                       (abs)        000F3B
_INTCONbits                                       (abs)        000FF2
_IPR1bits                                         (abs)        000F9F
_LATAbits                                         (abs)        000F89
_LATBbits                                         (abs)        000F8A
_LATDbits                                         (abs)        000F8C
_PIE1bits                                         (abs)        000F9D
_PIR1bits                                         (abs)        000F9E
_PORTAbits                                        (abs)        000F80
_PORTBbits                                        (abs)        000F81
_PORTDbits                                        (abs)        000F83
_RBPU                                             (abs)        007F8F
_RCONbits                                         (abs)        000FD0
_T1CONbits                                        (abs)        000FCD
_TMR1H                                            (abs)        000FCF
_TMR1L                                            (abs)        000FCE
_TRISAbits                                        (abs)        000F92
_TRISBbits                                        (abs)        000F93
_TRISDbits                                        (abs)        000F95
_VREFCON0bits                                     (abs)        000F42
_WPUB                                             (abs)        000F61
__CFG_BOREN$OFF                                   (abs)        000000
__CFG_BORV$190                                    (abs)        000000
__CFG_CCP2MX$PORTC1                               (abs)        000000
__CFG_CCP3MX$PORTB5                               (abs)        000000
__CFG_CP0$OFF                                     (abs)        000000
__CFG_CP1$OFF                                     (abs)        000000
__CFG_CP2$OFF                                     (abs)        000000
__CFG_CP3$OFF                                     (abs)        000000
__CFG_CPB$OFF                                     (abs)        000000
__CFG_CPD$OFF                                     (abs)        000000
__CFG_EBTR0$OFF                                   (abs)        000000
__CFG_EBTR1$OFF                                   (abs)        000000
__CFG_EBTR2$OFF                                   (abs)        000000
__CFG_EBTR3$OFF                                   (abs)        000000
__CFG_EBTRB$OFF                                   (abs)        000000
__CFG_FCMEN$OFF                                   (abs)        000000
__CFG_FOSC$XT                                     (abs)        000000
__CFG_HFOFST$OFF                                  (abs)        000000
__CFG_IESO$OFF                                    (abs)        000000
__CFG_LVP$OFF                                     (abs)        000000
__CFG_MCLRE$EXTMCLR                               (abs)        000000
__CFG_P2BMX$PORTC0                                (abs)        000000
__CFG_PBADEN$OFF                                  (abs)        000000
__CFG_PLLCFG$OFF                                  (abs)        000000
__CFG_PRICLKEN$ON                                 (abs)        000000
__CFG_PWRTEN$OFF                                  (abs)        000000
__CFG_STVREN$ON                                   (abs)        000000
__CFG_T3CMX$PORTB5                                (abs)        000000
__CFG_WDTEN$ON                                    (abs)        000000
__CFG_WDTPS$32768                                 (abs)        000000
__CFG_WRT0$OFF                                    (abs)        000000
__CFG_WRT1$OFF                                    (abs)        000000
__CFG_WRT2$OFF                                    (abs)        000000
__CFG_WRT3$OFF                                    (abs)        000000
__CFG_WRTB$OFF                                    (abs)        000000
__CFG_WRTC$ON                                     (abs)        000000
__CFG_WRTD$ON                                     (abs)        000000
__CFG_XINST$OFF                                   (abs)        000000
__HRAM                                            (abs)        000000
__Habs1                                           abs1         000000
__Hbank0                                          bank0        000000
__Hbank1                                          bank1        000000
__Hbank2                                          bank2        000000
__Hbank3                                          bank3        000000
__Hbank4                                          bank4        000000
__Hbank5                                          bank5        000000
__Hbigbss                                         bigbss       000000
__Hbigdata                                        bigdata      000000
__Hbigram                                         bigram       000000
__Hbss                                            bss          000000
__HbssBANK2                                       bssBANK2     000000
__HbssCOMRAM                                      bssCOMRAM    000000
__Hcinit                                          cinit        000000
__Hclrtext                                        clrtext      000000
__Hcomram                                         comram       000000
__Hconfig                                         config       30000E
__Hconst                                          const        000000
__HcstackBANK0                                    cstackBANK0  000000
__HcstackBANK1                                    cstackBANK1  000000
__HcstackCOMRAM                                   cstackCOMRAM 000000
__Hdata                                           data         000000
__HdataCOMRAM                                     dataCOMRAM   000000
__Heeprom_data                                    eeprom_data  000000
__Hfarbss                                         farbss       000000
__Hfardata                                        fardata      000000
__Hibigdata                                       ibigdata     000000
__Hidata                                          idata        000000
__HidataCOMRAM                                    idataCOMRAM  000000
__Hidloc                                          idloc        200008
__Hifardata                                       ifardata     000000
__Hinit                                           init         0000AA
__Hintcode                                        intcode      00000E
__Hintcode_body                                   intcode_body 000000
__Hintcodelo                                      intcodelo    0000A6
__Hintentry                                       intentry     000000
__Hintret                                         intret       000000
__Hintsave_regs                                   intsave_regs 000000
__Hirdata                                         irdata       000000
__Hmediumconst                                    mediumconst  008000
__HnvFARRAM                                       nvFARRAM     000000
__Hnvbit                                          nvbit        000000
__Hnvrram                                         nvrram       000000
__Hparam                                          rparam       000000
__Hpowerup                                        powerup      0000A6
__Hram                                            ram          000000
__Hramtop                                         ramtop       000600
__Hrbit                                           rbit         000000
__Hrbss                                           rbss         000000
__Hrdata                                          rdata        000000
__Hreset_vec                                      reset_vec    000004
__Hrparam                                         rparam       000000
__Hsfr                                            sfr          000000
__Hsmallconst                                     smallconst   000000
__Hspace_0                                        (abs)        30000E
__Hspace_1                                        (abs)        0002C8
__Hspace_2                                        (abs)        000000
__Hstack                                          stack        000000
__Hstruct                                         struct       000000
__Htemp                                           temp         00003F
__Htext                                           text         000000
__Htext0                                          text0        000000
__Htext1                                          text1        000000
__Htext10                                         text10       000000
__Htext11                                         text11       000000
__Htext12                                         text12       000000
__Htext13                                         text13       000000
__Htext14                                         text14       000000
__Htext15                                         text15       000000
__Htext16                                         text16       000000
__Htext17                                         text17       000000
__Htext18                                         text18       000000
__Htext19                                         text19       000000
__Htext2                                          text2        000000
__Htext20                                         text20       000000
__Htext21                                         text21       000000
__Htext22                                         text22       000000
__Htext23                                         text23       000000
__Htext24                                         text24       000000
__Htext25                                         text25       000000
__Htext26                                         text26       000000
__Htext27                                         text27       000000
__Htext28                                         text28       000000
__Htext29                                         text29       000000
__Htext3                                          text3        000000
__Htext30                                         text30       000000
__Htext31                                         text31       000000
__Htext32                                         text32       000000
__Htext33                                         text33       000000
__Htext34                                         text34       000000
__Htext35                                         text35       000000
__Htext36                                         text36       000000
__Htext37                                         text37       000000
__Htext38                                         text38       000000
__Htext39                                         text39       000000
__Htext4                                          text4        000000
__Htext40                                         text40       000000
__Htext41                                         text41       000000
__Htext42                                         text42       000000
__Htext43                                         text43       000000
__Htext44                                         text44       000000
__Htext45                                         text45       000000
__Htext46                                         text46       000000
__Htext47                                         text47       000000
__Htext48                                         text48       000000
__Htext49                                         text49       000000
__Htext5                                          text5        000000
__Htext50                                         text50       000000
__Htext51                                         text51       000000
__Htext52                                         text52       000000
__Htext53                                         text53       000000
__Htext56                                         text56       000000
__Htext6                                          text6        000000
__Htext7                                          text7        000000
__Htext8                                          text8        000000
__Htext9                                          text9        000000
__LRAM                                            (abs)        000001
__Labs1                                           abs1         000000
__Lbank0                                          bank0        000000
__Lbank1                                          bank1        000000
__Lbank2                                          bank2        000000
__Lbank3                                          bank3        000000
__Lbank4                                          bank4        000000
__Lbank5                                          bank5        000000
__Lbigbss                                         bigbss       000000
__Lbigdata                                        bigdata      000000
__Lbigram                                         bigram       000000
__Lbss                                            bss          000000
__LbssBANK2                                       bssBANK2     000000
__LbssCOMRAM                                      bssCOMRAM    000000
__Lcinit                                          cinit        000000
__Lclrtext                                        clrtext      000000
__Lcomram                                         comram       000000
__Lconfig                                         config       300000
__Lconst                                          const        000000
__LcstackBANK0                                    cstackBANK0  000000
__LcstackBANK1                                    cstackBANK1  000000
__LcstackCOMRAM                                   cstackCOMRAM 000000
__Ldata                                           data         000000
__LdataCOMRAM                                     dataCOMRAM   000000
__Leeprom_data                                    eeprom_data  000000
__Lfarbss                                         farbss       000000
__Lfardata                                        fardata      000000
__Libigdata                                       ibigdata     000000
__Lidata                                          idata        000000
__LidataCOMRAM                                    idataCOMRAM  000000
__Lidloc                                          idloc        200000
__Lifardata                                       ifardata     000000
__Linit                                           init         0000A6
__Lintcode                                        intcode      000008
__Lintcode_body                                   intcode_body 000000
__Lintcodelo                                      intcodelo    000018
__Lintentry                                       intentry     000000
__Lintret                                         intret       000000
__Lintsave_regs                                   intsave_regs 000000
__Lirdata                                         irdata       000000
__Lmediumconst                                    mediumconst  007EF4
__LnvFARRAM                                       nvFARRAM     000000
__Lnvbit                                          nvbit        000000
__Lnvrram                                         nvrram       000000
__Lparam                                          rparam       000000
__Lpowerup                                        powerup      0000A6
__Lram                                            ram          000000
__Lramtop                                         ramtop       000600
__Lrbit                                           rbit         000000
__Lrbss                                           rbss         000000
__Lrdata                                          rdata        000000
__Lreset_vec                                      reset_vec    000000
__Lrparam                                         rparam       000000
__Lsfr                                            sfr          000000
__Lsmallconst                                     smallconst   000000
__Lspace_0                                        (abs)        000000
__Lspace_1                                        (abs)        000000
__Lspace_2                                        (abs)        000000
__Lstack                                          stack        000000
__Lstruct                                         struct       000000
__Ltemp                                           temp         00003E
__Ltext                                           text         000000
__Ltext0                                          text0        000000
__Ltext1                                          text1        000000
__Ltext10                                         text10       000000
__Ltext11                                         text11       000000
__Ltext12                                         text12       000000
__Ltext13                                         text13       000000
__Ltext14                                         text14       000000
__Ltext15                                         text15       000000
__Ltext16                                         text16       000000
__Ltext17                                         text17       000000
__Ltext18                                         text18       000000
__Ltext19                                         text19       000000
__Ltext2                                          text2        000000
__Ltext20                                         text20       000000
__Ltext21                                         text21       000000
__Ltext22                                         text22       000000
__Ltext23                                         text23       000000
__Ltext24                                         text24       000000
__Ltext25                                         text25       000000
__Ltext26                                         text26       000000
__Ltext27                                         text27       000000
__Ltext28                                         text28       000000
__Ltext29                                         text29       000000
__Ltext3                                          text3        000000
__Ltext30                                         text30       000000
__Ltext31                                         text31       000000
__Ltext32                                         text32       000000
__Ltext33                                         text33       000000
__Ltext34                                         text34       000000
__Ltext35                                         text35       000000
__Ltext36                                         text36       000000
__Ltext37                                         text37       000000
__Ltext38                                         text38       000000
__Ltext39                                         text39       000000
__Ltext4                                          text4        000000
__Ltext40                                         text40       000000
__Ltext41                                         text41       000000
__Ltext42                                         text42       000000
__Ltext43                                         text43       000000
__Ltext44                                         text44       000000
__Ltext45                                         text45       000000
__Ltext46                                         text46       000000
__Ltext47                                         text47       000000
__Ltext48                                         text48       000000
__Ltext49                                         text49       000000
__Ltext5                                          text5        000000
__Ltext50                                         text50       000000
__Ltext51                                         text51       000000
__Ltext52                                         text52       000000
__Ltext53                                         text53       000000
__Ltext56                                         text56       000000
__Ltext6                                          text6        000000
__Ltext7                                          text7        000000
__Ltext8                                          text8        000000
__Ltext9                                          text9        000000
__S0                                              (abs)        30000E
__S1                                              (abs)        0002C8
__S2                                              (abs)        000000
___awdiv                                          text38       0033F2
___awdiv@counter                                  cstackCOMRAM 000024
___awdiv@dividend                                 cstackBANK0  000075
___awdiv@divisor                                  cstackBANK0  000077
___awdiv@quotient                                 cstackCOMRAM 000026
___awdiv@sign                                     cstackCOMRAM 000025
___awmod                                          text37       003498
___awmod@counter                                  cstackCOMRAM 000022
___awmod@dividend                                 cstackBANK0  000071
___awmod@divisor                                  cstackBANK0  000073
___awmod@sign                                     cstackCOMRAM 000023
___awtoft                                         text12       003986
___awtoft@c                                       cstackBANK0  000076
___awtoft@sign                                    cstackCOMRAM 000025
___ftadd                                          text46       001F34
___ftadd@exp1                                     cstackBANK0  00009E
___ftadd@exp2                                     cstackBANK0  00009D
___ftadd@f1                                       cstackBANK0  000093
___ftadd@f2                                       cstackBANK0  000096
___ftadd@sign                                     cstackBANK0  00009C
___ftdiv                                          text11       002C36
___ftdiv@cntr                                     cstackBANK0  00007F
___ftdiv@exp                                      cstackBANK0  000083
___ftdiv@f1                                       cstackBANK0  000079
___ftdiv@f2                                       cstackBANK0  00007C
___ftdiv@f3                                       cstackBANK0  000080
___ftdiv@sign                                     cstackBANK0  000084
___ftge                                           text49       00328A
___ftge@ff1                                       cstackBANK0  000071
___ftge@ff2                                       cstackBANK0  000074
___ftmul                                          text36       0029A0
___ftmul@cntr                                     cstackBANK0  000087
___ftmul@exp                                      cstackBANK0  000083
___ftmul@f1                                       cstackBANK0  00007D
___ftmul@f2                                       cstackBANK0  000080
___ftmul@f3_as_product                            cstackBANK0  000084
___ftmul@sign                                     cstackBANK0  000088
___ftneg                                          text48       003BC0
___ftneg@f1                                       cstackBANK0  000071
___ftpack                                         text47       002E88
___ftpack@arg                                     cstackBANK0  000071
___ftpack@exp                                     cstackBANK0  000074
___ftpack@sign                                    cstackBANK0  000075
___ftsub                                          text45       00382C
___ftsub@f1                                       cstackBANK0  00009F
___ftsub@f2                                       cstackBANK0  0000A2
___fttol                                          text44       002AF2
___fttol@exp1                                     cstackBANK0  00009E
___fttol@f1                                       cstackBANK0  000090
___fttol@lval                                     cstackBANK0  00009A
___fttol@sign1                                    cstackBANK0  000099
___inthi_sp                                       stack        000000
___intlo_sp                                       stack        000000
___lldiv                                          text43       003342
___lldiv@counter                                  cstackCOMRAM 000026
___lldiv@dividend                                 cstackBANK0  000071
___lldiv@divisor                                  cstackBANK0  000075
___lldiv@quotient                                 cstackCOMRAM 000022
___llmod                                          text42       00352C
___llmod@counter                                  cstackCOMRAM 000027
___llmod@dividend                                 cstackBANK0  000079
___llmod@divisor                                  cstackBANK0  00007D
___lltoft                                         text41       0036B6
___lltoft@c                                       cstackBANK0  000076
___lltoft@exp                                     cstackCOMRAM 000029
___ltdiv                                          text56       00364C
___ltdiv@counter                                  cstackCOMRAM 00000A
___ltdiv@dividend                                 cstackCOMRAM 000001
___ltdiv@divisor                                  cstackCOMRAM 000004
___ltdiv@quotient                                 cstackCOMRAM 000007
___lwtoft                                         text16       003BF0
___lwtoft@c                                       cstackBANK0  000076
___param_bank                                     (abs)        000000
___rparam_used                                    (abs)        000001
___sp                                             stack        000000
___wmul                                           text35       003AFC
___wmul@multiplicand                              cstackBANK0  00007B
___wmul@multiplier                                cstackBANK0  000079
___wmul@product                                   cstackCOMRAM 000028
__accesstop                                       (abs)        000060
__activetblptr                                    (abs)        000002
__div_to_l_                                       text40       002842
__div_to_l_@cntr                                  cstackCOMRAM 000026
__div_to_l_@exp1                                  cstackCOMRAM 000027
__div_to_l_@f1                                    cstackBANK0  000071
__div_to_l_@f2                                    cstackBANK0  000074
__div_to_l_@quot                                  cstackCOMRAM 000022
__end_of___awdiv                                  text38       003498
__end_of___awmod                                  text37       00352C
__end_of___awtoft                                 text12       0039C6
__end_of___ftadd                                  text46       00219C
__end_of___ftdiv                                  text11       002D76
__end_of___ftge                                   text49       003342
__end_of___ftmul                                  text36       002AF2
__end_of___ftneg                                  text48       003BF0
__end_of___ftpack                                 text47       002F7C
__end_of___ftsub                                  text45       003878
__end_of___fttol                                  text44       002C36
__end_of___lldiv                                  text43       0033F2
__end_of___llmod                                  text42       0035C0
__end_of___lltoft                                 text41       00371E
__end_of___ltdiv                                  text56       0036B6
__end_of___lwtoft                                 text16       003C1A
__end_of___wmul                                   text35       003B2E
__end_of__div_to_l_                               text40       0029A0
__end_of__initialization                          cinit        0038B0
__end_of__npowers_                                mediumconst  007F44
__end_of__powers_                                 mediumconst  007F6B
__end_of__tdiv_to_l_                              text39       002842
__end_of_dpowers                                  mediumconst  007F1D
__end_of_fround                                   text34       001F34
__end_of_high_priority_int                        intcode_body 0023BE
__end_of_initialize                               text51       003CC6
__end_of_io_initialize                            text53       00328A
__end_of_isdigit                                  text33       003C80
__end_of_low_priority_int                         intcodelo    0000A6
__end_of_main                                     text0        003CBC
__end_of_main_loop                                text1        00364C
__end_of_memset                                   text50       003B60
__end_of_scale                                    text32       001898
__end_of_sprintf                                  text31       000C48
__end_of_strcat                                   text30       003902
__end_of_strcpy                                   text29       003AFC
__end_of_strlen                                   text28       0037D8
__end_of_util_beacon_transmission                 text17       002E88
__end_of_util_getBatteryCurrent                   text15       003110
__end_of_util_getBatteryVoltage                   text14       0031CE
__end_of_util_getSolarCurrent                     text13       003046
__end_of_util_getTemperature                      text4        0013EA
__end_of_util_onewire_read_bit                    text10       003ACA
__end_of_util_onewire_read_byte                   text9        002552
__end_of_util_onewire_reset                       text8        003986
__end_of_util_onewire_write_bit                   text7        003A30
__end_of_util_onewire_write_byte                  text6        0026DA
__end_of_util_timer1_initialize                   text52       003C40
__end_of_util_transmit_buzzer_1ms_cycle           text26       003C62
__end_of_util_transmit_dash                       text24       003A98
__end_of_util_transmit_dot                        text23       003A64
__end_of_util_transmit_letter                     text18       001C88
__end_of_util_transmit_morse_sequence             text21       003782
__end_of_util_transmit_space_between_dots_dashes  text22       003CB0
__end_of_util_transmit_space_between_letters      text20       003CA0
__end_of_util_transmit_space_between_words        text19       003C90
__end_of_util_waits_delay_hours                   text2        003944
__end_of_util_waits_delay_hundred_us              text27       003BC0
__end_of_util_waits_delay_mins                    text3        0039FC
__end_of_util_waits_delay_ms                      text25       003B90
__end_of_util_waits_delay_secs                    text5        00382C
__initialization                                  cinit        003878
__mediumconst                                     mediumconst  007EF4
__npowers_                                        mediumconst  007F1D
__pbssBANK2                                       bssBANK2     000200
__pbssCOMRAM                                      bssCOMRAM    00002D
__pcinit                                          cinit        003878
__pcstackBANK0                                    cstackBANK0  000060
__pcstackBANK1                                    cstackBANK1  000100
__pcstackCOMRAM                                   cstackCOMRAM 000001
__pdataCOMRAM                                     dataCOMRAM   000039
__pidataCOMRAM                                    idataCOMRAM  003CC6
__pintcode                                        intcode      000008
__pintcode_body                                   intcode_body 00219C
__pintcodelo                                      intcodelo    000018
__pmediumconst                                    mediumconst  007EF4
__powers_                                         mediumconst  007F44
__ptext0                                          text0        003CB0
__ptext1                                          text1        0035C0
__ptext10                                         text10       003A98
__ptext11                                         text11       002C36
__ptext12                                         text12       003986
__ptext13                                         text13       002F7C
__ptext14                                         text14       003110
__ptext15                                         text15       003046
__ptext16                                         text16       003BF0
__ptext17                                         text17       002D76
__ptext18                                         text18       001898
__ptext19                                         text19       003C80
__ptext2                                          text2        003902
__ptext20                                         text20       003C90
__ptext21                                         text21       00371E
__ptext22                                         text22       003CA0
__ptext23                                         text23       003A30
__ptext24                                         text24       003A64
__ptext25                                         text25       003B60
__ptext26                                         text26       003C40
__ptext27                                         text27       003B90
__ptext28                                         text28       003782
__ptext29                                         text29       003ACA
__ptext3                                          text3        0039C6
__ptext30                                         text30       0038BE
__ptext31                                         text31       0000AA
__ptext32                                         text32       0013EA
__ptext33                                         text33       003C62
__ptext34                                         text34       001C88
__ptext35                                         text35       003AFC
__ptext36                                         text36       0029A0
__ptext37                                         text37       003498
__ptext38                                         text38       0033F2
__ptext39                                         text39       0026DA
__ptext4                                          text4        000C48
__ptext40                                         text40       002842
__ptext41                                         text41       0036B6
__ptext42                                         text42       00352C
__ptext43                                         text43       003342
__ptext44                                         text44       002AF2
__ptext45                                         text45       00382C
__ptext46                                         text46       001F34
__ptext47                                         text47       002E88
__ptext48                                         text48       003BC0
__ptext49                                         text49       00328A
__ptext5                                          text5        0037D8
__ptext50                                         text50       003B2E
__ptext51                                         text51       003CBC
__ptext52                                         text52       003C1A
__ptext53                                         text53       0031CE
__ptext56                                         text56       00364C
__ptext6                                          text6        002552
__ptext7                                          text7        0039FC
__ptext8                                          text8        003944
__ptext9                                          text9        0023BE
__ramtop                                          ramtop       000600
__size_of___awdiv                                 (abs)        000000
__size_of___awmod                                 (abs)        000000
__size_of___awtoft                                (abs)        000000
__size_of___ftadd                                 (abs)        000000
__size_of___ftdiv                                 (abs)        000000
__size_of___ftge                                  (abs)        000000
__size_of___ftmul                                 (abs)        000000
__size_of___ftneg                                 (abs)        000000
__size_of___ftpack                                (abs)        000000
__size_of___ftsub                                 (abs)        000000
__size_of___fttol                                 (abs)        000000
__size_of___lldiv                                 (abs)        000000
__size_of___llmod                                 (abs)        000000
__size_of___lltoft                                (abs)        000000
__size_of___ltdiv                                 (abs)        000000
__size_of___lwtoft                                (abs)        000000
__size_of___wmul                                  (abs)        000000
__size_of__div_to_l_                              (abs)        000000
__size_of__tdiv_to_l_                             (abs)        000000
__size_of_fround                                  (abs)        000000
__size_of_high_priority_int                       (abs)        000000
__size_of_initialize                              (abs)        000000
__size_of_io_initialize                           (abs)        000000
__size_of_isdigit                                 (abs)        000000
__size_of_low_priority_int                        (abs)        000000
__size_of_main                                    (abs)        000000
__size_of_main_loop                               (abs)        000000
__size_of_memset                                  (abs)        000000
__size_of_scale                                   (abs)        000000
__size_of_sprintf                                 (abs)        000000
__size_of_strcat                                  (abs)        000000
__size_of_strcpy                                  (abs)        000000
__size_of_strlen                                  (abs)        000000
__size_of_util_beacon_transmission                (abs)        000000
__size_of_util_getBatteryCurrent                  (abs)        000000
__size_of_util_getBatteryVoltage                  (abs)        000000
__size_of_util_getSolarCurrent                    (abs)        000000
__size_of_util_getTemperature                     (abs)        000000
__size_of_util_onewire_read_bit                   (abs)        000000
__size_of_util_onewire_read_byte                  (abs)        000000
__size_of_util_onewire_reset                      (abs)        000000
__size_of_util_onewire_write_bit                  (abs)        000000
__size_of_util_onewire_write_byte                 (abs)        000000
__size_of_util_timer1_initialize                  (abs)        000000
__size_of_util_transmit_buzzer_1ms_cycle          (abs)        000000
__size_of_util_transmit_dash                      (abs)        000000
__size_of_util_transmit_dot                       (abs)        000000
__size_of_util_transmit_letter                    (abs)        000000
__size_of_util_transmit_morse_sequence            (abs)        000000
__size_of_util_transmit_space_between_dots_dashes (abs)        000000
__size_of_util_transmit_space_between_letters     (abs)        000000
__size_of_util_transmit_space_between_words       (abs)        000000
__size_of_util_waits_delay_hours                  (abs)        000000
__size_of_util_waits_delay_hundred_us             (abs)        000000
__size_of_util_waits_delay_mins                   (abs)        000000
__size_of_util_waits_delay_ms                     (abs)        000000
__size_of_util_waits_delay_secs                   (abs)        000000
__smallconst                                      smallconst   000000
__tdiv_to_l_                                      text39       0026DA
__tdiv_to_l_@cntr                                 cstackCOMRAM 000029
__tdiv_to_l_@exp1                                 cstackCOMRAM 00002A
__tdiv_to_l_@f1                                   cstackBANK0  000071
__tdiv_to_l_@f2                                   cstackBANK0  000074
__tdiv_to_l_@quot                                 cstackCOMRAM 000025
_dpowers                                          mediumconst  007EF5
_fround                                           text34       001C88
_fround$2423                                      cstackBANK0  00008F
_fround$2424                                      cstackBANK0  00008C
_high_priority_int                                intcode      000008
_initialize                                       text51       003CBC
_io_initialize                                    text53       0031CE
_isdigit                                          text33       003C62
_isdigit$2065                                     cstackCOMRAM 000023
_low_priority_int                                 intcodelo    000018
_main                                             text0        003CB0
_main_loop                                        text1        0035C0
_memset                                           text50       003B2E
_scale                                            text32       0013EA
_scale$2425                                       cstackBANK0  00008C
_sprintf                                          text31       0000AA
_sprintf$2426                                     cstackBANK0  0000B9
_strcat                                           text30       0038BE
_strcpy                                           text29       003ACA
_strlen                                           text28       003782
_tmr1_interrupt_number                            bssCOMRAM    00002D
_util_beacon_transmission                         text17       002D76
_util_getBatteryCurrent                           text15       003046
_util_getBatteryVoltage                           text14       003110
_util_getSolarCurrent                             text13       002F7C
_util_getTemperature                              text4        000C48
_util_getTemperature$2419                         cstackBANK1  0001A7
_util_getTemperature$2420                         cstackBANK1  0001AA
_util_getTemperature$2421                         cstackBANK1  0001AD
_util_getTemperature$2422                         cstackBANK1  0001B0
_util_onewire_read_bit                            text10       003A98
_util_onewire_read_byte                           text9        0023BE
_util_onewire_reset                               text8        003944
_util_onewire_write_bit                           text7        0039FC
_util_onewire_write_byte                          text6        002552
_util_timer1_initialize                           text52       003C1A
_util_transmit_buzzer_1ms_cycle                   text26       003C40
_util_transmit_dash                               text24       003A64
_util_transmit_dot                                text23       003A30
_util_transmit_letter                             text18       001898
_util_transmit_morse_sequence                     text21       00371E
_util_transmit_space_between_dots_dashes          text22       003CA0
_util_transmit_space_between_letters              text20       003C90
_util_transmit_space_between_words                text19       003C80
_util_waits_delay_hours                           text2        003902
_util_waits_delay_hundred_us                      text27       003B90
_util_waits_delay_mins                            text3        0039C6
_util_waits_delay_ms                              text25       003B60
_util_waits_delay_secs                            text5        0037D8
btemp                                             temp         00003E
end_of_initialization                             cinit        0038B0
fround@prec                                       cstackBANK0  000092
high_priority_int@activation_thresold             dataCOMRAM   00003C
high_priority_int@cycles_transmitter_active       bssCOMRAM    00002F
high_priority_int@i                               cstackCOMRAM 000020
high_priority_int@is_transmitter_active           bssCOMRAM    000031
high_priority_int@noise_mean_value                dataCOMRAM   000039
high_priority_int@sample                          cstackCOMRAM 00001E
high_priority_int@sample_position                 bssCOMRAM    000033
high_priority_int@samples                         bssBANK2     000200
high_priority_int@times_thresold_exceeded         bssCOMRAM    000035
high_priority_int@valid_samples                   bssCOMRAM    000037
int$flags                                         temp         00003E
int_func                                          intcode_body 00219C
intlevel0                                         text         000000
intlevel1                                         text         000000
intlevel2                                         text         000000
intlevel3                                         text         000000
isdigit@c                                         cstackCOMRAM 000024
main_loop@battery_current                         cstackBANK0  0000E1
main_loop@battery_voltage                         cstackBANK0  0000E3
main_loop@solar_current                           cstackBANK0  0000DF
main_loop@temperature                             cstackBANK0  0000DC
memset@c                                          cstackBANK0  000073
memset@n                                          cstackBANK0  000075
memset@p                                          cstackCOMRAM 000022
memset@p1                                         cstackBANK0  000071
scale@scl                                         cstackBANK0  00008F
sprintf@ap                                        cstackBANK0  0000BC
sprintf@c                                         cstackBANK0  0000D1
sprintf@exp                                       cstackBANK0  0000CA
sprintf@f                                         cstackBANK0  0000A7
sprintf@flag                                      cstackBANK0  0000BE
sprintf@fval                                      cstackBANK0  0000CC
sprintf@prec                                      cstackBANK0  0000CF
sprintf@sp                                        cstackBANK0  0000A5
sprintf@tmpval                                    cstackBANK0  0000C2
sprintf@val                                       cstackBANK0  0000C6
sprintf@width                                     cstackBANK0  0000C0
stackhi                                           (abs)        0005FF
stacklo                                           (abs)        0002C8
start                                             init         0000A6
start_initialization                              cinit        003878
strcat@cp                                         cstackCOMRAM 000022
strcat@from                                       cstackBANK0  000073
strcat@to                                         cstackBANK0  000071
strcpy@cp                                         cstackCOMRAM 000022
strcpy@from                                       cstackBANK0  000073
strcpy@to                                         cstackBANK0  000071
strlen@cp                                         cstackCOMRAM 000024
strlen@s                                          cstackBANK0  000071
util_beacon_transmission@BEACON_BUFFER            cstackBANK1  000180
util_beacon_transmission@BEACON_MESSAGE           cstackBANK1  000100
util_beacon_transmission@battery_current          cstackBANK0  0000D7
util_beacon_transmission@battery_voltage          cstackBANK0  0000D2
util_beacon_transmission@i                        cstackBANK1  0001C0
util_beacon_transmission@solar_current            cstackBANK0  0000D5
util_beacon_transmission@temperature              cstackBANK0  0000D9
util_getBatteryCurrent@batteryCurrent             cstackBANK0  0000A4
util_getBatteryCurrent@value                      cstackBANK0  0000A1
util_getBatteryVoltage@value                      cstackBANK0  00008C
util_getBatteryVoltage@voltage                    cstackBANK0  00008F
util_getSolarCurrent@solarCurrent                 cstackBANK0  0000A4
util_getSolarCurrent@value                        cstackBANK0  0000A1
util_getTemperature@bit_in_byte                   cstackBANK1  0001C7
util_getTemperature@bit_mem                       cstackBANK1  000100
util_getTemperature@byte_mem                      cstackBANK1  000190
util_getTemperature@i                             cstackBANK1  0001CC
util_getTemperature@num_bit                       cstackBANK1  0001A2
util_getTemperature@num_byte                      cstackBANK1  0001C5
util_getTemperature@shift_reg_bit0                cstackBANK1  0001B3
util_getTemperature@shift_reg_bit1                cstackBANK1  0001B5
util_getTemperature@shift_reg_bit2                cstackBANK1  0001B7
util_getTemperature@shift_reg_bit3                cstackBANK1  0001B9
util_getTemperature@shift_reg_bit4                cstackBANK1  0001BB
util_getTemperature@shift_reg_bit5                cstackBANK1  0001BD
util_getTemperature@shift_reg_bit6                cstackBANK1  0001BF
util_getTemperature@shift_reg_bit7                cstackBANK1  0001C1
util_getTemperature@shift_reg_bit_temp            cstackBANK1  0001C3
util_getTemperature@sign                          cstackBANK1  0001A4
util_getTemperature@temperature                   cstackBANK1  0001C9
util_onewire_read_bit@value                       cstackCOMRAM 000023
util_onewire_read_byte@bit0                       cstackBANK0  000083
util_onewire_read_byte@bit1                       cstackBANK0  000085
util_onewire_read_byte@bit2                       cstackBANK0  000087
util_onewire_read_byte@bit3                       cstackBANK0  000089
util_onewire_read_byte@bit4                       cstackBANK0  00008B
util_onewire_read_byte@bit5                       cstackBANK0  00008D
util_onewire_read_byte@bit6                       cstackBANK0  00008F
util_onewire_read_byte@bit7                       cstackBANK0  000091
util_onewire_read_byte@value                      cstackBANK0  000093
util_onewire_reset@presence                       cstackCOMRAM 000023
util_onewire_write_bit@bit_in                     cstackBANK0  000071
util_onewire_write_byte@bit0                      cstackBANK0  000075
util_onewire_write_byte@bit1                      cstackBANK0  000077
util_onewire_write_byte@bit2                      cstackBANK0  000079
util_onewire_write_byte@bit3                      cstackBANK0  00007B
util_onewire_write_byte@bit4                      cstackBANK0  00007D
util_onewire_write_byte@bit5                      cstackBANK0  00007F
util_onewire_write_byte@bit6                      cstackBANK0  000081
util_onewire_write_byte@bit7                      cstackBANK0  000083
util_onewire_write_byte@value                     cstackBANK0  000073
util_transmit_dash@i                              cstackCOMRAM 000025
util_transmit_dot@i                               cstackCOMRAM 000025
util_transmit_letter@letter                       cstackCOMRAM 00002B
util_transmit_morse_sequence@i                    cstackCOMRAM 000029
util_transmit_morse_sequence@morse_sequence       cstackBANK0  000073
util_waits_delay_hours@hours                      cstackBANK0  000077
util_waits_delay_hours@i                          cstackBANK0  00007A
util_waits_delay_hundred_us@hun_us                cstackBANK0  000071
util_waits_delay_hundred_us@i                     cstackCOMRAM 000023
util_waits_delay_mins@i                           cstackCOMRAM 00002B
util_waits_delay_mins@minutes                     cstackBANK0  000075
util_waits_delay_ms@i                             cstackCOMRAM 000023
util_waits_delay_ms@ms                            cstackBANK0  000071
util_waits_delay_secs@i                           cstackCOMRAM 000026
util_waits_delay_secs@j                           cstackCOMRAM 000028
util_waits_delay_secs@secs                        cstackBANK0  000073


FUNCTION INFORMATION:

 *************** function _main *****************
 Defined at:
		line 19 in file "easat2_main_mcu.c"
 Parameters:    Size  Location     Type
		None
 Auto vars:     Size  Location     Type
		None
 Return value:  Size  Location     Type
                  1    wreg      void 
 Registers used:
		wreg, fsr0l, fsr0h, fsr1l, fsr1h, fsr2l, fsr2h, status,2, status,0, tblptrl, tblptrh, tblptru, prodl, prodh, cstack
 Tracked objects:
		On entry : 
		On exit  : 
		Unchanged: 
 Data sizes:     COMRAM   BANK0   BANK1   BANK2   BANK3   BANK4   BANK5
      Params:         0       0       0       0       0       0       0
      Locals:         0       0       0       0       0       0       0
      Temps:          0       0       0       0       0       0       0
      Totals:         0       0       0       0       0       0       0
Total ram usage:        0 bytes
 Hardware stack levels required when called:   10
 This function calls:
		_initialize
		_main_loop
 This function is called by:
		Startup code after reset
 This function uses a non-reentrant model


 *************** function _main_loop *****************
 Defined at:
		line 31 in file "easat2_main_mcu.c"
 Parameters:    Size  Location     Type
		None
 Auto vars:     Size  Location     Type
  battery_volt    3  131[BANK0 ] float 
  temperature     3  124[BANK0 ] float 
  battery_curr    2  129[BANK0 ] int 
  solar_curren    2  127[BANK0 ] int 
 Return value:  Size  Location     Type
                  1    wreg      void 
 Registers used:
		wreg, fsr0l, fsr0h, fsr1l, fsr1h, fsr2l, fsr2h, status,2, status,0, tblptrl, tblptrh, tblptru, prodl, prodh, cstack
 Tracked objects:
		On entry : 
		On exit  : 
		Unchanged: 
 Data sizes:     COMRAM   BANK0   BANK1   BANK2   BANK3   BANK4   BANK5
      Params:         0       0       0       0       0       0       0
      Locals:         0      10       0       0       0       0       0
      Temps:          0       0       0       0       0       0       0
      Totals:         0      10       0       0       0       0       0
Total ram usage:       10 bytes
 Hardware stack levels used:    1
 Hardware stack levels required when called:    9
 This function calls:
		_util_beacon_transmission
		_util_getBatteryCurrent
		_util_getBatteryVoltage
		_util_getSolarCurrent
		_util_getTemperature
		_util_waits_delay_hours
		_util_waits_delay_mins
 This function is called by:
		_main
 This function uses a non-reentrant model


 *************** function _util_waits_delay_hours *****************
 Defined at:
		line 17 in file "easat2_util_waits.c"
 Parameters:    Size  Location     Type
  hours           2   23[BANK0 ] int 
 Auto vars:     Size  Location     Type
  i               2   26[BANK0 ] int 
 Return value:  Size  Location     Type
                  1    wreg      void 
 Registers used:
		wreg, status,2, status,0, cstack
 Tracked objects:
		On entry : 
		On exit  : 
		Unchanged: 
 Data sizes:     COMRAM   BANK0   BANK1   BANK2   BANK3   BANK4   BANK5
      Params:         0       2       0       0       0       0       0
      Locals:         0       2       0       0       0       0       0
      Temps:          0       1       0       0       0       0       0
      Totals:         0       5       0       0       0       0       0
Total ram usage:        5 bytes
 Hardware stack levels used:    1
 Hardware stack levels required when called:    6
 This function calls:
		_util_waits_delay_mins
 This function is called by:
		_main_loop
 This function uses a non-reentrant model


 *************** function _util_waits_delay_mins *****************
 Defined at:
		line 24 in file "easat2_util_waits.c"
 Parameters:    Size  Location     Type
  minutes         2   21[BANK0 ] int 
 Auto vars:     Size  Location     Type
  i               2   42[COMRAM] int 
 Return value:  Size  Location     Type
                  1    wreg      void 
 Registers used:
		wreg, status,2, status,0, cstack
 Tracked objects:
		On entry : 
		On exit  : 
		Unchanged: 
 Data sizes:     COMRAM   BANK0   BANK1   BANK2   BANK3   BANK4   BANK5
      Params:         0       2       0       0       0       0       0
      Locals:         2       0       0       0       0       0       0
      Temps:          1       0       0       0       0       0       0
      Totals:         3       2       0       0       0       0       0
Total ram usage:        5 bytes
 Hardware stack levels used:    1
 Hardware stack levels required when called:    5
 This function calls:
		_util_waits_delay_secs
 This function is called by:
		_main_loop
		_util_waits_delay_hours
 This function uses a non-reentrant model


 *************** function _util_getTemperature *****************
 Defined at:
		line 118 in file "easat2_util_inputs.c"
 Parameters:    Size  Location     Type
		None
 Auto vars:     Size  Location     Type
  bit_mem       144    0[BANK1 ] int [72]
  byte_mem       18  144[BANK1 ] int [9]
  temperature     3  201[BANK1 ] float 
  sign            3  164[BANK1 ] float 
  i               2  204[BANK1 ] int 
  bit_in_byte     2  199[BANK1 ] int 
  num_byte        2  197[BANK1 ] int 
  shift_reg_bi    2  195[BANK1 ] int 
  shift_reg_bi    2  193[BANK1 ] int 
  shift_reg_bi    2  191[BANK1 ] int 
  shift_reg_bi    2  189[BANK1 ] int 
  shift_reg_bi    2  187[BANK1 ] int 
  shift_reg_bi    2  185[BANK1 ] int 
  shift_reg_bi    2  183[BANK1 ] int 
  shift_reg_bi    2  181[BANK1 ] int 
  shift_reg_bi    2  179[BANK1 ] int 
  num_bit         2  162[BANK1 ] int 
 Return value:  Size  Location     Type
                  3   63[BANK0 ] float 
 Registers used:
		wreg, fsr2l, fsr2h, status,2, status,0, cstack
 Tracked objects:
		On entry : 
		On exit  : 
		Unchanged: 
 Data sizes:     COMRAM   BANK0   BANK1   BANK2   BANK3   BANK4   BANK5
      Params:         0       3       0       0       0       0       0
      Locals:         0       0     206       0       0       0       0
      Temps:          0       3       0       0       0       0       0
      Totals:         0       6     206       0       0       0       0
Total ram usage:      212 bytes
 Hardware stack levels used:    1
 Hardware stack levels required when called:    5
 This function calls:
		___awtoft
		___ftadd
		___ftdiv
		___ftmul
		_util_onewire_read_byte
		_util_onewire_reset
		_util_onewire_write_byte
		_util_waits_delay_secs
 This function is called by:
		_main_loop
 This function uses a non-reentrant model


 *************** function _util_waits_delay_secs *****************
 Defined at:
		line 31 in file "easat2_util_waits.c"
 Parameters:    Size  Location     Type
  secs            2   19[BANK0 ] int 
 Auto vars:     Size  Location     Type
  j               2   39[COMRAM] int 
  i               2   37[COMRAM] int 
 Return value:  Size  Location     Type
                  1    wreg      void 
 Registers used:
		wreg, status,2, status,0, cstack
 Tracked objects:
		On entry : 
		On exit  : 
		Unchanged: 
 Data sizes:     COMRAM   BANK0   BANK1   BANK2   BANK3   BANK4   BANK5
      Params:         0       2       0       0       0       0       0
      Locals:         4       0       0       0       0       0       0
      Temps:          1       0       0       0       0       0       0
      Totals:         5       2       0       0       0       0       0
Total ram usage:        7 bytes
 Hardware stack levels used:    1
 Hardware stack levels required when called:    4
 This function calls:
		_util_waits_delay_ms
 This function is called by:
[...]
 This function calls:
		___ftadd
 This function is called by:
		_sprintf
 This function uses a non-reentrant model


 *************** function ___ftadd *****************
 Defined at:
		line 86 in file "C:\Program Files (x86)\Microchip\xc8\v1.40\sources\common\ftadd.c"
 Parameters:    Size  Location     Type
  f1              3   51[BANK0 ] float 
  f2              3   54[BANK0 ] float 
 Auto vars:     Size  Location     Type
  exp1            1   62[BANK0 ] unsigned char 
  exp2            1   61[BANK0 ] unsigned char 
  sign            1   60[BANK0 ] unsigned char 
 Return value:  Size  Location     Type
                  3   51[BANK0 ] float 
 Registers used:
		wreg, status,2, status,0, cstack
 Tracked objects:
		On entry : 
		On exit  : 
		Unchanged: 
 Data sizes:     COMRAM   BANK0   BANK1   BANK2   BANK3   BANK4   BANK5
      Params:         0       6       0       0       0       0       0
      Locals:         0       3       0       0       0       0       0
      Temps:          0       3       0       0       0       0       0
      Totals:         0      12       0       0       0       0       0
Total ram usage:       12 bytes
 Hardware stack levels used:    1
 Hardware stack levels required when called:    4
 This function calls:
		___ftpack
 This function is called by:
		_util_getTemperature
		_sprintf
		___ftsub
 This function uses a non-reentrant model


 *************** function ___ftpack *****************
 Defined at:
		line 62 in file "C:\Program Files (x86)\Microchip\xc8\v1.40\sources\common\float.c"
 Parameters:    Size  Location     Type
  arg             3   17[BANK0 ] unsigned um
  exp             1   20[BANK0 ] unsigned char 
  sign            1   21[BANK0 ] unsigned char 
 Auto vars:     Size  Location     Type
		None
 Return value:  Size  Location     Type
                  3   17[BANK0 ] float 
 Registers used:
		wreg, status,2, status,0
 Tracked objects:
		On entry : 
		On exit  : 
		Unchanged: 
 Data sizes:     COMRAM   BANK0   BANK1   BANK2   BANK3   BANK4   BANK5
      Params:         0       5       0       0       0       0       0
      Locals:         0       0       0       0       0       0       0
      Temps:          3       0       0       0       0       0       0
      Totals:         3       5       0       0       0       0       0
Total ram usage:        8 bytes
 Hardware stack levels used:    1
 Hardware stack levels required when called:    3
 This function calls:
		Nothing
 This function is called by:
		___awtoft
		___ftadd
		___ftdiv
		___ftmul
		___lltoft
		___lwtoft
 This function uses a non-reentrant model


 *************** function ___ftneg *****************
 Defined at:
		line 15 in file "C:\Program Files (x86)\Microchip\xc8\v1.40\sources\common\ftneg.c"
 Parameters:    Size  Location     Type
  f1              3   17[BANK0 ] float 
 Auto vars:     Size  Location     Type
		None
 Return value:  Size  Location     Type
                  3   17[BANK0 ] float 
 Registers used:
		wreg, status,2, status,0
 Tracked objects:
		On entry : 
		On exit  : 
		Unchanged: 
 Data sizes:     COMRAM   BANK0   BANK1   BANK2   BANK3   BANK4   BANK5
      Params:         0       3       0       0       0       0       0
      Locals:         0       0       0       0       0       0       0
      Temps:          0       0       0       0       0       0       0
      Totals:         0       3       0       0       0       0       0
Total ram usage:        3 bytes
 Hardware stack levels used:    1
 Hardware stack levels required when called:    3
 This function calls:
		Nothing
 This function is called by:
		_sprintf
 This function uses a non-reentrant model


 *************** function ___ftge *****************
 Defined at:
		line 4 in file "C:\Program Files (x86)\Microchip\xc8\v1.40\sources\common\ftge.c"
 Parameters:    Size  Location     Type
  ff1             3   17[BANK0 ] float 
  ff2             3   20[BANK0 ] float 
 Auto vars:     Size  Location     Type
		None
 Return value:  Size  Location     Type
		None               void
 Registers used:
		wreg, status,2, status,0
 Tracked objects:
		On entry : 
		On exit  : 
		Unchanged: 
 Data sizes:     COMRAM   BANK0   BANK1   BANK2   BANK3   BANK4   BANK5
      Params:         0       6       0       0       0       0       0
      Locals:         0       0       0       0       0       0       0
      Temps:          3       0       0       0       0       0       0
      Totals:         3       6       0       0       0       0       0
Total ram usage:        9 bytes
 Hardware stack levels used:    1
 Hardware stack levels required when called:    3
 This function calls:
		Nothing
 This function is called by:
		_sprintf
 This function uses a non-reentrant model


 *************** function _memset *****************
 Defined at:
		line 8 in file "C:\Program Files (x86)\Microchip\xc8\v1.40\sources\common\memset.c"
 Parameters:    Size  Location     Type
  p1              2   17[BANK0 ] PTR void 
		 -> util_beacon_transmission@BEACON_BUFFER(64), util_beacon_transmission@BEACON_MESSAGE(128), 
  c               2   19[BANK0 ] int 
  n               2   21[BANK0 ] unsigned int 
 Auto vars:     Size  Location     Type
  p               2   33[COMRAM] PTR unsigned char 
		 -> util_beacon_transmission@BEACON_BUFFER(64), util_beacon_transmission@BEACON_MESSAGE(128), 
 Return value:  Size  Location     Type
                  2   17[BANK0 ] PTR void 
 Registers used:
		wreg, fsr2l, fsr2h, status,2, status,0
 Tracked objects:
		On entry : 
		On exit  : 
		Unchanged: 
 Data sizes:     COMRAM   BANK0   BANK1   BANK2   BANK3   BANK4   BANK5
      Params:         0       6       0       0       0       0       0
      Locals:         2       0       0       0       0       0       0
      Temps:          0       0       0       0       0       0       0
      Totals:         2       6       0       0       0       0       0
Total ram usage:        8 bytes
 Hardware stack levels used:    1
 Hardware stack levels required when called:    3
 This function calls:
		Nothing
 This function is called by:
		_util_beacon_transmission
 This function uses a non-reentrant model


 *************** function _initialize *****************
 Defined at:
		line 17 in file "easat2_util_initialize.c"
 Parameters:    Size  Location     Type
		None
 Auto vars:     Size  Location     Type
		None
 Return value:  Size  Location     Type
                  1    wreg      void 
 Registers used:
		wreg, status,2, cstack
 Tracked objects:
		On entry : 
		On exit  : 
		Unchanged: 
 Data sizes:     COMRAM   BANK0   BANK1   BANK2   BANK3   BANK4   BANK5
      Params:         0       0       0       0       0       0       0
      Locals:         0       0       0       0       0       0       0
      Temps:          0       0       0       0       0       0       0
      Totals:         0       0       0       0       0       0       0
Total ram usage:        0 bytes
 Hardware stack levels used:    1
 Hardware stack levels required when called:    4
 This function calls:
		_io_initialize
		_util_timer1_initialize
 This function is called by:
		_main
 This function uses a non-reentrant model


 *************** function _util_timer1_initialize *****************
 Defined at:
		line 19 in file "easat2_util_timer.c"
 Parameters:    Size  Location     Type
		None
 Auto vars:     Size  Location     Type
		None
 Return value:  Size  Location     Type
                  1    wreg      void 
 Registers used:
		wreg, status,2
 Tracked objects:
		On entry : 
		On exit  : 
		Unchanged: 
 Data sizes:     COMRAM   BANK0   BANK1   BANK2   BANK3   BANK4   BANK5
      Params:         0       0       0       0       0       0       0
      Locals:         0       0       0       0       0       0       0
      Temps:          0       0       0       0       0       0       0
      Totals:         0       0       0       0       0       0       0
Total ram usage:        0 bytes
 Hardware stack levels used:    1
 Hardware stack levels required when called:    3
 This function calls:
		Nothing
 This function is called by:
		_initialize
 This function uses a non-reentrant model


 *************** function _io_initialize *****************
 Defined at:
		line 27 in file "easat2_util_initialize.c"
 Parameters:    Size  Location     Type
		None
 Auto vars:     Size  Location     Type
		None
 Return value:  Size  Location     Type
                  1    wreg      void 
 Registers used:
		wreg, status,2
 Tracked objects:
		On entry : 
		On exit  : 
		Unchanged: 
 Data sizes:     COMRAM   BANK0   BANK1   BANK2   BANK3   BANK4   BANK5
      Params:         0       0       0       0       0       0       0
      Locals:         0       0       0       0       0       0       0
      Temps:          0       0       0       0       0       0       0
      Totals:         0       0       0       0       0       0       0
Total ram usage:        0 bytes
 Hardware stack levels used:    1
 Hardware stack levels required when called:    3
 This function calls:
		Nothing
 This function is called by:
		_initialize
 This function uses a non-reentrant model


 *************** function _low_priority_int *****************
 Defined at:
		line 223 in file "easat2_util_timer.c"
 Parameters:    Size  Location     Type
		None
 Auto vars:     Size  Location     Type
		None
 Return value:  Size  Location     Type
                  1    wreg      void 
 Registers used:
		None
 Tracked objects:
		On entry : 
		On exit  : 
		Unchanged: 
 Data sizes:     COMRAM   BANK0   BANK1   BANK2   BANK3   BANK4   BANK5
      Params:         0       0       0       0       0       0       0
      Locals:         0       0       0       0       0       0       0
      Temps:          0      17       0       0       0       0       0
      Totals:         0      17       0       0       0       0       0
Total ram usage:       17 bytes
 Hardware stack levels used:    1
 Hardware stack levels required when called:    2
 This function calls:
		Nothing
 This function is called by:
		Interrupt level 1
 This function uses a non-reentrant model


 *************** function _high_priority_int *****************
 Defined at:
		line 74 in file "easat2_util_timer.c"
 Parameters:    Size  Location     Type
		None
 Auto vars:     Size  Location     Type
  i               2   31[COMRAM] int 
  sample          2   29[COMRAM] unsigned int 
 Return value:  Size  Location     Type
                  1    wreg      void 
 Registers used:
		wreg, fsr2l, fsr2h, status,2, status,0, cstack
 Tracked objects:
		On entry : 
		On exit  : 
		Unchanged: 
 Data sizes:     COMRAM   BANK0   BANK1   BANK2   BANK3   BANK4   BANK5
      Params:         0       0       0       0       0       0       0
      Locals:         4       0       0       0       0       0       0
      Temps:         19       0       0       0       0       0       0
      Totals:        23       0       0       0       0       0       0
Total ram usage:       23 bytes
 Hardware stack levels used:    1
 Hardware stack levels required when called:    1
 This function calls:
		___ltdiv
 This function is called by:
		Interrupt level 2
 This function uses a non-reentrant model


 *************** function ___ltdiv *****************
 Defined at:
		line 8 in file "C:\Program Files (x86)\Microchip\xc8\v1.40\sources\common\ltdiv.c"
 Parameters:    Size  Location     Type
  dividend        3    0[COMRAM] unsigned um
  divisor         3    3[COMRAM] unsigned um
 Auto vars:     Size  Location     Type
  quotient        3    6[COMRAM] unsigned um
  counter         1    9[COMRAM] unsigned char 
 Return value:  Size  Location     Type
                  3    0[COMRAM] unsigned um
 Registers used:
		wreg, status,2, status,0
 Tracked objects:
		On entry : 
		On exit  : 
		Unchanged: 
 Data sizes:     COMRAM   BANK0   BANK1   BANK2   BANK3   BANK4   BANK5
      Params:         6       0       0       0       0       0       0
      Locals:         4       0       0       0       0       0       0
      Temps:          0       0       0       0       0       0       0
      Totals:        10       0       0       0       0       0       0
Total ram usage:       10 bytes
 Hardware stack levels used:    1
 This function calls:
		Nothing
 This function is called by:
		_high_priority_int
 This function uses a non-reentrant model



MODULE INFORMATION

Module		Function		Class		Link	Load	Size
C:\Program Files (x86)\Microchip\xc8\v1.40\sources\common\awtoft.c
		___awtoft      		CODE           	3986	0000	65

C:\Program Files (x86)\Microchip\xc8\v1.40\sources\common\awtoft.c estimated size: 65

C:\Program Files (x86)\Microchip\xc8\v1.40\sources\common\strcpy.c
		_strcpy        		CODE           	3ACA	0000	51

C:\Program Files (x86)\Microchip\xc8\v1.40\sources\common\strcpy.c estimated size: 51

C:\Program Files (x86)\Microchip\xc8\v1.40\sources\common\memset.c
		_memset        		CODE           	3B2E	0000	51

C:\Program Files (x86)\Microchip\xc8\v1.40\sources\common\memset.c estimated size: 51

C:\Program Files (x86)\Microchip\xc8\v1.40\sources\common\ltdiv.c
		___ltdiv       		CODE           	364C	0000	107

C:\Program Files (x86)\Microchip\xc8\v1.40\sources\common\ltdiv.c estimated size: 107

C:\Program Files (x86)\Microchip\xc8\v1.40\sources\common\ftneg.c
		___ftneg       		CODE           	3BC0	0000	49

C:\Program Files (x86)\Microchip\xc8\v1.40\sources\common\ftneg.c estimated size: 49

C:\Program Files (x86)\Microchip\xc8\v1.40\sources\common\doprnt.c
		_scale         		CODE           	13EA	0000	1199
		_sprintf       		CODE           	00AA	0000	2975
		_fround        		CODE           	1C88	0000	685

C:\Program Files (x86)\Microchip\xc8\v1.40\sources\common\doprnt.c estimated size: 4859

C:\Program Files (x86)\Microchip\xc8\v1.40\sources\common\lwtoft.c
		___lwtoft      		CODE           	3BF0	0000	43

C:\Program Files (x86)\Microchip\xc8\v1.40\sources\common\lwtoft.c estimated size: 43

C:\Program Files (x86)\Microchip\xc8\v1.40\sources\common\lltoft.c
		___lltoft      		CODE           	36B6	0000	105

C:\Program Files (x86)\Microchip\xc8\v1.40\sources\common\lltoft.c estimated size: 105

C:\Program Files (x86)\Microchip\xc8\v1.40\sources\common\ftsub.c
		___ftsub       		CODE           	382C	0000	77

C:\Program Files (x86)\Microchip\xc8\v1.40\sources\common\ftsub.c estimated size: 77

C:\Program Files (x86)\Microchip\xc8\v1.40\sources\common\float.c
		___ftpack      		CODE           	2E88	0000	245

C:\Program Files (x86)\Microchip\xc8\v1.40\sources\common\float.c estimated size: 245

easat2_util_inputs.c
		_util_getTemperature		CODE           	0C48	0000	1955
		_util_getSolarCurrent		CODE           	2F7C	0000	203
		_util_getBatteryVoltage		CODE           	3110	0000	191
		_util_getBatteryCurrent		CODE           	3046	0000	203

easat2_util_inputs.c estimated size: 2552

easat2_util_waits.c
		_util_waits_delay_hours		CODE           	3902	0000	67
		_util_waits_delay_ms		CODE           	3B60	0000	49
		_util_waits_delay_hundred_us		CODE           	3B90	0000	49
		_util_waits_delay_mins		CODE           	39C6	0000	55
		_util_waits_delay_secs		CODE           	37D8	0000	85

easat2_util_waits.c estimated size: 305

C:\Program Files (x86)\Microchip\xc8\v1.40\sources\common\ftdivl.c
		__tdiv_to_l_   		CODE           	26DA	0000	361

C:\Program Files (x86)\Microchip\xc8\v1.40\sources\common\ftdivl.c estimated size: 361

easat2_util_onewire.c
		_util_onewire_write_byte		CODE           	2552	0000	393
		_util_onewire_read_bit		CODE           	3A98	0000	51
		_util_onewire_read_byte		CODE           	23BE	0000	405
		_util_onewire_reset		CODE           	3944	0000	67
		_util_onewire_write_bit		CODE           	39FC	0000	53

easat2_util_onewire.c estimated size: 969

C:\Program Files (x86)\Microchip\xc8\v1.40\sources\common\ftge.c
		___ftge        		CODE           	328A	0000	185

C:\Program Files (x86)\Microchip\xc8\v1.40\sources\common\ftge.c estimated size: 185

C:\Program Files (x86)\Microchip\xc8\v1.40\sources\common\Umul16.c
		___wmul        		CODE           	3AFC	0000	51

C:\Program Files (x86)\Microchip\xc8\v1.40\sources\common\Umul16.c estimated size: 51

C:\Program Files (x86)\Microchip\xc8\v1.40\sources\common\ftmul.c
		___ftmul       		CODE           	29A0	0000	339

C:\Program Files (x86)\Microchip\xc8\v1.40\sources\common\ftmul.c estimated size: 339

C:\Program Files (x86)\Microchip\xc8\v1.40\sources\common\awmod.c
		___awmod       		CODE           	3498	0000	149

C:\Program Files (x86)\Microchip\xc8\v1.40\sources\common\awmod.c estimated size: 149

C:\Program Files (x86)\Microchip\xc8\v1.40\sources\common\ftdiv.c
		___ftdiv       		CODE           	2C36	0000	321

C:\Program Files (x86)\Microchip\xc8\v1.40\sources\common\ftdiv.c estimated size: 321

C:\Program Files (x86)\Microchip\xc8\v1.40\sources\common\llmod.c
		___llmod       		CODE           	352C	0000	149

C:\Program Files (x86)\Microchip\xc8\v1.40\sources\common\llmod.c estimated size: 149

easat2_util_transmission.c
		_util_transmit_buzzer_1ms_cycle		CODE           	3C40	0000	35
		_util_transmit_space_between_letters		CODE           	3C90	0000	17
		_util_transmit_letter		CODE           	1898	0000	1009
		_util_beacon_transmission		CODE           	2D76	0000	275
		_util_transmit_dot		CODE           	3A30	0000	53
		_util_transmit_space_between_dots_dashes		CODE           	3CA0	0000	17
		_util_transmit_dash		CODE           	3A64	0000	53
		_util_transmit_space_between_words		CODE           	3C80	0000	17
		_util_transmit_morse_sequence		CODE           	371E	0000	101

easat2_util_transmission.c estimated size: 1577

easat2_util_timer.c
		_high_priority_int		CODE           	0008	0000	553
		_low_priority_int		CODE           	0018	0000	143
		_util_timer1_initialize		CODE           	3C1A	0000	39

easat2_util_timer.c estimated size: 735

easat2_main_mcu.c
		_main_loop     		CODE           	35C0	0000	141
		_main          		CODE           	3CB0	0000	13

easat2_main_mcu.c estimated size: 154

C:\Program Files (x86)\Microchip\xc8\v1.40\sources\common\isdigit.c
		_isdigit       		CODE           	3C62	0000	31

C:\Program Files (x86)\Microchip\xc8\v1.40\sources\common\isdigit.c estimated size: 31

shared
		__powers_      		MEDIUMCONST    	7F44	0000	40
		_dpowers       		MEDIUMCONST    	7EF5	0000	41
		__npowers_     		MEDIUMCONST    	7F1D	0000	40
		__initialization		CODE           	3878	0000	57

shared estimated size: 178

easat2_util_initialize.c
		_io_initialize 		CODE           	31CE	0000	189
		_initialize    		CODE           	3CBC	0000	11

easat2_util_initialize.c estimated size: 200

C:\Program Files (x86)\Microchip\xc8\v1.40\sources\common\fttol.c
		___fttol       		CODE           	2AF2	0000	325

C:\Program Files (x86)\Microchip\xc8\v1.40\sources\common\fttol.c estimated size: 325

C:\Program Files (x86)\Microchip\xc8\v1.40\sources\common\fldivl.c
		__div_to_l_    		CODE           	2842	0000	351

C:\Program Files (x86)\Microchip\xc8\v1.40\sources\common\fldivl.c estimated size: 351

C:\Program Files (x86)\Microchip\xc8\v1.40\sources\common\strcat.c
		_strcat        		CODE           	38BE	0000	69

C:\Program Files (x86)\Microchip\xc8\v1.40\sources\common\strcat.c estimated size: 69

C:\Program Files (x86)\Microchip\xc8\v1.40\sources\common\awdiv.c
		___awdiv       		CODE           	33F2	0000	167

C:\Program Files (x86)\Microchip\xc8\v1.40\sources\common\awdiv.c estimated size: 167

C:\Program Files (x86)\Microchip\xc8\v1.40\sources\common\ftadd.c
		___ftadd       		CODE           	1F34	0000	617

C:\Program Files (x86)\Microchip\xc8\v1.40\sources\common\ftadd.c estimated size: 617

C:\Program Files (x86)\Microchip\xc8\v1.40\sources\common\lldiv.c
		___lldiv       		CODE           	3342	0000	177

C:\Program Files (x86)\Microchip\xc8\v1.40\sources\common\lldiv.c estimated size: 177

C:\Program Files (x86)\Microchip\xc8\v1.40\sources\common\strlen.c
		_strlen        		CODE           	3782	0000	87

C:\Program Files (x86)\Microchip\xc8\v1.40\sources\common\strlen.c estimated size: 87

