Microchip MPLAB XC8 Compiler V1.41 ()

Linker command line:

-W-3 --edf=D:\Program Files (x86)\Microchip\xc8\v1.41\dat\en_msgs.txt -cs \
  -h+dist/default/production\EASAT2-MCU-C.X.production.sym \
  --cmf=dist/default/production\EASAT2-MCU-C.X.production.cmf -z -Q18F45K22 \
  -oC:\Users\admin\AppData\Local\Temp\s2t8.2 \
  -Mdist/default/production/EASAT2-MCU-C.X.production.map -E1 -ver=XC8 \
  -ASTACK=0300h-05ffh -pstack=STACK -ACODE=00h-07FFFh -ACONST=00h-07FFFh \
  -ASMALLCONST=0600h-06FFhx122 -AMEDIUMCONST=0600h-07FFFh -ACOMRAM=01h-05Fh \
  -AABS1=00h-05FFh -ABIGRAM=01h-05FFh -ARAM=060h-0FFh,0100h-01FFhx5 \
  -ABANK0=060h-0FFh -ABANK1=0100h-01FFh -ABANK2=0200h-02FFh \
  -ABANK3=0300h-03FFh -ABANK4=0400h-04FFh -ABANK5=0500h-05FFh \
  -ASFR=0F38h-0F5Fh,0F60h-0FFFh \
  -preset_vec=00h,intcode=08h,intcodelo=018h,powerup,init -pramtop=0600h \
  -psmallconst=SMALLCONST -pmediumconst=MEDIUMCONST -pconst=CONST \
  -AFARRAM=00h-00h -ACONFIG=0300000h-030000Dh -pconfig=CONFIG \
  -AIDLOC=0200000h-0200007h -pidloc=IDLOC -AEEDATA=0F00000h-0F000FFh \
  -peeprom_data=EEDATA \
  -prdata=COMRAM,nvrram=COMRAM,nvbit=COMRAM,rbss=COMRAM,rbit=COMRAM \
  -pfarbss=FARRAM,fardata=FARRAM,nvFARRAM=FARRAM \
  -pintsave_regs=BIGRAM,bigbss=BIGRAM,bigdata=BIGRAM -pbss=RAM \
  -pidata=CODE,irdata=CODE,ibigdata=CODE,ifardata=CODE -prparam=COMRAM \
  C:\Users\admin\AppData\Local\Temp\s2t8.obj \
  dist/default/production\EASAT2-MCU-C.X.production.obj 

Object code version is 3.11

Machine type is 18F45K22

Call graph: (short form)




                Name                               Link     Load   Length Selector   Space Scale
C:\Users\admin\AppData\Local\Temp\s2t8.obj
                init                                 A6       A6        4        C       0
                reset_vec                             0        0        4        0       0
                idloc                            200000   200000        8   200000       0
                config                           300000   300000        E   300000       0
dist/default/production\EASAT2-MCU-C.X.production.obj
                intcodelo                            18       18       8E        C       0
                intcode                               8        8        6        4       0
                temp                                 44       44        1        1       1
                mediumconst                        7EF4     7EF4      10C     3F7A       0
                intcode_body                       1C50     1C50      35A        C       0
                text56                             316A     316A       BC        C       0
                text55                             3AE0     3AE0       26        C       0
                text54                             3BBE     3BBE       1A        C       0
                text53                             3B6C     3B6C       1E        C       0
                text52                             3990     3990       34        C       0
                text51                             3BD8     3BD8       16        C       0
                text50                             3AB4     3AB4       2C        C       0
                text49                             34BE     34BE       90        C       0
                text48                             3B2A     3B2A       24        C       0
                text47                             32D6     32D6       AE        C       0
                text46                             224A     224A      268        C       0
                text45                             3808     3808       4C        C       0
                text44                             2A82     2A82      144        C       0
                text43                             3226     3226       B0        C       0
                text42                             342A     342A       94        C       0
                text41                             364C     364C       6A        C       0
                text40                             2D06     2D06      128        C       0
                text39                             2926     2926      15C        C       0
                text38                             3384     3384       A6        C       0
                text37                             35DC     35DC       70        C       0
                text36                             27C8     27C8      15E        C       0
                text35                             39F6     39F6       32        C       0
                text34                             1FAA     1FAA      2A0        C       0
                text33                             3B4E     3B4E       1E        C       0
                text32                             13CA     13CA      496        C       0
                text31                               AA       AA      B86        C       0
                text30                             3896     3896       42        C       0
                text29                             3A58     3A58       30        C       0
                text28                             3768     3768       52        C       0
                text27                             3C2C     3C2C        8        C       0
                text26                             3C24     3C24        8        C       0
                text25                             3A88     3A88       2C        C       0
                text24                             3BA4     3BA4       1A        C       0
                text23                             3B8A     3B8A       1A        C       0
                text22                             3C0A     3C0A        E        C       0
                text21                             36B6     36B6       60        C       0
                text20                             3BFC     3BFC        E        C       0
                text19                             3BEE     3BEE        E        C       0
                text18                             1860     1860      3F0        C       0
                text17                             2E2E     2E2E       EA        C       0
                text16                             3B06     3B06       24        C       0
                text15                             2FE2     2FE2       CA        C       0
                text14                             30AC     30AC       BE        C       0
                text13                             2F18     2F18       CA        C       0
                text12                             3954     3954       3C        C       0
                text11                             2BC6     2BC6      140        C       0
                text10                             39C4     39C4       32        C       0
                text9                              24B2     24B2      194        C       0
                text8                              3854     3854       42        C       0
                text7                              3A28     3A28       30        C       0
                text6                              2646     2646      182        C       0
                text5                              3716     3716       52        C       0
                text4                               C30      C30      79A        C       0
                text3                              3916     3916       3E        C       0
                text2                              38D8     38D8       3E        C       0
                text1                              354E     354E       8E        C       0
                text0                              3C18     3C18        C        C       0
                cstackCOMRAM                          1        1       27        1       1
                cstackBANK0                          60       60       85       60       1
                cstackBANK1                         100      100       CE      100       1
                bssBANK2                            200      200      100      200       1
                dataCOMRAM                           3F       3F        5        1       1
                bssCOMRAM                            28       28       17        1       1
                cinit                              37BA     37BA       4E        C       0
                idataCOMRAM                        3C34     3C34        5        C       0

TOTAL           Name                               Link     Load   Length     Space
        CLASS   STACK          

        CLASS   CODE           
                intcodelo                            18       18       8E         0
                intcode                               8        8        6         0
                init                                 A6       A6        4         0
                reset_vec                             0        0        4         0
                intcode_body                       1C50     1C50      35A         0
                text56                             316A     316A       BC         0
                text55                             3AE0     3AE0       26         0
                text54                             3BBE     3BBE       1A         0
                text53                             3B6C     3B6C       1E         0
                text52                             3990     3990       34         0
                text51                             3BD8     3BD8       16         0
                text50                             3AB4     3AB4       2C         0
                text49                             34BE     34BE       90         0
                text48                             3B2A     3B2A       24         0
                text47                             32D6     32D6       AE         0
                text46                             224A     224A      268         0
                text45                             3808     3808       4C         0
                text44                             2A82     2A82      144         0
                text43                             3226     3226       B0         0
                text42                             342A     342A       94         0
                text41                             364C     364C       6A         0
                text40                             2D06     2D06      128         0
                text39                             2926     2926      15C         0
                text38                             3384     3384       A6         0
                text37                             35DC     35DC       70         0
                text36                             27C8     27C8      15E         0
                text35                             39F6     39F6       32         0
                text34                             1FAA     1FAA      2A0         0
                text33                             3B4E     3B4E       1E         0
                text32                             13CA     13CA      496         0
                text31                               AA       AA      B86         0
                text30                             3896     3896       42         0
                text29                             3A58     3A58       30         0
                text28                             3768     3768       52         0
                text27                             3C2C     3C2C        8         0
                text26                             3C24     3C24        8         0
                text25                             3A88     3A88       2C         0
                text24                             3BA4     3BA4       1A         0
                text23                             3B8A     3B8A       1A         0
                text22                             3C0A     3C0A        E         0
                text21                             36B6     36B6       60         0
                text20                             3BFC     3BFC        E         0
                text19                             3BEE     3BEE        E         0
                text18                             1860     1860      3F0         0
                text17                             2E2E     2E2E       EA         0
                text16                             3B06     3B06       24         0
                text15                             2FE2     2FE2       CA         0
                text14                             30AC     30AC       BE         0
                text13                             2F18     2F18       CA         0
                text12                             3954     3954       3C         0
                text11                             2BC6     2BC6      140         0
                text10                             39C4     39C4       32         0
                text9                              24B2     24B2      194         0
                text8                              3854     3854       42         0
                text7                              3A28     3A28       30         0
                text6                              2646     2646      182         0
                text5                              3716     3716       52         0
                text4                               C30      C30      79A         0
                text3                              3916     3916       3E         0
                text2                              38D8     38D8       3E         0
                text1                              354E     354E       8E         0
                text0                              3C18     3C18        C         0
                cinit                              37BA     37BA       4E         0
                idataCOMRAM                        3C34     3C34        5         0

        CLASS   CONST          

        CLASS   SMALLCONST     

        CLASS   MEDIUMCONST    
                mediumconst                        7EF4     7EF4      10C         0

        CLASS   COMRAM         
                temp                                 44       44        1         1
                cstackCOMRAM                          1        1       27         1
                dataCOMRAM                           3F       3F        5         1
                bssCOMRAM                            28       28       17         1

        CLASS   ABS1           

        CLASS   BIGRAM         

        CLASS   RAM            

        CLASS   BANK0          
                cstackBANK0                          60       60       85         1

        CLASS   BANK1          
                cstackBANK1                         100      100       CE         1

        CLASS   BANK2          
                bssBANK2                            200      200      100         1

        CLASS   BANK3          

        CLASS   BANK4          

        CLASS   BANK5          

        CLASS   SFR            

        CLASS   FARRAM         

        CLASS   CONFIG         
                config                           300000   300000        E         0

        CLASS   IDLOC          
                idloc                            200000   200000        8         0

        CLASS   EEDATA         



SEGMENTS        Name                           Load    Length   Top    Selector   Space  Class

                reset_vec                      000000  000004  000004         0       0  CODE    
                cstackCOMRAM                   000001  000044  000045         1       1  COMRAM  
                intcode                        000008  000006  00000E         4       0  CODE    
                intcodelo                      000018  003C21  003C39         C       0  CODE    
                cstackBANK0                    000060  000085  0000E5        60       1  BANK0   
                cstackBANK1                    000100  0000CE  0001CE       100       1  BANK1   
                bssBANK2                       000200  000100  000300       200       1  BANK2   
                mediumconst                    007EF4  00010C  008000      3F7A       0  MEDIUMCO
                idloc                          200000  000008  200008    200000       0  IDLOC   
                config                         300000  00000E  30000E    300000       0  CONFIG  


UNUSED ADDRESS RANGES

        Name                Unused          Largest block    Delta
        BANK0            0000E5-0000FF               1B
        BANK1            0001CE-0001FF               32
        BANK3            000300-0003FF              100
        BANK4            000400-0004FF              100
        BANK5            000500-0005FF              100
        BIGRAM           000045-00005F               1B
                         0000E5-0000FF               1B
                         0001CE-0001FF               32
                         000300-0005FF              300
        CODE             000004-000007                4
                         00000E-000017                A
                         003C39-007EF3             42BB
        COMRAM           000045-00005F               1B
        CONST            000004-000007                4
                         00000E-000017                A
                         003C39-007EF3             42BB
        EEDATA           F00000-F000FF              100
        MEDIUMCONST      003C39-007EF3             42BB
        RAM              0000E5-0000FF               1B
                         0001CE-0001FF               32
                         000300-0005FF              100
        SFR              000F38-000FFF               28
        SMALLCONST       003C39-007EF3              100
        STACK            000300-0005FF              300

                                  Symbol Table

?___awdiv                                         cstackBANK0  000071
?___awmod                                         cstackCOMRAM 00001C
?___awtoft                                        cstackBANK0  000071
?___ftadd                                         cstackBANK0  000092
?___ftdiv                                         cstackBANK0  000074
?___ftmul                                         cstackBANK0  000079
?___ftneg                                         cstackCOMRAM 00001C
?___ftpack                                        cstackCOMRAM 00001C
?___ftsub                                         cstackBANK0  00009E
?___fttol                                         cstackBANK0  00008F
?___lldiv                                         cstackBANK0  000071
?___llmod                                         cstackBANK0  000079
?___lltoft                                        cstackBANK0  000071
?___lwtoft                                        cstackBANK0  000071
?___wmul                                          cstackBANK0  000075
?__div_to_l_                                      cstackCOMRAM 00001C
?__tdiv_to_l_                                     cstackCOMRAM 00001C
?_fround                                          cstackBANK0  000088
?_scale                                           cstackBANK0  000088
?_sprintf                                         cstackBANK0  0000A4
?_strlen                                          cstackCOMRAM 00001C
?_util_getBatteryCurrent                          cstackBANK0  00009E
?_util_getBatteryVoltage                          cstackBANK0  000088
?_util_getSolarCurrent                            cstackBANK0  00009E
?_util_getTemperature                             cstackBANK0  00009E
?_util_onewire_read_bit                           cstackCOMRAM 00001C
?_util_onewire_read_byte                          cstackBANK0  000071
?_util_onewire_reset                              cstackCOMRAM 00001C
_ADCON0bits                                       (abs)        000FC2
_ADCON1                                           (abs)        000FC1
_ADCON2                                           (abs)        000FC0
_ADRES                                            (abs)        000FC3
_ANSELAbits                                       (abs)        000F38
_ANSELBbits                                       (abs)        000F39
_ANSELDbits                                       (abs)        000F3B
_CCP2CONbits                                      (abs)        000F66
_CCPR2L                                           (abs)        000F67
_CCPTMRS0bits                                     (abs)        000F49
_INTCONbits                                       (abs)        000FF2
_IPR1bits                                         (abs)        000F9F
_LATAbits                                         (abs)        000F89
_LATBbits                                         (abs)        000F8A
_LATDbits                                         (abs)        000F8C
_PIE1bits                                         (abs)        000F9D
_PIR1bits                                         (abs)        000F9E
_PORTAbits                                        (abs)        000F80
_PORTBbits                                        (abs)        000F81
_PORTDbits                                        (abs)        000F83
_PR2                                              (abs)        000FBB
_PSTR2CONbits                                     (abs)        000F63
_RBPU                                             (abs)        007F8F
_RCONbits                                         (abs)        000FD0
_T1CONbits                                        (abs)        000FCD
_T2CONbits                                        (abs)        000FBA
_TMR1H                                            (abs)        000FCF
_TMR1L                                            (abs)        000FCE
_TMR2                                             (abs)        000FBC
_TRISAbits                                        (abs)        000F92
_TRISBbits                                        (abs)        000F93
_TRISDbits                                        (abs)        000F95
_VREFCON0bits                                     (abs)        000F42
_WPUB                                             (abs)        000F61
__CFG_BOREN$OFF                                   (abs)        000000
__CFG_BORV$190                                    (abs)        000000
__CFG_CCP2MX$PORTC1                               (abs)        000000
__CFG_CCP3MX$PORTB5                               (abs)        000000
__CFG_CP0$OFF                                     (abs)        000000
__CFG_CP1$OFF                                     (abs)        000000
__CFG_CP2$OFF                                     (abs)        000000
__CFG_CP3$OFF                                     (abs)        000000
__CFG_CPB$OFF                                     (abs)        000000
__CFG_CPD$OFF                                     (abs)        000000
__CFG_EBTR0$OFF                                   (abs)        000000
__CFG_EBTR1$OFF                                   (abs)        000000
__CFG_EBTR2$OFF                                   (abs)        000000
__CFG_EBTR3$OFF                                   (abs)        000000
__CFG_EBTRB$OFF                                   (abs)        000000
__CFG_FCMEN$OFF                                   (abs)        000000
__CFG_FOSC$XT                                     (abs)        000000
__CFG_HFOFST$OFF                                  (abs)        000000
__CFG_IESO$OFF                                    (abs)        000000
__CFG_LVP$OFF                                     (abs)        000000
__CFG_MCLRE$EXTMCLR                               (abs)        000000
__CFG_P2BMX$PORTC0                                (abs)        000000
__CFG_PBADEN$OFF                                  (abs)        000000
__CFG_PLLCFG$OFF                                  (abs)        000000
__CFG_PRICLKEN$ON                                 (abs)        000000
__CFG_PWRTEN$OFF                                  (abs)        000000
__CFG_STVREN$ON                                   (abs)        000000
__CFG_T3CMX$PORTB5                                (abs)        000000
__CFG_WDTEN$ON                                    (abs)        000000
__CFG_WDTPS$32768                                 (abs)        000000
__CFG_WRT0$OFF                                    (abs)        000000
__CFG_WRT1$OFF                                    (abs)        000000
__CFG_WRT2$OFF                                    (abs)        000000
__CFG_WRT3$OFF                                    (abs)        000000
__CFG_WRTB$OFF                                    (abs)        000000
__CFG_WRTC$ON                                     (abs)        000000
__CFG_WRTD$ON                                     (abs)        000000
__CFG_XINST$OFF                                   (abs)        000000
__HRAM                                            (abs)        000000
__Habs1                                           abs1         000000
__Hbank0                                          bank0        000000
__Hbank1                                          bank1        000000
__Hbank2                                          bank2        000000
__Hbank3                                          bank3        000000
__Hbank4                                          bank4        000000
__Hbank5                                          bank5        000000
__Hbigbss                                         bigbss       000000
__Hbigdata                                        bigdata      000000
__Hbigram                                         bigram       000000
__Hbss                                            bss          000000
__HbssBANK2                                       bssBANK2     000000
__HbssCOMRAM                                      bssCOMRAM    000000
__Hcinit                                          cinit        000000
__Hclrtext                                        clrtext      000000
__Hcomram                                         comram       000000
__Hconfig                                         config       30000E
__Hconst                                          const        000000
__HcstackBANK0                                    cstackBANK0  000000
__HcstackBANK1                                    cstackBANK1  000000
__HcstackCOMRAM                                   cstackCOMRAM 000000
__Hdata                                           data         000000
__HdataCOMRAM                                     dataCOMRAM   000000
__Heeprom_data                                    eeprom_data  000000
__Hfarbss                                         farbss       000000
__Hfardata                                        fardata      000000
__Hibigdata                                       ibigdata     000000
__Hidata                                          idata        000000
__HidataCOMRAM                                    idataCOMRAM  000000
__Hidloc                                          idloc        200008
__Hifardata                                       ifardata     000000
__Hinit                                           init         0000AA
__Hintcode                                        intcode      00000E
__Hintcode_body                                   intcode_body 000000
__Hintcodelo                                      intcodelo    0000A6
__Hintentry                                       intentry     000000
__Hintret                                         intret       000000
__Hintsave_regs                                   intsave_regs 000000
__Hirdata                                         irdata       000000
__Hmediumconst                                    mediumconst  008000
__HnvFARRAM                                       nvFARRAM     000000
__Hnvbit                                          nvbit        000000
__Hnvrram                                         nvrram       000000
__Hparam                                          rparam       000000
__Hpowerup                                        powerup      0000A6
__Hram                                            ram          000000
__Hramtop                                         ramtop       000600
__Hrbit                                           rbit         000000
__Hrbss                                           rbss         000000
__Hrdata                                          rdata        000000
__Hreset_vec                                      reset_vec    000004
__Hrparam                                         rparam       000000
__Hsfr                                            sfr          000000
__Hsmallconst                                     smallconst   000000
__Hspace_0                                        (abs)        30000E
__Hspace_1                                        (abs)        000300
__Hspace_2                                        (abs)        000000
__Hstack                                          stack        000000
__Hstruct                                         struct       000000
__Htemp                                           temp         000045
__Htext                                           text         000000
__Htext0                                          text0        000000
__Htext1                                          text1        000000
__Htext10                                         text10       000000
__Htext11                                         text11       000000
__Htext12                                         text12       000000
__Htext13                                         text13       000000
__Htext14                                         text14       000000
__Htext15                                         text15       000000
__Htext16                                         text16       000000
__Htext17                                         text17       000000
__Htext18                                         text18       000000
__Htext19                                         text19       000000
__Htext2                                          text2        000000
__Htext20                                         text20       000000
__Htext21                                         text21       000000
__Htext22                                         text22       000000
__Htext23                                         text23       000000
__Htext24                                         text24       000000
__Htext25                                         text25       000000
__Htext26                                         text26       000000
__Htext27                                         text27       000000
__Htext28                                         text28       000000
__Htext29                                         text29       000000
__Htext3                                          text3        000000
__Htext30                                         text30       000000
__Htext31                                         text31       000000
__Htext32                                         text32       000000
__Htext33                                         text33       000000
__Htext34                                         text34       000000
__Htext35                                         text35       000000
__Htext36                                         text36       000000
__Htext37                                         text37       000000
__Htext38                                         text38       000000
__Htext39                                         text39       000000
__Htext4                                          text4        000000
__Htext40                                         text40       000000
__Htext41                                         text41       000000
__Htext42                                         text42       000000
__Htext43                                         text43       000000
__Htext44                                         text44       000000
__Htext45                                         text45       000000
__Htext46                                         text46       000000
__Htext47                                         text47       000000
__Htext48                                         text48       000000
__Htext49                                         text49       000000
__Htext5                                          text5        000000
__Htext50                                         text50       000000
__Htext51                                         text51       000000
__Htext52                                         text52       000000
__Htext53                                         text53       000000
__Htext54                                         text54       000000
__Htext55                                         text55       000000
__Htext56                                         text56       000000
__Htext6                                          text6        000000
__Htext7                                          text7        000000
__Htext8                                          text8        000000
__Htext9                                          text9        000000
__LRAM                                            (abs)        000001
__Labs1                                           abs1         000000
__Lbank0                                          bank0        000000
__Lbank1                                          bank1        000000
__Lbank2                                          bank2        000000
__Lbank3                                          bank3        000000
__Lbank4                                          bank4        000000
__Lbank5                                          bank5        000000
__Lbigbss                                         bigbss       000000
__Lbigdata                                        bigdata      000000
__Lbigram                                         bigram       000000
__Lbss                                            bss          000000
__LbssBANK2                                       bssBANK2     000000
__LbssCOMRAM                                      bssCOMRAM    000000
__Lcinit                                          cinit        000000
__Lclrtext                                        clrtext      000000
__Lcomram                                         comram       000000
__Lconfig                                         config       300000
__Lconst                                          const        000000
__LcstackBANK0                                    cstackBANK0  000000
__LcstackBANK1                                    cstackBANK1  000000
__LcstackCOMRAM                                   cstackCOMRAM 000000
__Ldata                                           data         000000
__LdataCOMRAM                                     dataCOMRAM   000000
__Leeprom_data                                    eeprom_data  000000
__Lfarbss                                         farbss       000000
__Lfardata                                        fardata      000000
__Libigdata                                       ibigdata     000000
__Lidata                                          idata        000000
__LidataCOMRAM                                    idataCOMRAM  000000
__Lidloc                                          idloc        200000
__Lifardata                                       ifardata     000000
__Linit                                           init         0000A6
__Lintcode                                        intcode      000008
__Lintcode_body                                   intcode_body 000000
__Lintcodelo                                      intcodelo    000018
__Lintentry                                       intentry     000000
__Lintret                                         intret       000000
__Lintsave_regs                                   intsave_regs 000000
__Lirdata                                         irdata       000000
__Lmediumconst                                    mediumconst  007EF4
__LnvFARRAM                                       nvFARRAM     000000
__Lnvbit                                          nvbit        000000
__Lnvrram                                         nvrram       000000
__Lparam                                          rparam       000000
__Lpowerup                                        powerup      0000A6
__Lram                                            ram          000000
__Lramtop                                         ramtop       000600
__Lrbit                                           rbit         000000
__Lrbss                                           rbss         000000
__Lrdata                                          rdata        000000
__Lreset_vec                                      reset_vec    000000
__Lrparam                                         rparam       000000
__Lsfr                                            sfr          000000
__Lsmallconst                                     smallconst   000000
__Lspace_0                                        (abs)        000000
__Lspace_1                                        (abs)        000000
__Lspace_2                                        (abs)        000000
__Lstack                                          stack        000000
__Lstruct                                         struct       000000
__Ltemp                                           temp         000044
__Ltext                                           text         000000
__Ltext0                                          text0        000000
__Ltext1                                          text1        000000
__Ltext10                                         text10       000000
__Ltext11                                         text11       000000
__Ltext12                                         text12       000000
__Ltext13                                         text13       000000
__Ltext14                                         text14       000000
__Ltext15                                         text15       000000
__Ltext16                                         text16       000000
__Ltext17                                         text17       000000
__Ltext18                                         text18       000000
__Ltext19                                         text19       000000
__Ltext2                                          text2        000000
__Ltext20                                         text20       000000
__Ltext21                                         text21       000000
__Ltext22                                         text22       000000
__Ltext23                                         text23       000000
__Ltext24                                         text24       000000
__Ltext25                                         text25       000000
__Ltext26                                         text26       000000
__Ltext27                                         text27       000000
__Ltext28                                         text28       000000
__Ltext29                                         text29       000000
__Ltext3                                          text3        000000
__Ltext30                                         text30       000000
__Ltext31                                         text31       000000
__Ltext32                                         text32       000000
__Ltext33                                         text33       000000
__Ltext34                                         text34       000000
__Ltext35                                         text35       000000
__Ltext36                                         text36       000000
__Ltext37                                         text37       000000
__Ltext38                                         text38       000000
__Ltext39                                         text39       000000
__Ltext4                                          text4        000000
__Ltext40                                         text40       000000
__Ltext41                                         text41       000000
__Ltext42                                         text42       000000
__Ltext43                                         text43       000000
__Ltext44                                         text44       000000
__Ltext45                                         text45       000000
__Ltext46                                         text46       000000
__Ltext47                                         text47       000000
__Ltext48                                         text48       000000
__Ltext49                                         text49       000000
__Ltext5                                          text5        000000
__Ltext50                                         text50       000000
__Ltext51                                         text51       000000
__Ltext52                                         text52       000000
__Ltext53                                         text53       000000
__Ltext54                                         text54       000000
__Ltext55                                         text55       000000
__Ltext56                                         text56       000000
__Ltext6                                          text6        000000
__Ltext7                                          text7        000000
__Ltext8                                          text8        000000
__Ltext9                                          text9        000000
__S0                                              (abs)        30000E
__S1                                              (abs)        000300
__S2                                              (abs)        000000
___awdiv                                          text38       003384
___awdiv@counter                                  cstackCOMRAM 000022
___awdiv@dividend                                 cstackBANK0  000071
___awdiv@divisor                                  cstackBANK0  000073
___awdiv@quotient                                 cstackCOMRAM 000024
___awdiv@sign                                     cstackCOMRAM 000023
___awmod                                          text37       0035DC
___awmod@counter                                  cstackCOMRAM 000020
___awmod@dividend                                 cstackCOMRAM 00001C
___awmod@divisor                                  cstackCOMRAM 00001E
___awmod@sign                                     cstackCOMRAM 000021
___awtoft                                         text12       003954
___awtoft@c                                       cstackBANK0  000071
___awtoft@sign                                    cstackCOMRAM 000024
___ftadd                                          text46       00224A
___ftadd@exp1                                     cstackBANK0  00009D
___ftadd@exp2                                     cstackBANK0  00009C
___ftadd@f1                                       cstackBANK0  000092
___ftadd@f2                                       cstackBANK0  000095
___ftadd@sign                                     cstackBANK0  00009B
___ftdiv                                          text11       002BC6
___ftdiv@cntr                                     cstackBANK0  00007A
___ftdiv@exp                                      cstackBANK0  00007E
___ftdiv@f1                                       cstackBANK0  000074
___ftdiv@f2                                       cstackBANK0  000077
___ftdiv@f3                                       cstackBANK0  00007B
___ftdiv@sign                                     cstackBANK0  00007F
___ftge                                           text49       0034BE
___ftge@ff1                                       cstackCOMRAM 00001C
___ftge@ff2                                       cstackCOMRAM 00001F
___ftmul                                          text36       0027C8
___ftmul@cntr                                     cstackBANK0  000086
___ftmul@exp                                      cstackBANK0  000082
___ftmul@f1                                       cstackBANK0  000079
___ftmul@f2                                       cstackBANK0  00007C
___ftmul@f3_as_product                            cstackBANK0  000083
___ftmul@sign                                     cstackBANK0  000087
___ftneg                                          text48       003B2A
___ftneg@f1                                       cstackCOMRAM 00001C
___ftpack                                         text47       0032D6
___ftpack@arg                                     cstackCOMRAM 00001C
___ftpack@exp                                     cstackCOMRAM 00001F
___ftpack@sign                                    cstackCOMRAM 000020
___ftsub                                          text45       003808
___ftsub@f1                                       cstackBANK0  00009E
___ftsub@f2                                       cstackBANK0  0000A1
___fttol                                          text44       002A82
___fttol@exp1                                     cstackBANK0  00009D
___fttol@f1                                       cstackBANK0  00008F
___fttol@lval                                     cstackBANK0  000099
___fttol@sign1                                    cstackBANK0  000098
___inthi_sp                                       stack        000000
___intlo_sp                                       stack        000000
___lldiv                                          text43       003226
___lldiv@counter                                  cstackCOMRAM 000020
___lldiv@dividend                                 cstackBANK0  000071
___lldiv@divisor                                  cstackBANK0  000075
___lldiv@quotient                                 cstackCOMRAM 00001C
___llmod                                          text42       00342A
___llmod@counter                                  cstackCOMRAM 000021
___llmod@dividend                                 cstackBANK0  000079
___llmod@divisor                                  cstackBANK0  00007D
___lltoft                                         text41       00364C
___lltoft@c                                       cstackBANK0  000071
___lltoft@exp                                     cstackBANK0  000075
___lwtoft                                         text16       003B06
___lwtoft@c                                       cstackBANK0  000071
___param_bank                                     (abs)        000000
___rparam_used                                    (abs)        000001
___sp                                             stack        000000
___wmul                                           text35       0039F6
___wmul@multiplicand                              cstackBANK0  000077
___wmul@multiplier                                cstackBANK0  000075
___wmul@product                                   cstackCOMRAM 000026
__accesstop                                       (abs)        000060
__activetblptr                                    (abs)        000002
__div_to_l_                                       text40       002D06
__div_to_l_@cntr                                  cstackCOMRAM 000026
__div_to_l_@exp1                                  cstackCOMRAM 000027
__div_to_l_@f1                                    cstackCOMRAM 00001C
__div_to_l_@f2                                    cstackCOMRAM 00001F
__div_to_l_@quot                                  cstackCOMRAM 000022
__end_of___awdiv                                  text38       00342A
__end_of___awmod                                  text37       00364C
__end_of___awtoft                                 text12       003990
__end_of___ftadd                                  text46       0024B2
__end_of___ftdiv                                  text11       002D06
__end_of___ftge                                   text49       00354E
__end_of___ftmul                                  text36       002926
__end_of___ftneg                                  text48       003B4E
__end_of___ftpack                                 text47       003384
__end_of___ftsub                                  text45       003854
__end_of___fttol                                  text44       002BC6
__end_of___lldiv                                  text43       0032D6
__end_of___llmod                                  text42       0034BE
__end_of___lltoft                                 text41       0036B6
__end_of___lwtoft                                 text16       003B2A
__end_of___wmul                                   text35       003A28
__end_of__div_to_l_                               text40       002E2E
__end_of__initialization                          cinit        0037FA
__end_of__npowers_                                mediumconst  007F6B
__end_of__powers_                                 mediumconst  007F44
__end_of__tdiv_to_l_                              text39       002A82
__end_of_dpowers                                  mediumconst  007F1D
__end_of_fround                                   text34       00224A
__end_of_high_priority_int                        intcode_body 001FAA
__end_of_init_initialize                          text51       003BEE
__end_of_init_io_initialize                       text56       003226
__end_of_init_timer1_initialize                   text55       003B06
__end_of_init_timer2_initialize                   text54       003BD8
__end_of_init_watchdogs_initialize                text53       003B8A
__end_of_isdigit                                  text33       003B6C
__end_of_low_priority_int                         intcodelo    0000A6
__end_of_main                                     text0        003C24
__end_of_main_loop                                text1        0035DC
__end_of_memset                                   text50       003AE0
__end_of_scale                                    text32       001860
__end_of_sprintf                                  text31       000C30
__end_of_strcat                                   text30       0038D8
__end_of_strcpy                                   text29       003A88
__end_of_strlen                                   text28       0037BA
__end_of_util_beacon_transmission                 text17       002F18
__end_of_util_getBatteryCurrent                   text15       0030AC
__end_of_util_getBatteryVoltage                   text14       00316A
__end_of_util_getSolarCurrent                     text13       002FE2
__end_of_util_getTemperature                      text4        0013CA
__end_of_util_onewire_read_bit                    text10       0039F6
__end_of_util_onewire_read_byte                   text9        002646
__end_of_util_onewire_reset                       text8        003896
__end_of_util_onewire_write_bit                   text7        003A58
__end_of_util_onewire_write_byte                  text6        0027C8
__end_of_util_pwm_initialize                      text52       0039C4
__end_of_util_pwm_start                           text27       003C34
__end_of_util_pwm_stop                            text26       003C2C
__end_of_util_transmit_dash                       text24       003BBE
__end_of_util_transmit_dot                        text23       003BA4
__end_of_util_transmit_letter                     text18       001C50
__end_of_util_transmit_morse_sequence             text21       003716
__end_of_util_transmit_space_between_dots_dashes  text22       003C18
__end_of_util_transmit_space_between_letters      text20       003C0A
__end_of_util_transmit_space_between_words        text19       003BFC
__end_of_util_waits_delay_hours                   text2        003916
__end_of_util_waits_delay_mins                    text3        003954
__end_of_util_waits_delay_ms                      text25       003AB4
__end_of_util_waits_delay_secs                    text5        003768
__initialization                                  cinit        0037BA
__mediumconst                                     mediumconst  007EF4
__npowers_                                        mediumconst  007F44
__pbssBANK2                                       bssBANK2     000200
__pbssCOMRAM                                      bssCOMRAM    000028
__pcinit                                          cinit        0037BA
__pcstackBANK0                                    cstackBANK0  000060
__pcstackBANK1                                    cstackBANK1  000100
__pcstackCOMRAM                                   cstackCOMRAM 000001
__pdataCOMRAM                                     dataCOMRAM   00003F
__pidataCOMRAM                                    idataCOMRAM  003C34
__pintcode                                        intcode      000008
__pintcode_body                                   intcode_body 001C50
__pintcodelo                                      intcodelo    000018
__pmediumconst                                    mediumconst  007EF4
__powers_                                         mediumconst  007F1D
__ptext0                                          text0        003C18
__ptext1                                          text1        00354E
__ptext10                                         text10       0039C4
__ptext11                                         text11       002BC6
__ptext12                                         text12       003954
__ptext13                                         text13       002F18
__ptext14                                         text14       0030AC
__ptext15                                         text15       002FE2
__ptext16                                         text16       003B06
__ptext17                                         text17       002E2E
__ptext18                                         text18       001860
__ptext19                                         text19       003BEE
__ptext2                                          text2        0038D8
__ptext20                                         text20       003BFC
__ptext21                                         text21       0036B6
__ptext22                                         text22       003C0A
__ptext23                                         text23       003B8A
__ptext24                                         text24       003BA4
__ptext25                                         text25       003A88
__ptext26                                         text26       003C24
__ptext27                                         text27       003C2C
__ptext28                                         text28       003768
__ptext29                                         text29       003A58
__ptext3                                          text3        003916
__ptext30                                         text30       003896
__ptext31                                         text31       0000AA
__ptext32                                         text32       0013CA
__ptext33                                         text33       003B4E
__ptext34                                         text34       001FAA
__ptext35                                         text35       0039F6
__ptext36                                         text36       0027C8
__ptext37                                         text37       0035DC
__ptext38                                         text38       003384
__ptext39                                         text39       002926
__ptext4                                          text4        000C30
__ptext40                                         text40       002D06
__ptext41                                         text41       00364C
__ptext42                                         text42       00342A
__ptext43                                         text43       003226
__ptext44                                         text44       002A82
__ptext45                                         text45       003808
__ptext46                                         text46       00224A
__ptext47                                         text47       0032D6
__ptext48                                         text48       003B2A
__ptext49                                         text49       0034BE
__ptext5                                          text5        003716
__ptext50                                         text50       003AB4
__ptext51                                         text51       003BD8
__ptext52                                         text52       003990
__ptext53                                         text53       003B6C
__ptext54                                         text54       003BBE
__ptext55                                         text55       003AE0
__ptext56                                         text56       00316A
__ptext6                                          text6        002646
__ptext7                                          text7        003A28
__ptext8                                          text8        003854
__ptext9                                          text9        0024B2
__ramtop                                          ramtop       000600
__size_of___awdiv                                 (abs)        000000
__size_of___awmod                                 (abs)        000000
__size_of___awtoft                                (abs)        000000
__size_of___ftadd                                 (abs)        000000
__size_of___ftdiv                                 (abs)        000000
__size_of___ftge                                  (abs)        000000
__size_of___ftmul                                 (abs)        000000
__size_of___ftneg                                 (abs)        000000
__size_of___ftpack                                (abs)        000000
__size_of___ftsub                                 (abs)        000000
__size_of___fttol                                 (abs)        000000
__size_of___lldiv                                 (abs)        000000
__size_of___llmod                                 (abs)        000000
__size_of___lltoft                                (abs)        000000
__size_of___lwtoft                                (abs)        000000
__size_of___wmul                                  (abs)        000000
__size_of__div_to_l_                              (abs)        000000
__size_of__tdiv_to_l_                             (abs)        000000
__size_of_fround                                  (abs)        000000
__size_of_high_priority_int                       (abs)        000000
__size_of_init_initialize                         (abs)        000000
__size_of_init_io_initialize                      (abs)        000000
__size_of_init_timer1_initialize                  (abs)        000000
__size_of_init_timer2_initialize                  (abs)        000000
__size_of_init_watchdogs_initialize               (abs)        000000
__size_of_isdigit                                 (abs)        000000
__size_of_low_priority_int                        (abs)        000000
__size_of_main                                    (abs)        000000
__size_of_main_loop                               (abs)        000000
__size_of_memset                                  (abs)        000000
__size_of_scale                                   (abs)        000000
__size_of_sprintf                                 (abs)        000000
__size_of_strcat                                  (abs)        000000
__size_of_strcpy                                  (abs)        000000
__size_of_strlen                                  (abs)        000000
__size_of_util_beacon_transmission                (abs)        000000
__size_of_util_getBatteryCurrent                  (abs)        000000
__size_of_util_getBatteryVoltage                  (abs)        000000
__size_of_util_getSolarCurrent                    (abs)        000000
__size_of_util_getTemperature                     (abs)        000000
__size_of_util_onewire_read_bit                   (abs)        000000
__size_of_util_onewire_read_byte                  (abs)        000000
__size_of_util_onewire_reset                      (abs)        000000
__size_of_util_onewire_write_bit                  (abs)        000000
__size_of_util_onewire_write_byte                 (abs)        000000
__size_of_util_pwm_initialize                     (abs)        000000
__size_of_util_pwm_start                          (abs)        000000
__size_of_util_pwm_stop                           (abs)        000000
__size_of_util_transmit_dash                      (abs)        000000
__size_of_util_transmit_dot                       (abs)        000000
__size_of_util_transmit_letter                    (abs)        000000
__size_of_util_transmit_morse_sequence            (abs)        000000
__size_of_util_transmit_space_between_dots_dashes (abs)        000000
__size_of_util_transmit_space_between_letters     (abs)        000000
__size_of_util_transmit_space_between_words       (abs)        000000
__size_of_util_waits_delay_hours                  (abs)        000000
__size_of_util_waits_delay_mins                   (abs)        000000
__size_of_util_waits_delay_ms                     (abs)        000000
__size_of_util_waits_delay_secs                   (abs)        000000
__smallconst                                      smallconst   000000
__tdiv_to_l_                                      text39       002926
__tdiv_to_l_@cntr                                 cstackBANK0  000075
__tdiv_to_l_@exp1                                 cstackBANK0  000076
__tdiv_to_l_@f1                                   cstackCOMRAM 00001C
__tdiv_to_l_@f2                                   cstackCOMRAM 00001F
__tdiv_to_l_@quot                                 cstackBANK0  000071
_dpowers                                          mediumconst  007EF5
_fround                                           text34       001FAA
_fround$2789                                      cstackBANK0  00008E
_fround$2790                                      cstackBANK0  00008B
_global_command_buffer                            bssCOMRAM    00003C
_global_command_pending_check                     bssCOMRAM    00003A
_high_priority_int                                intcode      000008
_init_initialize                                  text51       003BD8
_init_io_initialize                               text56       00316A
_init_timer1_initialize                           text55       003AE0
_init_timer2_initialize                           text54       003BBE
_init_watchdogs_initialize                        text53       003B6C
_isdigit                                          text33       003B4E
_isdigit$2419                                     cstackCOMRAM 00001D
_low_priority_int                                 intcodelo    000018
_main                                             text0        003C18
_main_loop                                        text1        00354E
_memset                                           text50       003AB4
_scale                                            text32       0013CA
_scale$2791                                       cstackBANK0  00008B
_sprintf                                          text31       0000AA
_sprintf$2792                                     cstackBANK0  0000B8
_strcat                                           text30       003896
_strcpy                                           text29       003A58
_strlen                                           text28       003768
_util_beacon_transmission                         text17       002E2E
_util_getBatteryCurrent                           text15       002FE2
_util_getBatteryVoltage                           text14       0030AC
_util_getSolarCurrent                             text13       002F18
_util_getTemperature                              text4        000C30
_util_getTemperature$2785                         cstackBANK1  0001A7
_util_getTemperature$2786                         cstackBANK1  0001AA
_util_getTemperature$2787                         cstackBANK1  0001AD
_util_getTemperature$2788                         cstackBANK1  0001B0
_util_onewire_read_bit                            text10       0039C4
_util_onewire_read_byte                           text9        0024B2
_util_onewire_reset                               text8        003854
_util_onewire_write_bit                           text7        003A28
_util_onewire_write_byte                          text6        002646
_util_pwm_initialize                              text52       003990
_util_pwm_start                                   text27       003C2C
_util_pwm_stop                                    text26       003C24
_util_transmit_dash                               text24       003BA4
_util_transmit_dot                                text23       003B8A
_util_transmit_letter                             text18       001860
_util_transmit_morse_sequence                     text21       0036B6
_util_transmit_space_between_dots_dashes          text22       003C0A
_util_transmit_space_between_letters              text20       003BFC
_util_transmit_space_between_words                text19       003BEE
_util_waits_delay_hours                           text2        0038D8
_util_waits_delay_mins                            text3        003916
_util_waits_delay_ms                              text25       003A88
_util_waits_delay_secs                            text5        003716
btemp                                             temp         000044
end_of_initialization                             cinit        0037FA
fround@prec                                       cstackBANK0  000091
high_priority_int@activation_threshold            dataCOMRAM   000042
high_priority_int@current_signal_level            cstackCOMRAM 000016
high_priority_int@cycles_transmitter_active       bssCOMRAM    000032
high_priority_int@is_transmitter_active           bssCOMRAM    00003E
high_priority_int@noise_avg_value                 dataCOMRAM   00003F
high_priority_int@num_received_bits               bssCOMRAM    000028
high_priority_int@oldest_sample                   cstackCOMRAM 000014
high_priority_int@previous_received_bit           bssCOMRAM    00002A
high_priority_int@previous_signal_level           bssCOMRAM    00002C
high_priority_int@received_bit                    cstackCOMRAM 00001A
high_priority_int@sample                          cstackCOMRAM 000018
high_priority_int@sample_position                 bssCOMRAM    000036
high_priority_int@samples                         bssBANK2     000200
high_priority_int@times_threshold_exceeded        bssCOMRAM    000034
high_priority_int@tmr1_interrupt_number           bssCOMRAM    000038
high_priority_int@total_add                       bssCOMRAM    000030
high_priority_int@valid_samples                   bssCOMRAM    00002E
int$flags                                         temp         000044
int_func                                          intcode_body 001C50
intlevel0                                         text         000000
intlevel1                                         text         000000
intlevel2                                         text         000000
intlevel3                                         text         000000
isdigit@c                                         cstackCOMRAM 00001E
main_loop@battery_current                         cstackBANK0  0000E0
main_loop@battery_voltage                         cstackBANK0  0000E2
main_loop@solar_current                           cstackBANK0  0000DE
main_loop@temperature                             cstackBANK0  0000DB
memset@c                                          cstackCOMRAM 00001E
memset@n                                          cstackCOMRAM 000020
memset@p                                          cstackCOMRAM 000022
memset@p1                                         cstackCOMRAM 00001C
scale@scl                                         cstackBANK0  00008E
sprintf@ap                                        cstackBANK0  0000BB
sprintf@c                                         cstackBANK0  0000D0
sprintf@exp                                       cstackBANK0  0000C9
sprintf@f                                         cstackBANK0  0000A6
sprintf@flag                                      cstackBANK0  0000BD
sprintf@fval                                      cstackBANK0  0000CB
sprintf@prec                                      cstackBANK0  0000CE
sprintf@sp                                        cstackBANK0  0000A4
sprintf@tmpval                                    cstackBANK0  0000C1
sprintf@val                                       cstackBANK0  0000C5
sprintf@width                                     cstackBANK0  0000BF
stackhi                                           (abs)        0005FF
stacklo                                           (abs)        000300
start                                             init         0000A6
start_initialization                              cinit        0037BA
strcat@cp                                         cstackCOMRAM 000020
strcat@from                                       cstackCOMRAM 00001E
strcat@to                                         cstackCOMRAM 00001C
strcpy@cp                                         cstackCOMRAM 000020
strcpy@from                                       cstackCOMRAM 00001E
strcpy@to                                         cstackCOMRAM 00001C
strlen@cp                                         cstackCOMRAM 000020
strlen@s                                          cstackCOMRAM 00001C
util_beacon_transmission@BEACON_BUFFER            cstackBANK1  000180
util_beacon_transmission@BEACON_MESSAGE           cstackBANK1  000100
util_beacon_transmission@battery_current          cstackBANK0  0000D6
util_beacon_transmission@battery_voltage          cstackBANK0  0000D1
util_beacon_transmission@i                        cstackBANK1  0001C0
util_beacon_transmission@solar_current            cstackBANK0  0000D4
util_beacon_transmission@temperature              cstackBANK0  0000D8
util_getBatteryCurrent@batteryCurrent             cstackBANK0  0000A3
util_getBatteryCurrent@value                      cstackBANK0  0000A0
util_getBatteryVoltage@value                      cstackBANK0  00008B
util_getBatteryVoltage@voltage                    cstackBANK0  00008E
util_getSolarCurrent@solarCurrent                 cstackBANK0  0000A3
util_getSolarCurrent@value                        cstackBANK0  0000A0
util_getTemperature@bit_in_byte                   cstackBANK1  0001C7
util_getTemperature@bit_mem                       cstackBANK1  000100
util_getTemperature@byte_mem                      cstackBANK1  000190
util_getTemperature@i                             cstackBANK1  0001CC
util_getTemperature@num_bit                       cstackBANK1  0001A2
util_getTemperature@num_byte                      cstackBANK1  0001C5
util_getTemperature@shift_reg_bit0                cstackBANK1  0001B3
util_getTemperature@shift_reg_bit1                cstackBANK1  0001B5
util_getTemperature@shift_reg_bit2                cstackBANK1  0001B7
util_getTemperature@shift_reg_bit3                cstackBANK1  0001B9
util_getTemperature@shift_reg_bit4                cstackBANK1  0001BB
util_getTemperature@shift_reg_bit5                cstackBANK1  0001BD
util_getTemperature@shift_reg_bit6                cstackBANK1  0001BF
util_getTemperature@shift_reg_bit7                cstackBANK1  0001C1
util_getTemperature@shift_reg_bit_temp            cstackBANK1  0001C3
util_getTemperature@sign                          cstackBANK1  0001A4
util_getTemperature@temperature                   cstackBANK1  0001C9
util_onewire_read_bit@value                       cstackCOMRAM 00001F
util_onewire_read_byte@bit0                       cstackBANK0  000081
util_onewire_read_byte@bit1                       cstackBANK0  000083
util_onewire_read_byte@bit2                       cstackBANK0  000085
util_onewire_read_byte@bit3                       cstackBANK0  000087
util_onewire_read_byte@bit4                       cstackBANK0  000089
util_onewire_read_byte@bit5                       cstackBANK0  00008B
util_onewire_read_byte@bit6                       cstackBANK0  00008D
util_onewire_read_byte@bit7                       cstackBANK0  00008F
util_onewire_read_byte@value                      cstackBANK0  000091
util_onewire_reset@presence                       cstackCOMRAM 00001F
util_onewire_write_bit@bit_in                     cstackCOMRAM 00001C
util_onewire_write_byte@bit0                      cstackBANK0  000071
util_onewire_write_byte@bit1                      cstackBANK0  000073
util_onewire_write_byte@bit2                      cstackBANK0  000075
util_onewire_write_byte@bit3                      cstackBANK0  000077
util_onewire_write_byte@bit4                      cstackBANK0  000079
util_onewire_write_byte@bit5                      cstackBANK0  00007B
util_onewire_write_byte@bit6                      cstackBANK0  00007D
util_onewire_write_byte@bit7                      cstackBANK0  00007F
util_onewire_write_byte@value                     cstackCOMRAM 00001E
util_transmit_letter@letter                       cstackCOMRAM 000026
util_transmit_morse_sequence@i                    cstackCOMRAM 000024
util_transmit_morse_sequence@morse_sequence       cstackBANK0  000071
util_waits_delay_hours@hours                      cstackBANK0  000077
util_waits_delay_hours@i                          cstackBANK0  000079
util_waits_delay_mins@i                           cstackBANK0  000075
util_waits_delay_mins@minutes                     cstackBANK0  000073
util_waits_delay_ms@i                             cstackCOMRAM 00001F
util_waits_delay_ms@ms                            cstackCOMRAM 00001C
util_waits_delay_secs@i                           cstackCOMRAM 000022
util_waits_delay_secs@j                           cstackCOMRAM 000024
util_waits_delay_secs@secs                        cstackBANK0  000071


FUNCTION INFORMATION:

 *************** function _main *****************
 Defined at:
		line 19 in file "easat2_main_mcu.c"
 Parameters:    Size  Location     Type
		None
 Auto vars:     Size  Location     Type
		None
 Return value:  Size  Location     Type
                  1    wreg      void 
 Registers used:
		wreg, fsr0l, fsr0h, fsr1l, fsr1h, fsr2l, fsr2h, status,2, status,0, tblptrl, tblptrh, tblptru, prodl, prodh, cstack
 Tracked objects:
		On entry : 
		On exit  : 
		Unchanged: 
 Data sizes:     COMRAM   BANK0   BANK1   BANK2   BANK3   BANK4   BANK5
      Params:         0       0       0       0       0       0       0
      Locals:         0       0       0       0       0       0       0
      Temps:          0       0       0       0       0       0       0
      Totals:         0       0       0       0       0       0       0
Total ram usage:        0 bytes
 Hardware stack levels required when called:    8
 This function calls:
		_init_initialize
		_main_loop
 This function is called by:
		Startup code after reset
 This function uses a non-reentrant model


 *************** function _main_loop *****************
 Defined at:
		line 31 in file "easat2_main_mcu.c"
 Parameters:    Size  Location     Type
		None
 Auto vars:     Size  Location     Type
  battery_volt    3  130[BANK0 ] float 
  temperature     3  123[BANK0 ] float 
  battery_curr    2  128[BANK0 ] int 
  solar_curren    2  126[BANK0 ] int 
 Return value:  Size  Location     Type
                  1    wreg      void 
 Registers used:
		wreg, fsr0l, fsr0h, fsr1l, fsr1h, fsr2l, fsr2h, status,2, status,0, tblptrl, tblptrh, tblptru, prodl, prodh, cstack
 Tracked objects:
		On entry : 
		On exit  : 
		Unchanged: 
 Data sizes:     COMRAM   BANK0   BANK1   BANK2   BANK3   BANK4   BANK5
      Params:         0       0       0       0       0       0       0
      Locals:         0      10       0       0       0       0       0
      Temps:          0       0       0       0       0       0       0
      Totals:         0      10       0       0       0       0       0
Total ram usage:       10 bytes
 Hardware stack levels used:    1
 Hardware stack levels required when called:    7
 This function calls:
		_init_watchdogs_initialize
		_util_beacon_transmission
		_util_getBatteryCurrent
		_util_getBatteryVoltage
		_util_getSolarCurrent
		_util_getTemperature
		_util_waits_delay_hours
		_util_waits_delay_mins
 This function is called by:
		_main
 This function uses a non-reentrant model


 *************** function _util_waits_delay_hours *****************
 Defined at:
		line 17 in file "easat2_util_waits.c"
 Parameters:    Size  Location     Type
  hours           2   23[BANK0 ] int 
 Auto vars:     Size  Location     Type
  i               2   25[BANK0 ] int 
 Return value:  Size  Location     Type
                  1    wreg      void 
 Registers used:
		wreg, status,2, status,0, cstack
 Tracked objects:
		On entry : 
		On exit  : 
		Unchanged: 
 Data sizes:     COMRAM   BANK0   BANK1   BANK2   BANK3   BANK4   BANK5
      Params:         0       2       0       0       0       0       0
      Locals:         0       2       0       0       0       0       0
      Temps:          1       0       0       0       0       0       0
      Totals:         1       4       0       0       0       0       0
Total ram usage:        5 bytes
 Hardware stack levels used:    1
 Hardware stack levels required when called:    5
 This function calls:
		_util_waits_delay_mins
 This function is called by:
		_main_loop
 This function uses a non-reentrant model


 *************** function _util_waits_delay_mins *****************
 Defined at:
		line 24 in file "easat2_util_waits.c"
 Parameters:    Size  Location     Type
  minutes         2   19[BANK0 ] int 
 Auto vars:     Size  Location     Type
  i               2   21[BANK0 ] int 
 Return value:  Size  Location     Type
                  1    wreg      void 
 Registers used:
		wreg, status,2, status,0, cstack
 Tracked objects:
		On entry : 
		On exit  : 
		Unchanged: 
 Data sizes:     COMRAM   BANK0   BANK1   BANK2   BANK3   BANK4   BANK5
      Params:         0       2       0       0       0       0       0
      Locals:         0       2       0       0       0       0       0
      Temps:          1       0       0       0       0       0       0
      Totals:         1       4       0       0       0       0       0
Total ram usage:        5 bytes
 Hardware stack levels used:    1
 Hardware stack levels required when called:    4
 This function calls:
		_util_waits_delay_secs
 This function is called by:
		_main_loop
		_util_waits_delay_hours
 This function uses a non-reentrant model


 *************** function _util_getTemperature *****************
 Defined at:
		line 118 in file "easat2_util_inputs.c"
 Parameters:    Size  Location     Type
		None
 Auto vars:     Size  Location     Type
  bit_mem       144    0[BANK1 ] int [72]
  byte_mem       18  144[BANK1 ] int [9]
  temperature     3  201[BANK1 ] float 
  sign            3  164[BANK1 ] float 
  i               2  204[BANK1 ] int 
  bit_in_byte     2  199[BANK1 ] int 
  num_byte        2  197[BANK1 ] int 
  shift_reg_bi    2  195[BANK1 ] int 
  shift_reg_bi    2  193[BANK1 ] int 
  shift_reg_bi    2  191[BANK1 ] int 
  shift_reg_bi    2  189[BANK1 ] int 
  shift_reg_bi    2  187[BANK1 ] int 
  shift_reg_bi    2  185[BANK1 ] int 
  shift_reg_bi    2  183[BANK1 ] int 
  shift_reg_bi    2  181[BANK1 ] int 
  shift_reg_bi    2  179[BANK1 ] int 
  num_bit         2  162[BANK1 ] int 
 Return value:  Size  Location     Type
                  3   62[BANK0 ] float 
 Registers used:
		wreg, fsr2l, fsr2h, status,2, status,0, cstack
 Tracked objects:
		On entry : 
		On exit  : 
		Unchanged: 
 Data sizes:     COMRAM   BANK0   BANK1   BANK2   BANK3   BANK4   BANK5
      Params:         0       3       0       0       0       0       0
[...]
      Locals:         0       0       0       0       0       0       0
      Temps:          3       0       0       0       0       0       0
      Totals:         8       0       0       0       0       0       0
Total ram usage:        8 bytes
 Hardware stack levels used:    1
 Hardware stack levels required when called:    2
 This function calls:
		Nothing
 This function is called by:
		___awtoft
		___ftadd
		___ftdiv
		___ftmul
		___lltoft
		___lwtoft
 This function uses a non-reentrant model


 *************** function ___ftneg *****************
 Defined at:
		line 15 in file "D:\Program Files (x86)\Microchip\xc8\v1.41\sources\common\ftneg.c"
 Parameters:    Size  Location     Type
  f1              3   27[COMRAM] float 
 Auto vars:     Size  Location     Type
		None
 Return value:  Size  Location     Type
                  3   27[COMRAM] float 
 Registers used:
		wreg, status,2, status,0
 Tracked objects:
		On entry : 
		On exit  : 
		Unchanged: 
 Data sizes:     COMRAM   BANK0   BANK1   BANK2   BANK3   BANK4   BANK5
      Params:         3       0       0       0       0       0       0
      Locals:         0       0       0       0       0       0       0
      Temps:          0       0       0       0       0       0       0
      Totals:         3       0       0       0       0       0       0
Total ram usage:        3 bytes
 Hardware stack levels used:    1
 Hardware stack levels required when called:    2
 This function calls:
		Nothing
 This function is called by:
		_sprintf
 This function uses a non-reentrant model


 *************** function ___ftge *****************
 Defined at:
		line 4 in file "D:\Program Files (x86)\Microchip\xc8\v1.41\sources\common\ftge.c"
 Parameters:    Size  Location     Type
  ff1             3   27[COMRAM] float 
  ff2             3   30[COMRAM] float 
 Auto vars:     Size  Location     Type
		None
 Return value:  Size  Location     Type
		None               void
 Registers used:
		wreg, status,2, status,0
 Tracked objects:
		On entry : 
		On exit  : 
		Unchanged: 
 Data sizes:     COMRAM   BANK0   BANK1   BANK2   BANK3   BANK4   BANK5
      Params:         6       0       0       0       0       0       0
      Locals:         0       0       0       0       0       0       0
      Temps:          3       0       0       0       0       0       0
      Totals:         9       0       0       0       0       0       0
Total ram usage:        9 bytes
 Hardware stack levels used:    1
 Hardware stack levels required when called:    2
 This function calls:
		Nothing
 This function is called by:
		_sprintf
 This function uses a non-reentrant model


 *************** function _memset *****************
 Defined at:
		line 8 in file "D:\Program Files (x86)\Microchip\xc8\v1.41\sources\common\memset.c"
 Parameters:    Size  Location     Type
  p1              2   27[COMRAM] PTR void 
		 -> util_beacon_transmission@BEACON_BUFFER(64), util_beacon_transmission@BEACON_MESSAGE(128), 
  c               2   29[COMRAM] int 
  n               2   31[COMRAM] unsigned int 
 Auto vars:     Size  Location     Type
  p               2   33[COMRAM] PTR unsigned char 
		 -> util_beacon_transmission@BEACON_BUFFER(64), util_beacon_transmission@BEACON_MESSAGE(128), 
 Return value:  Size  Location     Type
                  2   27[COMRAM] PTR void 
 Registers used:
		wreg, fsr2l, fsr2h, status,2, status,0
 Tracked objects:
		On entry : 
		On exit  : 
		Unchanged: 
 Data sizes:     COMRAM   BANK0   BANK1   BANK2   BANK3   BANK4   BANK5
      Params:         6       0       0       0       0       0       0
      Locals:         2       0       0       0       0       0       0
      Temps:          0       0       0       0       0       0       0
      Totals:         8       0       0       0       0       0       0
Total ram usage:        8 bytes
 Hardware stack levels used:    1
 Hardware stack levels required when called:    2
 This function calls:
		Nothing
 This function is called by:
		_util_beacon_transmission
 This function uses a non-reentrant model


 *************** function _init_initialize *****************
 Defined at:
		line 18 in file "easat2_init_initialize.c"
 Parameters:    Size  Location     Type
		None
 Auto vars:     Size  Location     Type
		None
 Return value:  Size  Location     Type
                  1    wreg      void 
 Registers used:
		wreg, status,2, status,0, cstack
 Tracked objects:
		On entry : 
		On exit  : 
		Unchanged: 
 Data sizes:     COMRAM   BANK0   BANK1   BANK2   BANK3   BANK4   BANK5
      Params:         0       0       0       0       0       0       0
      Locals:         0       0       0       0       0       0       0
      Temps:          0       0       0       0       0       0       0
      Totals:         0       0       0       0       0       0       0
Total ram usage:        0 bytes
 Hardware stack levels used:    1
 Hardware stack levels required when called:    3
 This function calls:
		_init_io_initialize
		_init_timer1_initialize
		_init_timer2_initialize
		_init_watchdogs_initialize
		_util_pwm_initialize
 This function is called by:
		_main
 This function uses a non-reentrant model


 *************** function _util_pwm_initialize *****************
 Defined at:
		line 24 in file "easat2_util_pwm.c"
 Parameters:    Size  Location     Type
		None
 Auto vars:     Size  Location     Type
		None
 Return value:  Size  Location     Type
                  1    wreg      void 
 Registers used:
		wreg, status,2
 Tracked objects:
		On entry : 
		On exit  : 
		Unchanged: 
 Data sizes:     COMRAM   BANK0   BANK1   BANK2   BANK3   BANK4   BANK5
      Params:         0       0       0       0       0       0       0
      Locals:         0       0       0       0       0       0       0
      Temps:          0       0       0       0       0       0       0
      Totals:         0       0       0       0       0       0       0
Total ram usage:        0 bytes
 Hardware stack levels used:    1
 Hardware stack levels required when called:    2
 This function calls:
		Nothing
 This function is called by:
		_init_initialize
 This function uses a non-reentrant model


 *************** function _init_watchdogs_initialize *****************
 Defined at:
		line 36 in file "easat2_init_initialize.c"
 Parameters:    Size  Location     Type
		None
 Auto vars:     Size  Location     Type
		None
 Return value:  Size  Location     Type
                  1    wreg      void 
 Registers used:
		wreg, status,2, status,0
 Tracked objects:
		On entry : 
		On exit  : 
		Unchanged: 
 Data sizes:     COMRAM   BANK0   BANK1   BANK2   BANK3   BANK4   BANK5
      Params:         0       0       0       0       0       0       0
      Locals:         0       0       0       0       0       0       0
      Temps:          1       0       0       0       0       0       0
      Totals:         1       0       0       0       0       0       0
Total ram usage:        1 bytes
 Hardware stack levels used:    1
 Hardware stack levels required when called:    2
 This function calls:
		Nothing
 This function is called by:
		_init_initialize
		_main_loop
 This function uses a non-reentrant model


 *************** function _init_timer2_initialize *****************
 Defined at:
		line 70 in file "easat2_init_timer.c"
 Parameters:    Size  Location     Type
		None
 Auto vars:     Size  Location     Type
		None
 Return value:  Size  Location     Type
                  1    wreg      void 
 Registers used:
		wreg, status,2
 Tracked objects:
		On entry : 
		On exit  : 
		Unchanged: 
 Data sizes:     COMRAM   BANK0   BANK1   BANK2   BANK3   BANK4   BANK5
      Params:         0       0       0       0       0       0       0
      Locals:         0       0       0       0       0       0       0
      Temps:          0       0       0       0       0       0       0
      Totals:         0       0       0       0       0       0       0
Total ram usage:        0 bytes
 Hardware stack levels used:    1
 Hardware stack levels required when called:    2
 This function calls:
		Nothing
 This function is called by:
		_init_initialize
 This function uses a non-reentrant model


 *************** function _init_timer1_initialize *****************
 Defined at:
		line 17 in file "easat2_init_timer.c"
 Parameters:    Size  Location     Type
		None
 Auto vars:     Size  Location     Type
		None
 Return value:  Size  Location     Type
                  1    wreg      void 
 Registers used:
		wreg, status,2
 Tracked objects:
		On entry : 
		On exit  : 
		Unchanged: 
 Data sizes:     COMRAM   BANK0   BANK1   BANK2   BANK3   BANK4   BANK5
      Params:         0       0       0       0       0       0       0
      Locals:         0       0       0       0       0       0       0
      Temps:          0       0       0       0       0       0       0
      Totals:         0       0       0       0       0       0       0
Total ram usage:        0 bytes
 Hardware stack levels used:    1
 Hardware stack levels required when called:    2
 This function calls:
		Nothing
 This function is called by:
		_init_initialize
 This function uses a non-reentrant model


 *************** function _init_io_initialize *****************
 Defined at:
		line 49 in file "easat2_init_initialize.c"
 Parameters:    Size  Location     Type
		None
 Auto vars:     Size  Location     Type
		None
 Return value:  Size  Location     Type
                  1    wreg      void 
 Registers used:
		wreg, status,2
 Tracked objects:
		On entry : 
		On exit  : 
		Unchanged: 
 Data sizes:     COMRAM   BANK0   BANK1   BANK2   BANK3   BANK4   BANK5
      Params:         0       0       0       0       0       0       0
      Locals:         0       0       0       0       0       0       0
      Temps:          0       0       0       0       0       0       0
      Totals:         0       0       0       0       0       0       0
Total ram usage:        0 bytes
 Hardware stack levels used:    1
 Hardware stack levels required when called:    2
 This function calls:
		Nothing
 This function is called by:
		_init_initialize
 This function uses a non-reentrant model


 *************** function _low_priority_int *****************
 Defined at:
		line 270 in file "easat2_func_interrupts.c"
 Parameters:    Size  Location     Type
		None
 Auto vars:     Size  Location     Type
		None
 Return value:  Size  Location     Type
                  1    wreg      void 
 Registers used:
		None
 Tracked objects:
		On entry : 
		On exit  : 
		Unchanged: 
 Data sizes:     COMRAM   BANK0   BANK1   BANK2   BANK3   BANK4   BANK5
      Params:         0       0       0       0       0       0       0
      Locals:         0       0       0       0       0       0       0
      Temps:          0      17       0       0       0       0       0
      Totals:         0      17       0       0       0       0       0
Total ram usage:       17 bytes
 Hardware stack levels used:    1
 Hardware stack levels required when called:    1
 This function calls:
		Nothing
 This function is called by:
		Interrupt level 1
 This function uses a non-reentrant model


 *************** function _high_priority_int *****************
 Defined at:
		line 19 in file "easat2_func_interrupts.c"
 Parameters:    Size  Location     Type
		None
 Auto vars:     Size  Location     Type
  received_bit    2   25[COMRAM] unsigned int 
  sample          2   23[COMRAM] unsigned int 
  current_sign    2   21[COMRAM] unsigned int 
  oldest_sampl    2   19[COMRAM] unsigned int 
 Return value:  Size  Location     Type
                  1    wreg      void 
 Registers used:
		wreg, fsr2l, fsr2h, status,2, status,0
 Tracked objects:
		On entry : 
		On exit  : 
		Unchanged: 
 Data sizes:     COMRAM   BANK0   BANK1   BANK2   BANK3   BANK4   BANK5
      Params:         0       0       0       0       0       0       0
      Locals:         8       0       0       0       0       0       0
      Temps:         19       0       0       0       0       0       0
      Totals:        27       0       0       0       0       0       0
Total ram usage:       27 bytes
 Hardware stack levels used:    1
 This function calls:
		Nothing
 This function is called by:
		Interrupt level 2
 This function uses a non-reentrant model



MODULE INFORMATION

Module		Function		Class		Link	Load	Size
D:\Program Files (x86)\Microchip\xc8\v1.41\sources\common\ftge.c
		___ftge        		CODE           	34BE	0000	145

D:\Program Files (x86)\Microchip\xc8\v1.41\sources\common\ftge.c estimated size: 145

D:\Program Files (x86)\Microchip\xc8\v1.41\sources\common\ftneg.c
		___ftneg       		CODE           	3B2A	0000	37

D:\Program Files (x86)\Microchip\xc8\v1.41\sources\common\ftneg.c estimated size: 37

D:\Program Files (x86)\Microchip\xc8\v1.41\sources\common\ftsub.c
		___ftsub       		CODE           	3808	0000	77

D:\Program Files (x86)\Microchip\xc8\v1.41\sources\common\ftsub.c estimated size: 77

D:\Program Files (x86)\Microchip\xc8\v1.41\sources\common\float.c
		___ftpack      		CODE           	32D6	0000	175

D:\Program Files (x86)\Microchip\xc8\v1.41\sources\common\float.c estimated size: 175

easat2_func_interrupts.c
		_high_priority_int		CODE           	0008	0000	865
		_low_priority_int		CODE           	0018	0000	143

easat2_func_interrupts.c estimated size: 1008

D:\Program Files (x86)\Microchip\xc8\v1.41\sources\common\awmod.c
		___awmod       		CODE           	35DC	0000	113

D:\Program Files (x86)\Microchip\xc8\v1.41\sources\common\awmod.c estimated size: 113

D:\Program Files (x86)\Microchip\xc8\v1.41\sources\common\fldivl.c
		__div_to_l_    		CODE           	2D06	0000	297

D:\Program Files (x86)\Microchip\xc8\v1.41\sources\common\fldivl.c estimated size: 297

D:\Program Files (x86)\Microchip\xc8\v1.41\sources\common\strcat.c
		_strcat        		CODE           	3896	0000	67

D:\Program Files (x86)\Microchip\xc8\v1.41\sources\common\strcat.c estimated size: 67

D:\Program Files (x86)\Microchip\xc8\v1.41\sources\common\llmod.c
		___llmod       		CODE           	342A	0000	149

D:\Program Files (x86)\Microchip\xc8\v1.41\sources\common\llmod.c estimated size: 149

easat2_util_inputs.c
		_util_getTemperature		CODE           	0C30	0000	1947
		_util_getSolarCurrent		CODE           	2F18	0000	203
		_util_getBatteryVoltage		CODE           	30AC	0000	191
		_util_getBatteryCurrent		CODE           	2FE2	0000	203

easat2_util_inputs.c estimated size: 2544

easat2_util_waits.c
		_util_waits_delay_hours		CODE           	38D8	0000	63
		_util_waits_delay_ms		CODE           	3A88	0000	45
		_util_waits_delay_mins		CODE           	3916	0000	63
		_util_waits_delay_secs		CODE           	3716	0000	83

easat2_util_waits.c estimated size: 254

D:\Program Files (x86)\Microchip\xc8\v1.41\sources\common\strlen.c
		_strlen        		CODE           	3768	0000	83

D:\Program Files (x86)\Microchip\xc8\v1.41\sources\common\strlen.c estimated size: 83

D:\Program Files (x86)\Microchip\xc8\v1.41\sources\common\awtoft.c
		___awtoft      		CODE           	3954	0000	61

D:\Program Files (x86)\Microchip\xc8\v1.41\sources\common\awtoft.c estimated size: 61

D:\Program Files (x86)\Microchip\xc8\v1.41\sources\common\strcpy.c
		_strcpy        		CODE           	3A58	0000	49

D:\Program Files (x86)\Microchip\xc8\v1.41\sources\common\strcpy.c estimated size: 49

D:\Program Files (x86)\Microchip\xc8\v1.41\sources\common\memset.c
		_memset        		CODE           	3AB4	0000	45

D:\Program Files (x86)\Microchip\xc8\v1.41\sources\common\memset.c estimated size: 45

D:\Program Files (x86)\Microchip\xc8\v1.41\sources\common\isdigit.c
		_isdigit       		CODE           	3B4E	0000	31

D:\Program Files (x86)\Microchip\xc8\v1.41\sources\common\isdigit.c estimated size: 31

D:\Program Files (x86)\Microchip\xc8\v1.41\sources\common\ftmul.c
		___ftmul       		CODE           	27C8	0000	351

D:\Program Files (x86)\Microchip\xc8\v1.41\sources\common\ftmul.c estimated size: 351

easat2_util_onewire.c
		_util_onewire_write_byte		CODE           	2646	0000	387
		_util_onewire_read_bit		CODE           	39C4	0000	51
		_util_onewire_read_byte		CODE           	24B2	0000	405
		_util_onewire_reset		CODE           	3854	0000	67
		_util_onewire_write_bit		CODE           	3A28	0000	49

easat2_util_onewire.c estimated size: 959

D:\Program Files (x86)\Microchip\xc8\v1.41\sources\common\ftdiv.c
		___ftdiv       		CODE           	2BC6	0000	321

D:\Program Files (x86)\Microchip\xc8\v1.41\sources\common\ftdiv.c estimated size: 321

D:\Program Files (x86)\Microchip\xc8\v1.41\sources\common\awdiv.c
		___awdiv       		CODE           	3384	0000	167

D:\Program Files (x86)\Microchip\xc8\v1.41\sources\common\awdiv.c estimated size: 167

D:\Program Files (x86)\Microchip\xc8\v1.41\sources\common\lwtoft.c
		___lwtoft      		CODE           	3B06	0000	37

D:\Program Files (x86)\Microchip\xc8\v1.41\sources\common\lwtoft.c estimated size: 37

easat2_util_transmission.c
		_util_transmit_space_between_letters		CODE           	3BFC	0000	15
		_util_transmit_letter		CODE           	1860	0000	1009
		_util_beacon_transmission		CODE           	2E2E	0000	235
		_util_transmit_dot		CODE           	3B8A	0000	27
		_util_transmit_space_between_dots_dashes		CODE           	3C0A	0000	15
		_util_transmit_dash		CODE           	3BA4	0000	27
		_util_transmit_space_between_words		CODE           	3BEE	0000	15
		_util_transmit_morse_sequence		CODE           	36B6	0000	97

easat2_util_transmission.c estimated size: 1440

D:\Program Files (x86)\Microchip\xc8\v1.41\sources\common\lltoft.c
		___lltoft      		CODE           	364C	0000	107

D:\Program Files (x86)\Microchip\xc8\v1.41\sources\common\lltoft.c estimated size: 107

easat2_main_mcu.c
		_main_loop     		CODE           	354E	0000	143
		_main          		CODE           	3C18	0000	13

easat2_main_mcu.c estimated size: 156

D:\Program Files (x86)\Microchip\xc8\v1.41\sources\common\lldiv.c
		___lldiv       		CODE           	3226	0000	177

D:\Program Files (x86)\Microchip\xc8\v1.41\sources\common\lldiv.c estimated size: 177

shared
		__powers_      		MEDIUMCONST    	7F1D	0000	40
		_dpowers       		MEDIUMCONST    	7EF5	0000	41
		__npowers_     		MEDIUMCONST    	7F44	0000	40
		__initialization		CODE           	37BA	0000	65

shared estimated size: 186

D:\Program Files (x86)\Microchip\xc8\v1.41\sources\common\fttol.c
		___fttol       		CODE           	2A82	0000	325

D:\Program Files (x86)\Microchip\xc8\v1.41\sources\common\fttol.c estimated size: 325

easat2_util_pwm.c
		_util_pwm_stop 		CODE           	3C24	0000	9
		_util_pwm_initialize		CODE           	3990	0000	53
		_util_pwm_start		CODE           	3C2C	0000	9

easat2_util_pwm.c estimated size: 71

D:\Program Files (x86)\Microchip\xc8\v1.41\sources\common\doprnt.c
		_scale         		CODE           	13CA	0000	1175
		_sprintf       		CODE           	00AA	0000	2951
		_fround        		CODE           	1FAA	0000	673

D:\Program Files (x86)\Microchip\xc8\v1.41\sources\common\doprnt.c estimated size: 4799

D:\Program Files (x86)\Microchip\xc8\v1.41\sources\common\ftdivl.c
		__tdiv_to_l_   		CODE           	2926	0000	349

D:\Program Files (x86)\Microchip\xc8\v1.41\sources\common\ftdivl.c estimated size: 349

D:\Program Files (x86)\Microchip\xc8\v1.41\sources\common\ftadd.c
		___ftadd       		CODE           	224A	0000	617

D:\Program Files (x86)\Microchip\xc8\v1.41\sources\common\ftadd.c estimated size: 617

easat2_init_timer.c
		_init_timer1_initialize		CODE           	3AE0	0000	39
		_init_timer2_initialize		CODE           	3BBE	0000	27

easat2_init_timer.c estimated size: 66

easat2_init_initialize.c
		_init_io_initialize		CODE           	316A	0000	189
		_init_watchdogs_initialize		CODE           	3B6C	0000	31
		_init_initialize		CODE           	3BD8	0000	23

easat2_init_initialize.c estimated size: 243

D:\Program Files (x86)\Microchip\xc8\v1.41\sources\common\Umul16.c
		___wmul        		CODE           	39F6	0000	51

D:\Program Files (x86)\Microchip\xc8\v1.41\sources\common\Umul16.c estimated size: 51

