Microchip MPLAB XC8 Compiler V1.41 ()

Linker command line:

-W-3 --edf=C:\Program Files (x86)\Microchip\xc8\v1.41\dat\en_msgs.txt -cs \
  -h+dist/default/production\EASAT2-MCU-C.X.production.sym \
  --cmf=dist/default/production\EASAT2-MCU-C.X.production.cmf -z -Q18F45K22 \
  -oC:\Users\FELIX\AppData\Local\Temp\s5ks.2 \
  -Mdist/default/production/EASAT2-MCU-C.X.production.map -E1 -ver=XC8 \
  -ASTACK=0300h-05ffh -pstack=STACK -ACODE=00h-07FFFh -ACONST=00h-07FFFh \
  -ASMALLCONST=0600h-06FFhx122 -AMEDIUMCONST=0600h-07FFFh -ACOMRAM=01h-05Fh \
  -AABS1=00h-05FFh -ABIGRAM=01h-05FFh -ARAM=060h-0FFh,0100h-01FFhx5 \
  -ABANK0=060h-0FFh -ABANK1=0100h-01FFh -ABANK2=0200h-02FFh \
  -ABANK3=0300h-03FFh -ABANK4=0400h-04FFh -ABANK5=0500h-05FFh \
  -ASFR=0F38h-0F5Fh,0F60h-0FFFh \
  -preset_vec=00h,intcode=08h,intcodelo=018h,powerup,init -pramtop=0600h \
  -psmallconst=SMALLCONST -pmediumconst=MEDIUMCONST -pconst=CONST \
  -AFARRAM=00h-00h -ACONFIG=0300000h-030000Dh -pconfig=CONFIG \
  -AIDLOC=0200000h-0200007h -pidloc=IDLOC -AEEDATA=0F00000h-0F000FFh \
  -peeprom_data=EEDATA \
  -prdata=COMRAM,nvrram=COMRAM,nvbit=COMRAM,rbss=COMRAM,rbit=COMRAM \
  -pfarbss=FARRAM,fardata=FARRAM,nvFARRAM=FARRAM \
  -pintsave_regs=BIGRAM,bigbss=BIGRAM,bigdata=BIGRAM -pbss=RAM \
  -pidata=CODE,irdata=CODE,ibigdata=CODE,ifardata=CODE -prparam=COMRAM \
  C:\Users\FELIX\AppData\Local\Temp\s5ks.obj \
  dist/default/production\EASAT2-MCU-C.X.production.obj 

Object code version is 3.11

Machine type is 18F45K22

Call graph: (short form)




                Name                               Link     Load   Length Selector   Space Scale
C:\Users\FELIX\AppData\Local\Temp\s5ks.obj
                init                                 A6       A6        4        C       0
                reset_vec                             0        0        4        0       0
                idloc                            200000   200000        8   200000       0
                config                           300000   300000        E   300000       0
dist/default/production\EASAT2-MCU-C.X.production.obj
                intcodelo                            18       18       8E        C       0
                intcode                               8        8        6        4       0
                temp                                 39       39        1        1       1
                mediumconst                        7EF4     7EF4      10C     3F7A       0
                intcode_body                       21A8     21A8      23E        C       0
                text56                             34FC     34FC       BC        C       0
                text55                             3D5C     3D5C       26        C       0
                text54                             3DBA     3DBA       1A        C       0
                text53                             3D36     3D36       26        C       0
                text52                             3C7E     3C7E       34        C       0
                text51                             3DD4     3DD4       16        C       0
                text50                             3C4A     3C4A       34        C       0
                text49                             31FC     31FC       C8        C       0
                text48                             3CB2     3CB2       30        C       0
                text47                             2F5C     2F5C      10C        C       0
                text46                             1F40     1F40      268        C       0
                text45                             39D8     39D8       4C        C       0
                text44                             2D06     2D06      144        C       0
                text43                             3440     3440       BC        C       0
                text42                             365A     365A       9A        C       0
                text41                             3782     3782       7C        C       0
                text40                             28D4     28D4      188        C       0
                text39                             25A2     25A2      19E        C       0
                text38                             3382     3382       BE        C       0
                text37                             35B8     35B8       A2        C       0
                text36                             2A5C     2A5C      15E        C       0
                text35                             3BAC     3BAC       36        C       0
                text34                             1C94     1C94      2AC        C       0
                text33                             3D0C     3D0C       2A        C       0
                text32                             13F2     13F2      4AE        C       0
                text31                               AA       AA      B9E        C       0
                text30                             3A24     3A24       48        C       0
                text29                             3C16     3C16       34        C       0
                text28                             38DC     38DC       62        C       0
                text27                             3E2E     3E2E        8        C       0
                text26                             3E26     3E26        8        C       0
                text25                             3B70     3B70       3C        C       0
                text24                             3D9E     3D9E       1C        C       0
                text23                             3D82     3D82       1C        C       0
                text22                             3E0A     3E0A       10        C       0
                text21                             37FE     37FE       74        C       0
                text20                             3DFA     3DFA       10        C       0
                text19                             3DEA     3DEA       10        C       0
                text18                             18A0     18A0      3F4        C       0
                text17                             2E4A     2E4A      112        C       0
                text16                             3CE2     3CE2       2A        C       0
                text15                             3132     3132       CA        C       0
                text14                             32C4     32C4       BE        C       0
                text13                             3068     3068       CA        C       0
                text12                             3A6C     3A6C       44        C       0
                text11                             2BBA     2BBA      14C        C       0
                text10                             3B34     3B34       3C        C       0
                text9                              2740     2740      194        C       0
                text8                              398C     398C       4C        C       0
                text7                              3BE2     3BE2       34        C       0
                text6                              23E6     23E6      1BC        C       0
                text5                              3872     3872       6A        C       0
                text4                               C48      C48      7AA        C       0
                text3                              3AF2     3AF2       42        C       0
                text2                              3AB0     3AB0       42        C       0
                text1                              36F4     36F4       8E        C       0
                text0                              3E1A     3E1A        C        C       0
                cstackCOMRAM                          1        1       26        1       1
                cstackBANK0                          60       60       80       60       1
                cstackBANK1                         100      100       CE      100       1
                bssBANK2                            200      200      100      200       1
                dataCOMRAM                           34       34        5        1       1
                bssCOMRAM                            27       27        D        1       1
                cinit                              393E     393E       4E        C       0
                idataCOMRAM                        3E36     3E36        5        C       0

TOTAL           Name                               Link     Load   Length     Space
        CLASS   STACK          

        CLASS   CODE           
                intcodelo                            18       18       8E         0
                intcode                               8        8        6         0
                init                                 A6       A6        4         0
                reset_vec                             0        0        4         0
                intcode_body                       21A8     21A8      23E         0
                text56                             34FC     34FC       BC         0
                text55                             3D5C     3D5C       26         0
                text54                             3DBA     3DBA       1A         0
                text53                             3D36     3D36       26         0
                text52                             3C7E     3C7E       34         0
                text51                             3DD4     3DD4       16         0
                text50                             3C4A     3C4A       34         0
                text49                             31FC     31FC       C8         0
                text48                             3CB2     3CB2       30         0
                text47                             2F5C     2F5C      10C         0
                text46                             1F40     1F40      268         0
                text45                             39D8     39D8       4C         0
                text44                             2D06     2D06      144         0
                text43                             3440     3440       BC         0
                text42                             365A     365A       9A         0
                text41                             3782     3782       7C         0
                text40                             28D4     28D4      188         0
                text39                             25A2     25A2      19E         0
                text38                             3382     3382       BE         0
                text37                             35B8     35B8       A2         0
                text36                             2A5C     2A5C      15E         0
                text35                             3BAC     3BAC       36         0
                text34                             1C94     1C94      2AC         0
                text33                             3D0C     3D0C       2A         0
                text32                             13F2     13F2      4AE         0
                text31                               AA       AA      B9E         0
                text30                             3A24     3A24       48         0
                text29                             3C16     3C16       34         0
                text28                             38DC     38DC       62         0
                text27                             3E2E     3E2E        8         0
                text26                             3E26     3E26        8         0
                text25                             3B70     3B70       3C         0
                text24                             3D9E     3D9E       1C         0
                text23                             3D82     3D82       1C         0
                text22                             3E0A     3E0A       10         0
                text21                             37FE     37FE       74         0
                text20                             3DFA     3DFA       10         0
                text19                             3DEA     3DEA       10         0
                text18                             18A0     18A0      3F4         0
                text17                             2E4A     2E4A      112         0
                text16                             3CE2     3CE2       2A         0
                text15                             3132     3132       CA         0
                text14                             32C4     32C4       BE         0
                text13                             3068     3068       CA         0
                text12                             3A6C     3A6C       44         0
                text11                             2BBA     2BBA      14C         0
                text10                             3B34     3B34       3C         0
                text9                              2740     2740      194         0
                text8                              398C     398C       4C         0
                text7                              3BE2     3BE2       34         0
                text6                              23E6     23E6      1BC         0
                text5                              3872     3872       6A         0
                text4                               C48      C48      7AA         0
                text3                              3AF2     3AF2       42         0
                text2                              3AB0     3AB0       42         0
                text1                              36F4     36F4       8E         0
                text0                              3E1A     3E1A        C         0
                cinit                              393E     393E       4E         0
                idataCOMRAM                        3E36     3E36        5         0

        CLASS   CONST          

        CLASS   SMALLCONST     

        CLASS   MEDIUMCONST    
                mediumconst                        7EF4     7EF4      10C         0

        CLASS   COMRAM         
                temp                                 39       39        1         1
                cstackCOMRAM                          1        1       26         1
                dataCOMRAM                           34       34        5         1
                bssCOMRAM                            27       27        D         1

        CLASS   ABS1           

        CLASS   BIGRAM         

        CLASS   RAM            

        CLASS   BANK0          
                cstackBANK0                          60       60       80         1

        CLASS   BANK1          
                cstackBANK1                         100      100       CE         1

        CLASS   BANK2          
                bssBANK2                            200      200      100         1

        CLASS   BANK3          

        CLASS   BANK4          

        CLASS   BANK5          

        CLASS   SFR            

        CLASS   FARRAM         

        CLASS   CONFIG         
                config                           300000   300000        E         0

        CLASS   IDLOC          
                idloc                            200000   200000        8         0

        CLASS   EEDATA         



SEGMENTS        Name                           Load    Length   Top    Selector   Space  Class

                reset_vec                      000000  000004  000004         0       0  CODE    
                cstackCOMRAM                   000001  000039  00003A         1       1  COMRAM  
                intcode                        000008  000006  00000E         4       0  CODE    
                intcodelo                      000018  003E23  003E3B         C       0  CODE    
                cstackBANK0                    000060  000080  0000E0        60       1  BANK0   
                cstackBANK1                    000100  0000CE  0001CE       100       1  BANK1   
                bssBANK2                       000200  000100  000300       200       1  BANK2   
                mediumconst                    007EF4  00010C  008000      3F7A       0  MEDIUMCO
                idloc                          200000  000008  200008    200000       0  IDLOC   
                config                         300000  00000E  30000E    300000       0  CONFIG  


UNUSED ADDRESS RANGES

        Name                Unused          Largest block    Delta
        BANK0            0000E0-0000FF               20
        BANK1            0001CE-0001FF               32
        BANK3            000300-0003FF              100
        BANK4            000400-0004FF              100
        BANK5            000500-0005FF              100
        BIGRAM           00003A-00005F               26
                         0000E0-0000FF               20
                         0001CE-0001FF               32
                         000300-0005FF              300
        CODE             000004-000007                4
                         00000E-000017                A
                         003E3B-007EF3             40B9
        COMRAM           00003A-00005F               26
        CONST            000004-000007                4
                         00000E-000017                A
                         003E3B-007EF3             40B9
        EEDATA           F00000-F000FF              100
        MEDIUMCONST      003E3B-007EF3             40B9
        RAM              0000E0-0000FF               20
                         0001CE-0001FF               32
                         000300-0005FF              100
        SFR              000F38-000FFF               28
        SMALLCONST       003E3B-007EF3              100
        STACK            000300-0005FF              300

                                  Symbol Table

?___awdiv                                         cstackBANK0  000066
?___awmod                                         cstackBANK0  000060
?___awtoft                                        cstackBANK0  000068
?___ftadd                                         cstackBANK0  00008D
?___ftdiv                                         cstackBANK0  00006C
?___ftmul                                         cstackBANK0  000074
?___ftneg                                         cstackBANK0  000060
?___ftpack                                        cstackBANK0  000060
?___ftsub                                         cstackBANK0  000099
?___fttol                                         cstackBANK0  00008A
?___lldiv                                         cstackBANK0  000060
?___llmod                                         cstackBANK0  00006D
?___lltoft                                        cstackBANK0  000068
?___lwtoft                                        cstackBANK0  000068
?___wmul                                          cstackBANK0  00006E
?__div_to_l_                                      cstackBANK0  000060
?__tdiv_to_l_                                     cstackBANK0  000060
?_fround                                          cstackBANK0  000083
?_scale                                           cstackBANK0  000083
?_sprintf                                         cstackBANK0  00009F
?_strlen                                          cstackBANK0  000060
?_util_getBatteryCurrent                          cstackBANK0  000099
?_util_getBatteryVoltage                          cstackBANK0  000083
?_util_getSolarCurrent                            cstackBANK0  000099
?_util_getTemperature                             cstackBANK0  000099
?_util_onewire_read_bit                           cstackBANK0  000060
?_util_onewire_read_byte                          cstackBANK0  000065
?_util_onewire_reset                              cstackBANK0  000060
_ADCON0bits                                       (abs)        000FC2
_ADCON1                                           (abs)        000FC1
_ADCON2                                           (abs)        000FC0
_ADRES                                            (abs)        000FC3
_ANSELAbits                                       (abs)        000F38
_ANSELBbits                                       (abs)        000F39
_ANSELDbits                                       (abs)        000F3B
_CCP2CONbits                                      (abs)        000F66
_CCPR2L                                           (abs)        000F67
_CCPTMRS0bits                                     (abs)        000F49
_INTCONbits                                       (abs)        000FF2
_IPR1bits                                         (abs)        000F9F
_LATAbits                                         (abs)        000F89
_LATBbits                                         (abs)        000F8A
_LATDbits                                         (abs)        000F8C
_PIE1bits                                         (abs)        000F9D
_PIR1bits                                         (abs)        000F9E
_PORTAbits                                        (abs)        000F80
_PORTBbits                                        (abs)        000F81
_PORTDbits                                        (abs)        000F83
_PR2                                              (abs)        000FBB
_PSTR2CONbits                                     (abs)        000F63
_RBPU                                             (abs)        007F8F
_RCONbits                                         (abs)        000FD0
_T1CONbits                                        (abs)        000FCD
_T2CONbits                                        (abs)        000FBA
_TMR1H                                            (abs)        000FCF
_TMR1L                                            (abs)        000FCE
_TMR2                                             (abs)        000FBC
_TRISAbits                                        (abs)        000F92
_TRISBbits                                        (abs)        000F93
_TRISDbits                                        (abs)        000F95
_VREFCON0bits                                     (abs)        000F42
_WPUB                                             (abs)        000F61
__CFG_BOREN$OFF                                   (abs)        000000
__CFG_BORV$190                                    (abs)        000000
__CFG_CCP2MX$PORTC1                               (abs)        000000
__CFG_CCP3MX$PORTB5                               (abs)        000000
__CFG_CP0$OFF                                     (abs)        000000
__CFG_CP1$OFF                                     (abs)        000000
__CFG_CP2$OFF                                     (abs)        000000
__CFG_CP3$OFF                                     (abs)        000000
__CFG_CPB$OFF                                     (abs)        000000
__CFG_CPD$OFF                                     (abs)        000000
__CFG_EBTR0$OFF                                   (abs)        000000
__CFG_EBTR1$OFF                                   (abs)        000000
__CFG_EBTR2$OFF                                   (abs)        000000
__CFG_EBTR3$OFF                                   (abs)        000000
__CFG_EBTRB$OFF                                   (abs)        000000
__CFG_FCMEN$OFF                                   (abs)        000000
__CFG_FOSC$XT                                     (abs)        000000
__CFG_HFOFST$OFF                                  (abs)        000000
__CFG_IESO$OFF                                    (abs)        000000
__CFG_LVP$OFF                                     (abs)        000000
__CFG_MCLRE$EXTMCLR                               (abs)        000000
__CFG_P2BMX$PORTC0                                (abs)        000000
__CFG_PBADEN$OFF                                  (abs)        000000
__CFG_PLLCFG$OFF                                  (abs)        000000
__CFG_PRICLKEN$ON                                 (abs)        000000
__CFG_PWRTEN$OFF                                  (abs)        000000
__CFG_STVREN$ON                                   (abs)        000000
__CFG_T3CMX$PORTB5                                (abs)        000000
__CFG_WDTEN$ON                                    (abs)        000000
__CFG_WDTPS$32768                                 (abs)        000000
__CFG_WRT0$OFF                                    (abs)        000000
__CFG_WRT1$OFF                                    (abs)        000000
__CFG_WRT2$OFF                                    (abs)        000000
__CFG_WRT3$OFF                                    (abs)        000000
__CFG_WRTB$OFF                                    (abs)        000000
__CFG_WRTC$ON                                     (abs)        000000
__CFG_WRTD$ON                                     (abs)        000000
__CFG_XINST$OFF                                   (abs)        000000
__HRAM                                            (abs)        000000
__Habs1                                           abs1         000000
__Hbank0                                          bank0        000000
__Hbank1                                          bank1        000000
__Hbank2                                          bank2        000000
__Hbank3                                          bank3        000000
__Hbank4                                          bank4        000000
__Hbank5                                          bank5        000000
__Hbigbss                                         bigbss       000000
__Hbigdata                                        bigdata      000000
__Hbigram                                         bigram       000000
__Hbss                                            bss          000000
__HbssBANK2                                       bssBANK2     000000
__HbssCOMRAM                                      bssCOMRAM    000000
__Hcinit                                          cinit        000000
__Hclrtext                                        clrtext      000000
__Hcomram                                         comram       000000
__Hconfig                                         config       30000E
__Hconst                                          const        000000
__HcstackBANK0                                    cstackBANK0  000000
__HcstackBANK1                                    cstackBANK1  000000
__HcstackCOMRAM                                   cstackCOMRAM 000000
__Hdata                                           data         000000
__HdataCOMRAM                                     dataCOMRAM   000000
__Heeprom_data                                    eeprom_data  000000
__Hfarbss                                         farbss       000000
__Hfardata                                        fardata      000000
__Hibigdata                                       ibigdata     000000
__Hidata                                          idata        000000
__HidataCOMRAM                                    idataCOMRAM  000000
__Hidloc                                          idloc        200008
__Hifardata                                       ifardata     000000
__Hinit                                           init         0000AA
__Hintcode                                        intcode      00000E
__Hintcode_body                                   intcode_body 000000
__Hintcodelo                                      intcodelo    0000A6
__Hintentry                                       intentry     000000
__Hintret                                         intret       000000
__Hintsave_regs                                   intsave_regs 000000
__Hirdata                                         irdata       000000
__Hmediumconst                                    mediumconst  008000
__HnvFARRAM                                       nvFARRAM     000000
__Hnvbit                                          nvbit        000000
__Hnvrram                                         nvrram       000000
__Hparam                                          rparam       000000
__Hpowerup                                        powerup      0000A6
__Hram                                            ram          000000
__Hramtop                                         ramtop       000600
__Hrbit                                           rbit         000000
__Hrbss                                           rbss         000000
__Hrdata                                          rdata        000000
__Hreset_vec                                      reset_vec    000004
__Hrparam                                         rparam       000000
__Hsfr                                            sfr          000000
__Hsmallconst                                     smallconst   000000
__Hspace_0                                        (abs)        30000E
__Hspace_1                                        (abs)        000300
__Hspace_2                                        (abs)        000000
__Hstack                                          stack        000000
__Hstruct                                         struct       000000
__Htemp                                           temp         00003A
__Htext                                           text         000000
__Htext0                                          text0        000000
__Htext1                                          text1        000000
__Htext10                                         text10       000000
__Htext11                                         text11       000000
__Htext12                                         text12       000000
__Htext13                                         text13       000000
__Htext14                                         text14       000000
__Htext15                                         text15       000000
__Htext16                                         text16       000000
__Htext17                                         text17       000000
__Htext18                                         text18       000000
__Htext19                                         text19       000000
__Htext2                                          text2        000000
__Htext20                                         text20       000000
__Htext21                                         text21       000000
__Htext22                                         text22       000000
__Htext23                                         text23       000000
__Htext24                                         text24       000000
__Htext25                                         text25       000000
__Htext26                                         text26       000000
__Htext27                                         text27       000000
__Htext28                                         text28       000000
__Htext29                                         text29       000000
__Htext3                                          text3        000000
__Htext30                                         text30       000000
__Htext31                                         text31       000000
__Htext32                                         text32       000000
__Htext33                                         text33       000000
__Htext34                                         text34       000000
__Htext35                                         text35       000000
__Htext36                                         text36       000000
__Htext37                                         text37       000000
__Htext38                                         text38       000000
__Htext39                                         text39       000000
__Htext4                                          text4        000000
__Htext40                                         text40       000000
__Htext41                                         text41       000000
__Htext42                                         text42       000000
__Htext43                                         text43       000000
__Htext44                                         text44       000000
__Htext45                                         text45       000000
__Htext46                                         text46       000000
__Htext47                                         text47       000000
__Htext48                                         text48       000000
__Htext49                                         text49       000000
__Htext5                                          text5        000000
__Htext50                                         text50       000000
__Htext51                                         text51       000000
__Htext52                                         text52       000000
__Htext53                                         text53       000000
__Htext54                                         text54       000000
__Htext55                                         text55       000000
__Htext56                                         text56       000000
__Htext6                                          text6        000000
__Htext7                                          text7        000000
__Htext8                                          text8        000000
__Htext9                                          text9        000000
__LRAM                                            (abs)        000001
__Labs1                                           abs1         000000
__Lbank0                                          bank0        000000
__Lbank1                                          bank1        000000
__Lbank2                                          bank2        000000
__Lbank3                                          bank3        000000
__Lbank4                                          bank4        000000
__Lbank5                                          bank5        000000
__Lbigbss                                         bigbss       000000
__Lbigdata                                        bigdata      000000
__Lbigram                                         bigram       000000
__Lbss                                            bss          000000
__LbssBANK2                                       bssBANK2     000000
__LbssCOMRAM                                      bssCOMRAM    000000
__Lcinit                                          cinit        000000
__Lclrtext                                        clrtext      000000
__Lcomram                                         comram       000000
__Lconfig                                         config       300000
__Lconst                                          const        000000
__LcstackBANK0                                    cstackBANK0  000000
__LcstackBANK1                                    cstackBANK1  000000
__LcstackCOMRAM                                   cstackCOMRAM 000000
__Ldata                                           data         000000
__LdataCOMRAM                                     dataCOMRAM   000000
__Leeprom_data                                    eeprom_data  000000
__Lfarbss                                         farbss       000000
__Lfardata                                        fardata      000000
__Libigdata                                       ibigdata     000000
__Lidata                                          idata        000000
__LidataCOMRAM                                    idataCOMRAM  000000
__Lidloc                                          idloc        200000
__Lifardata                                       ifardata     000000
__Linit                                           init         0000A6
__Lintcode                                        intcode      000008
__Lintcode_body                                   intcode_body 000000
__Lintcodelo                                      intcodelo    000018
__Lintentry                                       intentry     000000
__Lintret                                         intret       000000
__Lintsave_regs                                   intsave_regs 000000
__Lirdata                                         irdata       000000
__Lmediumconst                                    mediumconst  007EF4
__LnvFARRAM                                       nvFARRAM     000000
__Lnvbit                                          nvbit        000000
__Lnvrram                                         nvrram       000000
__Lparam                                          rparam       000000
__Lpowerup                                        powerup      0000A6
__Lram                                            ram          000000
__Lramtop                                         ramtop       000600
__Lrbit                                           rbit         000000
__Lrbss                                           rbss         000000
__Lrdata                                          rdata        000000
__Lreset_vec                                      reset_vec    000000
__Lrparam                                         rparam       000000
__Lsfr                                            sfr          000000
__Lsmallconst                                     smallconst   000000
__Lspace_0                                        (abs)        000000
__Lspace_1                                        (abs)        000000
__Lspace_2                                        (abs)        000000
__Lstack                                          stack        000000
__Lstruct                                         struct       000000
__Ltemp                                           temp         000039
__Ltext                                           text         000000
__Ltext0                                          text0        000000
__Ltext1                                          text1        000000
__Ltext10                                         text10       000000
__Ltext11                                         text11       000000
__Ltext12                                         text12       000000
__Ltext13                                         text13       000000
__Ltext14                                         text14       000000
__Ltext15                                         text15       000000
__Ltext16                                         text16       000000
__Ltext17                                         text17       000000
__Ltext18                                         text18       000000
__Ltext19                                         text19       000000
__Ltext2                                          text2        000000
__Ltext20                                         text20       000000
__Ltext21                                         text21       000000
__Ltext22                                         text22       000000
__Ltext23                                         text23       000000
__Ltext24                                         text24       000000
__Ltext25                                         text25       000000
__Ltext26                                         text26       000000
__Ltext27                                         text27       000000
__Ltext28                                         text28       000000
__Ltext29                                         text29       000000
__Ltext3                                          text3        000000
__Ltext30                                         text30       000000
__Ltext31                                         text31       000000
__Ltext32                                         text32       000000
__Ltext33                                         text33       000000
__Ltext34                                         text34       000000
__Ltext35                                         text35       000000
__Ltext36                                         text36       000000
__Ltext37                                         text37       000000
__Ltext38                                         text38       000000
__Ltext39                                         text39       000000
__Ltext4                                          text4        000000
__Ltext40                                         text40       000000
__Ltext41                                         text41       000000
__Ltext42                                         text42       000000
__Ltext43                                         text43       000000
__Ltext44                                         text44       000000
__Ltext45                                         text45       000000
__Ltext46                                         text46       000000
__Ltext47                                         text47       000000
__Ltext48                                         text48       000000
__Ltext49                                         text49       000000
__Ltext5                                          text5        000000
__Ltext50                                         text50       000000
__Ltext51                                         text51       000000
__Ltext52                                         text52       000000
__Ltext53                                         text53       000000
__Ltext54                                         text54       000000
__Ltext55                                         text55       000000
__Ltext56                                         text56       000000
__Ltext6                                          text6        000000
__Ltext7                                          text7        000000
__Ltext8                                          text8        000000
__Ltext9                                          text9        000000
__S0                                              (abs)        30000E
__S1                                              (abs)        000300
__S2                                              (abs)        000000
___awdiv                                          text38       003382
___awdiv@counter                                  cstackBANK0  00006A
___awdiv@dividend                                 cstackBANK0  000066
___awdiv@divisor                                  cstackBANK0  000068
___awdiv@quotient                                 cstackBANK0  00006C
___awdiv@sign                                     cstackBANK0  00006B
___awmod                                          text37       0035B8
___awmod@counter                                  cstackBANK0  000064
___awmod@dividend                                 cstackBANK0  000060
___awmod@divisor                                  cstackBANK0  000062
___awmod@sign                                     cstackBANK0  000065
___awtoft                                         text12       003A6C
___awtoft@c                                       cstackBANK0  000068
___awtoft@sign                                    cstackBANK0  00006B
___ftadd                                          text46       001F40
___ftadd@exp1                                     cstackBANK0  000098
___ftadd@exp2                                     cstackBANK0  000097
___ftadd@f1                                       cstackBANK0  00008D
___ftadd@f2                                       cstackBANK0  000090
___ftadd@sign                                     cstackBANK0  000096
___ftdiv                                          text11       002BBA
___ftdiv@cntr                                     cstackBANK0  000075
___ftdiv@exp                                      cstackBANK0  000079
___ftdiv@f1                                       cstackBANK0  00006C
___ftdiv@f2                                       cstackBANK0  00006F
___ftdiv@f3                                       cstackBANK0  000076
___ftdiv@sign                                     cstackBANK0  00007A
___ftge                                           text49       0031FC
___ftge@ff1                                       cstackBANK0  000060
___ftge@ff2                                       cstackBANK0  000063
___ftmul                                          text36       002A5C
___ftmul@cntr                                     cstackBANK0  000081
___ftmul@exp                                      cstackBANK0  00007D
___ftmul@f1                                       cstackBANK0  000074
___ftmul@f2                                       cstackBANK0  000077
___ftmul@f3_as_product                            cstackBANK0  00007E
___ftmul@sign                                     cstackBANK0  000082
___ftneg                                          text48       003CB2
___ftneg@f1                                       cstackBANK0  000060
___ftpack                                         text47       002F5C
___ftpack@arg                                     cstackBANK0  000060
___ftpack@exp                                     cstackBANK0  000063
___ftpack@sign                                    cstackBANK0  000064
___ftsub                                          text45       0039D8
___ftsub@f1                                       cstackBANK0  000099
___ftsub@f2                                       cstackBANK0  00009C
___fttol                                          text44       002D06
___fttol@exp1                                     cstackBANK0  000098
___fttol@f1                                       cstackBANK0  00008A
___fttol@lval                                     cstackBANK0  000094
___fttol@sign1                                    cstackBANK0  000093
___inthi_sp                                       stack        000000
___intlo_sp                                       stack        000000
___lldiv                                          text43       003440
___lldiv@counter                                  cstackBANK0  00006C
___lldiv@dividend                                 cstackBANK0  000060
___lldiv@divisor                                  cstackBANK0  000064
___lldiv@quotient                                 cstackBANK0  000068
___llmod                                          text42       00365A
___llmod@counter                                  cstackBANK0  000075
___llmod@dividend                                 cstackBANK0  00006D
___llmod@divisor                                  cstackBANK0  000071
___lltoft                                         text41       003782
___lltoft@c                                       cstackBANK0  000068
___lltoft@exp                                     cstackBANK0  000070
___lwtoft                                         text16       003CE2
___lwtoft@c                                       cstackBANK0  000068
___param_bank                                     (abs)        000000
___rparam_used                                    (abs)        000001
___sp                                             stack        000000
___wmul                                           text35       003BAC
___wmul@multiplicand                              cstackBANK0  000070
___wmul@multiplier                                cstackBANK0  00006E
___wmul@product                                   cstackBANK0  000072
__accesstop                                       (abs)        000060
__activetblptr                                    (abs)        000002
__div_to_l_                                       text40       0028D4
__div_to_l_@cntr                                  cstackBANK0  00006A
__div_to_l_@exp1                                  cstackBANK0  00006B
__div_to_l_@f1                                    cstackBANK0  000060
__div_to_l_@f2                                    cstackBANK0  000063
__div_to_l_@quot                                  cstackBANK0  000066
__end_of___awdiv                                  text38       003440
__end_of___awmod                                  text37       00365A
__end_of___awtoft                                 text12       003AB0
__end_of___ftadd                                  text46       0021A8
__end_of___ftdiv                                  text11       002D06
__end_of___ftge                                   text49       0032C4
__end_of___ftmul                                  text36       002BBA
__end_of___ftneg                                  text48       003CE2
__end_of___ftpack                                 text47       003068
__end_of___ftsub                                  text45       003A24
__end_of___fttol                                  text44       002E4A
__end_of___lldiv                                  text43       0034FC
__end_of___llmod                                  text42       0036F4
__end_of___lltoft                                 text41       0037FE
__end_of___lwtoft                                 text16       003D0C
__end_of___wmul                                   text35       003BE2
__end_of__div_to_l_                               text40       002A5C
__end_of__initialization                          cinit        00397E
__end_of__npowers_                                mediumconst  007F6B
__end_of__powers_                                 mediumconst  007F44
__end_of__tdiv_to_l_                              text39       002740
__end_of_dpowers                                  mediumconst  007F1D
__end_of_fround                                   text34       001F40
__end_of_high_priority_int                        intcode_body 0023E6
__end_of_init_initialize                          text51       003DEA
__end_of_init_io_initialize                       text56       0035B8
__end_of_init_timer1_initialize                   text55       003D82
__end_of_init_timer2_initialize                   text54       003DD4
__end_of_init_watchdogs_initialize                text53       003D5C
__end_of_isdigit                                  text33       003D36
__end_of_low_priority_int                         intcodelo    0000A6
__end_of_main                                     text0        003E26
__end_of_main_loop                                text1        003782
__end_of_memset                                   text50       003C7E
__end_of_scale                                    text32       0018A0
__end_of_sprintf                                  text31       000C48
__end_of_strcat                                   text30       003A6C
__end_of_strcpy                                   text29       003C4A
__end_of_strlen                                   text28       00393E
__end_of_util_beacon_transmission                 text17       002F5C
__end_of_util_getBatteryCurrent                   text15       0031FC
__end_of_util_getBatteryVoltage                   text14       003382
__end_of_util_getSolarCurrent                     text13       003132
__end_of_util_getTemperature                      text4        0013F2
__end_of_util_onewire_read_bit                    text10       003B70
__end_of_util_onewire_read_byte                   text9        0028D4
__end_of_util_onewire_reset                       text8        0039D8
__end_of_util_onewire_write_bit                   text7        003C16
__end_of_util_onewire_write_byte                  text6        0025A2
__end_of_util_pwm_initialize                      text52       003CB2
__end_of_util_pwm_start                           text27       003E36
__end_of_util_pwm_stop                            text26       003E2E
__end_of_util_transmit_dash                       text24       003DBA
__end_of_util_transmit_dot                        text23       003D9E
__end_of_util_transmit_letter                     text18       001C94
__end_of_util_transmit_morse_sequence             text21       003872
__end_of_util_transmit_space_between_dots_dashes  text22       003E1A
__end_of_util_transmit_space_between_letters      text20       003E0A
__end_of_util_transmit_space_between_words        text19       003DFA
__end_of_util_waits_delay_hours                   text2        003AF2
__end_of_util_waits_delay_mins                    text3        003B34
__end_of_util_waits_delay_ms                      text25       003BAC
__end_of_util_waits_delay_secs                    text5        0038DC
__initialization                                  cinit        00393E
__mediumconst                                     mediumconst  007EF4
__npowers_                                        mediumconst  007F44
__pbssBANK2                                       bssBANK2     000200
__pbssCOMRAM                                      bssCOMRAM    000027
__pcinit                                          cinit        00393E
__pcstackBANK0                                    cstackBANK0  000060
__pcstackBANK1                                    cstackBANK1  000100
__pcstackCOMRAM                                   cstackCOMRAM 000001
__pdataCOMRAM                                     dataCOMRAM   000034
__pidataCOMRAM                                    idataCOMRAM  003E36
__pintcode                                        intcode      000008
__pintcode_body                                   intcode_body 0021A8
__pintcodelo                                      intcodelo    000018
__pmediumconst                                    mediumconst  007EF4
__powers_                                         mediumconst  007F1D
__ptext0                                          text0        003E1A
__ptext1                                          text1        0036F4
__ptext10                                         text10       003B34
__ptext11                                         text11       002BBA
__ptext12                                         text12       003A6C
__ptext13                                         text13       003068
__ptext14                                         text14       0032C4
__ptext15                                         text15       003132
__ptext16                                         text16       003CE2
__ptext17                                         text17       002E4A
__ptext18                                         text18       0018A0
__ptext19                                         text19       003DEA
__ptext2                                          text2        003AB0
__ptext20                                         text20       003DFA
__ptext21                                         text21       0037FE
__ptext22                                         text22       003E0A
__ptext23                                         text23       003D82
__ptext24                                         text24       003D9E
__ptext25                                         text25       003B70
__ptext26                                         text26       003E26
__ptext27                                         text27       003E2E
__ptext28                                         text28       0038DC
__ptext29                                         text29       003C16
__ptext3                                          text3        003AF2
__ptext30                                         text30       003A24
__ptext31                                         text31       0000AA
__ptext32                                         text32       0013F2
__ptext33                                         text33       003D0C
__ptext34                                         text34       001C94
__ptext35                                         text35       003BAC
__ptext36                                         text36       002A5C
__ptext37                                         text37       0035B8
__ptext38                                         text38       003382
__ptext39                                         text39       0025A2
__ptext4                                          text4        000C48
__ptext40                                         text40       0028D4
__ptext41                                         text41       003782
__ptext42                                         text42       00365A
__ptext43                                         text43       003440
__ptext44                                         text44       002D06
__ptext45                                         text45       0039D8
__ptext46                                         text46       001F40
__ptext47                                         text47       002F5C
__ptext48                                         text48       003CB2
__ptext49                                         text49       0031FC
__ptext5                                          text5        003872
__ptext50                                         text50       003C4A
__ptext51                                         text51       003DD4
__ptext52                                         text52       003C7E
__ptext53                                         text53       003D36
__ptext54                                         text54       003DBA
__ptext55                                         text55       003D5C
__ptext56                                         text56       0034FC
__ptext6                                          text6        0023E6
__ptext7                                          text7        003BE2
__ptext8                                          text8        00398C
__ptext9                                          text9        002740
__ramtop                                          ramtop       000600
__size_of___awdiv                                 (abs)        000000
__size_of___awmod                                 (abs)        000000
__size_of___awtoft                                (abs)        000000
__size_of___ftadd                                 (abs)        000000
__size_of___ftdiv                                 (abs)        000000
__size_of___ftge                                  (abs)        000000
__size_of___ftmul                                 (abs)        000000
__size_of___ftneg                                 (abs)        000000
__size_of___ftpack                                (abs)        000000
__size_of___ftsub                                 (abs)        000000
__size_of___fttol                                 (abs)        000000
__size_of___lldiv                                 (abs)        000000
__size_of___llmod                                 (abs)        000000
__size_of___lltoft                                (abs)        000000
__size_of___lwtoft                                (abs)        000000
__size_of___wmul                                  (abs)        000000
__size_of__div_to_l_                              (abs)        000000
__size_of__tdiv_to_l_                             (abs)        000000
__size_of_fround                                  (abs)        000000
__size_of_high_priority_int                       (abs)        000000
__size_of_init_initialize                         (abs)        000000
__size_of_init_io_initialize                      (abs)        000000
__size_of_init_timer1_initialize                  (abs)        000000
__size_of_init_timer2_initialize                  (abs)        000000
__size_of_init_watchdogs_initialize               (abs)        000000
__size_of_isdigit                                 (abs)        000000
__size_of_low_priority_int                        (abs)        000000
__size_of_main                                    (abs)        000000
__size_of_main_loop                               (abs)        000000
__size_of_memset                                  (abs)        000000
__size_of_scale                                   (abs)        000000
__size_of_sprintf                                 (abs)        000000
__size_of_strcat                                  (abs)        000000
__size_of_strcpy                                  (abs)        000000
__size_of_strlen                                  (abs)        000000
__size_of_util_beacon_transmission                (abs)        000000
__size_of_util_getBatteryCurrent                  (abs)        000000
__size_of_util_getBatteryVoltage                  (abs)        000000
__size_of_util_getSolarCurrent                    (abs)        000000
__size_of_util_getTemperature                     (abs)        000000
__size_of_util_onewire_read_bit                   (abs)        000000
__size_of_util_onewire_read_byte                  (abs)        000000
__size_of_util_onewire_reset                      (abs)        000000
__size_of_util_onewire_write_bit                  (abs)        000000
__size_of_util_onewire_write_byte                 (abs)        000000
__size_of_util_pwm_initialize                     (abs)        000000
__size_of_util_pwm_start                          (abs)        000000
__size_of_util_pwm_stop                           (abs)        000000
__size_of_util_transmit_dash                      (abs)        000000
__size_of_util_transmit_dot                       (abs)        000000
__size_of_util_transmit_letter                    (abs)        000000
__size_of_util_transmit_morse_sequence            (abs)        000000
__size_of_util_transmit_space_between_dots_dashes (abs)        000000
__size_of_util_transmit_space_between_letters     (abs)        000000
__size_of_util_transmit_space_between_words       (abs)        000000
__size_of_util_waits_delay_hours                  (abs)        000000
__size_of_util_waits_delay_mins                   (abs)        000000
__size_of_util_waits_delay_ms                     (abs)        000000
__size_of_util_waits_delay_secs                   (abs)        000000
__smallconst                                      smallconst   000000
__tdiv_to_l_                                      text39       0025A2
__tdiv_to_l_@cntr                                 cstackBANK0  00006D
__tdiv_to_l_@exp1                                 cstackBANK0  00006E
__tdiv_to_l_@f1                                   cstackBANK0  000060
__tdiv_to_l_@f2                                   cstackBANK0  000063
__tdiv_to_l_@quot                                 cstackBANK0  000069
_dpowers                                          mediumconst  007EF5
_fround                                           text34       001C94
_fround$2781                                      cstackBANK0  000089
_fround$2782                                      cstackBANK0  000086
_high_priority_int                                intcode      000008
_init_initialize                                  text51       003DD4
_init_io_initialize                               text56       0034FC
_init_timer1_initialize                           text55       003D5C
_init_timer2_initialize                           text54       003DBA
_init_watchdogs_initialize                        text53       003D36
_isdigit                                          text33       003D0C
_isdigit$2411                                     cstackBANK0  000061
_low_priority_int                                 intcodelo    000018
_main                                             text0        003E1A
_main_loop                                        text1        0036F4
_memset                                           text50       003C4A
_scale                                            text32       0013F2
_scale$2783                                       cstackBANK0  000086
_sprintf                                          text31       0000AA
_sprintf$2784                                     cstackBANK0  0000B3
_strcat                                           text30       003A24
_strcpy                                           text29       003C16
_strlen                                           text28       0038DC
_util_beacon_transmission                         text17       002E4A
_util_getBatteryCurrent                           text15       003132
_util_getBatteryVoltage                           text14       0032C4
_util_getSolarCurrent                             text13       003068
_util_getTemperature                              text4        000C48
_util_getTemperature$2777                         cstackBANK1  0001A7
_util_getTemperature$2778                         cstackBANK1  0001AA
_util_getTemperature$2779                         cstackBANK1  0001AD
_util_getTemperature$2780                         cstackBANK1  0001B0
_util_onewire_read_bit                            text10       003B34
_util_onewire_read_byte                           text9        002740
_util_onewire_reset                               text8        00398C
_util_onewire_write_bit                           text7        003BE2
_util_onewire_write_byte                          text6        0023E6
_util_pwm_initialize                              text52       003C7E
_util_pwm_start                                   text27       003E2E
_util_pwm_stop                                    text26       003E26
_util_transmit_dash                               text24       003D9E
_util_transmit_dot                                text23       003D82
_util_transmit_letter                             text18       0018A0
_util_transmit_morse_sequence                     text21       0037FE
_util_transmit_space_between_dots_dashes          text22       003E0A
_util_transmit_space_between_letters              text20       003DFA
_util_transmit_space_between_words                text19       003DEA
_util_waits_delay_hours                           text2        003AB0
_util_waits_delay_mins                            text3        003AF2
_util_waits_delay_ms                              text25       003B70
_util_waits_delay_secs                            text5        003872
btemp                                             temp         000039
end_of_initialization                             cinit        00397E
fround@prec                                       cstackBANK0  00008C
high_priority_int@activation_thresold             dataCOMRAM   000037
high_priority_int@cycles_transmitter_active       bssCOMRAM    00002B
high_priority_int@is_transmitter_active           bssCOMRAM    000033
high_priority_int@noise_avg_value                 dataCOMRAM   000034
high_priority_int@sample                          cstackCOMRAM 000014
high_priority_int@sample_position                 bssCOMRAM    00002F
high_priority_int@samples                         bssBANK2     000200
high_priority_int@times_thresold_exceeded         bssCOMRAM    00002D
high_priority_int@tmr1_interrupt_number           bssCOMRAM    000031
high_priority_int@total_add                       bssCOMRAM    000029
high_priority_int@valid_samples                   bssCOMRAM    000027
int$flags                                         temp         000039
int_func                                          intcode_body 0021A8
intlevel0                                         text         000000
intlevel1                                         text         000000
intlevel2                                         text         000000
intlevel3                                         text         000000
isdigit@c                                         cstackBANK0  000062
main_loop@battery_current                         cstackBANK0  0000DB
main_loop@battery_voltage                         cstackBANK0  0000DD
main_loop@solar_current                           cstackBANK0  0000D9
main_loop@temperature                             cstackBANK0  0000D6
memset@c                                          cstackBANK0  000062
memset@n                                          cstackBANK0  000064
memset@p                                          cstackBANK0  000066
memset@p1                                         cstackBANK0  000060
scale@scl                                         cstackBANK0  000089
sprintf@ap                                        cstackBANK0  0000B6
sprintf@c                                         cstackBANK0  0000CB
sprintf@exp                                       cstackBANK0  0000C4
sprintf@f                                         cstackBANK0  0000A1
sprintf@flag                                      cstackBANK0  0000B8
sprintf@fval                                      cstackBANK0  0000C6
sprintf@prec                                      cstackBANK0  0000C9
sprintf@sp                                        cstackBANK0  00009F
sprintf@tmpval                                    cstackBANK0  0000BC
sprintf@val                                       cstackBANK0  0000C0
sprintf@width                                     cstackBANK0  0000BA
stackhi                                           (abs)        0005FF
stacklo                                           (abs)        000300
start                                             init         0000A6
start_initialization                              cinit        00393E
strcat@cp                                         cstackBANK0  000064
strcat@from                                       cstackBANK0  000062
strcat@to                                         cstackBANK0  000060
strcpy@cp                                         cstackBANK0  000064
strcpy@from                                       cstackBANK0  000062
strcpy@to                                         cstackBANK0  000060
strlen@cp                                         cstackBANK0  000064
strlen@s                                          cstackBANK0  000060
util_beacon_transmission@BEACON_BUFFER            cstackBANK1  000180
util_beacon_transmission@BEACON_MESSAGE           cstackBANK1  000100
util_beacon_transmission@battery_current          cstackBANK0  0000D1
util_beacon_transmission@battery_voltage          cstackBANK0  0000CC
util_beacon_transmission@i                        cstackBANK1  0001C0
util_beacon_transmission@solar_current            cstackBANK0  0000CF
util_beacon_transmission@temperature              cstackBANK0  0000D3
util_getBatteryCurrent@batteryCurrent             cstackBANK0  00009E
util_getBatteryCurrent@value                      cstackBANK0  00009B
util_getBatteryVoltage@value                      cstackBANK0  000086
util_getBatteryVoltage@voltage                    cstackBANK0  000089
util_getSolarCurrent@solarCurrent                 cstackBANK0  00009E
util_getSolarCurrent@value                        cstackBANK0  00009B
util_getTemperature@bit_in_byte                   cstackBANK1  0001C7
util_getTemperature@bit_mem                       cstackBANK1  000100
util_getTemperature@byte_mem                      cstackBANK1  000190
util_getTemperature@i                             cstackBANK1  0001CC
util_getTemperature@num_bit                       cstackBANK1  0001A2
util_getTemperature@num_byte                      cstackBANK1  0001C5
util_getTemperature@shift_reg_bit0                cstackBANK1  0001B3
util_getTemperature@shift_reg_bit1                cstackBANK1  0001B5
util_getTemperature@shift_reg_bit2                cstackBANK1  0001B7
util_getTemperature@shift_reg_bit3                cstackBANK1  0001B9
util_getTemperature@shift_reg_bit4                cstackBANK1  0001BB
util_getTemperature@shift_reg_bit5                cstackBANK1  0001BD
util_getTemperature@shift_reg_bit6                cstackBANK1  0001BF
util_getTemperature@shift_reg_bit7                cstackBANK1  0001C1
util_getTemperature@shift_reg_bit_temp            cstackBANK1  0001C3
util_getTemperature@sign                          cstackBANK1  0001A4
util_getTemperature@temperature                   cstackBANK1  0001C9
util_onewire_read_bit@value                       cstackBANK0  000063
util_onewire_read_byte@bit0                       cstackBANK0  000075
util_onewire_read_byte@bit1                       cstackBANK0  000077
util_onewire_read_byte@bit2                       cstackBANK0  000079
util_onewire_read_byte@bit3                       cstackBANK0  00007B
util_onewire_read_byte@bit4                       cstackBANK0  00007D
util_onewire_read_byte@bit5                       cstackBANK0  00007F
util_onewire_read_byte@bit6                       cstackBANK0  000081
util_onewire_read_byte@bit7                       cstackBANK0  000083
util_onewire_read_byte@value                      cstackBANK0  000085
util_onewire_reset@presence                       cstackBANK0  000063
util_onewire_write_bit@bit_in                     cstackBANK0  000060
util_onewire_write_byte@bit0                      cstackBANK0  000067
util_onewire_write_byte@bit1                      cstackBANK0  000069
util_onewire_write_byte@bit2                      cstackBANK0  00006B
util_onewire_write_byte@bit3                      cstackBANK0  00006D
util_onewire_write_byte@bit4                      cstackBANK0  00006F
util_onewire_write_byte@bit5                      cstackBANK0  000071
util_onewire_write_byte@bit6                      cstackBANK0  000073
util_onewire_write_byte@bit7                      cstackBANK0  000075
util_onewire_write_byte@value                     cstackBANK0  000062
util_transmit_letter@letter                       cstackBANK0  00006C
util_transmit_morse_sequence@i                    cstackBANK0  00006A
util_transmit_morse_sequence@morse_sequence       cstackBANK0  000066
util_waits_delay_hours@hours                      cstackBANK0  000071
util_waits_delay_hours@i                          cstackBANK0  000074
util_waits_delay_mins@i                           cstackBANK0  00006F
util_waits_delay_mins@minutes                     cstackBANK0  00006C
util_waits_delay_ms@i                             cstackBANK0  000063
util_waits_delay_ms@ms                            cstackBANK0  000060
util_waits_delay_secs@i                           cstackBANK0  000068
util_waits_delay_secs@j                           cstackBANK0  00006A
util_waits_delay_secs@secs                        cstackBANK0  000065


FUNCTION INFORMATION:

 *************** function _main *****************
 Defined at:
		line 19 in file "easat2_main_mcu.c"
 Parameters:    Size  Location     Type
		None
 Auto vars:     Size  Location     Type
		None
 Return value:  Size  Location     Type
                  1    wreg      void 
 Registers used:
		wreg, fsr0l, fsr0h, fsr1l, fsr1h, fsr2l, fsr2h, status,2, status,0, tblptrl, tblptrh, tblptru, prodl, prodh, cstack
 Tracked objects:
		On entry : 
		On exit  : 
		Unchanged: 
 Data sizes:     COMRAM   BANK0   BANK1   BANK2   BANK3   BANK4   BANK5
      Params:         0       0       0       0       0       0       0
      Locals:         0       0       0       0       0       0       0
      Temps:          0       0       0       0       0       0       0
      Totals:         0       0       0       0       0       0       0
Total ram usage:        0 bytes
 Hardware stack levels required when called:    8
 This function calls:
		_init_initialize
		_main_loop
 This function is called by:
		Startup code after reset
 This function uses a non-reentrant model


 *************** function _main_loop *****************
 Defined at:
		line 31 in file "easat2_main_mcu.c"
 Parameters:    Size  Location     Type
		None
 Auto vars:     Size  Location     Type
  battery_volt    3  125[BANK0 ] float 
  temperature     3  118[BANK0 ] float 
  battery_curr    2  123[BANK0 ] int 
  solar_curren    2  121[BANK0 ] int 
 Return value:  Size  Location     Type
                  1    wreg      void 
 Registers used:
		wreg, fsr0l, fsr0h, fsr1l, fsr1h, fsr2l, fsr2h, status,2, status,0, tblptrl, tblptrh, tblptru, prodl, prodh, cstack
 Tracked objects:
		On entry : 
		On exit  : 
		Unchanged: 
 Data sizes:     COMRAM   BANK0   BANK1   BANK2   BANK3   BANK4   BANK5
      Params:         0       0       0       0       0       0       0
      Locals:         0      10       0       0       0       0       0
      Temps:          0       0       0       0       0       0       0
      Totals:         0      10       0       0       0       0       0
Total ram usage:       10 bytes
 Hardware stack levels used:    1
 Hardware stack levels required when called:    7
 This function calls:
		_init_watchdogs_initialize
		_util_beacon_transmission
		_util_getBatteryCurrent
		_util_getBatteryVoltage
		_util_getSolarCurrent
		_util_getTemperature
		_util_waits_delay_hours
		_util_waits_delay_mins
 This function is called by:
		_main
 This function uses a non-reentrant model


 *************** function _util_waits_delay_hours *****************
 Defined at:
		line 17 in file "easat2_util_waits.c"
 Parameters:    Size  Location     Type
  hours           2   17[BANK0 ] int 
 Auto vars:     Size  Location     Type
  i               2   20[BANK0 ] int 
 Return value:  Size  Location     Type
                  1    wreg      void 
 Registers used:
		wreg, status,2, status,0, cstack
 Tracked objects:
		On entry : 
		On exit  : 
		Unchanged: 
 Data sizes:     COMRAM   BANK0   BANK1   BANK2   BANK3   BANK4   BANK5
      Params:         0       2       0       0       0       0       0
      Locals:         0       2       0       0       0       0       0
      Temps:          0       1       0       0       0       0       0
      Totals:         0       5       0       0       0       0       0
Total ram usage:        5 bytes
 Hardware stack levels used:    1
 Hardware stack levels required when called:    5
 This function calls:
		_util_waits_delay_mins
 This function is called by:
		_main_loop
 This function uses a non-reentrant model


 *************** function _util_waits_delay_mins *****************
 Defined at:
		line 24 in file "easat2_util_waits.c"
 Parameters:    Size  Location     Type
  minutes         2   12[BANK0 ] int 
 Auto vars:     Size  Location     Type
  i               2   15[BANK0 ] int 
 Return value:  Size  Location     Type
                  1    wreg      void 
 Registers used:
		wreg, status,2, status,0, cstack
 Tracked objects:
		On entry : 
		On exit  : 
		Unchanged: 
 Data sizes:     COMRAM   BANK0   BANK1   BANK2   BANK3   BANK4   BANK5
      Params:         0       2       0       0       0       0       0
      Locals:         0       2       0       0       0       0       0
      Temps:          0       1       0       0       0       0       0
      Totals:         0       5       0       0       0       0       0
Total ram usage:        5 bytes
 Hardware stack levels used:    1
 Hardware stack levels required when called:    4
 This function calls:
		_util_waits_delay_secs
 This function is called by:
		_main_loop
		_util_waits_delay_hours
 This function uses a non-reentrant model


 *************** function _util_getTemperature *****************
 Defined at:
		line 118 in file "easat2_util_inputs.c"
 Parameters:    Size  Location     Type
		None
 Auto vars:     Size  Location     Type
  bit_mem       144    0[BANK1 ] int [72]
  byte_mem       18  144[BANK1 ] int [9]
  temperature     3  201[BANK1 ] float 
  sign            3  164[BANK1 ] float 
  i               2  204[BANK1 ] int 
  bit_in_byte     2  199[BANK1 ] int 
  num_byte        2  197[BANK1 ] int 
  shift_reg_bi    2  195[BANK1 ] int 
  shift_reg_bi    2  193[BANK1 ] int 
  shift_reg_bi    2  191[BANK1 ] int 
  shift_reg_bi    2  189[BANK1 ] int 
  shift_reg_bi    2  187[BANK1 ] int 
  shift_reg_bi    2  185[BANK1 ] int 
  shift_reg_bi    2  183[BANK1 ] int 
  shift_reg_bi    2  181[BANK1 ] int 
  shift_reg_bi    2  179[BANK1 ] int 
  num_bit         2  162[BANK1 ] int 
 Return value:  Size  Location     Type
                  3   57[BANK0 ] float 
 Registers used:
		wreg, fsr2l, fsr2h, status,2, status,0, cstack
 Tracked objects:
		On entry : 
		On exit  : 
		Unchanged: 
 Data sizes:     COMRAM   BANK0   BANK1   BANK2   BANK3   BANK4   BANK5
      Params:         0       3       0       0       0       0       0
      Locals:         0       0     206       0       0       0       0
      Temps:          0       3       0       0       0       0       0
      Totals:         0       6     206       0       0       0       0
Total ram usage:      212 bytes
 Hardware stack levels used:    1
 Hardware stack levels required when called:    4
 This function calls:
		___awtoft
		___ftadd
		___ftdiv
		___ftmul
		_util_onewire_read_byte
		_util_onewire_reset
		_util_onewire_write_byte
		_util_waits_delay_secs
 This function is called by:
		_main_loop
 This function uses a non-reentrant model


[...]
		On entry : 
		On exit  : 
		Unchanged: 
 Data sizes:     COMRAM   BANK0   BANK1   BANK2   BANK3   BANK4   BANK5
      Params:         0       5       0       0       0       0       0
      Locals:         0       0       0       0       0       0       0
      Temps:          0       3       0       0       0       0       0
      Totals:         0       8       0       0       0       0       0
Total ram usage:        8 bytes
 Hardware stack levels used:    1
 Hardware stack levels required when called:    2
 This function calls:
		Nothing
 This function is called by:
		___awtoft
		___ftadd
		___ftdiv
		___ftmul
		___lltoft
		___lwtoft
 This function uses a non-reentrant model


 *************** function ___ftneg *****************
 Defined at:
		line 15 in file "C:\Program Files (x86)\Microchip\xc8\v1.41\sources\common\ftneg.c"
 Parameters:    Size  Location     Type
  f1              3    0[BANK0 ] float 
 Auto vars:     Size  Location     Type
		None
 Return value:  Size  Location     Type
                  3    0[BANK0 ] float 
 Registers used:
		wreg, status,2, status,0
 Tracked objects:
		On entry : 
		On exit  : 
		Unchanged: 
 Data sizes:     COMRAM   BANK0   BANK1   BANK2   BANK3   BANK4   BANK5
      Params:         0       3       0       0       0       0       0
      Locals:         0       0       0       0       0       0       0
      Temps:          0       0       0       0       0       0       0
      Totals:         0       3       0       0       0       0       0
Total ram usage:        3 bytes
 Hardware stack levels used:    1
 Hardware stack levels required when called:    2
 This function calls:
		Nothing
 This function is called by:
		_sprintf
 This function uses a non-reentrant model


 *************** function ___ftge *****************
 Defined at:
		line 4 in file "C:\Program Files (x86)\Microchip\xc8\v1.41\sources\common\ftge.c"
 Parameters:    Size  Location     Type
  ff1             3    0[BANK0 ] float 
  ff2             3    3[BANK0 ] float 
 Auto vars:     Size  Location     Type
		None
 Return value:  Size  Location     Type
		None               void
 Registers used:
		wreg, status,2, status,0
 Tracked objects:
		On entry : 
		On exit  : 
		Unchanged: 
 Data sizes:     COMRAM   BANK0   BANK1   BANK2   BANK3   BANK4   BANK5
      Params:         0       6       0       0       0       0       0
      Locals:         0       0       0       0       0       0       0
      Temps:          0       3       0       0       0       0       0
      Totals:         0       9       0       0       0       0       0
Total ram usage:        9 bytes
 Hardware stack levels used:    1
 Hardware stack levels required when called:    2
 This function calls:
		Nothing
 This function is called by:
		_sprintf
 This function uses a non-reentrant model


 *************** function _memset *****************
 Defined at:
		line 8 in file "C:\Program Files (x86)\Microchip\xc8\v1.41\sources\common\memset.c"
 Parameters:    Size  Location     Type
  p1              2    0[BANK0 ] PTR void 
		 -> util_beacon_transmission@BEACON_BUFFER(64), util_beacon_transmission@BEACON_MESSAGE(128), 
  c               2    2[BANK0 ] int 
  n               2    4[BANK0 ] unsigned int 
 Auto vars:     Size  Location     Type
  p               2    6[BANK0 ] PTR unsigned char 
		 -> util_beacon_transmission@BEACON_BUFFER(64), util_beacon_transmission@BEACON_MESSAGE(128), 
 Return value:  Size  Location     Type
                  2    0[BANK0 ] PTR void 
 Registers used:
		wreg, fsr2l, fsr2h, status,2, status,0
 Tracked objects:
		On entry : 
		On exit  : 
		Unchanged: 
 Data sizes:     COMRAM   BANK0   BANK1   BANK2   BANK3   BANK4   BANK5
      Params:         0       6       0       0       0       0       0
      Locals:         0       2       0       0       0       0       0
      Temps:          0       0       0       0       0       0       0
      Totals:         0       8       0       0       0       0       0
Total ram usage:        8 bytes
 Hardware stack levels used:    1
 Hardware stack levels required when called:    2
 This function calls:
		Nothing
 This function is called by:
		_util_beacon_transmission
 This function uses a non-reentrant model


 *************** function _init_initialize *****************
 Defined at:
		line 18 in file "easat2_init_initialize.c"
 Parameters:    Size  Location     Type
		None
 Auto vars:     Size  Location     Type
		None
 Return value:  Size  Location     Type
                  1    wreg      void 
 Registers used:
		wreg, status,2, status,0, cstack
 Tracked objects:
		On entry : 
		On exit  : 
		Unchanged: 
 Data sizes:     COMRAM   BANK0   BANK1   BANK2   BANK3   BANK4   BANK5
      Params:         0       0       0       0       0       0       0
      Locals:         0       0       0       0       0       0       0
      Temps:          0       0       0       0       0       0       0
      Totals:         0       0       0       0       0       0       0
Total ram usage:        0 bytes
 Hardware stack levels used:    1
 Hardware stack levels required when called:    3
 This function calls:
		_init_io_initialize
		_init_timer1_initialize
		_init_timer2_initialize
		_init_watchdogs_initialize
		_util_pwm_initialize
 This function is called by:
		_main
 This function uses a non-reentrant model


 *************** function _util_pwm_initialize *****************
 Defined at:
		line 24 in file "easat2_util_pwm.c"
 Parameters:    Size  Location     Type
		None
 Auto vars:     Size  Location     Type
		None
 Return value:  Size  Location     Type
                  1    wreg      void 
 Registers used:
		wreg, status,2
 Tracked objects:
		On entry : 
		On exit  : 
		Unchanged: 
 Data sizes:     COMRAM   BANK0   BANK1   BANK2   BANK3   BANK4   BANK5
      Params:         0       0       0       0       0       0       0
      Locals:         0       0       0       0       0       0       0
      Temps:          0       0       0       0       0       0       0
      Totals:         0       0       0       0       0       0       0
Total ram usage:        0 bytes
 Hardware stack levels used:    1
 Hardware stack levels required when called:    2
 This function calls:
		Nothing
 This function is called by:
		_init_initialize
 This function uses a non-reentrant model


 *************** function _init_watchdogs_initialize *****************
 Defined at:
		line 36 in file "easat2_init_initialize.c"
 Parameters:    Size  Location     Type
		None
 Auto vars:     Size  Location     Type
		None
 Return value:  Size  Location     Type
                  1    wreg      void 
 Registers used:
		wreg, status,2, status,0
 Tracked objects:
		On entry : 
		On exit  : 
		Unchanged: 
 Data sizes:     COMRAM   BANK0   BANK1   BANK2   BANK3   BANK4   BANK5
      Params:         0       0       0       0       0       0       0
      Locals:         0       0       0       0       0       0       0
      Temps:          0       1       0       0       0       0       0
      Totals:         0       1       0       0       0       0       0
Total ram usage:        1 bytes
 Hardware stack levels used:    1
 Hardware stack levels required when called:    2
 This function calls:
		Nothing
 This function is called by:
		_init_initialize
		_main_loop
 This function uses a non-reentrant model


 *************** function _init_timer2_initialize *****************
 Defined at:
		line 70 in file "easat2_init_timer.c"
 Parameters:    Size  Location     Type
		None
 Auto vars:     Size  Location     Type
		None
 Return value:  Size  Location     Type
                  1    wreg      void 
 Registers used:
		wreg, status,2
 Tracked objects:
		On entry : 
		On exit  : 
		Unchanged: 
 Data sizes:     COMRAM   BANK0   BANK1   BANK2   BANK3   BANK4   BANK5
      Params:         0       0       0       0       0       0       0
      Locals:         0       0       0       0       0       0       0
      Temps:          0       0       0       0       0       0       0
      Totals:         0       0       0       0       0       0       0
Total ram usage:        0 bytes
 Hardware stack levels used:    1
 Hardware stack levels required when called:    2
 This function calls:
		Nothing
 This function is called by:
		_init_initialize
 This function uses a non-reentrant model


 *************** function _init_timer1_initialize *****************
 Defined at:
		line 17 in file "easat2_init_timer.c"
 Parameters:    Size  Location     Type
		None
 Auto vars:     Size  Location     Type
		None
 Return value:  Size  Location     Type
                  1    wreg      void 
 Registers used:
		wreg, status,2
 Tracked objects:
		On entry : 
		On exit  : 
		Unchanged: 
 Data sizes:     COMRAM   BANK0   BANK1   BANK2   BANK3   BANK4   BANK5
      Params:         0       0       0       0       0       0       0
      Locals:         0       0       0       0       0       0       0
      Temps:          0       0       0       0       0       0       0
      Totals:         0       0       0       0       0       0       0
Total ram usage:        0 bytes
 Hardware stack levels used:    1
 Hardware stack levels required when called:    2
 This function calls:
		Nothing
 This function is called by:
		_init_initialize
 This function uses a non-reentrant model


 *************** function _init_io_initialize *****************
 Defined at:
		line 49 in file "easat2_init_initialize.c"
 Parameters:    Size  Location     Type
		None
 Auto vars:     Size  Location     Type
		None
 Return value:  Size  Location     Type
                  1    wreg      void 
 Registers used:
		wreg, status,2
 Tracked objects:
		On entry : 
		On exit  : 
		Unchanged: 
 Data sizes:     COMRAM   BANK0   BANK1   BANK2   BANK3   BANK4   BANK5
      Params:         0       0       0       0       0       0       0
      Locals:         0       0       0       0       0       0       0
      Temps:          0       0       0       0       0       0       0
      Totals:         0       0       0       0       0       0       0
Total ram usage:        0 bytes
 Hardware stack levels used:    1
 Hardware stack levels required when called:    2
 This function calls:
		Nothing
 This function is called by:
		_init_initialize
 This function uses a non-reentrant model


 *************** function _low_priority_int *****************
 Defined at:
		line 183 in file "easat2_func_interrupts.c"
 Parameters:    Size  Location     Type
		None
 Auto vars:     Size  Location     Type
		None
 Return value:  Size  Location     Type
                  1    wreg      void 
 Registers used:
		None
 Tracked objects:
		On entry : 
		On exit  : 
		Unchanged: 
 Data sizes:     COMRAM   BANK0   BANK1   BANK2   BANK3   BANK4   BANK5
      Params:         0       0       0       0       0       0       0
      Locals:         0       0       0       0       0       0       0
      Temps:         17       0       0       0       0       0       0
      Totals:        17       0       0       0       0       0       0
Total ram usage:       17 bytes
 Hardware stack levels used:    1
 Hardware stack levels required when called:    1
 This function calls:
		Nothing
 This function is called by:
		Interrupt level 1
 This function uses a non-reentrant model


 *************** function _high_priority_int *****************
 Defined at:
		line 19 in file "easat2_func_interrupts.c"
 Parameters:    Size  Location     Type
		None
 Auto vars:     Size  Location     Type
  sample          2   19[COMRAM] unsigned int 
 Return value:  Size  Location     Type
                  1    wreg      void 
 Registers used:
		wreg, fsr2l, fsr2h, status,2, status,0
 Tracked objects:
		On entry : 
		On exit  : 
		Unchanged: 
 Data sizes:     COMRAM   BANK0   BANK1   BANK2   BANK3   BANK4   BANK5
      Params:         0       0       0       0       0       0       0
      Locals:         2       0       0       0       0       0       0
      Temps:         19       0       0       0       0       0       0
      Totals:        21       0       0       0       0       0       0
Total ram usage:       21 bytes
 Hardware stack levels used:    1
 This function calls:
		Nothing
 This function is called by:
		Interrupt level 2
 This function uses a non-reentrant model



MODULE INFORMATION

Module		Function		Class		Link	Load	Size
C:\Program Files (x86)\Microchip\xc8\v1.41\sources\common\awdiv.c
		___awdiv       		CODE           	3382	0000	191

C:\Program Files (x86)\Microchip\xc8\v1.41\sources\common\awdiv.c estimated size: 191

C:\Program Files (x86)\Microchip\xc8\v1.41\sources\common\lldiv.c
		___lldiv       		CODE           	3440	0000	189

C:\Program Files (x86)\Microchip\xc8\v1.41\sources\common\lldiv.c estimated size: 189

C:\Program Files (x86)\Microchip\xc8\v1.41\sources\common\doprnt.c
		_scale         		CODE           	13F2	0000	1199
		_sprintf       		CODE           	00AA	0000	2975
		_fround        		CODE           	1C94	0000	685

C:\Program Files (x86)\Microchip\xc8\v1.41\sources\common\doprnt.c estimated size: 4859

C:\Program Files (x86)\Microchip\xc8\v1.41\sources\common\ftdivl.c
		__tdiv_to_l_   		CODE           	25A2	0000	415

C:\Program Files (x86)\Microchip\xc8\v1.41\sources\common\ftdivl.c estimated size: 415

easat2_func_interrupts.c
		_high_priority_int		CODE           	0008	0000	581
		_low_priority_int		CODE           	0018	0000	143

easat2_func_interrupts.c estimated size: 724

C:\Program Files (x86)\Microchip\xc8\v1.41\sources\common\fttol.c
		___fttol       		CODE           	2D06	0000	325

C:\Program Files (x86)\Microchip\xc8\v1.41\sources\common\fttol.c estimated size: 325

C:\Program Files (x86)\Microchip\xc8\v1.41\sources\common\Umul16.c
		___wmul        		CODE           	3BAC	0000	55

C:\Program Files (x86)\Microchip\xc8\v1.41\sources\common\Umul16.c estimated size: 55

C:\Program Files (x86)\Microchip\xc8\v1.41\sources\common\isdigit.c
		_isdigit       		CODE           	3D0C	0000	43

C:\Program Files (x86)\Microchip\xc8\v1.41\sources\common\isdigit.c estimated size: 43

C:\Program Files (x86)\Microchip\xc8\v1.41\sources\common\ftadd.c
		___ftadd       		CODE           	1F40	0000	617

C:\Program Files (x86)\Microchip\xc8\v1.41\sources\common\ftadd.c estimated size: 617

easat2_util_inputs.c
		_util_getTemperature		CODE           	0C48	0000	1963
		_util_getSolarCurrent		CODE           	3068	0000	203
		_util_getBatteryVoltage		CODE           	32C4	0000	191
		_util_getBatteryCurrent		CODE           	3132	0000	203

easat2_util_inputs.c estimated size: 2560

easat2_util_waits.c
		_util_waits_delay_hours		CODE           	3AB0	0000	67
		_util_waits_delay_ms		CODE           	3B70	0000	61
		_util_waits_delay_mins		CODE           	3AF2	0000	67
		_util_waits_delay_secs		CODE           	3872	0000	107

easat2_util_waits.c estimated size: 302

C:\Program Files (x86)\Microchip\xc8\v1.41\sources\common\ftge.c
		___ftge        		CODE           	31FC	0000	201

C:\Program Files (x86)\Microchip\xc8\v1.41\sources\common\ftge.c estimated size: 201

easat2_util_onewire.c
		_util_onewire_write_byte		CODE           	23E6	0000	445
		_util_onewire_read_bit		CODE           	3B34	0000	61
		_util_onewire_read_byte		CODE           	2740	0000	405
		_util_onewire_reset		CODE           	398C	0000	77
		_util_onewire_write_bit		CODE           	3BE2	0000	53

easat2_util_onewire.c estimated size: 1041

C:\Program Files (x86)\Microchip\xc8\v1.41\sources\common\fldivl.c
		__div_to_l_    		CODE           	28D4	0000	393

C:\Program Files (x86)\Microchip\xc8\v1.41\sources\common\fldivl.c estimated size: 393

C:\Program Files (x86)\Microchip\xc8\v1.41\sources\common\ftneg.c
		___ftneg       		CODE           	3CB2	0000	49

C:\Program Files (x86)\Microchip\xc8\v1.41\sources\common\ftneg.c estimated size: 49

C:\Program Files (x86)\Microchip\xc8\v1.41\sources\common\strcat.c
		_strcat        		CODE           	3A24	0000	73

C:\Program Files (x86)\Microchip\xc8\v1.41\sources\common\strcat.c estimated size: 73

C:\Program Files (x86)\Microchip\xc8\v1.41\sources\common\ftsub.c
		___ftsub       		CODE           	39D8	0000	77

C:\Program Files (x86)\Microchip\xc8\v1.41\sources\common\ftsub.c estimated size: 77

C:\Program Files (x86)\Microchip\xc8\v1.41\sources\common\float.c
		___ftpack      		CODE           	2F5C	0000	269

C:\Program Files (x86)\Microchip\xc8\v1.41\sources\common\float.c estimated size: 269

easat2_util_transmission.c
		_util_transmit_space_between_letters		CODE           	3DFA	0000	17
		_util_transmit_letter		CODE           	18A0	0000	1013
		_util_beacon_transmission		CODE           	2E4A	0000	275
		_util_transmit_dot		CODE           	3D82	0000	29
		_util_transmit_space_between_dots_dashes		CODE           	3E0A	0000	17
		_util_transmit_dash		CODE           	3D9E	0000	29
		_util_transmit_space_between_words		CODE           	3DEA	0000	17
		_util_transmit_morse_sequence		CODE           	37FE	0000	117

easat2_util_transmission.c estimated size: 1514

easat2_main_mcu.c
		_main_loop     		CODE           	36F4	0000	143
		_main          		CODE           	3E1A	0000	13

easat2_main_mcu.c estimated size: 156

shared
		__powers_      		MEDIUMCONST    	7F1D	0000	40
		_dpowers       		MEDIUMCONST    	7EF5	0000	41
		__npowers_     		MEDIUMCONST    	7F44	0000	40
		__initialization		CODE           	393E	0000	65

shared estimated size: 186

C:\Program Files (x86)\Microchip\xc8\v1.41\sources\common\strlen.c
		_strlen        		CODE           	38DC	0000	99

C:\Program Files (x86)\Microchip\xc8\v1.41\sources\common\strlen.c estimated size: 99

C:\Program Files (x86)\Microchip\xc8\v1.41\sources\common\awmod.c
		___awmod       		CODE           	35B8	0000	163

C:\Program Files (x86)\Microchip\xc8\v1.41\sources\common\awmod.c estimated size: 163

C:\Program Files (x86)\Microchip\xc8\v1.41\sources\common\awtoft.c
		___awtoft      		CODE           	3A6C	0000	69

C:\Program Files (x86)\Microchip\xc8\v1.41\sources\common\awtoft.c estimated size: 69

C:\Program Files (x86)\Microchip\xc8\v1.41\sources\common\strcpy.c
		_strcpy        		CODE           	3C16	0000	53

C:\Program Files (x86)\Microchip\xc8\v1.41\sources\common\strcpy.c estimated size: 53

C:\Program Files (x86)\Microchip\xc8\v1.41\sources\common\llmod.c
		___llmod       		CODE           	365A	0000	155

C:\Program Files (x86)\Microchip\xc8\v1.41\sources\common\llmod.c estimated size: 155

C:\Program Files (x86)\Microchip\xc8\v1.41\sources\common\memset.c
		_memset        		CODE           	3C4A	0000	53

C:\Program Files (x86)\Microchip\xc8\v1.41\sources\common\memset.c estimated size: 53

easat2_util_pwm.c
		_util_pwm_stop 		CODE           	3E26	0000	9
		_util_pwm_initialize		CODE           	3C7E	0000	53
		_util_pwm_start		CODE           	3E2E	0000	9

easat2_util_pwm.c estimated size: 71

easat2_init_timer.c
		_init_timer1_initialize		CODE           	3D5C	0000	39
		_init_timer2_initialize		CODE           	3DBA	0000	27

easat2_init_timer.c estimated size: 66

C:\Program Files (x86)\Microchip\xc8\v1.41\sources\common\ftmul.c
		___ftmul       		CODE           	2A5C	0000	351

C:\Program Files (x86)\Microchip\xc8\v1.41\sources\common\ftmul.c estimated size: 351

C:\Program Files (x86)\Microchip\xc8\v1.41\sources\common\lwtoft.c
		___lwtoft      		CODE           	3CE2	0000	43

C:\Program Files (x86)\Microchip\xc8\v1.41\sources\common\lwtoft.c estimated size: 43

easat2_init_initialize.c
		_init_io_initialize		CODE           	34FC	0000	189
		_init_watchdogs_initialize		CODE           	3D36	0000	39
		_init_initialize		CODE           	3DD4	0000	23

easat2_init_initialize.c estimated size: 251

C:\Program Files (x86)\Microchip\xc8\v1.41\sources\common\lltoft.c
		___lltoft      		CODE           	3782	0000	125

C:\Program Files (x86)\Microchip\xc8\v1.41\sources\common\lltoft.c estimated size: 125

C:\Program Files (x86)\Microchip\xc8\v1.41\sources\common\ftdiv.c
		___ftdiv       		CODE           	2BBA	0000	333

C:\Program Files (x86)\Microchip\xc8\v1.41\sources\common\ftdiv.c estimated size: 333

