Microchip MPLAB XC8 Compiler V1.41 ()

Linker command line:

-W-3 --edf=D:\Program Files (x86)\Microchip\xc8\v1.41\dat\en_msgs.txt -cs \
  -h+dist/default/debug\EASAT2-MCU-C.X.debug.sym \
  --cmf=dist/default/debug\EASAT2-MCU-C.X.debug.cmf -z -Q18F45K22 \
  -oC:\Users\admin\AppData\Local\Temp\s8sg.2 \
  -Mdist/default/debug/EASAT2-MCU-C.X.debug.map -E1 -ver=XC8 \
  -ASTACK=0300h-05ffh -pstack=STACK -ACODE=00h-07FFFh -ACONST=00h-07FFFh \
  -ASMALLCONST=0600h-06FFhx122 -AMEDIUMCONST=0600h-07FFFh -ACOMRAM=01h-05Fh \
  -AABS1=00h-05FFh -ABIGRAM=01h-05FFh -ARAM=060h-0FFh,0100h-01FFhx5 \
  -ABANK0=060h-0FFh -ABANK1=0100h-01FFh -ABANK2=0200h-02FFh \
  -ABANK3=0300h-03FFh -ABANK4=0400h-04FFh -ABANK5=0500h-05FFh \
  -ASFR=0F38h-0F5Fh,0F60h-0FFFh \
  -preset_vec=00h,intcode=08h,intcodelo=018h,powerup,init -pramtop=0600h \
  -psmallconst=SMALLCONST -pmediumconst=MEDIUMCONST -pconst=CONST \
  -AFARRAM=00h-00h -ACONFIG=0300000h-030000Dh -pconfig=CONFIG \
  -AIDLOC=0200000h-0200007h -pidloc=IDLOC -AEEDATA=0F00000h-0F000FFh \
  -peeprom_data=EEDATA \
  -prdata=COMRAM,nvrram=COMRAM,nvbit=COMRAM,rbss=COMRAM,rbit=COMRAM \
  -pfarbss=FARRAM,fardata=FARRAM,nvFARRAM=FARRAM \
  -pintsave_regs=BIGRAM,bigbss=BIGRAM,bigdata=BIGRAM -pbss=RAM \
  -pidata=CODE,irdata=CODE,ibigdata=CODE,ifardata=CODE -prparam=COMRAM \
  C:\Users\admin\AppData\Local\Temp\s8sg.obj \
  dist/default/debug\EASAT2-MCU-C.X.debug.obj 

Object code version is 3.11

Machine type is 18F45K22

Call graph: (short form)




                Name                               Link     Load   Length Selector   Space Scale
C:\Users\admin\AppData\Local\Temp\s8sg.obj
                init                                 A6       A6        4        C       0
                reset_vec                             0        0        4        0       0
                idloc                            200000   200000        8   200000       0
                config                           300000   300000        E   300000       0
dist/default/debug\EASAT2-MCU-C.X.debug.obj
                intcodelo                            18       18       8E        C       0
                intcode                               8        8        6        4       0
                temp                                 44       44        1        1       1
                mediumconst                        7ED4     7ED4      12C     3F6A       0
                intcode_body                       2010     2010      39A        C       0
                text67                             3A74     3A74       BC        C       0
                text66                             4728     4728       26        C       0
                text65                             4806     4806       1A        C       0
                text64                             47B4     47B4       1E        C       0
                text63                             45D8     45D8       34        C       0
                text62                             4820     4820       16        C       0
                text61                             412A     412A       78        C       0
                text60                             4026     4026       86        C       0
                text59                             40AC     40AC       7E        C       0
                text58                             3D34     3D34       A2        C       0
                text57                             23AA     23AA      2E2        C       0
                text56                             45A2     45A2       36        C       0
                text55                             2D28     2D28      18C        C       0
                text54                             46FC     46FC       2C        C       0
                text53                             3F96     3F96       90        C       0
                text52                             4772     4772       24        C       0
                text51                             3BE0     3BE0       AE        C       0
                text50                             292C     292C      268        C       0
                text49                             442A     442A       4C        C       0
                text48                             3188     3188      144        C       0
                text47                             3B30     3B30       B0        C       0
                text46                             3E70     3E70       94        C       0
                text45                             4212     4212       66        C       0
                text44                             353E     353E      128        C       0
                text43                             340C     340C      132        C       0
                text42                             3C8E     3C8E       A6        C       0
                text41                             41A2     41A2       70        C       0
                text40                             3036     3036      152        C       0
                text39                             463E     463E       32        C       0
                text38                             268C     268C      2A0        C       0
                text37                             4796     4796       1E        C       0
                text36                             4882     4882        2     2441       0
                text35                             178A     178A      496        C       0
                text34                               AA       AA      F46        C       0
                text33                             43D8     43D8       52        C       0
                text32                             44B8     44B8       42        C       0
                text31                             46A0     46A0       30        C       0
                text30                             4386     4386       52        C       0
                text29                             4874     4874        8        C       0
                text28                             486C     486C        8        C       0
                text27                             46D0     46D0       2C        C       0
                text26                             47EC     47EC       1A        C       0
                text25                             47D2     47D2       1A        C       0
                text24                             4852     4852        E        C       0
                text23                             4278     4278       60        C       0
                text22                             4844     4844        E        C       0
                text21                             4836     4836        E        C       0
                text20                             1C20     1C20      3F0        C       0
                text19                             3750     3750       D2        C       0
                text18                             3DD6     3DD6       9A        C       0
                text17                             3666     3666       EA        C       0
                text16                             474E     474E       24        C       0
                text15                             38EC     38EC       CA        C       0
                text14                             39B6     39B6       BE        C       0
                text13                             3822     3822       CA        C       0
                text12                             44FA     44FA       3C        C       0
                text11                             32CC     32CC      140        C       0
                text10                             460C     460C       32        C       0
                text9                              2B94     2B94      194        C       0
                text8                              4476     4476       42        C       0
                text7                              4670     4670       30        C       0
                text6                              2EB4     2EB4      182        C       0
                text5                              4334     4334       52        C       0
                text4                               FF0      FF0      79A        C       0
                text3                              456C     456C       36        C       0
                text2                              4536     4536       36        C       0
                text1                              3F04     3F04       92        C       0
                text0                              4860     4860        C        C       0
                cstackCOMRAM                          1        1       2B        1       1
                cstackBANK0                          60       60       84       60       1
                cstackBANK1                         100      100       D8      100       1
                bssBANK2                            200      200      100      200       1
                bssBANK0                             E4       E4        6       60       1
                dataCOMRAM                           3F       3F        5        1       1
                bssCOMRAM                            2C       2C       13        1       1
                cinit                              42D8     42D8       5C        C       0
                idataCOMRAM                        487C     487C        5        C       0

TOTAL           Name                               Link     Load   Length     Space
        CLASS   STACK          

        CLASS   CODE           
                intcodelo                            18       18       8E         0
                intcode                               8        8        6         0
                init                                 A6       A6        4         0
                reset_vec                             0        0        4         0
                intcode_body                       2010     2010      39A         0
                text67                             3A74     3A74       BC         0
                text66                             4728     4728       26         0
                text65                             4806     4806       1A         0
                text64                             47B4     47B4       1E         0
                text63                             45D8     45D8       34         0
                text62                             4820     4820       16         0
                text61                             412A     412A       78         0
                text60                             4026     4026       86         0
                text59                             40AC     40AC       7E         0
                text58                             3D34     3D34       A2         0
                text57                             23AA     23AA      2E2         0
                text56                             45A2     45A2       36         0
                text55                             2D28     2D28      18C         0
                text54                             46FC     46FC       2C         0
                text53                             3F96     3F96       90         0
                text52                             4772     4772       24         0
                text51                             3BE0     3BE0       AE         0
                text50                             292C     292C      268         0
                text49                             442A     442A       4C         0
                text48                             3188     3188      144         0
                text47                             3B30     3B30       B0         0
                text46                             3E70     3E70       94         0
                text45                             4212     4212       66         0
                text44                             353E     353E      128         0
                text43                             340C     340C      132         0
                text42                             3C8E     3C8E       A6         0
                text41                             41A2     41A2       70         0
                text40                             3036     3036      152         0
                text39                             463E     463E       32         0
                text38                             268C     268C      2A0         0
                text37                             4796     4796       1E         0
                text36                             4882     4882        2         0
                text35                             178A     178A      496         0
                text34                               AA       AA      F46         0
                text33                             43D8     43D8       52         0
                text32                             44B8     44B8       42         0
                text31                             46A0     46A0       30         0
                text30                             4386     4386       52         0
                text29                             4874     4874        8         0
                text28                             486C     486C        8         0
                text27                             46D0     46D0       2C         0
                text26                             47EC     47EC       1A         0
                text25                             47D2     47D2       1A         0
                text24                             4852     4852        E         0
                text23                             4278     4278       60         0
                text22                             4844     4844        E         0
                text21                             4836     4836        E         0
                text20                             1C20     1C20      3F0         0
                text19                             3750     3750       D2         0
                text18                             3DD6     3DD6       9A         0
                text17                             3666     3666       EA         0
                text16                             474E     474E       24         0
                text15                             38EC     38EC       CA         0
                text14                             39B6     39B6       BE         0
                text13                             3822     3822       CA         0
                text12                             44FA     44FA       3C         0
                text11                             32CC     32CC      140         0
                text10                             460C     460C       32         0
                text9                              2B94     2B94      194         0
                text8                              4476     4476       42         0
                text7                              4670     4670       30         0
                text6                              2EB4     2EB4      182         0
                text5                              4334     4334       52         0
                text4                               FF0      FF0      79A         0
                text3                              456C     456C       36         0
                text2                              4536     4536       36         0
                text1                              3F04     3F04       92         0
                text0                              4860     4860        C         0
                cinit                              42D8     42D8       5C         0
                idataCOMRAM                        487C     487C        5         0

        CLASS   CONST          

        CLASS   SMALLCONST     

        CLASS   MEDIUMCONST    
                mediumconst                        7ED4     7ED4      12C         0

        CLASS   COMRAM         
                temp                                 44       44        1         1
                cstackCOMRAM                          1        1       2B         1
                dataCOMRAM                           3F       3F        5         1
                bssCOMRAM                            2C       2C       13         1

        CLASS   ABS1           

        CLASS   BIGRAM         

        CLASS   RAM            

        CLASS   BANK0          
                cstackBANK0                          60       60       84         1
                bssBANK0                             E4       E4        6         1

        CLASS   BANK1          
                cstackBANK1                         100      100       D8         1

        CLASS   BANK2          
                bssBANK2                            200      200      100         1

        CLASS   BANK3          

        CLASS   BANK4          

        CLASS   BANK5          

        CLASS   SFR            

        CLASS   FARRAM         

        CLASS   CONFIG         
                config                           300000   300000        E         0

        CLASS   IDLOC          
                idloc                            200000   200000        8         0

        CLASS   EEDATA         



SEGMENTS        Name                           Load    Length   Top    Selector   Space  Class

                reset_vec                      000000  000004  000004         0       0  CODE    
                cstackCOMRAM                   000001  000044  000045         1       1  COMRAM  
                intcode                        000008  000006  00000E         4       0  CODE    
                intcodelo                      000018  004869  004881         C       0  CODE    
                cstackBANK0                    000060  00008A  0000EA        60       1  BANK0   
                cstackBANK1                    000100  0000D8  0001D8       100       1  BANK1   
                bssBANK2                       000200  000100  000300       200       1  BANK2   
                text36                         004882  000002  004884      2441       0  CODE    
                mediumconst                    007ED4  00012C  008000      3F6A       0  MEDIUMCO
                idloc                          200000  000008  200008    200000       0  IDLOC   
                config                         300000  00000E  30000E    300000       0  CONFIG  


UNUSED ADDRESS RANGES

        Name                Unused          Largest block    Delta
        BANK0            0000EA-0000FF               16
        BANK1            0001D8-0001FF               28
        BANK3            000300-0003FF              100
        BANK4            000400-0004FF              100
        BANK5            000500-0005FF              100
        BIGRAM           000045-00005F               1B
                         0000EA-0000FF               16
                         0001D8-0001FF               28
                         000300-0005FF              300
        CODE             000004-000007                4
                         00000E-000017                A
                         004881-004881                1
                         004884-007ED3             3650
        COMRAM           000045-00005F               1B
        CONST            000004-000007                4
                         00000E-000017                A
                         004881-004881                1
                         004884-007ED3             3650
        EEDATA           F00000-F000FF              100
        MEDIUMCONST      004881-004881                1
                         004884-007ED3             3650
        RAM              0000EA-0000FF               16
                         0001D8-0001FF               28
                         000300-0005FF              100
        SFR              000F38-000FFF               28
        SMALLCONST       004881-004881                1
                         004884-007ED3              100
        STACK            000300-0005FF              300

                                  Symbol Table

?___awdiv                                            cstackBANK0  000071
?___awmod                                            cstackCOMRAM 00001C
?___awtoft                                           cstackBANK0  000071
?___ftadd                                            cstackBANK0  00008F
?___ftdiv                                            cstackBANK0  000074
?___ftmul                                            cstackBANK0  000079
?___ftneg                                            cstackCOMRAM 00001C
?___ftpack                                           cstackCOMRAM 00001C
?___ftsub                                            cstackBANK0  00009B
?___fttol                                            cstackBANK0  00008C
?___lldiv                                            cstackBANK0  000071
?___llmod                                            cstackBANK0  000079
?___lltoft                                           cstackBANK0  000071
?___lwtoft                                           cstackBANK0  000071
?___wmul                                             cstackBANK0  000075
?__div_to_l_                                         cstackCOMRAM 00001C
?__doprnt                                            cstackBANK0  0000A1
?__tdiv_to_l_                                        cstackCOMRAM 00001C
?_fround                                             cstackBANK0  000085
?_func_command_decode                                cstackBANK0  0000A1
?_golay_correct                                      cstackBANK0  000085
?_golay_parity                                       cstackCOMRAM 00001C
?_golay_rotate_left                                  cstackCOMRAM 00001C
?_golay_rotate_right                                 cstackCOMRAM 00001C
?_golay_syndrome                                     cstackCOMRAM 00001C
?_golay_weight                                       cstackCOMRAM 00001C
?_scale                                              cstackBANK0  000085
?_sprintf                                            cstackBANK0  0000C4
?_strlen                                             cstackCOMRAM 00001C
?_util_getBatteryCurrent                             cstackBANK0  00009B
?_util_getBatteryVoltage                             cstackBANK0  000085
?_util_getSolarCurrent                               cstackBANK0  00009B
?_util_getTemperature                                cstackBANK0  00009B
?_util_onewire_read_bit                              cstackCOMRAM 00001C
?_util_onewire_read_byte                             cstackBANK0  000071
?_util_onewire_reset                                 cstackCOMRAM 00001C
_ADCON0bits                                          (abs)        000FC2
_ADCON1                                              (abs)        000FC1
_ADCON2                                              (abs)        000FC0
_ADRES                                               (abs)        000FC3
_ANSELAbits                                          (abs)        000F38
_ANSELBbits                                          (abs)        000F39
_ANSELDbits                                          (abs)        000F3B
_CCP2CONbits                                         (abs)        000F66
_CCPR2L                                              (abs)        000F67
_CCPTMRS0bits                                        (abs)        000F49
_INTCONbits                                          (abs)        000FF2
_IPR1bits                                            (abs)        000F9F
_LATAbits                                            (abs)        000F89
_LATBbits                                            (abs)        000F8A
_LATDbits                                            (abs)        000F8C
_PIE1bits                                            (abs)        000F9D
_PIR1bits                                            (abs)        000F9E
_PORTAbits                                           (abs)        000F80
_PORTBbits                                           (abs)        000F81
_PORTDbits                                           (abs)        000F83
_PR2                                                 (abs)        000FBB
_PSTR2CONbits                                        (abs)        000F63
_RBPU                                                (abs)        007F8F
_RCONbits                                            (abs)        000FD0
_T1CONbits                                           (abs)        000FCD
_T2CONbits                                           (abs)        000FBA
_TMR1H                                               (abs)        000FCF
_TMR1L                                               (abs)        000FCE
_TMR2                                                (abs)        000FBC
_TRISAbits                                           (abs)        000F92
_TRISBbits                                           (abs)        000F93
_TRISDbits                                           (abs)        000F95
_VREFCON0bits                                        (abs)        000F42
_WPUB                                                (abs)        000F61
__CFG_BOREN$OFF                                      (abs)        000000
__CFG_BORV$190                                       (abs)        000000
__CFG_CCP2MX$PORTC1                                  (abs)        000000
__CFG_CCP3MX$PORTB5                                  (abs)        000000
__CFG_CP0$OFF                                        (abs)        000000
__CFG_CP1$OFF                                        (abs)        000000
__CFG_CP2$OFF                                        (abs)        000000
__CFG_CP3$OFF                                        (abs)        000000
__CFG_CPB$OFF                                        (abs)        000000
__CFG_CPD$OFF                                        (abs)        000000
__CFG_EBTR0$OFF                                      (abs)        000000
__CFG_EBTR1$OFF                                      (abs)        000000
__CFG_EBTR2$OFF                                      (abs)        000000
__CFG_EBTR3$OFF                                      (abs)        000000
__CFG_EBTRB$OFF                                      (abs)        000000
__CFG_FCMEN$OFF                                      (abs)        000000
__CFG_FOSC$XT                                        (abs)        000000
__CFG_HFOFST$OFF                                     (abs)        000000
__CFG_IESO$OFF                                       (abs)        000000
__CFG_LVP$OFF                                        (abs)        000000
__CFG_MCLRE$EXTMCLR                                  (abs)        000000
__CFG_P2BMX$PORTC0                                   (abs)        000000
__CFG_PBADEN$OFF                                     (abs)        000000
__CFG_PLLCFG$OFF                                     (abs)        000000
__CFG_PRICLKEN$ON                                    (abs)        000000
__CFG_PWRTEN$OFF                                     (abs)        000000
__CFG_STVREN$ON                                      (abs)        000000
__CFG_T3CMX$PORTB5                                   (abs)        000000
__CFG_WDTEN$ON                                       (abs)        000000
__CFG_WDTPS$32768                                    (abs)        000000
__CFG_WRT0$OFF                                       (abs)        000000
__CFG_WRT1$OFF                                       (abs)        000000
__CFG_WRT2$OFF                                       (abs)        000000
__CFG_WRT3$OFF                                       (abs)        000000
__CFG_WRTB$OFF                                       (abs)        000000
__CFG_WRTC$ON                                        (abs)        000000
__CFG_WRTD$ON                                        (abs)        000000
__CFG_XINST$OFF                                      (abs)        000000
__HRAM                                               (abs)        000000
__Habs1                                              abs1         000000
__Hbank0                                             bank0        000000
__Hbank1                                             bank1        000000
__Hbank2                                             bank2        000000
__Hbank3                                             bank3        000000
__Hbank4                                             bank4        000000
__Hbank5                                             bank5        000000
__Hbigbss                                            bigbss       000000
__Hbigdata                                           bigdata      000000
__Hbigram                                            bigram       000000
__Hbss                                               bss          000000
__HbssBANK0                                          bssBANK0     000000
__HbssBANK2                                          bssBANK2     000000
__HbssCOMRAM                                         bssCOMRAM    000000
__Hcinit                                             cinit        000000
__Hclrtext                                           clrtext      000000
__Hcomram                                            comram       000000
__Hconfig                                            config       30000E
__Hconst                                             const        000000
__HcstackBANK0                                       cstackBANK0  000000
__HcstackBANK1                                       cstackBANK1  000000
__HcstackCOMRAM                                      cstackCOMRAM 000000
__Hdata                                              data         000000
__HdataCOMRAM                                        dataCOMRAM   000000
__Heeprom_data                                       eeprom_data  000000
__Hfarbss                                            farbss       000000
__Hfardata                                           fardata      000000
__Hibigdata                                          ibigdata     000000
__Hidata                                             idata        000000
__HidataCOMRAM                                       idataCOMRAM  000000
__Hidloc                                             idloc        200008
__Hifardata                                          ifardata     000000
__Hinit                                              init         0000AA
__Hintcode                                           intcode      00000E
__Hintcode_body                                      intcode_body 000000
__Hintcodelo                                         intcodelo    0000A6
__Hintentry                                          intentry     000000
__Hintret                                            intret       000000
__Hintsave_regs                                      intsave_regs 000000
__Hirdata                                            irdata       000000
__Hmediumconst                                       mediumconst  008000
__HnvFARRAM                                          nvFARRAM     000000
__Hnvbit                                             nvbit        000000
__Hnvrram                                            nvrram       000000
__Hparam                                             rparam       000000
__Hpowerup                                           powerup      0000A6
__Hram                                               ram          000000
__Hramtop                                            ramtop       000600
__Hrbit                                              rbit         000000
__Hrbss                                              rbss         000000
__Hrdata                                             rdata        000000
__Hreset_vec                                         reset_vec    000004
__Hrparam                                            rparam       000000
__Hsfr                                               sfr          000000
__Hsmallconst                                        smallconst   000000
__Hspace_0                                           (abs)        30000E
__Hspace_1                                           (abs)        000300
__Hspace_2                                           (abs)        000000
__Hstack                                             stack        000000
__Hstruct                                            struct       000000
__Htemp                                              temp         000045
__Htext                                              text         000000
__Htext0                                             text0        000000
__Htext1                                             text1        000000
__Htext10                                            text10       000000
__Htext11                                            text11       000000
__Htext12                                            text12       000000
__Htext13                                            text13       000000
__Htext14                                            text14       000000
__Htext15                                            text15       000000
__Htext16                                            text16       000000
__Htext17                                            text17       000000
__Htext18                                            text18       000000
__Htext19                                            text19       000000
__Htext2                                             text2        000000
__Htext20                                            text20       000000
__Htext21                                            text21       000000
__Htext22                                            text22       000000
__Htext23                                            text23       000000
__Htext24                                            text24       000000
__Htext25                                            text25       000000
__Htext26                                            text26       000000
__Htext27                                            text27       000000
__Htext28                                            text28       000000
__Htext29                                            text29       000000
__Htext3                                             text3        000000
__Htext30                                            text30       000000
__Htext31                                            text31       000000
__Htext32                                            text32       000000
__Htext33                                            text33       000000
__Htext34                                            text34       000000
__Htext35                                            text35       000000
__Htext36                                            text36       000000
__Htext37                                            text37       000000
__Htext38                                            text38       000000
__Htext39                                            text39       000000
__Htext4                                             text4        000000
__Htext40                                            text40       000000
__Htext41                                            text41       000000
__Htext42                                            text42       000000
__Htext43                                            text43       000000
__Htext44                                            text44       000000
__Htext45                                            text45       000000
__Htext46                                            text46       000000
__Htext47                                            text47       000000
__Htext48                                            text48       000000
__Htext49                                            text49       000000
__Htext5                                             text5        000000
__Htext50                                            text50       000000
__Htext51                                            text51       000000
__Htext52                                            text52       000000
__Htext53                                            text53       000000
__Htext54                                            text54       000000
__Htext55                                            text55       000000
__Htext56                                            text56       000000
__Htext57                                            text57       000000
__Htext58                                            text58       000000
__Htext59                                            text59       000000
__Htext6                                             text6        000000
__Htext60                                            text60       000000
__Htext61                                            text61       000000
__Htext62                                            text62       000000
__Htext63                                            text63       000000
__Htext64                                            text64       000000
__Htext65                                            text65       000000
__Htext66                                            text66       000000
__Htext67                                            text67       000000
__Htext7                                             text7        000000
__Htext8                                             text8        000000
__Htext9                                             text9        000000
__LRAM                                               (abs)        000001
__Labs1                                              abs1         000000
__Lbank0                                             bank0        000000
__Lbank1                                             bank1        000000
__Lbank2                                             bank2        000000
__Lbank3                                             bank3        000000
__Lbank4                                             bank4        000000
__Lbank5                                             bank5        000000
__Lbigbss                                            bigbss       000000
__Lbigdata                                           bigdata      000000
__Lbigram                                            bigram       000000
__Lbss                                               bss          000000
__LbssBANK0                                          bssBANK0     000000
__LbssBANK2                                          bssBANK2     000000
__LbssCOMRAM                                         bssCOMRAM    000000
__Lcinit                                             cinit        000000
__Lclrtext                                           clrtext      000000
__Lcomram                                            comram       000000
__Lconfig                                            config       300000
__Lconst                                             const        000000
__LcstackBANK0                                       cstackBANK0  000000
__LcstackBANK1                                       cstackBANK1  000000
__LcstackCOMRAM                                      cstackCOMRAM 000000
__Ldata                                              data         000000
__LdataCOMRAM                                        dataCOMRAM   000000
__Leeprom_data                                       eeprom_data  000000
__Lfarbss                                            farbss       000000
__Lfardata                                           fardata      000000
__Libigdata                                          ibigdata     000000
__Lidata                                             idata        000000
__LidataCOMRAM                                       idataCOMRAM  000000
__Lidloc                                             idloc        200000
__Lifardata                                          ifardata     000000
__Linit                                              init         0000A6
__Lintcode                                           intcode      000008
__Lintcode_body                                      intcode_body 000000
__Lintcodelo                                         intcodelo    000018
__Lintentry                                          intentry     000000
__Lintret                                            intret       000000
__Lintsave_regs                                      intsave_regs 000000
__Lirdata                                            irdata       000000
__Lmediumconst                                       mediumconst  007ED4
__LnvFARRAM                                          nvFARRAM     000000
__Lnvbit                                             nvbit        000000
__Lnvrram                                            nvrram       000000
__Lparam                                             rparam       000000
__Lpowerup                                           powerup      0000A6
__Lram                                               ram          000000
__Lramtop                                            ramtop       000600
__Lrbit                                              rbit         000000
__Lrbss                                              rbss         000000
__Lrdata                                             rdata        000000
__Lreset_vec                                         reset_vec    000000
__Lrparam                                            rparam       000000
__Lsfr                                               sfr          000000
__Lsmallconst                                        smallconst   000000
__Lspace_0                                           (abs)        000000
__Lspace_1                                           (abs)        000000
__Lspace_2                                           (abs)        000000
__Lstack                                             stack        000000
__Lstruct                                            struct       000000
__Ltemp                                              temp         000044
__Ltext                                              text         000000
__Ltext0                                             text0        000000
__Ltext1                                             text1        000000
__Ltext10                                            text10       000000
__Ltext11                                            text11       000000
__Ltext12                                            text12       000000
__Ltext13                                            text13       000000
__Ltext14                                            text14       000000
__Ltext15                                            text15       000000
__Ltext16                                            text16       000000
__Ltext17                                            text17       000000
__Ltext18                                            text18       000000
__Ltext19                                            text19       000000
__Ltext2                                             text2        000000
__Ltext20                                            text20       000000
__Ltext21                                            text21       000000
__Ltext22                                            text22       000000
__Ltext23                                            text23       000000
__Ltext24                                            text24       000000
__Ltext25                                            text25       000000
__Ltext26                                            text26       000000
__Ltext27                                            text27       000000
__Ltext28                                            text28       000000
__Ltext29                                            text29       000000
__Ltext3                                             text3        000000
__Ltext30                                            text30       000000
__Ltext31                                            text31       000000
__Ltext32                                            text32       000000
__Ltext33                                            text33       000000
__Ltext34                                            text34       000000
__Ltext35                                            text35       000000
__Ltext36                                            text36       000000
__Ltext37                                            text37       000000
__Ltext38                                            text38       000000
__Ltext39                                            text39       000000
__Ltext4                                             text4        000000
__Ltext40                                            text40       000000
__Ltext41                                            text41       000000
__Ltext42                                            text42       000000
__Ltext43                                            text43       000000
__Ltext44                                            text44       000000
__Ltext45                                            text45       000000
__Ltext46                                            text46       000000
__Ltext47                                            text47       000000
__Ltext48                                            text48       000000
__Ltext49                                            text49       000000
__Ltext5                                             text5        000000
__Ltext50                                            text50       000000
__Ltext51                                            text51       000000
__Ltext52                                            text52       000000
__Ltext53                                            text53       000000
__Ltext54                                            text54       000000
__Ltext55                                            text55       000000
__Ltext56                                            text56       000000
__Ltext57                                            text57       000000
__Ltext58                                            text58       000000
__Ltext59                                            text59       000000
__Ltext6                                             text6        000000
__Ltext60                                            text60       000000
__Ltext61                                            text61       000000
__Ltext62                                            text62       000000
__Ltext63                                            text63       000000
__Ltext64                                            text64       000000
__Ltext65                                            text65       000000
__Ltext66                                            text66       000000
__Ltext67                                            text67       000000
__Ltext7                                             text7        000000
__Ltext8                                             text8        000000
__Ltext9                                             text9        000000
__S0                                                 (abs)        30000E
__S1                                                 (abs)        000300
__S2                                                 (abs)        000000
___awdiv                                             text42       003C8E
___awdiv@counter                                     cstackCOMRAM 000022
___awdiv@dividend                                    cstackBANK0  000071
___awdiv@divisor                                     cstackBANK0  000073
___awdiv@quotient                                    cstackCOMRAM 000024
___awdiv@sign                                        cstackCOMRAM 000023
___awmod                                             text41       0041A2
___awmod@counter                                     cstackCOMRAM 000020
___awmod@dividend                                    cstackCOMRAM 00001C
___awmod@divisor                                     cstackCOMRAM 00001E
___awmod@sign                                        cstackCOMRAM 000021
___awtoft                                            text12       0044FA
___awtoft@c                                          cstackBANK0  000071
___awtoft@sign                                       cstackCOMRAM 000024
___ftadd                                             text50       00292C
___ftadd@exp1                                        cstackBANK0  00009A
___ftadd@exp2                                        cstackBANK0  000099
___ftadd@f1                                          cstackBANK0  00008F
___ftadd@f2                                          cstackBANK0  000092
___ftadd@sign                                        cstackBANK0  000098
___ftdiv                                             text11       0032CC
___ftdiv@cntr                                        cstackBANK0  00007A
___ftdiv@exp                                         cstackBANK0  00007E
___ftdiv@f1                                          cstackBANK0  000074
___ftdiv@f2                                          cstackBANK0  000077
___ftdiv@f3                                          cstackBANK0  00007B
___ftdiv@sign                                        cstackBANK0  00007F
___ftge                                              text53       003F96
___ftge@ff1                                          cstackCOMRAM 00001C
___ftge@ff2                                          cstackCOMRAM 00001F
___ftmul                                             text40       003036
___ftmul@cntr                                        cstackBANK0  000083
___ftmul@exp                                         cstackBANK0  00007F
___ftmul@f1                                          cstackBANK0  000079
___ftmul@f2                                          cstackBANK0  00007C
___ftmul@f3_as_product                               cstackBANK0  000080
___ftmul@sign                                        cstackBANK0  000084
___ftneg                                             text52       004772
___ftneg@f1                                          cstackCOMRAM 00001C
___ftpack                                            text51       003BE0
___ftpack@arg                                        cstackCOMRAM 00001C
___ftpack@exp                                        cstackCOMRAM 00001F
___ftpack@sign                                       cstackCOMRAM 000020
___ftsub                                             text49       00442A
___ftsub@f1                                          cstackBANK0  00009B
___ftsub@f2                                          cstackBANK0  00009E
___fttol                                             text48       003188
___fttol@exp1                                        cstackBANK0  00009A
___fttol@f1                                          cstackBANK0  00008C
___fttol@lval                                        cstackBANK0  000096
___fttol@sign1                                       cstackBANK0  000095
___inthi_sp                                          stack        000000
___intlo_sp                                          stack        000000
___lldiv                                             text47       003B30
___lldiv@counter                                     cstackCOMRAM 000020
___lldiv@dividend                                    cstackBANK0  000071
___lldiv@divisor                                     cstackBANK0  000075
___lldiv@quotient                                    cstackCOMRAM 00001C
___llmod                                             text46       003E70
___llmod@counter                                     cstackCOMRAM 000021
___llmod@dividend                                    cstackBANK0  000079
___llmod@divisor                                     cstackBANK0  00007D
___lltoft                                            text45       004212
___lltoft@c                                          cstackBANK0  000071
___lltoft@exp                                        cstackCOMRAM 000028
___lwtoft                                            text16       00474E
___lwtoft@c                                          cstackBANK0  000071
___param_bank                                        (abs)        000000
___rparam_used                                       (abs)        000001
___sp                                                stack        000000
___wmul                                              text39       00463E
___wmul@multiplicand                                 cstackBANK0  000077
___wmul@multiplier                                   cstackBANK0  000075
___wmul@product                                      cstackCOMRAM 000026
__accesstop                                          (abs)        000060
__activetblptr                                       (abs)        000002
__div_to_l_                                          text44       00353E
__div_to_l_@cntr                                     cstackCOMRAM 000026
__div_to_l_@exp1                                     cstackCOMRAM 000027
__div_to_l_@f1                                       cstackCOMRAM 00001C
__div_to_l_@f2                                       cstackCOMRAM 00001F
__div_to_l_@quot                                     cstackCOMRAM 000022
__doprnt                                             text34       0000AA
__doprnt$2964                                        cstackBANK0  0000AD
__doprnt@ap                                          cstackBANK0  0000A5
__doprnt@c                                           cstackBANK0  0000C3
__doprnt@exp                                         cstackBANK0  0000B8
__doprnt@f                                           cstackBANK0  0000A3
__doprnt@flag                                        cstackBANK0  0000B0
__doprnt@fval                                        cstackBANK0  0000BE
__doprnt@pb                                          cstackBANK0  0000A1
__doprnt@prec                                        cstackBANK0  0000C1
__doprnt@tmpval                                      cstackBANK0  0000BA
__doprnt@val                                         cstackBANK0  0000B4
__doprnt@width                                       cstackBANK0  0000B2
__end_of___awdiv                                     text42       003D34
__end_of___awmod                                     text41       004212
__end_of___awtoft                                    text12       004536
__end_of___ftadd                                     text50       002B94
__end_of___ftdiv                                     text11       00340C
__end_of___ftge                                      text53       004026
__end_of___ftmul                                     text40       003188
__end_of___ftneg                                     text52       004796
__end_of___ftpack                                    text51       003C8E
__end_of___ftsub                                     text49       004476
__end_of___fttol                                     text48       0032CC
__end_of___lldiv                                     text47       003BE0
__end_of___llmod                                     text46       003F04
__end_of___lltoft                                    text45       004278
__end_of___lwtoft                                    text16       004772
__end_of___wmul                                      text39       004670
__end_of__div_to_l_                                  text44       003666
__end_of__doprnt                                     text34       000FF0
__end_of__initialization                             cinit        004326
__end_of__npowers_                                   mediumconst  007F4B
__end_of__powers_                                    mediumconst  007F24
__end_of__tdiv_to_l_                                 text43       00353E
__end_of_dpowers                                     mediumconst  007EFD
__end_of_fround                                      text38       00292C
__end_of_func_command_decode                         text55       002EB4
__end_of_func_command_management                     text18       003E70
__end_of_golay_correct                               text57       00268C
__end_of_golay_parity                                text56       0045D8
__end_of_golay_rotate_left                           text61       0041A2
__end_of_golay_rotate_right                          text60       0040AC
__end_of_golay_syndrome                              text59       00412A
__end_of_golay_weight                                text58       003DD6
__end_of_high_priority_int                           intcode_body 0023AA
__end_of_init_initialize                             text62       004836
__end_of_init_io_initialize                          text67       003B30
__end_of_init_timer1_initialize                      text66       00474E
__end_of_init_timer2_initialize                      text65       004820
__end_of_init_watchdogs_initialize                   text64       0047D2
__end_of_isdigit                                     text37       0047B4
__end_of_low_priority_int                            intcodelo    0000A6
__end_of_main                                        text0        00486C
__end_of_main_loop                                   text1        003F96
__end_of_memset                                      text54       004728
__end_of_putch                                       text36       004884
__end_of_scale                                       text35       001C20
__end_of_sprintf                                     text33       00442A
__end_of_strcat                                      text32       0044FA
__end_of_strcpy                                      text31       0046D0
__end_of_strlen                                      text30       0043D8
__end_of_util_beacon_transmission                    text17       003750
__end_of_util_command_ack_transmission               text19       003822
__end_of_util_getBatteryCurrent                      text15       0039B6
__end_of_util_getBatteryVoltage                      text14       003A74
__end_of_util_getSolarCurrent                        text13       0038EC
__end_of_util_getTemperature                         text4        00178A
__end_of_util_onewire_read_bit                       text10       00463E
__end_of_util_onewire_read_byte                      text9        002D28
__end_of_util_onewire_reset                          text8        0044B8
__end_of_util_onewire_write_bit                      text7        0046A0
__end_of_util_onewire_write_byte                     text6        003036
__end_of_util_pwm_initialize                         text63       00460C
__end_of_util_pwm_start                              text29       00487C
__end_of_util_pwm_stop                               text28       004874
__end_of_util_transmit_dash                          text26       004806
__end_of_util_transmit_dot                           text25       0047EC
__end_of_util_transmit_letter                        text20       002010
__end_of_util_transmit_morse_sequence                text23       0042D8
__end_of_util_transmit_space_between_dots_dashes     text24       004860
__end_of_util_transmit_space_between_letters         text22       004852
__end_of_util_transmit_space_between_words           text21       004844
__end_of_util_waits_delay_hours                      text2        00456C
__end_of_util_waits_delay_mins                       text3        0045A2
__end_of_util_waits_delay_ms                         text27       0046FC
__end_of_util_waits_delay_secs                       text5        004386
__end_ofgolay_weight@F87                             mediumconst  007F5B
__initialization                                     cinit        0042D8
__mediumconst                                        mediumconst  007ED4
__npowers_                                           mediumconst  007F24
__pbssBANK0                                          bssBANK0     0000E4
__pbssBANK2                                          bssBANK2     000200
__pbssCOMRAM                                         bssCOMRAM    00002C
__pcinit                                             cinit        0042D8
__pcstackBANK0                                       cstackBANK0  000060
__pcstackBANK1                                       cstackBANK1  000100
__pcstackCOMRAM                                      cstackCOMRAM 000001
__pdataCOMRAM                                        dataCOMRAM   00003F
__pidataCOMRAM                                       idataCOMRAM  00487C
__pintcode                                           intcode      000008
__pintcode_body                                      intcode_body 002010
__pintcodelo                                         intcodelo    000018
__pmediumconst                                       mediumconst  007ED4
__powers_                                            mediumconst  007EFD
__ptext0                                             text0        004860
__ptext1                                             text1        003F04
__ptext10                                            text10       00460C
__ptext11                                            text11       0032CC
__ptext12                                            text12       0044FA
__ptext13                                            text13       003822
__ptext14                                            text14       0039B6
__ptext15                                            text15       0038EC
__ptext16                                            text16       00474E
__ptext17                                            text17       003666
__ptext18                                            text18       003DD6
__ptext19                                            text19       003750
__ptext2                                             text2        004536
__ptext20                                            text20       001C20
__ptext21                                            text21       004836
__ptext22                                            text22       004844
__ptext23                                            text23       004278
__ptext24                                            text24       004852
__ptext25                                            text25       0047D2
__ptext26                                            text26       0047EC
__ptext27                                            text27       0046D0
__ptext28                                            text28       00486C
__ptext29                                            text29       004874
__ptext3                                             text3        00456C
__ptext30                                            text30       004386
__ptext31                                            text31       0046A0
__ptext32                                            text32       0044B8
__ptext33                                            text33       0043D8
__ptext34                                            text34       0000AA
__ptext35                                            text35       00178A
__ptext36                                            text36       004882
__ptext37                                            text37       004796
__ptext38                                            text38       00268C
__ptext39                                            text39       00463E
__ptext4                                             text4        000FF0
__ptext40                                            text40       003036
__ptext41                                            text41       0041A2
__ptext42                                            text42       003C8E
__ptext43                                            text43       00340C
__ptext44                                            text44       00353E
__ptext45                                            text45       004212
__ptext46                                            text46       003E70
__ptext47                                            text47       003B30
__ptext48                                            text48       003188
__ptext49                                            text49       00442A
__ptext5                                             text5        004334
__ptext50                                            text50       00292C
__ptext51                                            text51       003BE0
__ptext52                                            text52       004772
__ptext53                                            text53       003F96
__ptext54                                            text54       0046FC
__ptext55                                            text55       002D28
__ptext56                                            text56       0045A2
__ptext57                                            text57       0023AA
__ptext58                                            text58       003D34
__ptext59                                            text59       0040AC
__ptext6                                             text6        002EB4
__ptext60                                            text60       004026
__ptext61                                            text61       00412A
__ptext62                                            text62       004820
__ptext63                                            text63       0045D8
__ptext64                                            text64       0047B4
__ptext65                                            text65       004806
__ptext66                                            text66       004728
__ptext67                                            text67       003A74
__ptext7                                             text7        004670
__ptext8                                             text8        004476
__ptext9                                             text9        002B94
__ramtop                                             ramtop       000600
__size_of___awdiv                                    (abs)        000000
__size_of___awmod                                    (abs)        000000
__size_of___awtoft                                   (abs)        000000
__size_of___ftadd                                    (abs)        000000
__size_of___ftdiv                                    (abs)        000000
__size_of___ftge                                     (abs)        000000
__size_of___ftmul                                    (abs)        000000
__size_of___ftneg                                    (abs)        000000
__size_of___ftpack                                   (abs)        000000
__size_of___ftsub                                    (abs)        000000
__size_of___fttol                                    (abs)        000000
__size_of___lldiv                                    (abs)        000000
__size_of___llmod                                    (abs)        000000
__size_of___lltoft                                   (abs)        000000
__size_of___lwtoft                                   (abs)        000000
__size_of___wmul                                     (abs)        000000
__size_of__div_to_l_                                 (abs)        000000
__size_of__doprnt                                    (abs)        000000
__size_of__tdiv_to_l_                                (abs)        000000
__size_of_fround                                     (abs)        000000
__size_of_func_command_decode                        (abs)        000000
__size_of_func_command_management                    (abs)        000000
__size_of_golay_correct                              (abs)        000000
__size_of_golay_parity                               (abs)        000000
__size_of_golay_rotate_left                          (abs)        000000
__size_of_golay_rotate_right                         (abs)        000000
__size_of_golay_syndrome                             (abs)        000000
__size_of_golay_weight                               (abs)        000000
__size_of_high_priority_int                          (abs)        000000
__size_of_init_initialize                            (abs)        000000
__size_of_init_io_initialize                         (abs)        000000
__size_of_init_timer1_initialize                     (abs)        000000
__size_of_init_timer2_initialize                     (abs)        000000
__size_of_init_watchdogs_initialize                  (abs)        000000
__size_of_isdigit                                    (abs)        000000
__size_of_low_priority_int                           (abs)        000000
__size_of_main                                       (abs)        000000
__size_of_main_loop                                  (abs)        000000
__size_of_memset                                     (abs)        000000
__size_of_putch                                      (abs)        000000
__size_of_scale                                      (abs)        000000
__size_of_sprintf                                    (abs)        000000
__size_of_strcat                                     (abs)        000000
__size_of_strcpy                                     (abs)        000000
__size_of_strlen                                     (abs)        000000
__size_of_util_beacon_transmission                   (abs)        000000
__size_of_util_command_ack_transmission              (abs)        000000
__size_of_util_getBatteryCurrent                     (abs)        000000
__size_of_util_getBatteryVoltage                     (abs)        000000
__size_of_util_getSolarCurrent                       (abs)        000000
__size_of_util_getTemperature                        (abs)        000000
__size_of_util_onewire_read_bit                      (abs)        000000
__size_of_util_onewire_read_byte                     (abs)        000000
__size_of_util_onewire_reset                         (abs)        000000
__size_of_util_onewire_write_bit                     (abs)        000000
__size_of_util_onewire_write_byte                    (abs)        000000
__size_of_util_pwm_initialize                        (abs)        000000
__size_of_util_pwm_start                             (abs)        000000
__size_of_util_pwm_stop                              (abs)        000000
__size_of_util_transmit_dash                         (abs)        000000
__size_of_util_transmit_dot                          (abs)        000000
__size_of_util_transmit_letter                       (abs)        000000
__size_of_util_transmit_morse_sequence               (abs)        000000
__size_of_util_transmit_space_between_dots_dashes    (abs)        000000
__size_of_util_transmit_space_between_letters        (abs)        000000
__size_of_util_transmit_space_between_words          (abs)        000000
__size_of_util_waits_delay_hours                     (abs)        000000
__size_of_util_waits_delay_mins                      (abs)        000000
__size_of_util_waits_delay_ms                        (abs)        000000
__size_of_util_waits_delay_secs                      (abs)        000000
__smallconst                                         smallconst   000000
__tdiv_to_l_                                         text43       00340C
__tdiv_to_l_@cntr                                    cstackCOMRAM 000029
__tdiv_to_l_@exp1                                    cstackCOMRAM 00002A
__tdiv_to_l_@f1                                      cstackCOMRAM 00001C
__tdiv_to_l_@f2                                      cstackCOMRAM 00001F
__tdiv_to_l_@quot                                    cstackCOMRAM 000025
_dpowers                                             mediumconst  007ED5
_fround                                              text38       00268C
_fround$2961                                         cstackBANK0  00008B
_fround$2962                                         cstackBANK0  000088
_func_command_decode                                 text55       002D28
_func_command_management                             text18       003DD6
_global_command_buffer                               bssBANK0     0000E4
_global_command_pending_check                        bssBANK0     0000E8
_golay_correct                                       text57       0023AA
_golay_parity                                        text56       0045A2
_golay_rotate_left                                   text61       00412A
_golay_rotate_right                                  text60       004026
_golay_syndrome                                      text59       0040AC
_golay_weight                                        text58       003D34
_high_priority_int                                   intcode      000008
_init_initialize                                     text62       004820
_init_io_initialize                                  text67       003A74
_init_timer1_initialize                              text66       004728
_init_timer2_initialize                              text65       004806
_init_watchdogs_initialize                           text64       0047B4
_isdigit                                             text37       004796
_isdigit$2527                                        cstackCOMRAM 00001D
_low_priority_int                                    intcodelo    000018
_main                                                text0        004860
_main_loop                                           text1        003F04
_memset                                              text54       0046FC
_putch                                               text36       004882
_scale                                               text35       00178A
_scale$2963                                          cstackBANK0  000088
_sprintf                                             text33       0043D8
_strcat                                              text32       0044B8
_strcpy                                              text31       0046A0
_strlen                                              text30       004386
_util_beacon_transmission                            text17       003666
_util_command_ack_transmission                       text19       003750
_util_getBatteryCurrent                              text15       0038EC
_util_getBatteryVoltage                              text14       0039B6
_util_getSolarCurrent                                text13       003822
_util_getTemperature                                 text4        000FF0
_util_getTemperature$2957                            cstackBANK1  0001A7
_util_getTemperature$2958                            cstackBANK1  0001AA
_util_getTemperature$2959                            cstackBANK1  0001AD
_util_getTemperature$2960                            cstackBANK1  0001B0
_util_onewire_read_bit                               text10       00460C
_util_onewire_read_byte                              text9        002B94
_util_onewire_reset                                  text8        004476
_util_onewire_write_bit                              text7        004670
_util_onewire_write_byte                             text6        002EB4
_util_pwm_initialize                                 text63       0045D8
_util_pwm_start                                      text29       004874
_util_pwm_stop                                       text28       00486C
_util_transmit_dash                                  text26       0047EC
_util_transmit_dot                                   text25       0047D2
_util_transmit_letter                                text20       001C20
_util_transmit_morse_sequence                        text23       004278
_util_transmit_space_between_dots_dashes             text24       004852
_util_transmit_space_between_letters                 text22       004844
_util_transmit_space_between_words                   text21       004836
_util_waits_delay_hours                              text2        004536
_util_waits_delay_mins                               text3        00456C
_util_waits_delay_ms                                 text27       0046D0
_util_waits_delay_secs                               text5        004334
btemp                                                temp         000044
end_of_initialization                                cinit        004326
fround@prec                                          cstackBANK0  00008E
func_command_decode@body                             cstackBANK0  0000B1
func_command_decode@body_data                        cstackBANK0  0000B5
func_command_decode@candidate_command                cstackBANK0  0000A1
func_command_decode@decoded_command                  cstackBANK0  0000A5
func_command_decode@decoded_value                    cstackBANK0  0000A7
func_command_decode@fixed_command                    cstackBANK0  0000AB
func_command_decode@golay_errors                     cstackBANK0  0000AF
func_command_decode@header                           cstackBANK0  0000A9
func_command_management@candidate_command            cstackBANK0  0000DC
func_command_management@decoded_command              cstackBANK0  0000E0
func_command_management@decoded_command_value        cstackBANK0  0000E2
golay_correct@cw                                     cstackBANK0  000085
golay_correct@cwsaver                                cstackBANK0  000091
golay_correct@errs                                   cstackBANK0  000089
golay_correct@i                                      cstackBANK0  000099
golay_correct@j                                      cstackBANK0  00009F
golay_correct@mask                                   cstackBANK0  000095
golay_correct@s                                      cstackBANK0  00009B
golay_correct@w                                      cstackBANK0  000090
golay_parity@cw                                      cstackCOMRAM 00001C
golay_parity@p                                       cstackCOMRAM 000021
golay_rotate_left@cw                                 cstackCOMRAM 00001C
golay_rotate_left@i                                  cstackCOMRAM 000026
golay_rotate_left@n                                  cstackCOMRAM 000020
golay_rotate_right@cw                                cstackCOMRAM 00001C
golay_rotate_right@i                                 cstackCOMRAM 000026
golay_rotate_right@n                                 cstackCOMRAM 000020
golay_syndrome@cw                                    cstackCOMRAM 00001C
golay_syndrome@i                                     cstackCOMRAM 000024
golay_weight@F87                                     mediumconst  007F4B
golay_weight@bits                                    cstackBANK0  000083
golay_weight@cw                                      cstackCOMRAM 00001C
golay_weight@k                                       cstackBANK0  000081
golay_weight@wgt                                     cstackBANK0  000071
high_priority_int@activation_threshold               dataCOMRAM   000042
high_priority_int@current_signal_level               cstackCOMRAM 000016
high_priority_int@cycles_transmitter_active          bssCOMRAM    000036
high_priority_int@is_transmitter_active              bssCOMRAM    00003E
high_priority_int@noise_avg_value                    dataCOMRAM   00003F
high_priority_int@num_received_bits                  bssCOMRAM    00002C
high_priority_int@oldest_sample                      cstackCOMRAM 000014
high_priority_int@previous_received_bit              bssCOMRAM    00002E
high_priority_int@previous_signal_level              bssCOMRAM    000030
high_priority_int@received_bit                       cstackCOMRAM 00001A
high_priority_int@sample                             cstackCOMRAM 000018
high_priority_int@sample_position                    bssCOMRAM    00003A
[...]
 Registers used:
		wreg, status,2, status,0
 Tracked objects:
		On entry : 
		On exit  : 
		Unchanged: 
 Data sizes:     COMRAM   BANK0   BANK1   BANK2   BANK3   BANK4   BANK5
      Params:         4       0       0       0       0       0       0
      Locals:         2       0       0       0       0       0       0
      Temps:          4       0       0       0       0       0       0
      Totals:        10       0       0       0       0       0       0
Total ram usage:       10 bytes
 Hardware stack levels used:    1
 Hardware stack levels required when called:    2
 This function calls:
		Nothing
 This function is called by:
		_func_command_decode
		_golay_correct
 This function uses a non-reentrant model


 *************** function _golay_rotate_right *****************
 Defined at:
		line 58 in file "easat2_golay_CRCGcor.c"
 Parameters:    Size  Location     Type
  cw              4   27[COMRAM] unsigned long 
  n               2   31[COMRAM] int 
 Auto vars:     Size  Location     Type
  i               2   37[COMRAM] int 
 Return value:  Size  Location     Type
                  4   27[COMRAM] unsigned long 
 Registers used:
		wreg, status,2, status,0
 Tracked objects:
		On entry : 
		On exit  : 
		Unchanged: 
 Data sizes:     COMRAM   BANK0   BANK1   BANK2   BANK3   BANK4   BANK5
      Params:         6       0       0       0       0       0       0
      Locals:         2       0       0       0       0       0       0
      Temps:          4       0       0       0       0       0       0
      Totals:        12       0       0       0       0       0       0
Total ram usage:       12 bytes
 Hardware stack levels used:    1
 Hardware stack levels required when called:    2
 This function calls:
		Nothing
 This function is called by:
		_golay_correct
 This function uses a non-reentrant model


 *************** function _golay_rotate_left *****************
 Defined at:
		line 39 in file "easat2_golay_CRCGcor.c"
 Parameters:    Size  Location     Type
  cw              4   27[COMRAM] unsigned long 
  n               2   31[COMRAM] int 
 Auto vars:     Size  Location     Type
  i               2   37[COMRAM] int 
 Return value:  Size  Location     Type
                  4   27[COMRAM] unsigned long 
 Registers used:
		wreg, status,2, status,0
 Tracked objects:
		On entry : 
		On exit  : 
		Unchanged: 
 Data sizes:     COMRAM   BANK0   BANK1   BANK2   BANK3   BANK4   BANK5
      Params:         6       0       0       0       0       0       0
      Locals:         2       0       0       0       0       0       0
      Temps:          4       0       0       0       0       0       0
      Totals:        12       0       0       0       0       0       0
Total ram usage:       12 bytes
 Hardware stack levels used:    1
 Hardware stack levels required when called:    2
 This function calls:
		Nothing
 This function is called by:
		_golay_correct
 This function uses a non-reentrant model


 *************** function _init_initialize *****************
 Defined at:
		line 18 in file "easat2_init_initialize.c"
 Parameters:    Size  Location     Type
		None
 Auto vars:     Size  Location     Type
		None
 Return value:  Size  Location     Type
                  1    wreg      void 
 Registers used:
		wreg, status,2, status,0, cstack
 Tracked objects:
		On entry : 
		On exit  : 
		Unchanged: 
 Data sizes:     COMRAM   BANK0   BANK1   BANK2   BANK3   BANK4   BANK5
      Params:         0       0       0       0       0       0       0
      Locals:         0       0       0       0       0       0       0
      Temps:          0       0       0       0       0       0       0
      Totals:         0       0       0       0       0       0       0
Total ram usage:        0 bytes
 Hardware stack levels used:    1
 Hardware stack levels required when called:    3
 This function calls:
		_init_io_initialize
		_init_timer1_initialize
		_init_timer2_initialize
		_init_watchdogs_initialize
		_util_pwm_initialize
 This function is called by:
		_main
 This function uses a non-reentrant model


 *************** function _util_pwm_initialize *****************
 Defined at:
		line 24 in file "easat2_util_pwm.c"
 Parameters:    Size  Location     Type
		None
 Auto vars:     Size  Location     Type
		None
 Return value:  Size  Location     Type
                  1    wreg      void 
 Registers used:
		wreg, status,2
 Tracked objects:
		On entry : 
		On exit  : 
		Unchanged: 
 Data sizes:     COMRAM   BANK0   BANK1   BANK2   BANK3   BANK4   BANK5
      Params:         0       0       0       0       0       0       0
      Locals:         0       0       0       0       0       0       0
      Temps:          0       0       0       0       0       0       0
      Totals:         0       0       0       0       0       0       0
Total ram usage:        0 bytes
 Hardware stack levels used:    1
 Hardware stack levels required when called:    2
 This function calls:
		Nothing
 This function is called by:
		_init_initialize
 This function uses a non-reentrant model


 *************** function _init_watchdogs_initialize *****************
 Defined at:
		line 36 in file "easat2_init_initialize.c"
 Parameters:    Size  Location     Type
		None
 Auto vars:     Size  Location     Type
		None
 Return value:  Size  Location     Type
                  1    wreg      void 
 Registers used:
		wreg, status,2, status,0
 Tracked objects:
		On entry : 
		On exit  : 
		Unchanged: 
 Data sizes:     COMRAM   BANK0   BANK1   BANK2   BANK3   BANK4   BANK5
      Params:         0       0       0       0       0       0       0
      Locals:         0       0       0       0       0       0       0
      Temps:          1       0       0       0       0       0       0
      Totals:         1       0       0       0       0       0       0
Total ram usage:        1 bytes
 Hardware stack levels used:    1
 Hardware stack levels required when called:    2
 This function calls:
		Nothing
 This function is called by:
		_init_initialize
		_main_loop
 This function uses a non-reentrant model


 *************** function _init_timer2_initialize *****************
 Defined at:
		line 70 in file "easat2_init_timer.c"
 Parameters:    Size  Location     Type
		None
 Auto vars:     Size  Location     Type
		None
 Return value:  Size  Location     Type
                  1    wreg      void 
 Registers used:
		wreg, status,2
 Tracked objects:
		On entry : 
		On exit  : 
		Unchanged: 
 Data sizes:     COMRAM   BANK0   BANK1   BANK2   BANK3   BANK4   BANK5
      Params:         0       0       0       0       0       0       0
      Locals:         0       0       0       0       0       0       0
      Temps:          0       0       0       0       0       0       0
      Totals:         0       0       0       0       0       0       0
Total ram usage:        0 bytes
 Hardware stack levels used:    1
 Hardware stack levels required when called:    2
 This function calls:
		Nothing
 This function is called by:
		_init_initialize
 This function uses a non-reentrant model


 *************** function _init_timer1_initialize *****************
 Defined at:
		line 17 in file "easat2_init_timer.c"
 Parameters:    Size  Location     Type
		None
 Auto vars:     Size  Location     Type
		None
 Return value:  Size  Location     Type
                  1    wreg      void 
 Registers used:
		wreg, status,2
 Tracked objects:
		On entry : 
		On exit  : 
		Unchanged: 
 Data sizes:     COMRAM   BANK0   BANK1   BANK2   BANK3   BANK4   BANK5
      Params:         0       0       0       0       0       0       0
      Locals:         0       0       0       0       0       0       0
      Temps:          0       0       0       0       0       0       0
      Totals:         0       0       0       0       0       0       0
Total ram usage:        0 bytes
 Hardware stack levels used:    1
 Hardware stack levels required when called:    2
 This function calls:
		Nothing
 This function is called by:
		_init_initialize
 This function uses a non-reentrant model


 *************** function _init_io_initialize *****************
 Defined at:
		line 49 in file "easat2_init_initialize.c"
 Parameters:    Size  Location     Type
		None
 Auto vars:     Size  Location     Type
		None
 Return value:  Size  Location     Type
                  1    wreg      void 
 Registers used:
		wreg, status,2
 Tracked objects:
		On entry : 
		On exit  : 
		Unchanged: 
 Data sizes:     COMRAM   BANK0   BANK1   BANK2   BANK3   BANK4   BANK5
      Params:         0       0       0       0       0       0       0
      Locals:         0       0       0       0       0       0       0
      Temps:          0       0       0       0       0       0       0
      Totals:         0       0       0       0       0       0       0
Total ram usage:        0 bytes
 Hardware stack levels used:    1
 Hardware stack levels required when called:    2
 This function calls:
		Nothing
 This function is called by:
		_init_initialize
 This function uses a non-reentrant model


 *************** function _low_priority_int *****************
 Defined at:
		line 266 in file "easat2_func_interrupts.c"
 Parameters:    Size  Location     Type
		None
 Auto vars:     Size  Location     Type
		None
 Return value:  Size  Location     Type
                  1    wreg      void 
 Registers used:
		None
 Tracked objects:
		On entry : 
		On exit  : 
		Unchanged: 
 Data sizes:     COMRAM   BANK0   BANK1   BANK2   BANK3   BANK4   BANK5
      Params:         0       0       0       0       0       0       0
      Locals:         0       0       0       0       0       0       0
      Temps:          0      17       0       0       0       0       0
      Totals:         0      17       0       0       0       0       0
Total ram usage:       17 bytes
 Hardware stack levels used:    1
 Hardware stack levels required when called:    1
 This function calls:
		Nothing
 This function is called by:
		Interrupt level 1
 This function uses a non-reentrant model


 *************** function _high_priority_int *****************
 Defined at:
		line 19 in file "easat2_func_interrupts.c"
 Parameters:    Size  Location     Type
		None
 Auto vars:     Size  Location     Type
  received_bit    2   25[COMRAM] unsigned int 
  sample          2   23[COMRAM] unsigned int 
  current_sign    2   21[COMRAM] unsigned int 
  oldest_sampl    2   19[COMRAM] unsigned int 
 Return value:  Size  Location     Type
                  1    wreg      void 
 Registers used:
		wreg, fsr2l, fsr2h, status,2, status,0
 Tracked objects:
		On entry : 
		On exit  : 
		Unchanged: 
 Data sizes:     COMRAM   BANK0   BANK1   BANK2   BANK3   BANK4   BANK5
      Params:         0       0       0       0       0       0       0
      Locals:         8       0       0       0       0       0       0
      Temps:         19       0       0       0       0       0       0
      Totals:        27       0       0       0       0       0       0
Total ram usage:       27 bytes
 Hardware stack levels used:    1
 This function calls:
		Nothing
 This function is called by:
		Interrupt level 2
 This function uses a non-reentrant model



MODULE INFORMATION

Module		Function		Class		Link	Load	Size
D:\Program Files (x86)\Microchip\xc8\v1.41\sources\common\ftge.c
		___ftge        		CODE           	3F96	0000	145

D:\Program Files (x86)\Microchip\xc8\v1.41\sources\common\ftge.c estimated size: 145

D:\Program Files (x86)\Microchip\xc8\v1.41\sources\common\ftneg.c
		___ftneg       		CODE           	4772	0000	37

D:\Program Files (x86)\Microchip\xc8\v1.41\sources\common\ftneg.c estimated size: 37

D:\Program Files (x86)\Microchip\xc8\v1.41\sources\common\ftsub.c
		___ftsub       		CODE           	442A	0000	77

D:\Program Files (x86)\Microchip\xc8\v1.41\sources\common\ftsub.c estimated size: 77

D:\Program Files (x86)\Microchip\xc8\v1.41\sources\common\float.c
		___ftpack      		CODE           	3BE0	0000	175

D:\Program Files (x86)\Microchip\xc8\v1.41\sources\common\float.c estimated size: 175

easat2_func_interrupts.c
		_high_priority_int		CODE           	0008	0000	929
		_low_priority_int		CODE           	0018	0000	143

easat2_func_interrupts.c estimated size: 1072

easat2_func_commands.c
		_func_command_decode		CODE           	2D28	0000	397
		_func_command_management		CODE           	3DD6	0000	155

easat2_func_commands.c estimated size: 552

D:\Program Files (x86)\Microchip\xc8\v1.41\sources\common\awmod.c
		___awmod       		CODE           	41A2	0000	113

D:\Program Files (x86)\Microchip\xc8\v1.41\sources\common\awmod.c estimated size: 113

D:\Program Files (x86)\Microchip\xc8\v1.41\sources\common\fldivl.c
		__div_to_l_    		CODE           	353E	0000	297

D:\Program Files (x86)\Microchip\xc8\v1.41\sources\common\fldivl.c estimated size: 297

D:\Program Files (x86)\Microchip\xc8\v1.41\sources\common\strcat.c
		_strcat        		CODE           	44B8	0000	67

D:\Program Files (x86)\Microchip\xc8\v1.41\sources\common\strcat.c estimated size: 67

D:\Program Files (x86)\Microchip\xc8\v1.41\sources\common\putch.c
		_putch         		CODE           	4882	0000	3

D:\Program Files (x86)\Microchip\xc8\v1.41\sources\common\putch.c estimated size: 3

D:\Program Files (x86)\Microchip\xc8\v1.41\sources\common\llmod.c
		___llmod       		CODE           	3E70	0000	149

D:\Program Files (x86)\Microchip\xc8\v1.41\sources\common\llmod.c estimated size: 149

easat2_util_inputs.c
		_util_getTemperature		CODE           	0FF0	0000	1947
		_util_getSolarCurrent		CODE           	3822	0000	203
		_util_getBatteryVoltage		CODE           	39B6	0000	191
		_util_getBatteryCurrent		CODE           	38EC	0000	203

easat2_util_inputs.c estimated size: 2544

easat2_util_waits.c
		_util_waits_delay_hours		CODE           	4536	0000	55
		_util_waits_delay_ms		CODE           	46D0	0000	45
		_util_waits_delay_mins		CODE           	456C	0000	55
		_util_waits_delay_secs		CODE           	4334	0000	83

easat2_util_waits.c estimated size: 238

easat2_golay_CRCGcor.c
		_golay_rotate_right		CODE           	4026	0000	135
		_golay_correct 		CODE           	23AA	0000	739
		_golay_rotate_left		CODE           	412A	0000	121
		_golay_weight  		CODE           	3D34	0000	163

easat2_golay_CRCGcor.c estimated size: 1158

D:\Program Files (x86)\Microchip\xc8\v1.41\sources\common\strlen.c
		_strlen        		CODE           	4386	0000	83

D:\Program Files (x86)\Microchip\xc8\v1.41\sources\common\strlen.c estimated size: 83

D:\Program Files (x86)\Microchip\xc8\v1.41\sources\common\awtoft.c
		___awtoft      		CODE           	44FA	0000	61

D:\Program Files (x86)\Microchip\xc8\v1.41\sources\common\awtoft.c estimated size: 61

D:\Program Files (x86)\Microchip\xc8\v1.41\sources\common\strcpy.c
		_strcpy        		CODE           	46A0	0000	49

D:\Program Files (x86)\Microchip\xc8\v1.41\sources\common\strcpy.c estimated size: 49

D:\Program Files (x86)\Microchip\xc8\v1.41\sources\common\memset.c
		_memset        		CODE           	46FC	0000	45

D:\Program Files (x86)\Microchip\xc8\v1.41\sources\common\memset.c estimated size: 45

D:\Program Files (x86)\Microchip\xc8\v1.41\sources\common\isdigit.c
		_isdigit       		CODE           	4796	0000	31

D:\Program Files (x86)\Microchip\xc8\v1.41\sources\common\isdigit.c estimated size: 31

D:\Program Files (x86)\Microchip\xc8\v1.41\sources\common\ftmul.c
		___ftmul       		CODE           	3036	0000	339

D:\Program Files (x86)\Microchip\xc8\v1.41\sources\common\ftmul.c estimated size: 339

easat2_util_onewire.c
		_util_onewire_write_byte		CODE           	2EB4	0000	387
		_util_onewire_read_bit		CODE           	460C	0000	51
		_util_onewire_read_byte		CODE           	2B94	0000	405
		_util_onewire_reset		CODE           	4476	0000	67
		_util_onewire_write_bit		CODE           	4670	0000	49

easat2_util_onewire.c estimated size: 959

D:\Program Files (x86)\Microchip\xc8\v1.41\sources\common\ftdiv.c
		___ftdiv       		CODE           	32CC	0000	321

D:\Program Files (x86)\Microchip\xc8\v1.41\sources\common\ftdiv.c estimated size: 321

D:\Program Files (x86)\Microchip\xc8\v1.41\sources\common\awdiv.c
		___awdiv       		CODE           	3C8E	0000	167

D:\Program Files (x86)\Microchip\xc8\v1.41\sources\common\awdiv.c estimated size: 167

D:\Program Files (x86)\Microchip\xc8\v1.41\sources\common\lwtoft.c
		___lwtoft      		CODE           	474E	0000	37

D:\Program Files (x86)\Microchip\xc8\v1.41\sources\common\lwtoft.c estimated size: 37

easat2_util_transmission.c
		_util_transmit_space_between_letters		CODE           	4844	0000	15
		_util_transmit_letter		CODE           	1C20	0000	1009
		_util_beacon_transmission		CODE           	3666	0000	235
		_util_transmit_dot		CODE           	47D2	0000	27
		_util_transmit_space_between_dots_dashes		CODE           	4852	0000	15
		_util_transmit_dash		CODE           	47EC	0000	27
		_util_command_ack_transmission		CODE           	3750	0000	211
		_util_transmit_space_between_words		CODE           	4836	0000	15
		_util_transmit_morse_sequence		CODE           	4278	0000	97

easat2_util_transmission.c estimated size: 1651

D:\Program Files (x86)\Microchip\xc8\v1.41\sources\common\lltoft.c
		___lltoft      		CODE           	4212	0000	103

D:\Program Files (x86)\Microchip\xc8\v1.41\sources\common\lltoft.c estimated size: 103

easat2_main_mcu.c
		_main_loop     		CODE           	3F04	0000	147
		_main          		CODE           	4860	0000	13

easat2_main_mcu.c estimated size: 160

D:\Program Files (x86)\Microchip\xc8\v1.41\sources\common\sprintf.c
		_sprintf       		CODE           	43D8	0000	83

D:\Program Files (x86)\Microchip\xc8\v1.41\sources\common\sprintf.c estimated size: 83

D:\Program Files (x86)\Microchip\xc8\v1.41\sources\common\lldiv.c
		___lldiv       		CODE           	3B30	0000	177

D:\Program Files (x86)\Microchip\xc8\v1.41\sources\common\lldiv.c estimated size: 177

shared
		__powers_      		MEDIUMCONST    	7EFD	0000	40
		_dpowers       		MEDIUMCONST    	7ED5	0000	41
		golay_weight@F87		MEDIUMCONST    	7F4B	0000	17
		__npowers_     		MEDIUMCONST    	7F24	0000	40
		__initialization		CODE           	42D8	0000	79

shared estimated size: 217

easat2_golay_CRCGcod.c
		_golay_parity  		CODE           	45A2	0000	55
		_golay_syndrome		CODE           	40AC	0000	127

easat2_golay_CRCGcod.c estimated size: 182

D:\Program Files (x86)\Microchip\xc8\v1.41\sources\common\fttol.c
		___fttol       		CODE           	3188	0000	325

D:\Program Files (x86)\Microchip\xc8\v1.41\sources\common\fttol.c estimated size: 325

easat2_util_pwm.c
		_util_pwm_stop 		CODE           	486C	0000	9
		_util_pwm_initialize		CODE           	45D8	0000	53
		_util_pwm_start		CODE           	4874	0000	9

easat2_util_pwm.c estimated size: 71

D:\Program Files (x86)\Microchip\xc8\v1.41\sources\common\doprnt.c
		_scale         		CODE           	178A	0000	1175
		_fround        		CODE           	268C	0000	673
		__doprnt       		CODE           	00AA	0000	3911

D:\Program Files (x86)\Microchip\xc8\v1.41\sources\common\doprnt.c estimated size: 5759

D:\Program Files (x86)\Microchip\xc8\v1.41\sources\common\ftdivl.c
		__tdiv_to_l_   		CODE           	340C	0000	307

D:\Program Files (x86)\Microchip\xc8\v1.41\sources\common\ftdivl.c estimated size: 307

D:\Program Files (x86)\Microchip\xc8\v1.41\sources\common\ftadd.c
		___ftadd       		CODE           	292C	0000	617

D:\Program Files (x86)\Microchip\xc8\v1.41\sources\common\ftadd.c estimated size: 617

easat2_init_timer.c
		_init_timer1_initialize		CODE           	4728	0000	39
		_init_timer2_initialize		CODE           	4806	0000	27

easat2_init_timer.c estimated size: 66

easat2_init_initialize.c
		_init_io_initialize		CODE           	3A74	0000	189
		_init_watchdogs_initialize		CODE           	47B4	0000	31
		_init_initialize		CODE           	4820	0000	23

easat2_init_initialize.c estimated size: 243

D:\Program Files (x86)\Microchip\xc8\v1.41\sources\common\Umul16.c
		___wmul        		CODE           	463E	0000	51

D:\Program Files (x86)\Microchip\xc8\v1.41\sources\common\Umul16.c estimated size: 51

