Microchip MPLAB XC8 Compiler V1.41 ()

Linker command line:

-W-3 --edf=C:\Program Files (x86)\Microchip\xc8\v1.41\dat\en_msgs.txt -cs \
  -h+dist/default/production\EASAT2-ASK-TESTER.X.production.sym \
  --cmf=dist/default/production\EASAT2-ASK-TESTER.X.production.cmf -z \
  -Q18F45K22 -oC:\Users\FELIX\AppData\Local\Temp\s6rg.2 \
  -Mdist/default/production/EASAT2-ASK-TESTER.X.production.map -E1 -ver=XC8 \
  -ASTACK=01CCh-05ffh -pstack=STACK -ACODE=00h-07FFFh -ACONST=00h-07FFFh \
  -ASMALLCONST=0600h-06FFhx122 -AMEDIUMCONST=0600h-07FFFh -ACOMRAM=01h-05Fh \
  -AABS1=00h-05FFh -ABIGRAM=01h-05FFh -ARAM=060h-0FFh,0100h-01FFhx5 \
  -ABANK0=060h-0FFh -ABANK1=0100h-01FFh -ABANK2=0200h-02FFh \
  -ABANK3=0300h-03FFh -ABANK4=0400h-04FFh -ABANK5=0500h-05FFh \
  -ASFR=0F38h-0F5Fh,0F60h-0FFFh \
  -preset_vec=00h,intcode=08h,intcodelo=018h,powerup,init -pramtop=0600h \
  -psmallconst=SMALLCONST -pmediumconst=MEDIUMCONST -pconst=CONST \
  -AFARRAM=00h-00h -ACONFIG=0300000h-030000Dh -pconfig=CONFIG \
  -AIDLOC=0200000h-0200007h -pidloc=IDLOC -AEEDATA=0F00000h-0F000FFh \
  -peeprom_data=EEDATA \
  -prdata=COMRAM,nvrram=COMRAM,nvbit=COMRAM,rbss=COMRAM,rbit=COMRAM \
  -pfarbss=FARRAM,fardata=FARRAM,nvFARRAM=FARRAM \
  -pintsave_regs=BIGRAM,bigbss=BIGRAM,bigdata=BIGRAM -pbss=RAM \
  -pidata=CODE,irdata=CODE,ibigdata=CODE,ifardata=CODE -prparam=COMRAM \
  C:\Users\FELIX\AppData\Local\Temp\s6rg.obj \
  dist/default/production\EASAT2-ASK-TESTER.X.production.obj 

Object code version is 3.11

Machine type is 18F45K22

Call graph: (short form)




                Name                               Link     Load   Length Selector   Space Scale
C:\Users\FELIX\AppData\Local\Temp\s6rg.obj
                init                                 A6       A6        4        C       0
                reset_vec                             0        0        4        0       0
                idloc                            200000   200000        8   200000       0
                config                           300000   300000        E   300000       0
dist/default/production\EASAT2-ASK-TESTER.X.production.obj
                intcodelo                            18       18       8E        C       0
                intcode                               8        8        6        4       0
                temp                                 39       39        1        1       1
                smallconst                          600      600       16      300       0
                intcode_body                        8C8      8C8       C6      30B       0
                text10                              98E      98E       BC      30B       0
                text9                               B3C      B3C       26      30B       0
                text8                               B7C      B7C       1A      30B       0
                text7                               BB4      BB4        4      30B       0
                text6                               B96      B96       12      30B       0
                text5                               B16      B16       26      30B       0
                text4                               AEA      AEA       2C      30B       0
                text3                               A9C      A9C       4E      30B       0
                text2                               616      616      2B2      30B       0
                text1                               A4A      A4A       52      30B       0
                text0                               BA8      BA8        C      30B       0
                cstackCOMRAM                          1        1       34        1       1
                cstackBANK0                          60       60        8       60       1
                cstackBANK1                         100      100       CC      100       1
                bssCOMRAM                            35       35        4        1       1
                cinit                               B62      B62       1A      30B       0

TOTAL           Name                               Link     Load   Length     Space
        CLASS   STACK          

        CLASS   CODE           
                intcodelo                            18       18       8E         0
                intcode                               8        8        6         0
                init                                 A6       A6        4         0
                reset_vec                             0        0        4         0
                intcode_body                        8C8      8C8       C6         0
                text10                              98E      98E       BC         0
                text9                               B3C      B3C       26         0
                text8                               B7C      B7C       1A         0
                text7                               BB4      BB4        4         0
                text6                               B96      B96       12         0
                text5                               B16      B16       26         0
                text4                               AEA      AEA       2C         0
                text3                               A9C      A9C       4E         0
                text2                               616      616      2B2         0
                text1                               A4A      A4A       52         0
                text0                               BA8      BA8        C         0
                cinit                               B62      B62       1A         0

        CLASS   CONST          

        CLASS   SMALLCONST     
                smallconst                          600      600       16         0

        CLASS   MEDIUMCONST    

        CLASS   COMRAM         
                temp                                 39       39        1         1
                cstackCOMRAM                          1        1       34         1
                bssCOMRAM                            35       35        4         1

        CLASS   ABS1           

        CLASS   BIGRAM         

        CLASS   RAM            

        CLASS   BANK0          
                cstackBANK0                          60       60        8         1

        CLASS   BANK1          
                cstackBANK1                         100      100       CC         1

        CLASS   BANK2          

        CLASS   BANK3          

        CLASS   BANK4          

        CLASS   BANK5          

        CLASS   SFR            

        CLASS   FARRAM         

        CLASS   CONFIG         
                config                           300000   300000        E         0

        CLASS   IDLOC          
                idloc                            200000   200000        8         0

        CLASS   EEDATA         



SEGMENTS        Name                           Load    Length   Top    Selector   Space  Class

                reset_vec                      000000  000004  000004         0       0  CODE    
                cstackCOMRAM                   000001  000039  00003A         1       1  COMRAM  
                intcode                        000008  000006  00000E         4       0  CODE    
                intcodelo                      000018  000092  0000AA         C       0  CODE    
                cstackBANK0                    000060  000008  000068        60       1  BANK0   
                cstackBANK1                    000100  0000CC  0001CC       100       1  BANK1   
                smallconst                     000600  000016  000616       300       0  SMALLCON
                text2                          000616  0005A2  000BB8       30B       0  CODE    
                idloc                          200000  000008  200008    200000       0  IDLOC   
                config                         300000  00000E  30000E    300000       0  CONFIG  


UNUSED ADDRESS RANGES

        Name                Unused          Largest block    Delta
        BANK0            000068-0000FF               98
        BANK1            0001CC-0001FF               34
        BANK2            000200-0002FF              100
        BANK3            000300-0003FF              100
        BANK4            000400-0004FF              100
        BANK5            000500-0005FF              100
        BIGRAM           00003A-00005F               26
                         000068-0000FF               98
                         0001CC-0005FF              434
        CODE             000004-000007                4
                         00000E-000017                A
                         0000AA-0005FF              556
                         000BB8-007FFF             7448
        COMRAM           00003A-00005F               26
        CONST            000004-000007                4
                         00000E-000017                A
                         0000AA-0005FF              556
                         000BB8-007FFF             7448
        EEDATA           F00000-F000FF              100
        MEDIUMCONST      000BB8-007FFF             7448
        RAM              000068-0000FF               98
                         0001CC-0005FF              100
        SFR              000F38-000FFF               28
        SMALLCONST       000BB8-007FFF              100
        STACK            0001CC-0005FF              434

                                  Symbol Table

?___wmul                                cstackCOMRAM 000021
_ADCON1                                 (abs)        000FC1
_ADCON2                                 (abs)        000FC0
_ANSELAbits                             (abs)        000F38
_ANSELBbits                             (abs)        000F39
_ANSELDbits                             (abs)        000F3B
_INTCONbits                             (abs)        000FF2
_IPR1bits                               (abs)        000F9F
_LATAbits                               (abs)        000F89
_LATBbits                               (abs)        000F8A
_LATDbits                               (abs)        000F8C
_PIE1bits                               (abs)        000F9D
_PIR1bits                               (abs)        000F9E
_PORTBbits                              (abs)        000F81
_RBPU                                   (abs)        007F8F
_RCONbits                               (abs)        000FD0
_T1CONbits                              (abs)        000FCD
_T2CONbits                              (abs)        000FBA
_TMR1H                                  (abs)        000FCF
_TMR1L                                  (abs)        000FCE
_TMR2                                   (abs)        000FBC
_TRISAbits                              (abs)        000F92
_TRISBbits                              (abs)        000F93
_TRISDbits                              (abs)        000F95
_VREFCON0bits                           (abs)        000F42
_WPUB                                   (abs)        000F61
__CFG_BOREN$OFF                         (abs)        000000
__CFG_BORV$190                          (abs)        000000
__CFG_CCP2MX$PORTC1                     (abs)        000000
__CFG_CCP3MX$PORTB5                     (abs)        000000
__CFG_CP0$OFF                           (abs)        000000
__CFG_CP1$OFF                           (abs)        000000
__CFG_CP2$OFF                           (abs)        000000
__CFG_CP3$OFF                           (abs)        000000
__CFG_CPB$OFF                           (abs)        000000
__CFG_CPD$OFF                           (abs)        000000
__CFG_EBTR0$OFF                         (abs)        000000
__CFG_EBTR1$OFF                         (abs)        000000
__CFG_EBTR2$OFF                         (abs)        000000
__CFG_EBTR3$OFF                         (abs)        000000
__CFG_EBTRB$OFF                         (abs)        000000
__CFG_FCMEN$OFF                         (abs)        000000
__CFG_FOSC$XT                           (abs)        000000
__CFG_HFOFST$OFF                        (abs)        000000
__CFG_IESO$OFF                          (abs)        000000
__CFG_LVP$OFF                           (abs)        000000
__CFG_MCLRE$EXTMCLR                     (abs)        000000
__CFG_P2BMX$PORTC0                      (abs)        000000
__CFG_PBADEN$OFF                        (abs)        000000
__CFG_PLLCFG$OFF                        (abs)        000000
__CFG_PRICLKEN$ON                       (abs)        000000
__CFG_PWRTEN$OFF                        (abs)        000000
__CFG_STVREN$ON                         (abs)        000000
__CFG_T3CMX$PORTB5                      (abs)        000000
__CFG_WDTEN$ON                          (abs)        000000
__CFG_WDTPS$32768                       (abs)        000000
__CFG_WRT0$OFF                          (abs)        000000
__CFG_WRT1$OFF                          (abs)        000000
__CFG_WRT2$OFF                          (abs)        000000
__CFG_WRT3$OFF                          (abs)        000000
__CFG_WRTB$OFF                          (abs)        000000
__CFG_WRTC$ON                           (abs)        000000
__CFG_WRTD$ON                           (abs)        000000
__CFG_XINST$OFF                         (abs)        000000
__HRAM                                  (abs)        000000
__Habs1                                 abs1         000000
__Hbank0                                bank0        000000
__Hbank1                                bank1        000000
__Hbank2                                bank2        000000
__Hbank3                                bank3        000000
__Hbank4                                bank4        000000
__Hbank5                                bank5        000000
__Hbigbss                               bigbss       000000
__Hbigdata                              bigdata      000000
__Hbigram                               bigram       000000
__Hbss                                  bss          000000
__HbssCOMRAM                            bssCOMRAM    000000
__Hcinit                                cinit        000000
__Hclrtext                              clrtext      000000
__Hcomram                               comram       000000
__Hconfig                               config       30000E
__Hconst                                const        000000
__HcstackBANK0                          cstackBANK0  000000
__HcstackBANK1                          cstackBANK1  000000
__HcstackCOMRAM                         cstackCOMRAM 000000
__Hdata                                 data         000000
__Heeprom_data                          eeprom_data  000000
__Hfarbss                               farbss       000000
__Hfardata                              fardata      000000
__Hibigdata                             ibigdata     000000
__Hidata                                idata        000000
__Hidloc                                idloc        200008
__Hifardata                             ifardata     000000
__Hinit                                 init         0000AA
__Hintcode                              intcode      00000E
__Hintcode_body                         intcode_body 000000
__Hintcodelo                            intcodelo    0000A6
__Hintentry                             intentry     000000
__Hintret                               intret       000000
__Hintsave_regs                         intsave_regs 000000
__Hirdata                               irdata       000000
__Hmediumconst                          mediumconst  000000
__HnvFARRAM                             nvFARRAM     000000
__Hnvbit                                nvbit        000000
__Hnvrram                               nvrram       000000
__Hparam                                rparam       000000
__Hpowerup                              powerup      0000A6
__Hram                                  ram          000000
__Hramtop                               ramtop       000600
__Hrbit                                 rbit         000000
__Hrbss                                 rbss         000000
__Hrdata                                rdata        000000
__Hreset_vec                            reset_vec    000004
__Hrparam                               rparam       000000
__Hsfr                                  sfr          000000
__Hsmallconst                           smallconst   000616
__Hspace_0                              (abs)        30000E
__Hspace_1                              (abs)        0001CC
__Hspace_2                              (abs)        000000
__Hstack                                stack        000000
__Hstruct                               struct       000000
__Htemp                                 temp         00003A
__Htext                                 text         000000
__Htext0                                text0        000000
__Htext1                                text1        000000
__Htext10                               text10       000000
__Htext2                                text2        000000
__Htext3                                text3        000000
__Htext4                                text4        000000
__Htext5                                text5        000000
__Htext6                                text6        000000
__Htext7                                text7        000000
__Htext8                                text8        000000
__Htext9                                text9        000000
__LRAM                                  (abs)        000001
__Labs1                                 abs1         000000
__Lbank0                                bank0        000000
__Lbank1                                bank1        000000
__Lbank2                                bank2        000000
__Lbank3                                bank3        000000
__Lbank4                                bank4        000000
__Lbank5                                bank5        000000
__Lbigbss                               bigbss       000000
__Lbigdata                              bigdata      000000
__Lbigram                               bigram       000000
__Lbss                                  bss          000000
__LbssCOMRAM                            bssCOMRAM    000000
__Lcinit                                cinit        000000
__Lclrtext                              clrtext      000000
__Lcomram                               comram       000000
__Lconfig                               config       300000
__Lconst                                const        000000
__LcstackBANK0                          cstackBANK0  000000
__LcstackBANK1                          cstackBANK1  000000
__LcstackCOMRAM                         cstackCOMRAM 000000
__Ldata                                 data         000000
__Leeprom_data                          eeprom_data  000000
__Lfarbss                               farbss       000000
__Lfardata                              fardata      000000
__Libigdata                             ibigdata     000000
__Lidata                                idata        000000
__Lidloc                                idloc        200000
__Lifardata                             ifardata     000000
__Linit                                 init         0000A6
__Lintcode                              intcode      000008
__Lintcode_body                         intcode_body 000000
__Lintcodelo                            intcodelo    000018
__Lintentry                             intentry     000000
__Lintret                               intret       000000
__Lintsave_regs                         intsave_regs 000000
__Lirdata                               irdata       000000
__Lmediumconst                          mediumconst  000000
__LnvFARRAM                             nvFARRAM     000000
__Lnvbit                                nvbit        000000
__Lnvrram                               nvrram       000000
__Lparam                                rparam       000000
__Lpowerup                              powerup      0000A6
__Lram                                  ram          000000
__Lramtop                               ramtop       000600
__Lrbit                                 rbit         000000
__Lrbss                                 rbss         000000
__Lrdata                                rdata        000000
__Lreset_vec                            reset_vec    000000
__Lrparam                               rparam       000000
__Lsfr                                  sfr          000000
__Lsmallconst                           smallconst   000600
__Lspace_0                              (abs)        000000
__Lspace_1                              (abs)        000000
__Lspace_2                              (abs)        000000
__Lstack                                stack        000000
__Lstruct                               struct       000000
__Ltemp                                 temp         000039
__Ltext                                 text         000000
__Ltext0                                text0        000000
__Ltext1                                text1        000000
__Ltext10                               text10       000000
__Ltext2                                text2        000000
__Ltext3                                text3        000000
__Ltext4                                text4        000000
__Ltext5                                text5        000000
__Ltext6                                text6        000000
__Ltext7                                text7        000000
__Ltext8                                text8        000000
__Ltext9                                text9        000000
__S0                                    (abs)        30000E
__S1                                    (abs)        0001CC
__S2                                    (abs)        000000
___inthi_sp                             stack        000000
___intlo_sp                             stack        000000
___param_bank                           (abs)        000000
___rparam_used                          (abs)        000001
___sp                                   stack        000000
___wmul                                 text5        000B16
___wmul@multiplicand                    cstackCOMRAM 000023
___wmul@multiplier                      cstackCOMRAM 000021
___wmul@product                         cstackCOMRAM 000025
__accesstop                             (abs)        000060
__activetblptr                          (abs)        000001
__end_of___wmul                         text5        000B3C
__end_of__initialization                cinit        000B6A
__end_of_high_priority_int              intcode_body 00098E
__end_of_init_initialize                text6        000BA8
__end_of_init_io_initialize             text10       000A4A
__end_of_init_timer1_initialize         text9        000B62
__end_of_init_timer2_initialize         text8        000B96
__end_of_init_watchdogs_initialize      text7        000BB8
__end_of_low_priority_int               intcodelo    0000A6
__end_of_main                           text0        000BB4
__end_of_main_loop                      text1        000A9C
__end_of_send_ask_command               text2        0008C8
__end_of_util_waits_delay_ms            text4        000B16
__end_of_util_waits_delay_secs          text3        000AEA
__end_ofweight@F86                      smallconst   000611
__initialization                        cinit        000B62
__mediumconst                           mediumconst  000000
__pbssCOMRAM                            bssCOMRAM    000035
__pcinit                                cinit        000B62
__pcstackBANK0                          cstackBANK0  000060
__pcstackBANK1                          cstackBANK1  000100
__pcstackCOMRAM                         cstackCOMRAM 000001
__pintcode                              intcode      000008
__pintcode_body                         intcode_body 0008C8
__pintcodelo                            intcodelo    000018
__psmallconst                           smallconst   000600
__ptext0                                text0        000BA8
__ptext1                                text1        000A4A
__ptext10                               text10       00098E
__ptext2                                text2        000616
__ptext3                                text3        000A9C
__ptext4                                text4        000AEA
__ptext5                                text5        000B16
__ptext6                                text6        000B96
__ptext7                                text7        000BB4
__ptext8                                text8        000B7C
__ptext9                                text9        000B3C
__ramtop                                ramtop       000600
__size_of___wmul                        (abs)        000000
__size_of_high_priority_int             (abs)        000000
__size_of_init_initialize               (abs)        000000
__size_of_init_io_initialize            (abs)        000000
__size_of_init_timer1_initialize        (abs)        000000
__size_of_init_timer2_initialize        (abs)        000000
__size_of_init_watchdogs_initialize     (abs)        000000
__size_of_low_priority_int              (abs)        000000
__size_of_main                          (abs)        000000
__size_of_main_loop                     (abs)        000000
__size_of_send_ask_command              (abs)        000000
__size_of_util_waits_delay_ms           (abs)        000000
__size_of_util_waits_delay_secs         (abs)        000000
__smallconst                            smallconst   000600
_global_timer_flag                      bssCOMRAM    000037
_high_priority_int                      intcode      000008
_init_initialize                        text6        000B96
_init_io_initialize                     text10       00098E
_init_timer1_initialize                 text9        000B3C
_init_timer2_initialize                 text8        000B7C
_init_watchdogs_initialize              text7        000BB4
_low_priority_int                       intcodelo    000018
_main                                   text0        000BA8
_main_loop                              text1        000A4A
_send_ask_command                       text2        000616
_util_waits_delay_ms                    text4        000AEA
_util_waits_delay_secs                  text3        000A9C
btemp                                   temp         000039
end_of_initialization                   cinit        000B6A
high_priority_int@tmr1_interrupt_number bssCOMRAM    000035
int$flags                               temp         000039
int_func                                intcode_body 0008C8
intlevel0                               text         000000
intlevel1                               text         000000
intlevel2                               text         000000
intlevel3                               text         000000
main_loop@golay_command                 cstackBANK0  000064
main_loop@test_command                  cstackBANK0  000060
send_ask_command@bit_value              cstackBANK1  0001C4
send_ask_command@command                cstackBANK1  0001C0
send_ask_command@command_in             cstackCOMRAM 00002D
send_ask_command@i                      cstackBANK1  0001CA
send_ask_command@position               cstackBANK1  0001C8
send_ask_command@signal_level           cstackBANK1  0001C6
send_ask_command@transitions            cstackBANK1  000100
stackhi                                 (abs)        0005FF
stacklo                                 (abs)        0001CC
start                                   init         0000A6
start_initialization                    cinit        000B62
util_waits_delay_ms@i                   cstackCOMRAM 000024
util_waits_delay_ms@ms                  cstackCOMRAM 000021
util_waits_delay_secs@i                 cstackCOMRAM 000029
util_waits_delay_secs@j                 cstackCOMRAM 00002B
util_waits_delay_secs@secs              cstackCOMRAM 000026
weight@F86                              smallconst   000601


FUNCTION INFORMATION:

 *************** function _main *****************
 Defined at:
		line 21 in file "easat2_ask_main_mcu.c"
 Parameters:    Size  Location     Type
		None
 Auto vars:     Size  Location     Type
		None
 Return value:  Size  Location     Type
                  1    wreg      void 
 Registers used:
		wreg, fsr2l, fsr2h, status,2, status,0, prodl, prodh, cstack
 Tracked objects:
		On entry : 
		On exit  : 
		Unchanged: 
 Data sizes:     COMRAM   BANK0   BANK1   BANK2   BANK3   BANK4   BANK5
      Params:         0       0       0       0       0       0       0
      Locals:         0       0       0       0       0       0       0
      Temps:          0       0       0       0       0       0       0
      Totals:         0       0       0       0       0       0       0
Total ram usage:        0 bytes
 Hardware stack levels required when called:    6
 This function calls:
		_init_initialize
		_main_loop
 This function is called by:
		Startup code after reset
 This function uses a non-reentrant model


 *************** function _main_loop *****************
 Defined at:
		line 33 in file "easat2_ask_main_mcu.c"
 Parameters:    Size  Location     Type
		None
 Auto vars:     Size  Location     Type
  golay_comman    4    4[BANK0 ] unsigned long 
  test_command    4    0[BANK0 ] unsigned long 
 Return value:  Size  Location     Type
                  1    wreg      void 
 Registers used:
		wreg, fsr2l, fsr2h, status,2, status,0, prodl, prodh, cstack
 Tracked objects:
		On entry : 
		On exit  : 
		Unchanged: 
 Data sizes:     COMRAM   BANK0   BANK1   BANK2   BANK3   BANK4   BANK5
      Params:         0       0       0       0       0       0       0
      Locals:         0       8       0       0       0       0       0
      Temps:          0       0       0       0       0       0       0
      Totals:         0       8       0       0       0       0       0
Total ram usage:        8 bytes
 Hardware stack levels used:    1
 Hardware stack levels required when called:    5
 This function calls:
		_send_ask_command
		_util_waits_delay_secs
 This function is called by:
		_main
 This function uses a non-reentrant model


 *************** function _send_ask_command *****************
 Defined at:
		line 20 in file "easat2_ask_send.c"
 Parameters:    Size  Location     Type
  command_in      4   44[COMRAM] unsigned long 
 Auto vars:     Size  Location     Type
  position        2  200[BANK1 ] int 
  transitions   192    0[BANK1 ] int [3][32]
  command         4  192[BANK1 ] unsigned long 
  i               2  202[BANK1 ] int 
  signal_level    2  198[BANK1 ] int 
  bit_value       2  196[BANK1 ] int 
 Return value:  Size  Location     Type
                  1    wreg      void 
 Registers used:
		wreg, fsr2l, fsr2h, status,2, status,0, prodl, prodh, cstack
 Tracked objects:
		On entry : 
		On exit  : 
		Unchanged: 
 Data sizes:     COMRAM   BANK0   BANK1   BANK2   BANK3   BANK4   BANK5
      Params:         4       0       0       0       0       0       0
      Locals:         0       0     204       0       0       0       0
      Temps:          4       0       0       0       0       0       0
      Totals:         8       0     204       0       0       0       0
Total ram usage:      212 bytes
 Hardware stack levels used:    1
 Hardware stack levels required when called:    4
 This function calls:
		___wmul
		_util_waits_delay_secs
 This function is called by:
		_main_loop
 This function uses a non-reentrant model


 *************** function _util_waits_delay_secs *****************
 Defined at:
		line 31 in file "easat2_ask_util_waits.c"
 Parameters:    Size  Location     Type
  secs            2   37[COMRAM] int 
 Auto vars:     Size  Location     Type
  j               2   42[COMRAM] int 
  i               2   40[COMRAM] int 
 Return value:  Size  Location     Type
                  1    wreg      void 
 Registers used:
		wreg, status,2, status,0, cstack
 Tracked objects:
		On entry : 
		On exit  : 
		Unchanged: 
 Data sizes:     COMRAM   BANK0   BANK1   BANK2   BANK3   BANK4   BANK5
      Params:         2       0       0       0       0       0       0
      Locals:         4       0       0       0       0       0       0
      Temps:          1       0       0       0       0       0       0
      Totals:         7       0       0       0       0       0       0
Total ram usage:        7 bytes
 Hardware stack levels used:    1
 Hardware stack levels required when called:    3
 This function calls:
		_util_waits_delay_ms
 This function is called by:
		_main_loop
		_send_ask_command
		_util_waits_delay_mins
 This function uses a non-reentrant model


 *************** function _util_waits_delay_ms *****************
 Defined at:
		line 40 in file "easat2_ask_util_waits.c"
 Parameters:    Size  Location     Type
  ms              2   32[COMRAM] int 
 Auto vars:     Size  Location     Type
  i               2   35[COMRAM] int 
 Return value:  Size  Location     Type
                  1    wreg      void 
 Registers used:
		wreg, status,2, status,0
 Tracked objects:
		On entry : 
		On exit  : 
		Unchanged: 
 Data sizes:     COMRAM   BANK0   BANK1   BANK2   BANK3   BANK4   BANK5
      Params:         2       0       0       0       0       0       0
      Locals:         2       0       0       0       0       0       0
      Temps:          1       0       0       0       0       0       0
      Totals:         5       0       0       0       0       0       0
Total ram usage:        5 bytes
 Hardware stack levels used:    1
 Hardware stack levels required when called:    2
 This function calls:
		Nothing
 This function is called by:
		_util_waits_delay_secs
 This function uses a non-reentrant model


 *************** function ___wmul *****************
 Defined at:
		line 15 in file "C:\Program Files (x86)\Microchip\xc8\v1.41\sources\common\Umul16.c"
 Parameters:    Size  Location     Type
  multiplier      2   32[COMRAM] unsigned int 
  multiplicand    2   34[COMRAM] unsigned int 
 Auto vars:     Size  Location     Type
  product         2   36[COMRAM] unsigned int 
 Return value:  Size  Location     Type
                  2   32[COMRAM] unsigned int 
 Registers used:
		wreg, status,2, status,0, prodl, prodh
 Tracked objects:
		On entry : 
		On exit  : 
		Unchanged: 
 Data sizes:     COMRAM   BANK0   BANK1   BANK2   BANK3   BANK4   BANK5
      Params:         4       0       0       0       0       0       0
      Locals:         2       0       0       0       0       0       0
      Temps:          0       0       0       0       0       0       0
      Totals:         6       0       0       0       0       0       0
Total ram usage:        6 bytes
 Hardware stack levels used:    1
 Hardware stack levels required when called:    2
 This function calls:
		Nothing
 This function is called by:
		_send_ask_command
 This function uses a non-reentrant model


 *************** function _init_initialize *****************
 Defined at:
		line 17 in file "easat2_ask_init_initialize.c"
 Parameters:    Size  Location     Type
		None
 Auto vars:     Size  Location     Type
		None
 Return value:  Size  Location     Type
                  1    wreg      void 
 Registers used:
		wreg, status,2, cstack
 Tracked objects:
		On entry : 
		On exit  : 
		Unchanged: 
 Data sizes:     COMRAM   BANK0   BANK1   BANK2   BANK3   BANK4   BANK5
      Params:         0       0       0       0       0       0       0
      Locals:         0       0       0       0       0       0       0
      Temps:          0       0       0       0       0       0       0
      Totals:         0       0       0       0       0       0       0
Total ram usage:        0 bytes
 Hardware stack levels used:    1
 Hardware stack levels required when called:    3
 This function calls:
		_init_io_initialize
		_init_timer1_initialize
		_init_timer2_initialize
		_init_watchdogs_initialize
 This function is called by:
		_main
 This function uses a non-reentrant model


 *************** function _init_watchdogs_initialize *****************
 Defined at:
		line 32 in file "easat2_ask_init_initialize.c"
 Parameters:    Size  Location     Type
		None
 Auto vars:     Size  Location     Type
		None
 Return value:  Size  Location     Type
                  1    wreg      void 
 Registers used:
		None
 Tracked objects:
		On entry : 
		On exit  : 
		Unchanged: 
 Data sizes:     COMRAM   BANK0   BANK1   BANK2   BANK3   BANK4   BANK5
      Params:         0       0       0       0       0       0       0
      Locals:         0       0       0       0       0       0       0
      Temps:          0       0       0       0       0       0       0
      Totals:         0       0       0       0       0       0       0
Total ram usage:        0 bytes
 Hardware stack levels used:    1
 Hardware stack levels required when called:    2
 This function calls:
		Nothing
 This function is called by:
		_init_initialize
 This function uses a non-reentrant model


 *************** function _init_timer2_initialize *****************
 Defined at:
		line 70 in file "easat2_ask_init_timer.c"
 Parameters:    Size  Location     Type
		None
 Auto vars:     Size  Location     Type
		None
 Return value:  Size  Location     Type
                  1    wreg      void 
 Registers used:
		wreg, status,2
 Tracked objects:
		On entry : 
		On exit  : 
		Unchanged: 
 Data sizes:     COMRAM   BANK0   BANK1   BANK2   BANK3   BANK4   BANK5
      Params:         0       0       0       0       0       0       0
      Locals:         0       0       0       0       0       0       0
      Temps:          0       0       0       0       0       0       0
      Totals:         0       0       0       0       0       0       0
Total ram usage:        0 bytes
 Hardware stack levels used:    1
 Hardware stack levels required when called:    2
 This function calls:
		Nothing
 This function is called by:
		_init_initialize
 This function uses a non-reentrant model


 *************** function _init_timer1_initialize *****************
 Defined at:
		line 17 in file "easat2_ask_init_timer.c"
 Parameters:    Size  Location     Type
		None
 Auto vars:     Size  Location     Type
		None
 Return value:  Size  Location     Type
                  1    wreg      void 
 Registers used:
		wreg, status,2
 Tracked objects:
		On entry : 
		On exit  : 
		Unchanged: 
 Data sizes:     COMRAM   BANK0   BANK1   BANK2   BANK3   BANK4   BANK5
      Params:         0       0       0       0       0       0       0
      Locals:         0       0       0       0       0       0       0
      Temps:          0       0       0       0       0       0       0
      Totals:         0       0       0       0       0       0       0
Total ram usage:        0 bytes
 Hardware stack levels used:    1
 Hardware stack levels required when called:    2
 This function calls:
		Nothing
 This function is called by:
		_init_initialize
 This function uses a non-reentrant model


 *************** function _init_io_initialize *****************
 Defined at:
		line 43 in file "easat2_ask_init_initialize.c"
 Parameters:    Size  Location     Type
		None
 Auto vars:     Size  Location     Type
		None
 Return value:  Size  Location     Type
                  1    wreg      void 
 Registers used:
		wreg, status,2
 Tracked objects:
		On entry : 
		On exit  : 
		Unchanged: 
 Data sizes:     COMRAM   BANK0   BANK1   BANK2   BANK3   BANK4   BANK5
      Params:         0       0       0       0       0       0       0
      Locals:         0       0       0       0       0       0       0
      Temps:          0       0       0       0       0       0       0
      Totals:         0       0       0       0       0       0       0
Total ram usage:        0 bytes
 Hardware stack levels used:    1
 Hardware stack levels required when called:    2
 This function calls:
		Nothing
 This function is called by:
		_init_initialize
 This function uses a non-reentrant model


 *************** function _low_priority_int *****************
 Defined at:
		line 77 in file "easat2_ask_func_interrupts.c"
 Parameters:    Size  Location     Type
		None
 Auto vars:     Size  Location     Type
		None
 Return value:  Size  Location     Type
                  1    wreg      void 
 Registers used:
		None
 Tracked objects:
		On entry : 
		On exit  : 
		Unchanged: 
 Data sizes:     COMRAM   BANK0   BANK1   BANK2   BANK3   BANK4   BANK5
      Params:         0       0       0       0       0       0       0
      Locals:         0       0       0       0       0       0       0
      Temps:         17       0       0       0       0       0       0
      Totals:        17       0       0       0       0       0       0
Total ram usage:       17 bytes
 Hardware stack levels used:    1
 Hardware stack levels required when called:    1
 This function calls:
		Nothing
 This function is called by:
		Interrupt level 1
 This function uses a non-reentrant model


 *************** function _high_priority_int *****************
 Defined at:
		line 19 in file "easat2_ask_func_interrupts.c"
 Parameters:    Size  Location     Type
		None
 Auto vars:     Size  Location     Type
		None
 Return value:  Size  Location     Type
                  1    wreg      void 
 Registers used:
		wreg, status,2, status,0
 Tracked objects:
		On entry : 
		On exit  : 
		Unchanged: 
 Data sizes:     COMRAM   BANK0   BANK1   BANK2   BANK3   BANK4   BANK5
      Params:         0       0       0       0       0       0       0
      Locals:         0       0       0       0       0       0       0
      Temps:         15       0       0       0       0       0       0
      Totals:        15       0       0       0       0       0       0
Total ram usage:       15 bytes
 Hardware stack levels used:    1
 This function calls:
		Nothing
 This function is called by:
		Interrupt level 2
 This function uses a non-reentrant model



MODULE INFORMATION

Module		Function		Class		Link	Load	Size
C:\Program Files (x86)\Microchip\xc8\v1.41\sources\common\Umul16.c
		___wmul        		CODE           	0B16	0000	39

C:\Program Files (x86)\Microchip\xc8\v1.41\sources\common\Umul16.c estimated size: 39

easat2_ask_util_waits.c
		_util_waits_delay_ms		CODE           	0AEA	0000	45
		_util_waits_delay_secs		CODE           	0A9C	0000	79

easat2_ask_util_waits.c estimated size: 124

easat2_ask_init_initialize.c
		_init_io_initialize		CODE           	098E	0000	189
		_init_watchdogs_initialize		CODE           	0BB4	0000	5
		_init_initialize		CODE           	0B96	0000	19

easat2_ask_init_initialize.c estimated size: 213

easat2_ask_func_interrupts.c
		_high_priority_int		CODE           	0008	0000	205
		_low_priority_int		CODE           	0018	0000	143

easat2_ask_func_interrupts.c estimated size: 348

shared
		weight@F86     		SMALLCONST     	0601	0000	17
		__initialization		CODE           	0B62	0000	9

shared estimated size: 26

easat2_ask_init_timer.c
		_init_timer1_initialize		CODE           	0B3C	0000	39
		_init_timer2_initialize		CODE           	0B7C	0000	27

easat2_ask_init_timer.c estimated size: 66

easat2_ask_send.c
		_send_ask_command		CODE           	0616	0000	691

easat2_ask_send.c estimated size: 691

easat2_ask_main_mcu.c
		_main_loop     		CODE           	0A4A	0000	83
		_main          		CODE           	0BA8	0000	13

easat2_ask_main_mcu.c estimated size: 96

