Microchip MPLAB XC8 Compiler V1.41 ()

Linker command line:

-W-3 --edf=C:\Program Files (x86)\Microchip\xc8\v1.41\dat\en_msgs.txt -cs \
  -h+dist/default/production\EASAT2-ASK-TESTER.X.production.sym \
  --cmf=dist/default/production\EASAT2-ASK-TESTER.X.production.cmf -z \
  -Q18F45K22 -oC:\Users\FELIX\AppData\Local\Temp\s6a4.2 \
  -Mdist/default/production/EASAT2-ASK-TESTER.X.production.map -E1 -ver=XC8 \
  -ASTACK=060h-05ffh -pstack=STACK -ACODE=00h-07FFFh -ACONST=00h-07FFFh \
  -ASMALLCONST=0600h-06FFhx122 -AMEDIUMCONST=0600h-07FFFh -ACOMRAM=01h-05Fh \
  -AABS1=00h-05FFh -ABIGRAM=01h-05FFh -ARAM=060h-0FFh,0100h-01FFhx5 \
  -ABANK0=060h-0FFh -ABANK1=0100h-01FFh -ABANK2=0200h-02FFh \
  -ABANK3=0300h-03FFh -ABANK4=0400h-04FFh -ABANK5=0500h-05FFh \
  -ASFR=0F38h-0F5Fh,0F60h-0FFFh \
  -preset_vec=00h,intcode=08h,intcodelo=018h,powerup,init -pramtop=0600h \
  -psmallconst=SMALLCONST -pmediumconst=MEDIUMCONST -pconst=CONST \
  -AFARRAM=00h-00h -ACONFIG=0300000h-030000Dh -pconfig=CONFIG \
  -AIDLOC=0200000h-0200007h -pidloc=IDLOC -AEEDATA=0F00000h-0F000FFh \
  -peeprom_data=EEDATA \
  -prdata=COMRAM,nvrram=COMRAM,nvbit=COMRAM,rbss=COMRAM,rbit=COMRAM \
  -pfarbss=FARRAM,fardata=FARRAM,nvFARRAM=FARRAM \
  -pintsave_regs=BIGRAM,bigbss=BIGRAM,bigdata=BIGRAM -pbss=RAM \
  -pidata=CODE,irdata=CODE,ibigdata=CODE,ifardata=CODE -prparam=COMRAM \
  C:\Users\FELIX\AppData\Local\Temp\s6a4.obj \
  dist/default/production\EASAT2-ASK-TESTER.X.production.obj 

Object code version is 3.11

Machine type is 18F45K22

Call graph: (short form)




                Name                               Link     Load   Length Selector   Space Scale
C:\Users\FELIX\AppData\Local\Temp\s6a4.obj
                init                                 A6       A6        4        C       0
                reset_vec                             0        0        4        0       0
                idloc                            200000   200000        8   200000       0
                config                           300000   300000        E   300000       0
dist/default/production\EASAT2-ASK-TESTER.X.production.obj
                intcodelo                            18       18       8E        C       0
                intcode                               8        8        6        4       0
                temp                                 3E       3E        1        1       1
                smallconst                          600      600       16      300       0
                intcode_body                        704      704       BE      30B       0
                text11                              7C2      7C2       BC      30B       0
                text10                              9F8      9F8       26      30B       0
                text9                               A1E      A1E       1A      30B       0
                text8                               A7E      A7E        4      30B       0
                text7                               A60      A60       12      30B       0
                text6                               9CC      9CC       2C      30B       0
                text5                               A4E      A4E       12      30B       0
                text4                               87E      87E       96      30B       0
                text3                               616      616       EE      30B       0
                text2                               97E      97E       4E      30B       0
                text1                               914      914       6A      30B       0
                text0                               A72      A72        C      30B       0
                cstackCOMRAM                          1        1       3B        1       1
                bssCOMRAM                            3C       3C        2        1       1
                cinit                               A38      A38       16      30B       0

TOTAL           Name                               Link     Load   Length     Space
        CLASS   STACK          

        CLASS   CODE           
                intcodelo                            18       18       8E         0
                intcode                               8        8        6         0
                init                                 A6       A6        4         0
                reset_vec                             0        0        4         0
                intcode_body                        704      704       BE         0
                text11                              7C2      7C2       BC         0
                text10                              9F8      9F8       26         0
                text9                               A1E      A1E       1A         0
                text8                               A7E      A7E        4         0
                text7                               A60      A60       12         0
                text6                               9CC      9CC       2C         0
                text5                               A4E      A4E       12         0
                text4                               87E      87E       96         0
                text3                               616      616       EE         0
                text2                               97E      97E       4E         0
                text1                               914      914       6A         0
                text0                               A72      A72        C         0
                cinit                               A38      A38       16         0

        CLASS   CONST          

        CLASS   SMALLCONST     
                smallconst                          600      600       16         0

        CLASS   MEDIUMCONST    

        CLASS   COMRAM         
                temp                                 3E       3E        1         1
                cstackCOMRAM                          1        1       3B         1
                bssCOMRAM                            3C       3C        2         1

        CLASS   ABS1           

        CLASS   BIGRAM         

        CLASS   RAM            

        CLASS   BANK0          

        CLASS   BANK1          

        CLASS   BANK2          

        CLASS   BANK3          

        CLASS   BANK4          

        CLASS   BANK5          

        CLASS   SFR            

        CLASS   FARRAM         

        CLASS   CONFIG         
                config                           300000   300000        E         0

        CLASS   IDLOC          
                idloc                            200000   200000        8         0

        CLASS   EEDATA         



SEGMENTS        Name                           Load    Length   Top    Selector   Space  Class

                reset_vec                      000000  000004  000004         0       0  CODE    
                cstackCOMRAM                   000001  00003E  00003F         1       1  COMRAM  
                intcode                        000008  000006  00000E         4       0  CODE    
                intcodelo                      000018  000092  0000AA         C       0  CODE    
                smallconst                     000600  000016  000616       300       0  SMALLCON
                text3                          000616  00046C  000A82       30B       0  CODE    
                idloc                          200000  000008  200008    200000       0  IDLOC   
                config                         300000  00000E  30000E    300000       0  CONFIG  


UNUSED ADDRESS RANGES

        Name                Unused          Largest block    Delta
        BANK0            000060-0000FF               A0
        BANK1            000100-0001FF              100
        BANK2            000200-0002FF              100
        BANK3            000300-0003FF              100
        BANK4            000400-0004FF              100
        BANK5            000500-0005FF              100
        BIGRAM           00003F-0005FF              5C1
        CODE             000004-000007                4
                         00000E-000017                A
                         0000AA-0005FF              556
                         000A82-007FFF             757E
        COMRAM           00003F-00005F               21
        CONST            000004-000007                4
                         00000E-000017                A
                         0000AA-0005FF              556
                         000A82-007FFF             757E
        EEDATA           F00000-F000FF              100
        MEDIUMCONST      000A82-007FFF             757E
        RAM              000060-0005FF              100
        SFR              000F38-000FFF               28
        SMALLCONST       000A82-007FFF              100
        STACK            000060-0005FF              5A0

                                  Symbol Table

?_golay                                 cstackCOMRAM 000021
_ADCON1                                 (abs)        000FC1
_ADCON2                                 (abs)        000FC0
_ANSELAbits                             (abs)        000F38
_ANSELBbits                             (abs)        000F39
_ANSELDbits                             (abs)        000F3B
_INTCONbits                             (abs)        000FF2
_IPR1bits                               (abs)        000F9F
_LATAbits                               (abs)        000F89
_LATBbits                               (abs)        000F8A
_LATDbits                               (abs)        000F8C
_PIE1bits                               (abs)        000F9D
_PIR1bits                               (abs)        000F9E
_PORTBbits                              (abs)        000F81
_RBPU                                   (abs)        007F8F
_RCONbits                               (abs)        000FD0
_T1CONbits                              (abs)        000FCD
_T2CONbits                              (abs)        000FBA
_TMR1H                                  (abs)        000FCF
_TMR1L                                  (abs)        000FCE
_TMR2                                   (abs)        000FBC
_TRISAbits                              (abs)        000F92
_TRISBbits                              (abs)        000F93
_TRISDbits                              (abs)        000F95
_VREFCON0bits                           (abs)        000F42
_WPUB                                   (abs)        000F61
__CFG_BOREN$OFF                         (abs)        000000
__CFG_BORV$190                          (abs)        000000
__CFG_CCP2MX$PORTC1                     (abs)        000000
__CFG_CCP3MX$PORTB5                     (abs)        000000
__CFG_CP0$OFF                           (abs)        000000
__CFG_CP1$OFF                           (abs)        000000
__CFG_CP2$OFF                           (abs)        000000
__CFG_CP3$OFF                           (abs)        000000
__CFG_CPB$OFF                           (abs)        000000
__CFG_CPD$OFF                           (abs)        000000
__CFG_EBTR0$OFF                         (abs)        000000
__CFG_EBTR1$OFF                         (abs)        000000
__CFG_EBTR2$OFF                         (abs)        000000
__CFG_EBTR3$OFF                         (abs)        000000
__CFG_EBTRB$OFF                         (abs)        000000
__CFG_FCMEN$OFF                         (abs)        000000
__CFG_FOSC$XT                           (abs)        000000
__CFG_HFOFST$OFF                        (abs)        000000
__CFG_IESO$OFF                          (abs)        000000
__CFG_LVP$OFF                           (abs)        000000
__CFG_MCLRE$EXTMCLR                     (abs)        000000
__CFG_P2BMX$PORTC0                      (abs)        000000
__CFG_PBADEN$OFF                        (abs)        000000
__CFG_PLLCFG$OFF                        (abs)        000000
__CFG_PRICLKEN$ON                       (abs)        000000
__CFG_PWRTEN$OFF                        (abs)        000000
__CFG_STVREN$ON                         (abs)        000000
__CFG_T3CMX$PORTB5                      (abs)        000000
__CFG_WDTEN$ON                          (abs)        000000
__CFG_WDTPS$32768                       (abs)        000000
__CFG_WRT0$OFF                          (abs)        000000
__CFG_WRT1$OFF                          (abs)        000000
__CFG_WRT2$OFF                          (abs)        000000
__CFG_WRT3$OFF                          (abs)        000000
__CFG_WRTB$OFF                          (abs)        000000
__CFG_WRTC$ON                           (abs)        000000
__CFG_WRTD$ON                           (abs)        000000
__CFG_XINST$OFF                         (abs)        000000
__HRAM                                  (abs)        000000
__Habs1                                 abs1         000000
__Hbank0                                bank0        000000
__Hbank1                                bank1        000000
__Hbank2                                bank2        000000
__Hbank3                                bank3        000000
__Hbank4                                bank4        000000
__Hbank5                                bank5        000000
__Hbigbss                               bigbss       000000
__Hbigdata                              bigdata      000000
__Hbigram                               bigram       000000
__Hbss                                  bss          000000
__HbssCOMRAM                            bssCOMRAM    000000
__Hcinit                                cinit        000000
__Hclrtext                              clrtext      000000
__Hcomram                               comram       000000
__Hconfig                               config       30000E
__Hconst                                const        000000
__HcstackCOMRAM                         cstackCOMRAM 000000
__Hdata                                 data         000000
__Heeprom_data                          eeprom_data  000000
__Hfarbss                               farbss       000000
__Hfardata                              fardata      000000
__Hibigdata                             ibigdata     000000
__Hidata                                idata        000000
__Hidloc                                idloc        200008
__Hifardata                             ifardata     000000
__Hinit                                 init         0000AA
__Hintcode                              intcode      00000E
__Hintcode_body                         intcode_body 000000
__Hintcodelo                            intcodelo    0000A6
__Hintentry                             intentry     000000
__Hintret                               intret       000000
__Hintsave_regs                         intsave_regs 000000
__Hirdata                               irdata       000000
__Hmediumconst                          mediumconst  000000
__HnvFARRAM                             nvFARRAM     000000
__Hnvbit                                nvbit        000000
__Hnvrram                               nvrram       000000
__Hparam                                rparam       000000
__Hpowerup                              powerup      0000A6
__Hram                                  ram          000000
__Hramtop                               ramtop       000600
__Hrbit                                 rbit         000000
__Hrbss                                 rbss         000000
__Hrdata                                rdata        000000
__Hreset_vec                            reset_vec    000004
__Hrparam                               rparam       000000
__Hsfr                                  sfr          000000
__Hsmallconst                           smallconst   000616
__Hspace_0                              (abs)        30000E
__Hspace_1                              (abs)        00003F
__Hspace_2                              (abs)        000000
__Hstack                                stack        000000
__Hstruct                               struct       000000
__Htemp                                 temp         00003F
__Htext                                 text         000000
__Htext0                                text0        000000
__Htext1                                text1        000000
__Htext10                               text10       000000
__Htext11                               text11       000000
__Htext2                                text2        000000
__Htext3                                text3        000000
__Htext4                                text4        000000
__Htext5                                text5        000000
__Htext6                                text6        000000
__Htext7                                text7        000000
__Htext8                                text8        000000
__Htext9                                text9        000000
__LRAM                                  (abs)        000001
__Labs1                                 abs1         000000
__Lbank0                                bank0        000000
__Lbank1                                bank1        000000
__Lbank2                                bank2        000000
__Lbank3                                bank3        000000
__Lbank4                                bank4        000000
__Lbank5                                bank5        000000
__Lbigbss                               bigbss       000000
__Lbigdata                              bigdata      000000
__Lbigram                               bigram       000000
__Lbss                                  bss          000000
__LbssCOMRAM                            bssCOMRAM    000000
__Lcinit                                cinit        000000
__Lclrtext                              clrtext      000000
__Lcomram                               comram       000000
__Lconfig                               config       300000
__Lconst                                const        000000
__LcstackCOMRAM                         cstackCOMRAM 000000
__Ldata                                 data         000000
__Leeprom_data                          eeprom_data  000000
__Lfarbss                               farbss       000000
__Lfardata                              fardata      000000
__Libigdata                             ibigdata     000000
__Lidata                                idata        000000
__Lidloc                                idloc        200000
__Lifardata                             ifardata     000000
__Linit                                 init         0000A6
__Lintcode                              intcode      000008
__Lintcode_body                         intcode_body 000000
__Lintcodelo                            intcodelo    000018
__Lintentry                             intentry     000000
__Lintret                               intret       000000
__Lintsave_regs                         intsave_regs 000000
__Lirdata                               irdata       000000
__Lmediumconst                          mediumconst  000000
__LnvFARRAM                             nvFARRAM     000000
__Lnvbit                                nvbit        000000
__Lnvrram                               nvrram       000000
__Lparam                                rparam       000000
__Lpowerup                              powerup      0000A6
__Lram                                  ram          000000
__Lramtop                               ramtop       000600
__Lrbit                                 rbit         000000
__Lrbss                                 rbss         000000
__Lrdata                                rdata        000000
__Lreset_vec                            reset_vec    000000
__Lrparam                               rparam       000000
__Lsfr                                  sfr          000000
__Lsmallconst                           smallconst   000600
__Lspace_0                              (abs)        000000
__Lspace_1                              (abs)        000000
__Lspace_2                              (abs)        000000
__Lstack                                stack        000000
__Lstruct                               struct       000000
__Ltemp                                 temp         00003E
__Ltext                                 text         000000
__Ltext0                                text0        000000
__Ltext1                                text1        000000
__Ltext10                               text10       000000
__Ltext11                               text11       000000
__Ltext2                                text2        000000
__Ltext3                                text3        000000
__Ltext4                                text4        000000
__Ltext5                                text5        000000
__Ltext6                                text6        000000
__Ltext7                                text7        000000
__Ltext8                                text8        000000
__Ltext9                                text9        000000
__S0                                    (abs)        30000E
__S1                                    (abs)        00003F
__S2                                    (abs)        000000
___inthi_sp                             stack        000000
___intlo_sp                             stack        000000
___param_bank                           (abs)        000000
___rparam_used                          (abs)        000001
___sp                                   stack        000000
__accesstop                             (abs)        000060
__activetblptr                          (abs)        000001
__end_of__initialization                cinit        000A3C
__end_of_blink_debugging_led            text5        000A60
__end_of_golay                          text4        000914
__end_of_high_priority_int              intcode_body 0007C2
__end_of_init_initialize                text7        000A72
__end_of_init_io_initialize             text11       00087E
__end_of_init_timer1_initialize         text10       000A1E
__end_of_init_timer2_initialize         text9        000A38
__end_of_init_watchdogs_initialize      text8        000A82
__end_of_low_priority_int               intcodelo    0000A6
__end_of_main                           text0        000A7E
__end_of_main_loop                      text1        00097E
__end_of_send_ask_command               text3        000704
__end_of_util_waits_delay_ms            text6        0009F8
__end_of_util_waits_delay_secs          text2        0009CC
__end_ofweight@F86                      smallconst   000611
__initialization                        cinit        000A38
__mediumconst                           mediumconst  000000
__pbssCOMRAM                            bssCOMRAM    00003C
__pcinit                                cinit        000A38
__pcstackCOMRAM                         cstackCOMRAM 000001
__pintcode                              intcode      000008
__pintcode_body                         intcode_body 000704
__pintcodelo                            intcodelo    000018
__psmallconst                           smallconst   000600
__ptext0                                text0        000A72
__ptext1                                text1        000914
__ptext10                               text10       0009F8
__ptext11                               text11       0007C2
__ptext2                                text2        00097E
__ptext3                                text3        000616
__ptext4                                text4        00087E
__ptext5                                text5        000A4E
__ptext6                                text6        0009CC
__ptext7                                text7        000A60
__ptext8                                text8        000A7E
__ptext9                                text9        000A1E
__ramtop                                ramtop       000600
__size_of_blink_debugging_led           (abs)        000000
__size_of_golay                         (abs)        000000
__size_of_high_priority_int             (abs)        000000
__size_of_init_initialize               (abs)        000000
__size_of_init_io_initialize            (abs)        000000
__size_of_init_timer1_initialize        (abs)        000000
__size_of_init_timer2_initialize        (abs)        000000
__size_of_init_watchdogs_initialize     (abs)        000000
__size_of_low_priority_int              (abs)        000000
__size_of_main                          (abs)        000000
__size_of_main_loop                     (abs)        000000
__size_of_send_ask_command              (abs)        000000
__size_of_util_waits_delay_ms           (abs)        000000
__size_of_util_waits_delay_secs         (abs)        000000
__smallconst                            smallconst   000600
_blink_debugging_led                    text5        000A4E
_golay                                  text4        00087E
_high_priority_int                      intcode      000008
_init_initialize                        text7        000A60
_init_io_initialize                     text11       0007C2
_init_timer1_initialize                 text10       0009F8
_init_timer2_initialize                 text9        000A1E
_init_watchdogs_initialize              text8        000A7E
_low_priority_int                       intcodelo    000018
_main                                   text0        000A72
_main_loop                              text1        000914
_send_ask_command                       text3        000616
_util_waits_delay_ms                    text6        0009CC
_util_waits_delay_secs                  text2        00097E
btemp                                   temp         00003E
end_of_initialization                   cinit        000A3C
golay@c                                 cstackCOMRAM 000029
golay@cw                                cstackCOMRAM 000021
golay@i                                 cstackCOMRAM 00002D
high_priority_int@tmr1_interrupt_number bssCOMRAM    00003C
int$flags                               temp         00003E
int_func                                intcode_body 000704
intlevel0                               text         000000
intlevel1                               text         000000
intlevel2                               text         000000
intlevel3                               text         000000
main_loop@golay_command                 cstackCOMRAM 000038
main_loop@test_command                  cstackCOMRAM 000034
send_ask_command@bit_to_transfer        cstackCOMRAM 000030
send_ask_command@command                cstackCOMRAM 000026
send_ask_command@current_signal_level   cstackCOMRAM 000032
send_ask_command@i                      cstackCOMRAM 00002E
stackhi                                 (abs)        0005FF
stacklo                                 (abs)        000060
start                                   init         0000A6
start_initialization                    cinit        000A38
util_waits_delay_ms@i                   cstackCOMRAM 000024
util_waits_delay_ms@ms                  cstackCOMRAM 000021
util_waits_delay_secs@i                 cstackCOMRAM 000029
util_waits_delay_secs@j                 cstackCOMRAM 00002B
util_waits_delay_secs@secs              cstackCOMRAM 000026
weight@F86                              smallconst   000601


FUNCTION INFORMATION:

 *************** function _main *****************
 Defined at:
		line 19 in file "easat2_ask_main_mcu.c"
 Parameters:    Size  Location     Type
		None
 Auto vars:     Size  Location     Type
		None
 Return value:  Size  Location     Type
                  1    wreg      void 
 Registers used:
		wreg, status,2, status,0, cstack
 Tracked objects:
		On entry : 
		On exit  : 
		Unchanged: 
 Data sizes:     COMRAM   BANK0   BANK1   BANK2   BANK3   BANK4   BANK5
      Params:         0       0       0       0       0       0       0
      Locals:         0       0       0       0       0       0       0
      Temps:          0       0       0       0       0       0       0
      Totals:         0       0       0       0       0       0       0
Total ram usage:        0 bytes
 Hardware stack levels required when called:    5
 This function calls:
		_init_initialize
		_main_loop
 This function is called by:
		Startup code after reset
 This function uses a non-reentrant model


 *************** function _main_loop *****************
 Defined at:
		line 46 in file "easat2_ask_main_mcu.c"
 Parameters:    Size  Location     Type
		None
 Auto vars:     Size  Location     Type
  golay_comman    4   55[COMRAM] unsigned long 
  test_command    4   51[COMRAM] unsigned long 
 Return value:  Size  Location     Type
                  1    wreg      void 
 Registers used:
		wreg, status,2, status,0, cstack
 Tracked objects:
		On entry : 
		On exit  : 
		Unchanged: 
 Data sizes:     COMRAM   BANK0   BANK1   BANK2   BANK3   BANK4   BANK5
      Params:         0       0       0       0       0       0       0
      Locals:         8       0       0       0       0       0       0
      Temps:          0       0       0       0       0       0       0
      Totals:         8       0       0       0       0       0       0
Total ram usage:        8 bytes
 Hardware stack levels used:    1
 Hardware stack levels required when called:    4
 This function calls:
		_blink_debugging_led
		_golay
		_send_ask_command
		_util_waits_delay_secs
 This function is called by:
		_main
 This function uses a non-reentrant model


 *************** function _util_waits_delay_secs *****************
 Defined at:
		line 31 in file "easat2_ask_util_waits.c"
 Parameters:    Size  Location     Type
  secs            2   37[COMRAM] int 
 Auto vars:     Size  Location     Type
  j               2   42[COMRAM] int 
  i               2   40[COMRAM] int 
 Return value:  Size  Location     Type
                  1    wreg      void 
 Registers used:
		wreg, status,2, status,0, cstack
 Tracked objects:
		On entry : 
		On exit  : 
		Unchanged: 
 Data sizes:     COMRAM   BANK0   BANK1   BANK2   BANK3   BANK4   BANK5
      Params:         2       0       0       0       0       0       0
      Locals:         4       0       0       0       0       0       0
      Temps:          1       0       0       0       0       0       0
      Totals:         7       0       0       0       0       0       0
Total ram usage:        7 bytes
 Hardware stack levels used:    1
 Hardware stack levels required when called:    3
 This function calls:
		_util_waits_delay_ms
 This function is called by:
		_main_loop
		_util_waits_delay_mins
 This function uses a non-reentrant model


 *************** function _send_ask_command *****************
 Defined at:
		line 18 in file "easat2_ask_send.c"
 Parameters:    Size  Location     Type
  command         4   37[COMRAM] unsigned long 
 Auto vars:     Size  Location     Type
  current_sign    2   49[COMRAM] int 
  bit_to_trans    2   47[COMRAM] int 
  i               2   45[COMRAM] int 
 Return value:  Size  Location     Type
                  1    wreg      void 
 Registers used:
		wreg, status,2, status,0, cstack
 Tracked objects:
		On entry : 
		On exit  : 
		Unchanged: 
 Data sizes:     COMRAM   BANK0   BANK1   BANK2   BANK3   BANK4   BANK5
      Params:         4       0       0       0       0       0       0
      Locals:         6       0       0       0       0       0       0
      Temps:          4       0       0       0       0       0       0
      Totals:        14       0       0       0       0       0       0
Total ram usage:       14 bytes
 Hardware stack levels used:    1
 Hardware stack levels required when called:    3
 This function calls:
		_util_waits_delay_ms
 This function is called by:
		_main_loop
 This function uses a non-reentrant model


 *************** function _golay *****************
 Defined at:
		line 13 in file "easat2_golay_CRCGcod.c"
 Parameters:    Size  Location     Type
  cw              4   32[COMRAM] unsigned long 
 Auto vars:     Size  Location     Type
  c               4   40[COMRAM] unsigned long 
  i               2   44[COMRAM] int 
 Return value:  Size  Location     Type
                  4   32[COMRAM] unsigned long 
 Registers used:
		wreg, status,2, status,0
 Tracked objects:
		On entry : 
		On exit  : 
		Unchanged: 
 Data sizes:     COMRAM   BANK0   BANK1   BANK2   BANK3   BANK4   BANK5
      Params:         4       0       0       0       0       0       0
      Locals:         6       0       0       0       0       0       0
      Temps:          4       0       0       0       0       0       0
      Totals:        14       0       0       0       0       0       0
Total ram usage:       14 bytes
 Hardware stack levels used:    1
 Hardware stack levels required when called:    2
 This function calls:
		Nothing
 This function is called by:
		_main_loop
 This function uses a non-reentrant model


 *************** function _blink_debugging_led *****************
 Defined at:
		line 31 in file "easat2_ask_main_mcu.c"
 Parameters:    Size  Location     Type
		None
 Auto vars:     Size  Location     Type
		None
 Return value:  Size  Location     Type
                  1    wreg      void 
 Registers used:
		wreg, status,2, status,0, cstack
 Tracked objects:
		On entry : 
		On exit  : 
		Unchanged: 
 Data sizes:     COMRAM   BANK0   BANK1   BANK2   BANK3   BANK4   BANK5
      Params:         0       0       0       0       0       0       0
      Locals:         0       0       0       0       0       0       0
      Temps:          0       0       0       0       0       0       0
      Totals:         0       0       0       0       0       0       0
Total ram usage:        0 bytes
 Hardware stack levels used:    1
 Hardware stack levels required when called:    3
 This function calls:
		_util_waits_delay_ms
 This function is called by:
		_main_loop
 This function uses a non-reentrant model


 *************** function _util_waits_delay_ms *****************
 Defined at:
		line 40 in file "easat2_ask_util_waits.c"
 Parameters:    Size  Location     Type
  ms              2   32[COMRAM] int 
 Auto vars:     Size  Location     Type
  i               2   35[COMRAM] int 
 Return value:  Size  Location     Type
                  1    wreg      void 
 Registers used:
		wreg, status,2, status,0
 Tracked objects:
		On entry : 
		On exit  : 
		Unchanged: 
 Data sizes:     COMRAM   BANK0   BANK1   BANK2   BANK3   BANK4   BANK5
      Params:         2       0       0       0       0       0       0
      Locals:         2       0       0       0       0       0       0
      Temps:          1       0       0       0       0       0       0
      Totals:         5       0       0       0       0       0       0
Total ram usage:        5 bytes
 Hardware stack levels used:    1
 Hardware stack levels required when called:    2
 This function calls:
		Nothing
 This function is called by:
		_blink_debugging_led
		_util_waits_delay_secs
		_send_ask_command
 This function uses a non-reentrant model


 *************** function _init_initialize *****************
 Defined at:
		line 17 in file "easat2_ask_init_initialize.c"
 Parameters:    Size  Location     Type
		None
 Auto vars:     Size  Location     Type
		None
 Return value:  Size  Location     Type
                  1    wreg      void 
 Registers used:
		wreg, status,2, cstack
 Tracked objects:
		On entry : 
		On exit  : 
		Unchanged: 
 Data sizes:     COMRAM   BANK0   BANK1   BANK2   BANK3   BANK4   BANK5
      Params:         0       0       0       0       0       0       0
      Locals:         0       0       0       0       0       0       0
      Temps:          0       0       0       0       0       0       0
      Totals:         0       0       0       0       0       0       0
Total ram usage:        0 bytes
 Hardware stack levels used:    1
 Hardware stack levels required when called:    3
 This function calls:
		_init_io_initialize
		_init_timer1_initialize
		_init_timer2_initialize
		_init_watchdogs_initialize
 This function is called by:
		_main
 This function uses a non-reentrant model


 *************** function _init_watchdogs_initialize *****************
 Defined at:
		line 32 in file "easat2_ask_init_initialize.c"
 Parameters:    Size  Location     Type
		None
 Auto vars:     Size  Location     Type
		None
 Return value:  Size  Location     Type
                  1    wreg      void 
 Registers used:
		None
 Tracked objects:
		On entry : 
		On exit  : 
		Unchanged: 
 Data sizes:     COMRAM   BANK0   BANK1   BANK2   BANK3   BANK4   BANK5
      Params:         0       0       0       0       0       0       0
      Locals:         0       0       0       0       0       0       0
      Temps:          0       0       0       0       0       0       0
      Totals:         0       0       0       0       0       0       0
Total ram usage:        0 bytes
 Hardware stack levels used:    1
 Hardware stack levels required when called:    2
 This function calls:
		Nothing
 This function is called by:
		_init_initialize
 This function uses a non-reentrant model


 *************** function _init_timer2_initialize *****************
 Defined at:
		line 70 in file "easat2_ask_init_timer.c"
 Parameters:    Size  Location     Type
		None
 Auto vars:     Size  Location     Type
		None
 Return value:  Size  Location     Type
                  1    wreg      void 
 Registers used:
		wreg, status,2
 Tracked objects:
		On entry : 
		On exit  : 
		Unchanged: 
 Data sizes:     COMRAM   BANK0   BANK1   BANK2   BANK3   BANK4   BANK5
      Params:         0       0       0       0       0       0       0
      Locals:         0       0       0       0       0       0       0
      Temps:          0       0       0       0       0       0       0
      Totals:         0       0       0       0       0       0       0
Total ram usage:        0 bytes
 Hardware stack levels used:    1
 Hardware stack levels required when called:    2
 This function calls:
		Nothing
 This function is called by:
		_init_initialize
 This function uses a non-reentrant model


 *************** function _init_timer1_initialize *****************
 Defined at:
		line 17 in file "easat2_ask_init_timer.c"
 Parameters:    Size  Location     Type
		None
 Auto vars:     Size  Location     Type
		None
 Return value:  Size  Location     Type
                  1    wreg      void 
 Registers used:
		wreg, status,2
 Tracked objects:
		On entry : 
		On exit  : 
		Unchanged: 
 Data sizes:     COMRAM   BANK0   BANK1   BANK2   BANK3   BANK4   BANK5
      Params:         0       0       0       0       0       0       0
      Locals:         0       0       0       0       0       0       0
      Temps:          0       0       0       0       0       0       0
      Totals:         0       0       0       0       0       0       0
Total ram usage:        0 bytes
 Hardware stack levels used:    1
 Hardware stack levels required when called:    2
 This function calls:
		Nothing
 This function is called by:
		_init_initialize
 This function uses a non-reentrant model


 *************** function _init_io_initialize *****************
 Defined at:
		line 43 in file "easat2_ask_init_initialize.c"
 Parameters:    Size  Location     Type
		None
 Auto vars:     Size  Location     Type
		None
 Return value:  Size  Location     Type
                  1    wreg      void 
 Registers used:
		wreg, status,2
 Tracked objects:
		On entry : 
		On exit  : 
		Unchanged: 
 Data sizes:     COMRAM   BANK0   BANK1   BANK2   BANK3   BANK4   BANK5
      Params:         0       0       0       0       0       0       0
      Locals:         0       0       0       0       0       0       0
      Temps:          0       0       0       0       0       0       0
      Totals:         0       0       0       0       0       0       0
Total ram usage:        0 bytes
 Hardware stack levels used:    1
 Hardware stack levels required when called:    2
 This function calls:
		Nothing
 This function is called by:
		_init_initialize
 This function uses a non-reentrant model


 *************** function _low_priority_int *****************
 Defined at:
		line 73 in file "easat2_ask_func_interrupts.c"
 Parameters:    Size  Location     Type
		None
 Auto vars:     Size  Location     Type
		None
 Return value:  Size  Location     Type
                  1    wreg      void 
 Registers used:
		None
 Tracked objects:
		On entry : 
		On exit  : 
		Unchanged: 
 Data sizes:     COMRAM   BANK0   BANK1   BANK2   BANK3   BANK4   BANK5
      Params:         0       0       0       0       0       0       0
      Locals:         0       0       0       0       0       0       0
      Temps:         17       0       0       0       0       0       0
      Totals:        17       0       0       0       0       0       0
Total ram usage:       17 bytes
 Hardware stack levels used:    1
 Hardware stack levels required when called:    1
 This function calls:
		Nothing
 This function is called by:
		Interrupt level 1
 This function uses a non-reentrant model


 *************** function _high_priority_int *****************
 Defined at:
		line 19 in file "easat2_ask_func_interrupts.c"
 Parameters:    Size  Location     Type
		None
 Auto vars:     Size  Location     Type
		None
 Return value:  Size  Location     Type
                  1    wreg      void 
 Registers used:
		wreg, status,2, status,0
 Tracked objects:
		On entry : 
		On exit  : 
		Unchanged: 
 Data sizes:     COMRAM   BANK0   BANK1   BANK2   BANK3   BANK4   BANK5
      Params:         0       0       0       0       0       0       0
      Locals:         0       0       0       0       0       0       0
      Temps:         15       0       0       0       0       0       0
      Totals:        15       0       0       0       0       0       0
Total ram usage:       15 bytes
 Hardware stack levels used:    1
 This function calls:
		Nothing
 This function is called by:
		Interrupt level 2
 This function uses a non-reentrant model



MODULE INFORMATION

Module		Function		Class		Link	Load	Size
easat2_ask_util_waits.c
		_util_waits_delay_ms		CODE           	09CC	0000	45
		_util_waits_delay_secs		CODE           	097E	0000	79

easat2_ask_util_waits.c estimated size: 124

easat2_ask_init_initialize.c
		_init_io_initialize		CODE           	07C2	0000	189
		_init_watchdogs_initialize		CODE           	0A7E	0000	5
		_init_initialize		CODE           	0A60	0000	19

easat2_ask_init_initialize.c estimated size: 213

easat2_ask_func_interrupts.c
		_high_priority_int		CODE           	0008	0000	197
		_low_priority_int		CODE           	0018	0000	143

easat2_ask_func_interrupts.c estimated size: 340

shared
		weight@F86     		SMALLCONST     	0601	0000	17
		__initialization		CODE           	0A38	0000	5

shared estimated size: 22

easat2_golay_CRCGcod.c
		_golay         		CODE           	087E	0000	151

easat2_golay_CRCGcod.c estimated size: 151

easat2_ask_init_timer.c
		_init_timer1_initialize		CODE           	09F8	0000	39
		_init_timer2_initialize		CODE           	0A1E	0000	27

easat2_ask_init_timer.c estimated size: 66

easat2_ask_send.c
		_send_ask_command		CODE           	0616	0000	239

easat2_ask_send.c estimated size: 239

easat2_ask_main_mcu.c
		_blink_debugging_led		CODE           	0A4E	0000	19
		_main_loop     		CODE           	0914	0000	107
		_main          		CODE           	0A72	0000	13

easat2_ask_main_mcu.c estimated size: 139

